253125	reference to entity "order" for which no system identifier could be generated
88505	document type does not allow element "script" here; missing one of "dt", "dd" start-tag
71429	reference to entity "mode" for which no system identifier could be generated
69638	& did not start a character reference. (& probably should have been escaped as &amp;.)
59515	end tag for "area" omitted, but OMITTAG NO was specified
39298	required attribute "type" not specified
32609	An img element must have an alt attribute, except under certain conditions. For details, consult guidance on providing text alternatives for images.
31310	Attribute rel not allowed on element img at this point.
25648	end tag for "img" omitted, but OMITTAG NO was specified
24548	required attribute "alt" not specified
21165	there is no attribute "target"
19486	document type does not allow element "div" here
17370	Attribute pdt not allowed on element a at this point.
16886	Attribute url_key not allowed on element a at this point.
16727	Element p not allowed as child of element h2 in this context. (Suppressing further errors from this subtree.)
15913	Element style not allowed as child of element body in this context. (Suppressing further errors from this subtree.)
15316	Element div not allowed as child of element span in this context. (Suppressing further errors from this subtree.)
14959	there is no attribute "itemprop"
14062	end tag for "li" omitted, but OMITTAG NO was specified
12464	No li element in scope but a li end tag seen.
11868	reference to entity "limit" for which no system identifier could be generated
11296	end tag for element "div" which is not open
10651	reference to entity "q" for which no system identifier could be generated
10433	end tag for element "li" which is not open
10375	NET-enabling start-tag not immediately followed by null end-tag
10152	reference to entity "t" for which no system identifier could be generated
10039	general entity "t" not defined and no default entity
10013	reference to entity "hl" for which no system identifier could be generated
9969	general entity "hl" not defined and no default entity
9943	general entity "q" not defined and no default entity
9935	required attribute "id" not specified
9922	general entity "source" not defined and no default entity
9922	reference to entity "source" for which no system identifier could be generated
9918	reference to entity "z" for which no system identifier could be generated
9913	reference to entity "ie" for which no system identifier could be generated
9913	general entity "z" not defined and no default entity
9912	reference to entity "ll" for which no system identifier could be generated
9911	general entity "ie" not defined and no default entity
9911	general entity "ll" not defined and no default entity
9908	reference to entity "geocode" for which no system identifier could be generated
9908	general entity "geocode" not defined and no default entity
9907	general entity "sspn" not defined and no default entity
9907	reference to entity "sll" for which no system identifier could be generated
9907	general entity "sll" not defined and no default entity
9907	reference to entity "sspn" for which no system identifier could be generated
9906	reference to entity "aq" for which no system identifier could be generated
9906	general entity "aq" not defined and no default entity
9905	ID "nav" already defined
9904	reference to entity "hnear" for which no system identifier could be generated
9903	general entity "hnear" not defined and no default entity
9902	reference to entity "hq" for which no system identifier could be generated
9902	general entity "hq" not defined and no default entity
9899	general entity "split" not defined and no default entity
9899	"images" is not a member of a group specified for any attribute
9899	reference to entity "split" for which no system identifier could be generated
9676	an attribute value specification must be an attribute value literal unless SHORTTAG YES is specified
9530	document type does not allow element "p" here; missing one of "object", "ins", "del", "map", "button" start-tag
9168	value of attribute "id" must be a single token
9004	ID "hidewindow" already defined
8412	general entity "order" not defined and no default entity
7208	document type does not allow element "div" here; missing one of "object", "applet", "map", "iframe", "button", "ins", "del" start-tag
7014	end tag for "br" omitted, but OMITTAG NO was specified
6681	Unclosed element div.
6669	The frameborder attribute on the iframe element is obsolete. Use CSS instead.
6537	end tag for "td" omitted, but OMITTAG NO was specified
6511	"itemscope" is not a member of a group specified for any attribute
6290	End tag for  body seen, but there were unclosed elements.
5833	there is no attribute "itemtype"
5817	The scrolling attribute on the iframe element is obsolete. Use CSS instead.
5296	document type does not allow element "td" here
5270	Bad value  for attribute action on element form: Must be non-empty.
5163	The allowtransparency attribute on the iframe element is obsolete. Use CSS instead.
5154	The for attribute of the label element must refer to a form control.
5012	element "Variable" undefined
4877	element "iframe" undefined
4779	there is no attribute "sizes"
4723	Element h2 not allowed as child of element span in this context. (Suppressing further errors from this subtree.)
4721	Attribute content not allowed on element span at this point.
4587	document type does not allow element "p" here; missing one of "object", "applet", "map", "iframe", "button", "ins", "del" start-tag
4509	end tag for "ul" which is not finished
4508	reference to entity "w" for which no system identifier could be generated
4188	there is no attribute "onload"
4149	reference to entity "zc" for which no system identifier could be generated
4076	required attribute "ALT" not specified
3941	Bad value twipsy for attribute rel on element a: The string twipsy is not a registered keyword or absolute URL.
3909	there is no attribute "allowTransparency"
3840	document type does not allow element "meta" here
3833	end tag for "p" omitted, but OMITTAG NO was specified
3709	Consecutive hyphens did not terminate a comment. -- is not permitted inside a comment, but e.g. - - is.
3453	The font element is obsolete. Use CSS instead.
3449	general entity "mode" not defined and no default entity
3381	document type does not allow element "input" here; missing one of "p", "h1", "h2", "h3", "h4", "h5", "h6", "div", "pre", "address", "fieldset", "ins", "del" start-tag
3328	general entity "reviewid" not defined and no default entity
3328	reference to entity "reviewid" for which no system identifier could be generated
3207	Attribute pubdate not allowed on element time at this point.
3181	The itemprop attribute was specified, but the element is not a property of any item.
3079	end tag for "input" omitted, but OMITTAG NO was specified
3078	The align attribute on the img element is obsolete. Use CSS instead.
3034	there is no attribute "content"
2979	element "A" undefined
2894	No space between attributes.
2749	Element su:badge not allowed as child of element div in this context. (Suppressing further errors from this subtree.)
2708	Forbidden code point U+0080.
2580	an attribute value must be a literal unless it contains only name characters
2548	document type does not allow element "li" here; missing one of "ul", "ol", "menu", "dir" start-tag
2374	element "P" undefined
2298	document type does not allow element "style" here
2285	Bad value twitter:card for attribute name on element meta: Keyword twitter:card is not registered.
2235	Bad value twitter:site for attribute name on element meta: Keyword twitter:site is not registered.
2202	an attribute specification must start with a name or name token
2199	No p element in scope but a p end tag seen.
2037	reference to entity "p" for which no system identifier could be generated
1984	end tag for "meta" omitted, but OMITTAG NO was specified
1894	document type does not allow element "div" here; assuming missing "li" start-tag
1885	Bad value twitter:description for attribute name on element meta: Keyword twitter:description is not registered.
1839	general entity "limit" not defined and no default entity
1812	character data is not allowed here
1806	Bad value twitter:creator for attribute name on element meta: Keyword twitter:creator is not registered.
1803	end tag for element "p" which is not open
1798	The align attribute on the div element is obsolete. Use CSS instead.
1762	document type does not allow element "div" here; missing one of "object", "ins", "del", "map", "button" start-tag
1751	Element li not allowed as child of element span in this context. (Suppressing further errors from this subtree.)
1730	value of attribute "id" invalid: "1" cannot start a name
1728	Attribute name not allowed on element meta at this point.
1714	end tag for "div" omitted, but OMITTAG NO was specified
1703	Bad value twitter:title for attribute name on element meta: Keyword twitter:title is not registered.
1695	Bad value twitter:url for attribute name on element meta: Keyword twitter:url is not registered.
1652	end tag for "Variable" omitted, but OMITTAG NO was specified
1583	value of attribute "type" cannot be "email"; must be one of "text", "password", "checkbox", "radio", "submit", "reset", "file", "hidden", "image", "button"
1557	Element a not allowed as child of element ul in this context. (Suppressing further errors from this subtree.)
1539	Bad value publisher for attribute rel on element a: The string publisher is not a registered keyword or absolute URL.
1539	Bad value X-UA-Compatible for attribute http-equiv on element meta.
1520	character "=" is not allowed in the value of attribute "name"
1520	reference to entity "lpos" for which no system identifier could be generated
1509	Bad value SKYPE_TOOLBAR for attribute name on element meta: Keyword skype_toolbar is not registered.
1490	reference to entity "action" for which no system identifier could be generated
1429	Duplicate attribute id.
1383	Bad value 180px for attribute width on element img: Expected a digit but saw p instead.
1363	reference to entity "postID" for which no system identifier could be generated
1347	Quote " in attribute name. Probable cause: Matching quote missing somewhere earlier.
1326	Bad value archives for attribute rel on element link: The string archives is not a registered keyword or absolute URL.
1322	there is no attribute "property"
1296	there is no attribute "href"
1280	element "DIV" undefined
1278	Element p not allowed as child of element span in this context. (Suppressing further errors from this subtree.)
1253	there is no attribute "width"
1239	end tag for "link" omitted, but OMITTAG NO was specified
1220	Bad value category tag for attribute rel on element a: The string category is not a registered keyword or absolute URL. Whitespace in path component. Use %20 in place of spaces.
1191	document type does not allow element "H3" here; missing one of "OBJECT", "MAP", "BUTTON" start-tag
1190	reference to entity "mnu" for which no system identifier could be generated
1141	reference to entity "widgetId" for which no system identifier could be generated
1141	reference to entity "widgetType" for which no system identifier could be generated
1141	reference to entity "sectionId" for which no system identifier could be generated
1114	document type does not allow element "ul" here; assuming missing "li" start-tag
1103	document type does not allow element "link" here
1102	document type does not allow element "script" here
1068	end tag for element "strong" which is not open
1059	Stray end tag a.
1041	Stray end tag div.
1039	Bad value utf-8 for attribute charset on element script: utf-8 is not a valid character encoding name.
1034	element "BR" undefined
1017	end tag for "BR" omitted, but OMITTAG NO was specified
988	Attribute autocomplete not allowed on element input at this point.
965	The valign attribute on the td element is obsolete. Use CSS instead.
963	there is no attribute "src"
945	required attribute "TYPE" not specified
939	Bad value category tag for attribute rel on element a: The string category is not a registered keyword or absolute URL.
938	Element script must not have attribute charset unless attribute src is also specified.
936	Bad value UTF-8 for attribute charset on element meta: utf-8 is not a valid character encoding name.
929	document type does not allow element "h3" here; missing one of "object", "applet", "map", "iframe", "button", "ins", "del" start-tag
921	The text content of element time was not in the required format: The literal did not satisfy the time-datetime format.
917	end tag for "a" omitted, but OMITTAG NO was specified
916	there is no attribute "height"
914	Bad value utf-8 for attribute charset on element meta: utf-8 is not a valid character encoding name.
912	element "g:plusone" undefined
909	The width attribute on the td element is obsolete. Use CSS instead.
903	document type does not allow element "li" here; missing one of "ul", "ol" start-tag
890	required attribute "cols" not specified
889	An a start tag seen but an element of the same type was already open.
872	Bad value tooltip for attribute rel on element a: The string tooltip is not a registered keyword or absolute URL.
870	The cellspacing attribute on the table element is obsolete. Use CSS instead.
858	character "&" not allowed in attribute specification list
845	reference to entity "l" for which no system identifier could be generated
840	The align attribute on the p element is obsolete. Use CSS instead.
832	there is no attribute "size"
831	The cellpadding attribute on the table element is obsolete. Use CSS instead.
829	document type does not allow element "LINK" here
827	required attribute "rows" not specified
817	document type does not allow element "blockquote" here; missing one of "object", "ins", "del", "map", "button" start-tag
816	The align attribute on the td element is obsolete. Use CSS instead.
798	end tag for element "span" which is not open
797	Bad value archives for attribute rel on element link: Not an absolute IRI. The string archives is not a registered keyword or absolute URL.
771	Duplicate attribute rel.
769	reference to entity "W" for which no system identifier could be generated
769	Attribute displaytext not allowed on element span at this point.
766	The width attribute on the table element is obsolete. Use CSS instead.
760	Element img is missing required attribute src.
759	there is no attribute "data-easyzoom-source"
759	ID "zoom" already defined
746	Attribute st_url not allowed on element span at this point.
745	reference to entity "baba" for which no system identifier could be generated
731	Only elements with role=menuitem or role=menuitemradio or role=menuitemcheckbox are allowed as children of an element with role=menu.
725	there is no attribute "placeholder"
703	syntax of attribute value does not conform to declared value
700	Saw " when expecting an attribute name. Probable cause: = missing immediately before.
688	there is no attribute "align"
688	Attribute sum not allowed on element section at this point.
685	Attribute st_title not allowed on element span at this point.
680	end tag for element "a" which is not open
666	character ";" not allowed in attribute specification list
665	Stray end tag span.
661	Element div not allowed as child of element b in this context. (Suppressing further errors from this subtree.)
654	Element meta is missing required attribute itemprop.
646	End tag div seen, but there were open elements.
638	there is no attribute "type"
637	there is no attribute "id"
634	general entity "l" not defined and no default entity
630	document type does not allow element "img" here; missing one of "p", "h1", "h2", "h3", "h4", "h5", "h6", "div", "address", "fieldset", "ins", "del" start-tag
627	XHTML element meta not allowed as child of XHTML element meta in this context. (Suppressing further errors from this subtree.)
627	there is no attribute "name"
624	Self-closing syntax (/>) used on a non-void HTML element. Ignoring the slash and treating as a start tag.
622	invalid comment declaration: found name character outside comment but inside comment declaration
611	required attribute "src" not specified
604	character "#" is not allowed in the value of attribute "name"
600	Bad value title for attribute name on element meta: Keyword title is not registered.
598	element "SPAN" undefined
595	there is no attribute "border"
595	Bad value text/html; charset=UTF-8 for attribute content on element meta: utf-8 is not a valid character encoding name.
594	The value of the border attribute on the table element must be either 1 or the empty string. To regulate the thickness of table borders, Use CSS instead.
581	the name and VI delimiter can be omitted from an attribute specification only if SHORTTAG YES is specified
581	end tag for "A" omitted, but its declaration does not permit this
576	Element style not allowed as child of element div in this context. (Suppressing further errors from this subtree.)
574	element "LI" undefined
571	Element div not allowed as child of element ul in this context. (Suppressing further errors from this subtree.)
564	ID "all-css-0" already defined
562	document type does not allow element "label" here; missing one of "p", "h1", "h2", "h3", "h4", "h5", "h6", "div", "pre", "address", "fieldset", "ins", "del" start-tag
558	reference to entity "x_" for which no system identifier could be generated
557	document type does not allow element "a" here; missing one of "object", "span", "bdo", "applet", "iframe", "tt", "i", "b", "u", "s", "strike", "big", "small", "font", "em", "strong", "dfn", "code", "q", "samp", "kbd", "var", "cite", "abbr", "acronym", "sub", "sup", "label", "ins", "del" start-tag
556	general entity "locale" not defined and no default entity
556	reference to entity "buttontype" for which no system identifier could be generated
556	general entity "buttontype" not defined and no default entity
556	reference to entity "locale" for which no system identifier could be generated
544	reference to entity "nID" for which no system identifier could be generated
537	Element dl is missing a required instance of child element dd.
536	reference to entity "NewsCatID" for which no system identifier could be generated
531	Bad value twitter:image for attribute name on element meta: Keyword twitter:image is not registered.
526	reference to entity "target" for which no system identifier could be generated
506	Unclosed element span.
502	general entity "p" not defined and no default entity
501	there is no attribute "style"
500	there is no attribute "data-width"
496	The tt element is obsolete. Use CSS instead.
491	element "FONT" undefined
491	there is no attribute "data-href"
484	element "EM" undefined
483	reference to entity "utm_medium" for which no system identifier could be generated
482	The center element is obsolete. Use CSS instead.
475	Element g:plusone not allowed as child of element div in this context. (Suppressing further errors from this subtree.)
467	document type does not allow element "a" here
463	reference to entity "url" for which no system identifier could be generated
462	element "il" undefined
462	end tag for "il" omitted, but OMITTAG NO was specified
460	document type does not allow element "ul" here; missing one of "object", "applet", "map", "iframe", "button", "ins", "del" start-tag
459	Bad value lightbox for attribute rel on element a: The string lightbox is not a registered keyword or absolute URL.
455	document type does not allow element "option" here
452	reference to entity "m" for which no system identifier could be generated
452	element "IMG" undefined
448	element "TD" undefined
448	document type does not allow element "P" here; missing one of "OBJECT", "MAP", "BUTTON" start-tag
446	there is no attribute "data-show-faces"
446	reference to entity "price" for which no system identifier could be generated
446	general entity "price" not defined and no default entity
445	element "center" undefined
444	Attribute _hot not allowed on element a at this point.
441	XHTML element base not allowed as child of XHTML element meta in this context. (Suppressing further errors from this subtree.)
440	End tag br.
439	element "STRONG" undefined
438	Bad value lightbox for attribute rel on element a: Not an absolute IRI. The string lightbox is not a registered keyword or absolute URL.
432	document type does not allow element "META" here
428	Bad value text/html; charset=utf-8 for attribute content on element meta: utf-8 is not a valid character encoding name.
427	element "embed" undefined
425	required character (found h) (expected l)
424	there is no attribute "class"
424	ID "footer-text-all" already defined
424	element "f" undefined
424	end tag for "f" omitted, but OMITTAG NO was specified
421	reference to entity "utm_campaign" for which no system identifier could be generated
420	Bad value Content-Type for attribute http-equiv on XHTML element meta.
417	element "I" undefined
417	there is no attribute "alt"
412	Attribute " not allowed on element input at this point.
409	reference to entity "a" for which no system identifier could be generated
409	there is no attribute "frameborder"
409	there is no attribute "show_faces"
397	there is no attribute "aria-required"
396	Duplicate ID to_page.
392	Attribute serif\? not allowed on element font at this point.
392	Attribute new not allowed on element font at this point.
392	Attribute times, not allowed on element font at this point.
392	Attribute roman, not allowed on element font at this point.
387	element "fb:like" undefined
373	XHTML element script not allowed as child of XHTML element meta in this context. (Suppressing further errors from this subtree.)
373	end tag for "LI" omitted, but OMITTAG NO was specified
370	there is no attribute "scrolling"
369	there is no attribute "HREF"
368	reference to entity "leng" for which no system identifier could be generated
362	Attribute allowfullscreen not allowed on element iframe at this point.
361	document type does not allow element "br" here
361	there is no attribute "data-url"
360	reference to entity "nextNDays" for which no system identifier could be generated
360	reference to entity "searchDepartureTime" for which no system identifier could be generated
360	reference to entity "searchArrivalTime" for which no system identifier could be generated
360	reference to entity "searchArrivalAirport" for which no system identifier could be generated
360	reference to entity "searchType" for which no system identifier could be generated
360	reference to entity "startSearch" for which no system identifier could be generated
357	general entity "action" not defined and no default entity
356	Duplicate ID all-css-0.
355	document type does not allow element "dd" here
353	document type does not allow element "STYLE" here
352	element "META" undefined
348	Attribute name not allowed on element section at this point.
348	Cannot recover after last error. Any further errors will be ignored.
347	document type does not allow element "img" here; missing one of "ins", "del", "h1", "h2", "h3", "h4", "h5", "h6", "p", "div", "address", "fieldset" start-tag
344	reference to entity "tid" for which no system identifier could be generated
341	end tag for "UL" which is not finished
339	element "font" undefined
332	The element footer must not appear as a descendant of the footer element.
330	ID "sm" already defined
329	document type does not allow element "noscript" here; missing one of "object", "applet", "map", "iframe", "button", "ins", "del" start-tag
326	value of attribute "id" invalid: "2" cannot start a name
325	Attribute kind not allowed on element div at this point.
322	general entity "baba" not defined and no default entity
321	there is no attribute "allowtransparency"
318	reference to entity "task" for which no system identifier could be generated
315	Bad value publisher for attribute rel on element link: The string publisher is not a registered keyword or absolute URL.
314	reference to entity "u" for which no system identifier could be generated
314	there is no attribute "data-src"
314	reference to entity "resize" for which no system identifier could be generated
311	there is no attribute "data-name"
309	reference to entity "appId" for which no system identifier could be generated
308	The valign attribute on the tr element is obsolete. Use CSS instead.
304	end tag for "P" omitted, but OMITTAG NO was specified
302	there is no attribute "role"
302	reference to entity "v_id" for which no system identifier could be generated
300	reference to entity "h" for which no system identifier could be generated
300	reference to entity "fixid" for which no system identifier could be generated
299	Attribute alt not allowed on element a at this point.
298	element "k" undefined
298	general entity "appId" not defined and no default entity
298	end tag for "k" omitted, but OMITTAG NO was specified
298	Element script must not have attribute async unless attribute src is also specified.
298	there is no attribute "data-send"
297	ID "popup1" already defined
297	there is no attribute "data-size"
296	general entity "a" not defined and no default entity
296	ID "popup2" already defined
295	Duplicate ID referrer_url.
295	Duplicate ID product_type.
295	Attribute xmlns:fb not allowed here.
295	Duplicate ID product_key.
288	document type does not allow element "span" here
284	Bad value 100% for attribute width on element iframe: Expected a digit but saw % instead.
284	Bad value twitter:card for attribute name on XHTML element meta: Keyword twitter:card is not registered.
283	value of attribute "id" invalid: "3" cannot start a name
283	end tag for "IMG" omitted, but OMITTAG NO was specified
281	reference to entity "width" for which no system identifier could be generated
280	reference to entity "c" for which no system identifier could be generated
279	Using the meta element to specify the document-wide default language is obsolete. Consider specifying the language on the root element instead.
279	Element ul not allowed as child of element ul in this context. (Suppressing further errors from this subtree.)
277	there is no attribute "TARGET"
277	there is no attribute "onClick"
274	Attribute xmlns:og not allowed here.
274	Bad value twitter:site for attribute name on XHTML element meta: Keyword twitter:site is not registered.
272	reference to entity "height" for which no system identifier could be generated
272	document type does not allow element "li" here
272	general entity "m" not defined and no default entity
270	Bad value lightbox[plants] for attribute rel on element a: Illegal character in path component. The string lightbox[plants] is not a registered keyword or absolute URL.
268	Attribute rel not allowed on element div at this point.
267	Attribute height not allowed on element table at this point.
266	end tag for "span" omitted, but OMITTAG NO was specified
265	Attribute property not allowed on element meta at this point.
265	Bad value twitter:image for attribute name on XHTML element meta: Keyword twitter:image is not registered.
263	value of attribute "name" must be a single token
262	there is no attribute "BORDER"
261	general entity "width" not defined and no default entity
261	there is no attribute "data-show-count"
258	there is no attribute "data-lang"
258	there is no attribute "data-count"
257	end tag for "NOSCRIPT" which is not finished
256	there is no attribute "send"
255	reference to entity "bid" for which no system identifier could be generated
253	document type does not allow element "tr" here
252	general entity "height" not defined and no default entity
251	general entity "w" not defined and no default entity
249	value of attribute "id" invalid: "4" cannot start a name
248	there is no attribute "g:plusone:size"
248	Element ul not allowed as child of element span in this context. (Suppressing further errors from this subtree.)
246	reference to entity "title" for which no system identifier could be generated
245	there is no attribute "data-counter"
245	reference to entity "from" for which no system identifier could be generated
242	there is no attribute "rel"
241	value of attribute "id" invalid: "8" cannot start a name
241	character "[" is not allowed in the value of attribute "rel"
241	Bad value generator for attribute rel on element a: The string generator is not a registered keyword or absolute URL.
241	reference to entity "contenttype" for which no system identifier could be generated
241	Bad value utf-8 for attribute charset on XHTML element script: utf-8 is not a valid character encoding name.
240	document type does not allow element "pre" here; missing one of "object", "applet", "map", "iframe", "button", "ins", "del" start-tag
240	document type does not allow element "input" here
238	there is no attribute "font"
236	The scheme attribute on the meta element is obsolete. Use only one scheme per field, or make the scheme declaration part of the value.
235	reference to entity "id" for which no system identifier could be generated
234	Missing xmlns attribute for element html. The value should be: http://www.w3.org/1999/xhtml
234	ID "popup3" already defined
234	document type does not allow element "span" here; missing one of "p", "h1", "h2", "h3", "h4", "h5", "h6", "div", "pre", "address", "fieldset", "ins", "del" start-tag
232	there is no attribute "PROPERTY"
232	Text not allowed in element ul in this context.
232	document type does not allow element "input" here; missing one of "ins", "del", "h1", "h2", "h3", "h4", "h5", "h6", "p", "div", "address", "fieldset" start-tag
231	Attribute rel not allowed on element span at this point.
231	reference to entity "pos" for which no system identifier could be generated
229	general entity "zx" not defined and no default entity
229	Element h1 not allowed as child of element span in this context. (Suppressing further errors from this subtree.)
229	reference to entity "zx" for which no system identifier could be generated
228	element "O:P" undefined
228	general entity "postID" not defined and no default entity
227	value of attribute "id" invalid: "5" cannot start a name
226	Attribute o not allowed on element a at this point.
225	duplicate specification of attribute "title"
224	reference to entity "file" for which no system identifier could be generated
224	element "article" undefined
224	value of attribute "id" invalid: "9" cannot start a name
223	Attribute hidefocus not allowed on element a at this point.
219	Bad value lightbox[1] for attribute rel on element a: The string lightbox[1] is not a registered keyword or absolute URL.
219	element "section" undefined
218	Bad value twitter:creator for attribute name on XHTML element meta: Keyword twitter:creator is not registered.
218	reference to entity "redir" for which no system identifier could be generated
218	document type does not allow element "a" here; missing one of "p", "h1", "h2", "h3", "h4", "h5", "h6", "div", "pre", "address", "fieldset", "ins", "del" start-tag
217	ID "texto-finca" already defined
216	general entity "W" not defined and no default entity
215	general entity "x_noads" not defined and no default entity
215	reference to entity "x_noads" for which no system identifier could be generated
212	reference to entity "callback" for which no system identifier could be generated
212	Attribute fb:like:layout not allowed on element a at this point.
210	ID "numero-negro" already defined
210	ID "popup4" already defined
209	reference to entity "scaleafter" for which no system identifier could be generated
208	Bad value publisher for attribute rel on XHTML element link: The string publisher is not a registered keyword or absolute URL.
208	end tag for "META" omitted, but OMITTAG NO was specified
208	The marginwidth attribute on the iframe element is obsolete. Use CSS instead.
208	ID "p8990286886520184251" already defined
207	end tag for element "br" which is not open
206	general entity "from" not defined and no default entity
206	Bad value  for attribute href on element link: Must be non-empty.
206	document type does not allow element "p" here; missing one of "button", "ins", "del" start-tag
205	The marginheight attribute on the iframe element is obsolete. Use CSS instead.
205	The profile attribute on the head element is obsolete. To declare which meta terms are used in the document, instead register the names as meta extensions. To trigger specific UA behaviors, use a link element instead.
204	Element li not allowed as child of element div in this context. (Suppressing further errors from this subtree.)
204	there is no attribute "ALIGN"
204	value of attribute "align" cannot be "absmiddle"; must be one of "top", "middle", "bottom", "left", "right"
203	Attribute addthis:url not allowed on element div at this point.
203	An element with role=menuitem requires role=menu or role=menubar on the parent.
203	required attribute "action" not specified
202	document type does not allow element "div" here; missing one of "button", "map", "object", "ins", "del", "noscript" start-tag
201	end tag for "param" omitted, but OMITTAG NO was specified
201	Bad value  for attribute src on element img: Must be non-empty.
200	Element p not allowed as child of element ul in this context. (Suppressing further errors from this subtree.)
200	element "B" undefined
199	Element g:plusone not allowed as child of element li in this context. (Suppressing further errors from this subtree.)
199	there is no attribute "data-bump-view"
198	end tag for "font" omitted, but OMITTAG NO was specified
198	end tag for element "LINK" which is not open
197	ID "selection160_element_2021110" already defined
197	ID "popup5" already defined
195	ID "index_forum" already defined
194	reference to entity "count" for which no system identifier could be generated
194	there is no attribute "layout"
193	document type does not allow element "ul" here
193	reference to entity "layout" for which no system identifier could be generated
190	Bad value  for attribute target on element a: Browsing context name must be at least one character long.
190	general entity "layout" not defined and no default entity
190	document type does not allow element "h2" here; missing one of "object", "applet", "map", "iframe", "button", "ins", "del" start-tag
189	document type does not allow element "h4" here; missing one of "object", "applet", "map", "iframe", "button", "ins", "del" start-tag
189	reference to entity "show_faces" for which no system identifier could be generated
189	general entity "show_faces" not defined and no default entity
189	A slash was not immediately followed by >.
189	reference to entity "colorscheme" for which no system identifier could be generated
189	general entity "colorscheme" not defined and no default entity
188	document type does not allow element "img" here
188	XHTML element link not allowed as child of XHTML element meta in this context. (Suppressing further errors from this subtree.)
187	there is no attribute "allowfullscreen"
186	required attribute "SRC" not specified
186	general entity "x_" not defined and no default entity
186	Bad value  for attribute href on element a: Whitespace in query component. Use %20 in place of spaces.
186	element "header" undefined
186	Bad value lightbox[galerie] for attribute rel on element a: The string lightbox[galerie] is not a registered keyword or absolute URL.
186	there is no attribute "g:plusone:count"
186	Forbidden code point U+009d.
185	Attribute " not allowed on element a at this point.
184	there is no attribute "data-via"
184	reference to entity "I" for which no system identifier could be generated
183	end tag for "script" omitted, but OMITTAG NO was specified
183	Attribute addthis:title not allowed on element div at this point.
181	end tag for element "A" which is not open
181	there is no attribute "default"
180	there is no attribute "description"
179	general entity "font" not defined and no default entity
179	reference to entity "font" for which no system identifier could be generated
179	Bad value  for attribute src on element iframe: Must be non-empty.
179	Stray end tag param.
178	document type does not allow element "BODY" here
178	there is no attribute "data-header"
178	there is no attribute "data-stream"
177	there is no attribute "allowscriptaccess"
176	Attribute xmlns:addthis not allowed here.
175	Bad value  for attribute width on element img: The empty string is not a valid non-negative integer.
175	reference to entity "br_id" for which no system identifier could be generated
175	there is no attribute "color"
175	reference to entity "window.location.replace" for which no system identifier could be generated
175	general entity "window.location.replace" not defined and no default entity
174	An body start tag seen but an element of the same type was already open.
173	Attribute g:plusone:size not allowed on element a at this point.
173	"allowfullscreen" is not a member of a group specified for any attribute
172	reference to entity "x_ads_click_theme_network" for which no system identifier could be generated
172	reference to entity "b" for which no system identifier could be generated
172	general entity "x_ads_imp_theme" not defined and no default entity
172	reference to entity "x_ads_imp_theme" for which no system identifier could be generated
172	general entity "x_ads_click_theme_network" not defined and no default entity
172	reference to entity "x_ads_imp_theme_network" for which no system identifier could be generated
172	general entity "x_ads_imp_theme_network" not defined and no default entity
172	general entity "x_ads_click_theme" not defined and no default entity
172	general entity "x_ads_click_network" not defined and no default entity
172	general entity "x_ads_click_placement" not defined and no default entity
172	reference to entity "x_ads_click_placement" for which no system identifier could be generated
172	reference to entity "x_ads_click_theme" for which no system identifier could be generated
172	general entity "x_ads_imp_placement" not defined and no default entity
172	reference to entity "x_ads_imp_placement" for which no system identifier could be generated
172	general entity "x_ads_imp_network" not defined and no default entity
172	reference to entity "x_ads_click_network" for which no system identifier could be generated
172	reference to entity "x_ads_imp_network" for which no system identifier could be generated
171	end tag for "hr" omitted, but OMITTAG NO was specified
171	Attribute original-src not allowed on element img at this point.
171	Bad value designer for attribute rel on element a: The string designer is not a registered keyword or absolute URL.
170	Stray end tag img.
169	there is no attribute "data-layout"
168	character "\" is not allowed in the value of attribute "id"
168	end tag for "object" omitted, but OMITTAG NO was specified
168	Attribute h not allowed on element a at this point.
168	there is no attribute "language"
168	A numeric character reference expanded to carriage return.
168	The charset attribute on the link element is obsolete. Use an HTTP Content-Type header on the linked resource instead.
167	Element style is missing required attribute scoped.
167	Element input is missing required attribute alt.
166	Attribute s not allowed on element a at this point.
166	Attribute m not allowed on element a at this point.
166	reference to entity "oper" for which no system identifier could be generated
166	reference to entity "grp" for which no system identifier could be generated
166	general entity "b" not defined and no default entity
166	reference to entity "msr" for which no system identifier could be generated
165	Bad value set_145 for attribute rel on element a: Not an absolute IRI. The string set_145 is not a registered keyword or absolute URL.
164	element "nav" undefined
164	reference to entity "send" for which no system identifier could be generated
164	an attribute value literal can occur in an attribute specification list only after a VI delimiter
164	general entity "send" not defined and no default entity
164	Bad value MSSmartTagsPreventParsing for attribute name on element meta: Keyword mssmarttagspreventparsing is not registered.
164	end tag for element "HEAD" which is not open
164	Stray end tag script.
163	reference to entity "cate_no" for which no system identifier could be generated
162	Not a name start character, U+5c
162	required attribute "content" not specified
162	Bad value news_keywords for attribute name on XHTML element meta: Keyword news_keywords is not registered.
160	Element blockquote not allowed as child of element q in this context. (Suppressing further errors from this subtree.)
160	general entity "u" not defined and no default entity
160	document type does not allow element "IMG" here; missing one of "P", "H1", "H2", "H3", "H4", "H5", "H6", "DIV", "ADDRESS" start-tag
159	Attribute href not allowed on element button at this point.
158	reference to undeclared general entity raquo
158	= in an unquoted attribute value. Probable causes: Attributes running together or a URL query string in an unquoted attribute value.
158	Element object is missing one or more of the following attributes: data, type.
157	Element g:plus not allowed as child of element div in this context. (Suppressing further errors from this subtree.)
157	ID "popup6" already defined
157	element "footer" undefined
157	reference to entity "i" for which no system identifier could be generated
157	The align attribute on the table element is obsolete. Use CSS instead.
157	document type does not allow element "CENTER" here; missing one of "APPLET", "OBJECT", "MAP", "IFRAME", "BUTTON" start-tag
156	reference to entity "display_group" for which no system identifier could be generated
156	document type does not allow element "table" here; missing one of "object", "ins", "del", "map", "button" start-tag
155	there is no attribute "fb:like:layout"
155	general entity "resize" not defined and no default entity
155	Stray end tag head.
155	end tag for "noscript" which is not finished
154	end tag for element "body" which is not open
154	Element h3 not allowed as child of element ul in this context. (Suppressing further errors from this subtree.)
154	Attribute usercard not allowed on element img at this point.
153	reference to entity "v" for which no system identifier could be generated
153	Duplicate ID .
153	A charset attribute on a meta element found after the first 512 bytes.
152	reference to entity "aid" for which no system identifier could be generated
152	reference to entity "counturl" for which no system identifier could be generated
152	element "TR" undefined
151	ID "eventAction" already defined
151	ID "eventLabel" already defined
151	ID "Icon_Gender_Woman" already defined
151	ID "eventCategory" already defined
150	Bad value set_149 for attribute rel on element a: Not an absolute IRI. The string set_149 is not a registered keyword or absolute URL.
150	reference to entity "companayIdParam" for which no system identifier could be generated
150	reference to entity "pathInfo" for which no system identifier could be generated
150	reference to entity "pro_type" for which no system identifier could be generated
149	reference to entity "c2" for which no system identifier could be generated
149	ID "internal-source-marker_0.42256433819420636" already defined
149	value of attribute "id" invalid: "6" cannot start a name
148	reference to entity "text" for which no system identifier could be generated
148	xmlParseEntityRef: no name
148	end tag for "tr" omitted, but OMITTAG NO was specified
148	ID "1" already defined
147	there is no attribute "displayText"
146	there is no attribute "autocomplete"
146	document type does not allow element "dt" here
146	there is no attribute "st_url"
146	reference to entity "MarketPlace" for which no system identifier could be generated
146	reference to entity "ID" for which no system identifier could be generated
145	general entity "widgetType" not defined and no default entity
145	general entity "sectionId" not defined and no default entity
145	general entity "widgetId" not defined and no default entity
145	Unclosed element font.
144	ID "popup7" already defined
144	document type does not allow element "ul" here; missing one of "object", "ins", "del", "map", "button" start-tag
144	element "H3" undefined
142	there is no attribute "data-height"
142	document type does not allow element "p" here; missing one of "button", "map", "object", "ins", "del", "noscript" start-tag
142	document type does not allow element "h2" here; missing one of "object", "ins", "del", "map", "button" start-tag
141	The text content of element script was not in the required format: Content contains a line starting with the character sequence // but not ending with a newline.
141	reference to entity "b.performance.timing" for which no system identifier could be generated
141	general entity "b.external" not defined and no default entity
141	reference to entity "b.gtbExternal" for which no system identifier could be generated
141	reference to entity "b.external" for which no system identifier could be generated
141	Attribute addthis:url not allowed on element a at this point.
141	reference to entity "b.chrome.csi" for which no system identifier could be generated
141	general entity "b.gtbExternal" not defined and no default entity
141	general entity "b.performance.timing" not defined and no default entity
141	general entity "b.chrome.csi" not defined and no default entity
140	document type does not allow element "INPUT" here; missing one of "P", "H1", "H2", "H3", "H4", "H5", "H6", "PRE", "DIV", "ADDRESS" start-tag
140	ID "new-launch" already defined
140	there is no attribute "count"
140	document type does not allow element "A" here; missing one of "P", "H1", "H2", "H3", "H4", "H5", "H6", "PRE", "DIV", "ADDRESS" start-tag
139	value of attribute "id" invalid: "7" cannot start a name
139	there is no attribute "data-colorscheme"
139	general entity "c2" not defined and no default entity
138	"font" is not a member of a group specified for any attribute
138	The height attribute on the td element is obsolete. Use CSS instead.
138	End tag li seen, but there were open elements.
138	general entity "zc" not defined and no default entity
138	Bad value generator for attribute rel on element a: Not an absolute IRI. The string generator is not a registered keyword or absolute URL.
137	there is no attribute "data-text"
137	Attribute count-layout not allowed on element a at this point.
137	Bad value syntaxhighlighter-version for attribute name on element meta: Keyword syntaxhighlighter-version is not registered.
136	there is no attribute "st_title"
135	Bad value cleartype for attribute http-equiv on element meta.
135	element "u" undefined
134	Unclosed element g:plusone.
134	Attribute name not allowed on element span at this point.
133	there is no attribute "XMLNS"
132	element "o:p" undefined
132	Element h2 not allowed as child of element ul in this context. (Suppressing further errors from this subtree.)
132	Bad value DC.subject for attribute name on element meta: Keyword dc.subject is not registered.
131	Attribute b:version not allowed on element html at this point.
131	general entity "title" not defined and no default entity
131	end tag for element "LI" which is not open
130	reference to entity "ext" for which no system identifier could be generated
130	The name attribute on the img element is obsolete. Use the id attribute instead.
130	Any input descendant of a label element with a for attribute must have an ID value that matches that for attribute.
129	there is no attribute "onSubmit"
129	Attribute http-equiv not allowed on element meta at this point.
129	reference to entity "cj" for which no system identifier could be generated
129	reference to entity "cv" for which no system identifier could be generated
128	there is no attribute "data-theme"
127	there is no attribute "prefix"
127	reference to entity "show" for which no system identifier could be generated
127	ID "12" already defined
127	Bad value service.post for attribute rel on element link: The string service.post is not a registered keyword or absolute URL.
127	character "\" not allowed in attribute specification list
126	Element br not allowed as child of element ul in this context. (Suppressing further errors from this subtree.)
126	start tag for "LI" omitted, but its declaration does not permit this
126	Attribute trbidi not allowed on element div at this point.
126	Attribute kind not allowed on element span at this point.
126	document type does not allow element "DIV" here; missing one of "APPLET", "OBJECT", "MAP", "IFRAME", "BUTTON" start-tag
126	reference to entity "cid" for which no system identifier could be generated
126	ID "Icon_Gender_Kids" already defined
126	general entity "v" not defined and no default entity
126	Stray end tag embed.
126	Bad value set_144 for attribute rel on element a: Not an absolute IRI. The string set_144 is not a registered keyword or absolute URL.
125	Bad value copyright for attribute name on element meta: Keyword copyright is not registered.
125	end tag for "dd" omitted, but OMITTAG NO was specified
125	Bad value set_148 for attribute rel on element a: The string set_148 is not a registered keyword or absolute URL. Not an absolute IRI.
125	reference to entity "utm_source" for which no system identifier could be generated
125	Stray end tag hr.
125	delimiter "'" invalid: only S separators and TAGC allowed here
125	end tag for "UL" omitted, but its declaration does not permit this
124	document type does not allow element "P" here; missing one of "APPLET", "OBJECT", "MAP", "IFRAME", "BUTTON" start-tag
124	document type does not allow element "html" here
123	reference to entity "user_id" for which no system identifier could be generated
123	there is no attribute "onMouseOver"
122	"novalidate" is not a member of a group specified for any attribute
122	end tag for element "font" which is not open
122	Bad value msapplication-TileImage for attribute name on element meta: Keyword msapplication-tileimage is not registered.
122	element "g:plus" undefined
122	end tag for "ul" omitted, but OMITTAG NO was specified
121	general entity "text" not defined and no default entity
120	Duplicate attribute class.
120	reference to entity "alt" for which no system identifier could be generated
120	there is no attribute "XML:LANG"
119	there is no attribute "onMouseOut"
119	general entity "cj" not defined and no default entity
119	general entity "cv" not defined and no default entity
117	general entity "user_id" not defined and no default entity
117	Duplicate ID fb-root.
117	Bad value gid_17_sid_689450317 for attribute rel on element a: Not an absolute IRI. The string gid_17_sid_689450317 is not a registered keyword or absolute URL.
117	Bad value gid_17_sid_792860807 for attribute rel on element a: Not an absolute IRI. The string gid_17_sid_792860807 is not a registered keyword or absolute URL.
117	general entity "utm_medium" not defined and no default entity
117	reference to entity "type" for which no system identifier could be generated
116	document type does not allow element "noscript" here; missing one of "object", "ins", "del", "map", "button" start-tag
116	there is no attribute "data-rel"
116	document type does not allow element "b" here
116	Bad value  for attribute id on element li: An ID must not be the empty string.
115	element "figure" undefined
115	duplicate specification of attribute "class"
115	end tag for "dl" omitted, but OMITTAG NO was specified
115	document type does not allow element "body" here
115	"required" is not a member of a group specified for any attribute
115	Bad value  for attribute height on element img: The empty string is not a valid non-negative integer.
114	Bad value gid_16_sid_689450317 for attribute rel on element a: The string gid_16_sid_689450317 is not a registered keyword or absolute URL. Not an absolute IRI.
114	Bad value gid_16_sid_330093377 for attribute rel on element a: Not an absolute IRI. The string gid_16_sid_330093377 is not a registered keyword or absolute URL.
114	ID "amax-templatearea-1" already defined
113	Attribute kind not allowed on element a at this point.
113	end tag for element "script" which is not open
113	Attribute kind not allowed on element li at this point.
113	Element g:plusone not allowed as child of element span in this context. (Suppressing further errors from this subtree.)
112	Bad value advertising for attribute name on element meta: Keyword advertising is not registered.
111	End tag p seen, but there were open elements.
111	Bad value twitter:description for attribute name on XHTML element meta: Keyword twitter:description is not registered.
111	ID "fb-root" already defined
111	end tag for "b" omitted, but OMITTAG NO was specified
111	reference to entity "s" for which no system identifier could be generated
110	Bad value  for attribute id on element a: An ID must not be the empty string.
110	Attribute sans-serif\? not allowed on element font at this point.
110	end tag for "strong" omitted, but OMITTAG NO was specified
110	general entity "rand" not defined and no default entity
110	Bad value 100% for attribute width on element img: Expected a digit but saw % instead.
110	reference to entity "rand" for which no system identifier could be generated
110	Attribute helvetica, not allowed on element font at this point.
109	reference to entity "sid" for which no system identifier could be generated
109	there is no attribute "DATA-WIDTH"
109	Duplicate ID searchform.
109	there is no attribute "CLASS"
109	reference to entity "utm_content" for which no system identifier could be generated
109	Bad value Copyright for attribute name on element meta: Keyword copyright is not registered.
108	ID "3" already defined
108	general entity "count" not defined and no default entity
108	there is no attribute "DATA-HREF"
108	ID "2" already defined
108	Element meta is missing required attribute content.
107	reference to entity "subd" for which no system identifier could be generated
107	general entity "tz" not defined and no default entity
107	general entity "subd" not defined and no default entity
107	general entity "post" not defined and no default entity
107	reference to entity "weight_approxs" for which no system identifier could be generated
107	general entity "weight_approxs" not defined and no default entity
107	reference to entity "tz" for which no system identifier could be generated
107	reference to entity "post" for which no system identifier could be generated
107	Saw < when expecting an attribute name. Probable cause: Missing > immediately before.
107	Duplicate attribute target.
107	Bad value designer for attribute rel on element a: Not an absolute IRI. The string designer is not a registered keyword or absolute URL.
106	The text content of element script was not in the required format: Expected space, tab, newline, or slash but found { instead.
106	End tag h3 seen, but there were open elements.
106	Attribute imageanchor not allowed on element a at this point.
106	reference to entity "record_id" for which no system identifier could be generated
106	there is no attribute "stream"
105	reference to entity "langId" for which no system identifier could be generated
105	Duplicate ID 5.
105	document type does not allow element "DIV" here; missing one of "OBJECT", "MAP", "BUTTON" start-tag
104	reference to entity "A" for which no system identifier could be generated
104	document type does not allow element "iframe" here
104	element "SCRIPT" undefined
103	document type does not allow element "a" here; assuming missing "li" start-tag
103	Bad value msapplication-TileColor for attribute name on element meta: Keyword msapplication-tilecolor is not registered.
103	document type does not allow element "UL" here; assuming missing "LI" start-tag
103	element "fb:like-box" undefined
103	Bad value twitter:title for attribute name on XHTML element meta: Keyword twitter:title is not registered.
103	Bad value twitter:url for attribute name on XHTML element meta: Keyword twitter:url is not registered.
103	there is no attribute "STYLE"
102	there is no attribute "source"
102	end tag for "a.length" omitted, but OMITTAG NO was specified
102	reference to entity "includeref" for which no system identifier could be generated
102	ID "popup8" already defined
102	Bad value X-UA-Compatible for attribute http-equiv on XHTML element meta.
102	element "a.length" undefined
102	there is no attribute "quality"
101	ID "a_red" already defined
101	ID "valor-1" already defined
101	reference to entity "k" for which no system identifier could be generated
101	ID "valor-2" already defined
101	Element img not allowed as child of element ul in this context. (Suppressing further errors from this subtree.)
101	Bad value parsely-page for attribute name on element meta: Keyword parsely-page is not registered.
101	Bad value parsely-metadata for attribute name on element meta: Keyword parsely-metadata is not registered.
100	Element ol not allowed as child of element ul in this context. (Suppressing further errors from this subtree.)
100	ID "internal-source-marker_0.3126029600389302" already defined
100	reference to entity "_82_languageId" for which no system identifier could be generated
99	Attribute lz_src not allowed on element img at this point.
99	reference to entity "a.external" for which no system identifier could be generated
99	reference to entity "a.gtbExternal" for which no system identifier could be generated
99	reference to entity "a.chrome.csi" for which no system identifier could be generated
99	reference to entity "a.performance.timing" for which no system identifier could be generated
99	there is no attribute "header"
99	there is no attribute "wmode"
99	ID "bc-strap_footer" already defined
99	Bad value publisher for attribute rel on element link: Not an absolute IRI. The string publisher is not a registered keyword or absolute URL.
99	end tag for element "P" which is not open
98	there is no attribute "onLoad"
98	Duplicate ID image_001_5.976.
98	end tag for element "b" which is not open
98	general entity "target" not defined and no default entity
98	there is no attribute "DATA-SHOW-FACES"
97	Element script not allowed as child of element ul in this context. (Suppressing further errors from this subtree.)
97	reference to entity "emc" for which no system identifier could be generated
97	end tag for "body" omitted, but OMITTAG NO was specified
97	general entity "id" not defined and no default entity
97	there is no attribute "pluginspage"
97	Attribute value not allowed on element input at this point.
96	Stray start tag html.
96	Element li not allowed as child of element nav in this context. (Suppressing further errors from this subtree.)
96	end tag for element "td" which is not open
96	non SGML character number 128
95	Element a not allowed as child of element hgroup in this context. (Suppressing further errors from this subtree.)
95	document type does not allow element "hr" here; missing one of "object", "applet", "map", "iframe", "button", "ins", "del" start-tag
95	end tag for element "DIV" which is not open
94	The longdesc attribute on the img element is obsolete. Use a regular a element to link to the description.
94	Bad value tooltip for attribute rel on element a: Not an absolute IRI. The string tooltip is not a registered keyword or absolute URL.
94	end tag for element "scr" which is not open
94	there is no attribute "border_color"
94	duplicate specification of attribute "width"
94	End tag a violates nesting rules.
94	there is no attribute "SRC"
93	Bad value generator nofollow for attribute rel on element a: The string generator is not a registered keyword or absolute URL.
93	Bad value _new for attribute target on element a: Reserved keyword new used.
93	invalid comment declaration: found name start character outside comment but inside comment declaration
93	Element p not allowed as child of element label in this context. (Suppressing further errors from this subtree.)
93	Bad value DC.title for attribute name on element meta: Keyword dc.title is not registered.
93	Element figcaption not allowed as child of element a in this context. (Suppressing further errors from this subtree.)
93	general entity "counturl" not defined and no default entity
92	Element noindex not allowed as child of element div in this context. (Suppressing further errors from this subtree.)
92	end tag for element "tr" which is not open
92	reference to entity "nortrk" for which no system identifier could be generated
92	The width attribute on the th element is obsolete. Use CSS instead.
92	Duplicate ID _wpnonce.
91	duplicate specification of attribute "height"
91	document type does not allow element "noscript" here; assuming missing "object" start-tag
91	reference to entity "storeId" for which no system identifier could be generated
91	end tag for "html" omitted, but OMITTAG NO was specified
91	document type does not allow element "DIV" here; assuming missing "LI" start-tag
90	end tag for "tr" which is not finished
90	ID "Icon_Gender_Man" already defined
90	ID "popup9" already defined
90	reference to entity "hotelid" for which no system identifier could be generated
90	Bad value x-dns-prefetch-control for attribute http-equiv on element meta.
90	there is no attribute "DATA-HEADER"
90	there is no attribute "DATA-STREAM"
90	The language attribute on the script element is obsolete. Use the type attribute instead.
90	Attribute click not allowed on element a at this point.
90	Element span not allowed as child of element ul in this context. (Suppressing further errors from this subtree.)
90	there is no attribute "COLOR"
89	general entity "a.chrome.csi" not defined and no default entity
89	general entity "a.gtbExternal" not defined and no default entity
89	general entity "a.performance.timing" not defined and no default entity
89	there is no attribute "count-layout"
89	general entity "a.external" not defined and no default entity
88	general entity "category" not defined and no default entity
88	element "UL" undefined
88	there is no attribute "NAME"
88	Bad value 160px for attribute width on element img: Expected a digit but saw p instead.
88	element "BLOCKQUOTE" undefined
88	reference to entity "category" for which no system identifier could be generated
88	reference to entity "_r" for which no system identifier could be generated
88	general entity "type" not defined and no default entity
87	document type does not allow element "DIV" here
87	general entity "via" not defined and no default entity
87	end tag for "table" omitted, but OMITTAG NO was specified
87	End tag ul seen, but there were open elements.
87	reference to entity "popup" for which no system identifier could be generated
87	general entity "popup" not defined and no default entity
87	reference to entity "via" for which no system identifier could be generated
87	ID "FB-ROOT" already defined
87	general entity "I" not defined and no default entity
87	there is no attribute "FB:LIKE:LAYOUT"
87	there is no attribute "DATA-BORDER-COLOR"
87	element "STORY" undefined
86	Bad value distribution for attribute name on element meta: Keyword distribution is not registered.
86	reference to entity "related" for which no system identifier could be generated
86	Element content not allowed as child of element div in this context. (Suppressing further errors from this subtree.)
86	Attribute sum not allowed on element aside at this point.
86	there is no attribute "HEIGHT"
86	general entity "related" not defined and no default entity
85	general entity "url" not defined and no default entity
85	name expected
85	ID "_wpnonce" already defined
84	Bad value 120px for attribute height on element img: Expected a digit but saw p instead.
84	ID "18" already defined
84	reference to entity "_render" for which no system identifier could be generated
84	end tag for "option" omitted, but OMITTAG NO was specified
84	general entity "_render" not defined and no default entity
83	Bad value language for attribute name on element meta: Keyword language is not registered.
83	reference to entity "advid" for which no system identifier could be generated
83	Element fb:like not allowed as child of element div in this context. (Suppressing further errors from this subtree.)
83	there is no attribute "data"
83	document type does not allow element "a" here; missing one of "ins", "del", "h1", "h2", "h3", "h4", "h5", "h6", "p", "div", "pre", "address", "fieldset" start-tag
83	there is no attribute "imageanchor"
83	end tag for "FORM" which is not finished
83	document type does not allow element "table" here; missing one of "object", "applet", "map", "iframe", "button", "ins", "del" start-tag
83	reference to entity "camid" for which no system identifier could be generated
82	Unclosed element ul.
82	Bad value publisher for attribute rel on element a: Not an absolute IRI. The string publisher is not a registered keyword or absolute URL.
82	Bad value  for attribute href on element a: Control character in query component.
82	ID "4" already defined
82	reference to entity "c4" for which no system identifier could be generated
82	general entity "callback" not defined and no default entity
82	reference to entity "c3" for which no system identifier could be generated
81	Element table not allowed as child of element span in this context. (Suppressing further errors from this subtree.)
81	Bad value set_156 for attribute rel on element a: Not an absolute IRI. The string set_156 is not a registered keyword or absolute URL.
81	Duplicate ID searchsubmit.
81	Bad value medium for attribute name on element meta: Keyword medium is not registered.
81	Attribute index not allowed on element li at this point.
81	ID "19" already defined
81	Unclosed element section.
81	Attribute sitename not allowed on element a at this point.
80	reference to entity "DDDosage" for which no system identifier could be generated
80	reference to entity "fs" for which no system identifier could be generated
80	reference to entity "GalleryID" for which no system identifier could be generated
80	ID "menuwidget" already defined
80	Bad value ”ICBM” for attribute name on element meta: Keyword ”icbm” is not registered.
80	reference to entity "body" for which no system identifier could be generated
80	Named character reference was not terminated by a semicolon. (Or & should have been escaped as &amp;.)
80	reference to entity "description" for which no system identifier could be generated
80	Bad value ”geo.region” for attribute name on element meta: Keyword ”geo.region” is not registered.
80	Attribute tw:via not allowed on element a at this point.
80	Bad value ”geo.position” for attribute name on element meta: Keyword ”geo.position” is not registered.
80	Bad value ”geo.placename” for attribute name on element meta: Keyword ”geo.placename” is not registered.
80	Attribute datetime not allowed on element span at this point.
80	Attribute pubdate not allowed on element span at this point.
79	value of attribute "ID" invalid: "_" cannot start a name
79	reference to entity "num" for which no system identifier could be generated
78	end tag for "head" which is not finished
78	Element div not allowed as child of element ol in this context. (Suppressing further errors from this subtree.)
78	Duplicate ID logo.
78	Bad value gid_21_sid_1339494337 for attribute rel on element a: Not an absolute IRI. The string gid_21_sid_1339494337 is not a registered keyword or absolute URL.
77	Attribute class"fn not allowed on element span at this point.
77	Attribute url" not allowed on element span at this point.
77	reference to entity "catalogId" for which no system identifier could be generated
77	ID "popup10" already defined
77	Bad value content-type for attribute http-equiv on XHTML element meta.
77	reference to entity "f" for which no system identifier could be generated
77	ID "13" already defined
77	there is no attribute "xmlns"
77	reference to entity "size" for which no system identifier could be generated
76	reference to entity "media" for which no system identifier could be generated
76	Duplicate ID submit.
76	document type does not allow element "form" here; missing one of "object", "ins", "del", "map" start-tag
76	document type does not allow element "SCRIPT" here
76	document type does not allow element "LI" here; missing one of "UL", "OL", "DIR", "MENU" start-tag
76	ID "5" already defined
76	value of attribute "method" cannot be "POST"; must be one of "get", "post"
76	there is no attribute "ontouchstart"
76	Element input with attribute type whose value is button must have non-empty attribute value.
75	Attribute original not allowed on element img at this point.
75	The hspace attribute on the img element is obsolete. Use CSS instead.
75	The itemtype attribute must not be specified on elements that do not have an itemscope attribute specified.
75	ID "14" already defined
75	reference to entity "p_p_lifecycle" for which no system identifier could be generated
75	reference to entity "page" for which no system identifier could be generated
75	reference to entity "p_p_col_count" for which no system identifier could be generated
75	reference to entity "p_p_state" for which no system identifier could be generated
75	reference to entity "p_p_mode" for which no system identifier could be generated
74	Bad value gid_19_sid_1339494337 for attribute rel on element a: Not an absolute IRI. The string gid_19_sid_1339494337 is not a registered keyword or absolute URL.
74	Bad value shorturl for attribute rel on element link: The string shorturl is not a registered keyword or absolute URL.
74	Bad value set_147 for attribute rel on element a: Not an absolute IRI. The string set_147 is not a registered keyword or absolute URL.
74	reference to entity "postid" for which no system identifier could be generated
73	there is no attribute "XMLNS:FB"
73	Saw <?. Probable cause: Attempt to use an XML processing instruction in HTML. (XML processing instructions are not supported in HTML.)
73	document type does not allow element "div" here; assuming missing "object" start-tag
73	there is no attribute "PLACEHOLDER"
73	reference to entity "Operation" for which no system identifier could be generated
73	An head start tag seen but an element of the same type was already open.
73	document type does not allow element "i" here
73	ID "box_portada" already defined
73	The classid attribute on the object element is obsolete. Use the data and type attributes to invoke plugins. To set a parameter with the name classid, use the param element.
73	Duplicate ID bottom-side-ad.
73	general entity "pos" not defined and no default entity
72	end tag for "html" which is not finished
72	general entity "c3" not defined and no default entity
72	"text" is not a member of a group specified for any attribute
72	general entity "c4" not defined and no default entity
72	there is no attribute "typeof"
72	Element div not allowed as child of element font in this context. (Suppressing further errors from this subtree.)
72	reference to entity "NAMEofCategory" for which no system identifier could be generated
72	there is no attribute "action"
71	Bad value gid_3_sid_234050003 for attribute rel on element a: Not an absolute IRI. The string gid_3_sid_234050003 is not a registered keyword or absolute URL.
71	general entity "A" not defined and no default entity
71	non SGML character number 147
71	Attribute alt not allowed on element input at this point.
71	there is no attribute "DATA-URL"
71	Element div not allowed as child of element h2 in this context. (Suppressing further errors from this subtree.)
71	there is no attribute "callback"
71	there is no attribute "AUTOCOMPLETE"
70	ID "left-side" already defined
70	reference to entity "y" for which no system identifier could be generated
70	general entity "description" not defined and no default entity
70	reference to entity "tag" for which no system identifier could be generated
70	document type does not allow element "p" here
70	End tag td seen, but there were open elements.
70	Bad value gallery-685 for attribute rel on element a: The string gallery-685 is not a registered keyword or absolute URL.
70	Attribute Банк"" not allowed on element img at this point.
70	Duplicate ID socialmedia.
70	document type does not allow element "dt" here; assuming missing "dl" start-tag
70	Element p not allowed as child of element code in this context. (Suppressing further errors from this subtree.)
69	Attribute href not allowed on element div at this point.
69	there is no attribute "WIDTH"
69	reference to entity "goto" for which no system identifier could be generated
69	non SGML character number 148
68	reference to entity "city" for which no system identifier could be generated
68	end tag for element "TR" which is not open
68	reference to entity "p_p_col_id" for which no system identifier could be generated
68	Bad value Content-Language for attribute name on element meta: Keyword content-language is not registered.
68	Bad value gallery_mallorca_non_stop for attribute rel on element a: The string gallery_mallorca_non_stop is not a registered keyword or absolute URL.
68	character ")" not allowed in attribute specification list
68	Attribute xmlns:wb not allowed here.
67	general entity "utm_campaign" not defined and no default entity
67	there is no attribute "itemscope"
67	End tag had attributes.
67	Quote ' in attribute name. Probable cause: Matching quote missing somewhere earlier.
67	general entity "media" not defined and no default entity
67	Bad value  for attribute media on element link: Media query ended prematurely.
66	ID "Codigo" already defined
66	end tag for "form" omitted, but OMITTAG NO was specified
66	ID "footerContent" already defined
66	reference to entity "nid" for which no system identifier could be generated
66	reference to entity "rel" for which no system identifier could be generated
66	Bad value news for attribute rel on element a: The string news is not a registered keyword or absolute URL.
66	ID "finca" already defined
66	duplicate specification of attribute "onclick"
65	general entity "utm_source" not defined and no default entity
65	there is no attribute "hspace"
65	The vspace attribute on the img element is obsolete. Use CSS instead.
65	reference to entity "to" for which no system identifier could be generated
65	there is no attribute "bgcolor"
64	Attribute pw:twitter-via not allowed on element span at this point.
64	reference to entity "page_show_back_url" for which no system identifier could be generated
64	Bad value twitter:app:id:ipad for attribute name on element meta: Keyword twitter:app:id:ipad is not registered.
64	Bad value twitter:app:id:googleplay for attribute name on element meta: Keyword twitter:app:id:googleplay is not registered.
64	end tag for "Strong" omitted, but OMITTAG NO was specified
64	reference to entity "jump_to" for which no system identifier could be generated
64	reference to entity "set_id" for which no system identifier could be generated
64	Bad value twitter:app:url:iphone for attribute name on element meta: Keyword twitter:app:url:iphone is not registered.
64	Bad value twitter:app:url:ipad for attribute name on element meta: Keyword twitter:app:url:ipad is not registered.
64	Bad value twitter:app:url:googleplay for attribute name on element meta: Keyword twitter:app:url:googleplay is not registered.
64	reference to entity "page_show_url" for which no system identifier could be generated
64	general entity "f" not defined and no default entity
64	Bad value twitter:app:name:iphone for attribute name on element meta: Keyword twitter:app:name:iphone is not registered.
64	Bad value twitter:app:name:googleplay for attribute name on element meta: Keyword twitter:app:name:googleplay is not registered.
64	Bad value twitter:app:name:ipad for attribute name on element meta: Keyword twitter:app:name:ipad is not registered.
64	end tag for element "h2" which is not open
64	element "Strong" undefined
64	Duplicate ID s.
64	Bad value twitter:app:id:iphone for attribute name on element meta: Keyword twitter:app:id:iphone is not registered.
63	The element h1 must not appear as a descendant of the address element.
63	reference to entity "dado1" for which no system identifier could be generated
63	there is no attribute "CHARSET"
63	Element div not allowed as child of element em in this context. (Suppressing further errors from this subtree.)
63	Stray end tag ul.
63	character "\" is not allowed in the value of attribute "type"
63	Duplicate ID webstore-navigation.
63	Attribute imgurl not allowed on element img at this point.
63	Character reference was not terminated by a semicolon.
63	reference to entity "web_id" for which no system identifier could be generated
63	general entity "web_id" not defined and no default entity
62	reference to entity "c15" for which no system identifier could be generated
62	Attribute _fck_bookmark not allowed on element span at this point.
62	Bad value og:type for attribute name on element meta: Keyword og:type is not registered.
62	end tag for "head" omitted, but OMITTAG NO was specified
62	reference to entity "appID" for which no system identifier could be generated
62	Bad value og:url for attribute name on element meta: Keyword og:url is not registered.
62	reference to entity "index" for which no system identifier could be generated
62	Bad value top for attribute rel on element link: The string top is not a registered keyword or absolute URL.
62	non SGML character number 153
62	there is no attribute "DATA-ID"
62	character "/" is not allowed in the value of attribute "id"
62	Bad value publisher for attribute rel on XHTML element link: Not an absolute IRI. The string publisher is not a registered keyword or absolute URL.
62	reference to entity "mid" for which no system identifier could be generated
62	Attribute st_via not allowed on element span at this point.
62	reference to entity "c6" for which no system identifier could be generated
62	general entity "to" not defined and no default entity
62	reference to entity "c5" for which no system identifier could be generated
62	The name attribute on the option element is obsolete. Use the id attribute instead.
61	reference to entity "pid" for which no system identifier could be generated
61	general entity "h" not defined and no default entity
61	document type does not allow element "tr" here; assuming missing "table" start-tag
61	reference to entity "style" for which no system identifier could be generated
61	" in an unquoted attribute value. Probable causes: Attributes running together or a URL query string in an unquoted attribute value.
61	Element a not allowed as child of element dl in this context. (Suppressing further errors from this subtree.)
61	"UL" not finished but containing element ended
61	there is no attribute "DATA-SRC"
61	there is no attribute "DATA-CODE"
61	Attribute data not allowed on element script at this point.
61	there is no attribute "TOOLTIP"
61	there is no attribute "TT-WIDTH"
60	Attribute rel not allowed on element i at this point.
60	reference to entity "dept" for which no system identifier could be generated
60	Bad value text:LiveFyreSiteID for attribute name on element meta: Keyword text:livefyresiteid is not registered.
60	Attribute disabled not allowed on element img at this point.
60	document type does not allow element "script" here; assuming missing "li" start-tag
60	end tag for element "form" which is not open
60	ID "right-side" already defined
60	document type does not allow element "title" here
60	reference to entity "townId" for which no system identifier could be generated
60	reference to entity "spotId" for which no system identifier could be generated
60	reference to entity "NAMEofSHOP" for which no system identifier could be generated
60	end tag for element "TD" which is not open
60	reference to entity "_gaq.push" for which no system identifier could be generated
60	Element panel not allowed as child of element div in this context. (Suppressing further errors from this subtree.)
60	Stray start tag script.
59	document type does not allow element "td" here; assuming missing "tr" start-tag
59	reference to entity "idt" for which no system identifier could be generated
59	there is no attribute "colorscheme"
59	reference to entity "dt" for which no system identifier could be generated
59	Bad value gid_18_sid_1339494337 for attribute rel on element a: Not an absolute IRI. The string gid_18_sid_1339494337 is not a registered keyword or absolute URL.
58	Bad value framework for attribute name on element meta: Keyword framework is not registered.
58	value of attribute "id" invalid: "0" cannot start a name
57	The text content of element script was not in the required format: Expected space, tab, newline, or slash but found g instead.
57	Attribute webkitallowfullscreen not allowed on element iframe at this point.
57	reference to entity "sa" for which no system identifier could be generated
57	Bad value http://ww251.smartadserver.com/call/cliccommand/8466804/[timestamp]? for attribute href on element a: Illegal character in path component.
57	"a" is not a member of a group specified for any attribute
57	there is no attribute "background"
57	document type does not allow element "form" here; missing one of "object", "applet", "map", "iframe", "ins", "del" start-tag
57	ID "fincas-1" already defined
57	reference to entity "extra" for which no system identifier could be generated
57	Attribute mozallowfullscreen not allowed on element iframe at this point.
56	document type does not allow element "a" here; missing one of "object", "ins", "del", "span", "bdo", "tt", "i", "b", "big", "small", "em", "strong", "dfn", "code", "q", "samp", "kbd", "var", "cite", "abbr", "acronym", "sub", "sup", "label" start-tag
56	reference to entity "autoplay" for which no system identifier could be generated
56	"html" not finished but document ended
56	reference to entity "isSentence" for which no system identifier could be generated
56	document type does not allow element "h1" here; missing one of "object", "applet", "map", "iframe", "button", "ins", "del" start-tag
55	ID "descrp_1" already defined
55	ID "descrp_3" already defined
55	The codebase attribute on the object element is obsolete. Use the data and type attributes to invoke plugins. To set a parameter with the name codebase, use the param element.
55	ID "texto-finca_valor" already defined
55	element "marquee" undefined
55	Attribute xmlns:v not allowed here.
55	ID "texto-finca_2" already defined
55	ID "texto-finca_link" already defined
55	ID "descrp_2" already defined
54	general entity "leng" not defined and no default entity
54	ID "menuinf65" already defined
54	A numeric character reference expanded to the C1 controls range.
54	"DOCTYPE" declaration not allowed in instance
54	element "tags" undefined
54	ID "10" already defined
54	there is no attribute "data-text-color"
54	ID "9" already defined
54	ID "8" already defined
54	ID "7" already defined
54	reference to entity "r" for which no system identifier could be generated
54	there is no attribute "data-link-color"
54	ID "6" already defined
54	ID "buscar" already defined
54	The element h4 must not appear as a descendant of the dt element.
54	Stray end tag wbr.
54	Attribute value not allowed on XHTML element meta at this point.
54	XHTML element meta is missing required attribute content.
54	Bad value DC.creator for attribute name on element meta: Keyword dc.creator is not registered.
54	reference to entity "starting_methods" for which no system identifier could be generated
54	reference to entity "ch" for which no system identifier could be generated
54	reference to entity "ad" for which no system identifier could be generated
54	general entity "starting_methods" not defined and no default entity
53	Attribute u not allowed on element div at this point.
53	general entity "body" not defined and no default entity
53	Bogus comment.
53	end tag for element "SCRIPT" which is not open
53	reference to entity "feature" for which no system identifier could be generated
53	"noshade" is not a member of a group specified for any attribute
53	there is no attribute "CONTENT"
53	Bad value baidu-site-verification for attribute name on element meta: Keyword baidu-site-verification is not registered.
53	Attribute t not allowed on element div at this point.
53	Bad value set_151 for attribute rel on element a: Not an absolute IRI. The string set_151 is not a registered keyword or absolute URL.
53	Attribute results not allowed on element input at this point.
53	Bad value set_152 for attribute rel on element a: Not an absolute IRI. The string set_152 is not a registered keyword or absolute URL.
53	reference to entity "player" for which no system identifier could be generated
53	reference to entity "uid" for which no system identifier could be generated
53	End tag blockquote seen, but there were open elements.
52	general entity "c15" not defined and no default entity
52	Attribute type not allowed on element iframe at this point.
52	general entity "c6" not defined and no default entity
52	reference to entity "propositionId" for which no system identifier could be generated
52	character "\" is not allowed in the value of attribute "target"
52	Bad value pragma for attribute http-equiv on element meta.
52	Stray end tag small.
52	general entity "c5" not defined and no default entity
52	ID "11" already defined
52	Element form not allowed as child of element span in this context. (Suppressing further errors from this subtree.)
52	reference to entity "refer" for which no system identifier could be generated
52	general entity "i" not defined and no default entity
52	Duplicate ID search.
52	general entity "r" not defined and no default entity
51	reference to entity "NAMEofProduct" for which no system identifier could be generated
51	Attribute x-webkit-speech not allowed on element input at this point.
51	Duplicate ID author-0.
51	Bad value gid_20_sid_1339494337 for attribute rel on element a: Not an absolute IRI. The string gid_20_sid_1339494337 is not a registered keyword or absolute URL.
51	end tag for "A" omitted, but OMITTAG NO was specified
51	Duplicate ID subject.
51	End tag li implied, but there were open elements.
51	reference to entity "format" for which no system identifier could be generated
51	Duplicate ID title.
50	document type does not allow element "TR" here
50	reference to entity "forum" for which no system identifier could be generated
50	Stray end tag font.
50	reference to entity "ps" for which no system identifier could be generated
50	ID "searchform" already defined
50	element "CENTER" undefined
50	value of attribute "ID" invalid: "2" cannot start a name
50	Duplicate ID ville.
50	Bad value text/html;charset=utf-8 for attribute content on element meta: utf-8 is not a valid character encoding name.
50	value of attribute "NAME" must be a single token
50	general entity "fs" not defined and no default entity
50	element "FROM" undefined
50	Bad value template for attribute name on element meta: Keyword template is not registered.
50	Unclosed element a.
50	element "noindex" undefined
50	Duplicate ID image.
50	reference to entity "catid" for which no system identifier could be generated
50	end tag for "FROM" omitted, but OMITTAG NO was specified
50	reference to entity "list" for which no system identifier could be generated
50	Attribute name not allowed on element div at this point.
50	Attribute Банк not allowed on element img at this point.
50	duplicate specification of attribute "id"
50	Bad value hitcount for attribute name on element meta: Keyword hitcount is not registered.
49	Duplicate ID code.
49	Duplicate ID product.
49	ID "popup13" already defined
49	there is no attribute "ID"
49	document type does not allow element "table" here; missing one of "button", "map", "object", "ins", "del", "noscript" start-tag
49	ID "popup12" already defined
49	ID "popup11" already defined
49	character "&" is not allowed in the value of attribute "NAME"
49	ID "popup14" already defined
49	character "/" is not allowed in the value of attribute "ID"
49	reference to entity "doResetFlow" for which no system identifier could be generated
49	document type does not allow element "h5" here; missing one of "object", "applet", "map", "iframe", "button", "ins", "del" start-tag
49	Element area is missing required attribute alt.
49	"data-lazy" is not a member of a group specified for any attribute
49	document type does not allow element "IMG" here
49	XHTML element title not allowed as child of XHTML element meta in this context. (Suppressing further errors from this subtree.)
48	document type does not allow element "blockquote" here; missing one of "object", "applet", "map", "iframe", "button", "ins", "del" start-tag
48	general entity "uid" not defined and no default entity
48	document type does not allow element "div" here; assuming missing "dd" start-tag
48	reference to entity "noex" for which no system identifier could be generated
48	Bad value gid_10_sid_234050003 for attribute rel on element a: Not an absolute IRI. The string gid_10_sid_234050003 is not a registered keyword or absolute URL.
48	Attribute av not allowed on element div at this point.
48	XHTML element meta not allowed as child of XHTML element html in this context. (Suppressing further errors from this subtree.)
48	there is no attribute "data-font"
48	Bad value fragment for attribute name on element meta: Keyword fragment is not registered.
48	Duplicate ID docs-internal-guid-7ca2f9b4-193f-0ab2-7ce3-c23d5110cf77.
48	value of attribute "disabled" cannot be "true"; must be one of "disabled"
47	Attribute name not allowed on element b at this point.
47	there is no attribute "data-border-color"
47	reference to entity "pub" for which no system identifier could be generated
47	Element hgroup is missing a required instance of one or more of the following child elements: h1, h2, h3, h4, h5, h6.
47	unterminated comment: found end of entity inside comment
47	document type does not allow element "h3" here; missing one of "object", "ins", "del", "map", "button" start-tag
46	Attribute role not allowed on element fieldset at this point.
46	reference to entity "name" for which no system identifier could be generated
46	Element ul not allowed as child of element ol in this context. (Suppressing further errors from this subtree.)
46	literal is missing closing delimiter
46	reference to entity "Co." for which no system identifier could be generated
46	there is no attribute "direction"
46	there is no attribute "annotation"
46	xmlParsePI : no target name
46	reference to entity "controller" for which no system identifier could be generated
46	general entity "pub" not defined and no default entity
46	Attribute hreflang not allowed on element span at this point.
45	ID "flag_ru" already defined
45	reference to entity "x.oSrc" for which no system identifier could be generated
45	Attribute value missing.
45	general entity "connections" not defined and no default entity
45	Element pre not allowed as child of element ul in this context. (Suppressing further errors from this subtree.)
45	ID "flag_tr" already defined
45	duplicate specification of attribute "type"
45	Unclosed element aside.
45	reference to entity "stream" for which no system identifier could be generated
45	Attribute about not allowed on element article at this point.
45	value of attribute "method" cannot be "GET"; must be one of "get", "post"
45	general entity "header" not defined and no default entity
45	Element aside not allowed as child of element ul in this context. (Suppressing further errors from this subtree.)
45	Bad value lightbox[this_page] for attribute rel on element a: The string lightbox[this_page] is not a registered keyword or absolute URL. Illegal character in path component.
45	reference to entity "site" for which no system identifier could be generated
45	reference to entity "header" for which no system identifier could be generated
45	general entity "stream" not defined and no default entity
45	element "FOOTER" undefined
45	reference to entity "connections" for which no system identifier could be generated
45	element "wbr" undefined
45	Duplicate ID comments.
45	general entity "forum" not defined and no default entity
44	Bad value twitter:image1 for attribute name on element meta: Keyword twitter:image1 is not registered.
44	Bad value twitter:image0 for attribute name on element meta: Keyword twitter:image0 is not registered.
44	there is no attribute "data-widget-id"
44	ID "project_list" already defined
44	Bad value twitter:image2 for attribute name on element meta: Keyword twitter:image2 is not registered.
44	Bad value twitter:image3 for attribute name on element meta: Keyword twitter:image3 is not registered.
44	document type does not allow element "h1" here; missing one of "object", "ins", "del", "map", "button" start-tag
44	general entity "parent.frames.length" not defined and no default entity
44	reference to entity "comment_registration" for which no system identifier could be generated
44	there is no attribute "data-annotation"
44	end tag for "d.forms.length" omitted, but OMITTAG NO was specified
44	reference to entity "require_name_email" for which no system identifier could be generated
44	reference to entity "stc_enabled" for which no system identifier could be generated
44	reference to entity "show_avatars" for which no system identifier could be generated
44	reference to entity "stb_enabled" for which no system identifier could be generated
44	end tag for "d.layers.length" omitted, but OMITTAG NO was specified
44	reference to entity "d.layers" for which no system identifier could be generated
44	reference to entity "parent.frames.length" for which no system identifier could be generated
44	general entity "x.oSrc" not defined and no default entity
44	general entity "d.all" not defined and no default entity
44	reference to entity "d.all" for which no system identifier could be generated
44	general entity "d.layers" not defined and no default entity
44	element "d.forms.length" undefined
44	reference to entity "avatar_default" for which no system identifier could be generated
44	element "d.layers.length" undefined
44	reference to entity "sig" for which no system identifier could be generated
44	general entity "tag" not defined and no default entity
44	reference to entity "jetpack_version" for which no system identifier could be generated
44	reference to entity "greeting" for which no system identifier could be generated
44	reference to entity "color_scheme" for which no system identifier could be generated
43	Element p not allowed as child of element dl in this context. (Suppressing further errors from this subtree.)
43	document type does not allow element "script" here; assuming missing "body" start-tag
43	ID "client_list" already defined
43	value of attribute "nowrap" cannot be ""; must be one of "nowrap"
43	Bad value set_150 for attribute rel on element a: The string set_150 is not a registered keyword or absolute URL. Not an absolute IRI.
42	Attribute addthis:description not allowed on element div at this point.
42	general entity "checkPassword" not defined and no default entity
42	reference to entity "checkPassword" for which no system identifier could be generated
42	there is no attribute "data-action"
42	reference to entity "goodieId" for which no system identifier could be generated
42	Bad value dr-netradio-launch for attribute rel on element a: The string dr-netradio-launch is not a registered keyword or absolute URL.
42	ID "s" already defined
42	Bad value product for attribute rel on element a: The string product is not a registered keyword or absolute URL.
42	element "hgroup" undefined
42	Forbidden code point U+0003.
42	Stray end tag li.
42	there is no attribute "charset"
42	end tag for "h3" omitted, but OMITTAG NO was specified
42	general entity "isSentence" not defined and no default entity
42	there is no attribute "LANGUAGE"
42	Bad value imagetoolbar for attribute http-equiv on element meta.
42	Attribute width not allowed on element div at this point.
41	ID "from" already defined
41	reference to entity "loop" for which no system identifier could be generated
41	there is no attribute "SUMMARY"
41	attributes construct error
41	ID "to" already defined
41	general entity "style" not defined and no default entity
41	reference to entity "id_lang" for which no system identifier could be generated
41	general entity "show" not defined and no default entity
41	reference to entity "pian" for which no system identifier could be generated
41	Attribute rel not allowed on element li at this point.
40	reference to entity "MO" for which no system identifier could be generated
40	End tag header seen, but there were open elements.
40	there is no attribute "face"
40	there is no attribute "addthis:url"
40	Bad value external,nofollow for attribute rel on element a: The string external,nofollow is not a registered keyword or absolute URL.
40	Bad value 118px for attribute width on element img: Expected a digit but saw p instead.
40	Bad value 67px for attribute height on element img: Expected a digit but saw p instead.
40	ID "footerwidget" already defined
40	reference to entity "phoneSKU" for which no system identifier could be generated
40	Bad value 39px for attribute height on element img: Expected a digit but saw p instead.
40	there is no attribute "onmouseout"
40	Duplicate ID post-0.
40	Bad value 39px for attribute width on element img: Expected a digit but saw p instead.
40	Bad value _blank for attribute rel on element a: The string _blank is not a registered keyword or absolute URL.
40	duplicate specification of attribute "name"
40	The clear attribute on the br element is obsolete. Use CSS instead.
40	document type does not allow element "dd" here; assuming missing "dl" start-tag
40	Bad value baidu-tc-verification for attribute name on element meta: Keyword baidu-tc-verification is not registered.
40	Attribute wasshown not allowed on element li at this point.
40	end tag for "dl" which is not finished
40	Attribute nofollow not allowed on element a at this point.
40	reference to entity "C" for which no system identifier could be generated
39	element "d" undefined
39	there is no attribute "onmouseover"
39	end tag for "d" omitted, but OMITTAG NO was specified
39	document type does not allow element "noscript" here
39	Bad value DC.publisher for attribute name on element meta: Keyword dc.publisher is not registered.
39	Bad value gid_23_sid_1339494337 for attribute rel on element a: Not an absolute IRI. The string gid_23_sid_1339494337 is not a registered keyword or absolute URL.
39	reference to entity "x" for which no system identifier could be generated
39	Stray end tag link.
39	Bad value wumiiVerification for attribute name on element meta: Keyword wumiiverification is not registered.
39	Bad value popover for attribute rel on element a: The string popover is not a registered keyword or absolute URL.
39	Element marquee not allowed as child of element div in this context. (Suppressing further errors from this subtree.)
39	duplicate specification of attribute "style"
39	reference to entity "dpc" for which no system identifier could be generated
39	Bad value set_146 for attribute rel on element a: Not an absolute IRI. The string set_146 is not a registered keyword or absolute URL.
39	reference to entity "fid" for which no system identifier could be generated
39	Bad value baidu_union_verify for attribute name on element meta: Keyword baidu_union_verify is not registered.
38	Element style not allowed as child of element form in this context. (Suppressing further errors from this subtree.)
38	general entity "ID" not defined and no default entity
38	document type does not allow element "FORM" here; missing one of "APPLET", "OBJECT", "MAP", "IFRAME" start-tag
38	general entity "Operation" not defined and no default entity
38	there is no attribute "title"
38	general entity "MarketPlace" not defined and no default entity
38	document type does not allow element "h4" here; assuming missing "dd" start-tag
38	"font-family:" is not a member of a group specified for any attribute
38	Attribute target not allowed on element p at this point.
38	Attribute height not allowed on element div at this point.
37	reference to entity "Co" for which no system identifier could be generated
37	end tag for element "table" which is not open
37	Bad value #most-popular for attribute rel on element a: The string #most-popular is not a registered keyword or absolute URL.
37	reference to entity "section" for which no system identifier could be generated
37	ID "popup15" already defined
37	end tag for "DIV" omitted, but its declaration does not permit this
37	reference to entity "qtype" for which no system identifier could be generated
37	reference to entity "border" for which no system identifier could be generated
37	Element style not allowed as child of element font in this context. (Suppressing further errors from this subtree.)
37	ID "popup16" already defined
37	general entity "dpc" not defined and no default entity
37	element "H2" undefined
36	reference to entity "Values" for which no system identifier could be generated
36	value of attribute "type" cannot be "\"hidden\""; must be one of "text", "password", "checkbox", "radio", "submit", "reset", "file", "hidden", "image", "button"
36	duplicate specification of attribute "target"
36	Bad value set_155 for attribute rel on element a: Not an absolute IRI. The string set_155 is not a registered keyword or absolute URL.
36	reference to entity "FlightID" for which no system identifier could be generated
36	reference to entity "TargetID" for which no system identifier could be generated
36	there is no attribute "value"
36	Stray end tag section.
36	end tag for "SPAN" omitted, but its declaration does not permit this
36	Bad value subscribe-rss for attribute rel on element a: The string subscribe-rss is not a registered keyword or absolute URL.
36	there is no attribute "hidefocus"
36	reference to entity "ga" for which no system identifier could be generated
36	element "IFRAME" undefined
36	general entity "size" not defined and no default entity
36	ID "read_more3" already defined
36	document type does not allow element "head" here
36	Element br not allowed as child of element ol in this context. (Suppressing further errors from this subtree.)
36	reference to undeclared general entity nbsp
36	The aria-labelledby attribute must point to an element in the same document.
36	ID "yourTableID" already defined
36	Stray end tag noscript.
36	there is no attribute "addthis:userid"
36	there is no attribute "trbidi"
36	reference to entity "AdID" for which no system identifier could be generated
35	end tag for element "ul" which is not open
35	Unescaped '<' not allowed in attributes values
35	ID "subcategories" already defined
35	ID "ev-content-wrapper" already defined
35	reference to entity "dir" for which no system identifier could be generated
35	Bad value GRAND FlAGallery for attribute name on element meta: Keyword grand flagallery is not registered.
35	Stray end tag html.
35	The name attribute on the embed element is obsolete. Use the id attribute instead.
35	Duplicate ID eow-description.
35	ID "listeRubriques" already defined
35	character "(" not allowed in attribute specification list
35	reference to entity "morelink" for which no system identifier could be generated
35	reference to entity "morelink_title" for which no system identifier could be generated
35	Bad value news_keywords for attribute name on element meta: Keyword news_keywords is not registered.
35	ID "g-margin2" already defined
34	general entity "include_rts" not defined and no default entity
34	Attribute width not allowed on element a at this point.
34	required attribute "CONTENT" not specified
34	Bad value other-views for attribute rel on element a: Not an absolute IRI. The string other-views is not a registered keyword or absolute URL.
34	element "time" undefined
34	reference to entity "skuId" for which no system identifier could be generated
34	reference to entity "include_rts" for which no system identifier could be generated
34	ID "koteitext" already defined
34	Bad value adverts/140x180px (2).jpg for attribute src on element img: Whitespace in path component. Use %20 in place of spaces.
34	Attribute s' not allowed on element img at this point.
34	end tag for "DL" omitted, but its declaration does not permit this
34	Bad value generator nofollow for attribute rel on element a: Whitespace in path component. Use %20 in place of spaces. The string generator is not a registered keyword or absolute URL.
34	Attribute height not allowed on element a at this point.
34	there is no attribute "data-toggle"
33	Duplicate ID email.
33	reference to entity "G" for which no system identifier could be generated
33	element "gcse:search" undefined
33	Element div not allowed as child of element h1 in this context. (Suppressing further errors from this subtree.)
33	"font-size:" is not a member of a group specified for any attribute
33	Stray end tag input.
33	reference to entity "leagueid" for which no system identifier could be generated
33	there is no attribute "wrap"
33	reference to entity "LExt" for which no system identifier could be generated
33	there is no attribute "scrollamount"
33	Bad value readability-verification for attribute name on element meta: Keyword readability-verification is not registered.
33	general entity "page" not defined and no default entity
33	reference to entity "cPath" for which no system identifier could be generated
33	Element p not allowed as child of element h3 in this context. (Suppressing further errors from this subtree.)
33	ID "internal-source-marker_0.5765741795767099" already defined
33	general entity "num" not defined and no default entity
33	document type does not allow element "br" here; assuming missing "li" start-tag
33	reference to entity "campaign" for which no system identifier could be generated
33	ID "form_radio" already defined
33	general entity "campaign" not defined and no default entity
33	general entity "s" not defined and no default entity
33	end tag for "h4" omitted, but OMITTAG NO was specified
33	document type does not allow element "br" here; missing one of "ins", "del", "h1", "h2", "h3", "h4", "h5", "h6", "p", "div", "pre", "address", "fieldset" start-tag
32	there is no attribute "async"
32	Bad value prettyPhoto[product-gallery] for attribute rel on element a: The string prettyphoto[product-gallery] is not a registered keyword or absolute URL.
32	The type attribute on the ul element is obsolete. Use CSS instead.
32	general entity "c" not defined and no default entity
32	end tag for element "em" which is not open
32	general entity "jump_to" not defined and no default entity
32	End tag section seen, but there were open elements.
32	End tag article seen, but there were open elements.
32	"10pt" is not a member of a group specified for any attribute
32	general entity "set_id" not defined and no default entity
32	document type does not allow element "strong" here
32	Attribute size not allowed on element input at this point.
32	general entity "page_show_url" not defined and no default entity
32	general entity "page_show_back_url" not defined and no default entity
32	there is no attribute "TYPE"
32	The bgcolor attribute on the td element is obsolete. Use CSS instead.
32	Duplicate ID countdown-experiment.
32	reference to entity "d" for which no system identifier could be generated
32	reference to entity "variant" for which no system identifier could be generated
32	general entity "postid" not defined and no default entity
32	end tag for "w" omitted, but OMITTAG NO was specified
32	element "w" undefined
32	general entity "variant" not defined and no default entity
32	Duplicate ID newsSubscribe.
32	Duplicate ID groupie_email.
31	reference to entity "cat" for which no system identifier could be generated
31	Element author not allowed as child of element footer in this context. (Suppressing further errors from this subtree.)
31	Duplicate ID footer-inner.
31	there is no attribute "onMouseout"
31	reference to entity "products_id" for which no system identifier could be generated
31	reference to entity "loc" for which no system identifier could be generated
31	there is no attribute "valign"
31	reference to entity "flag" for which no system identifier could be generated
31	end tag for element "IFRAME" which is not open
31	Attribute datetime not allowed on element b at this point.
31	Bad value category tag for attribute rel on XHTML element a: The string category is not a registered keyword or absolute URL. Whitespace in path component. Use %20 in place of spaces.
31	Attribute addthis:title not allowed on element a at this point.
31	there is no attribute "oncontextmenu"
31	Bad value omni_page for attribute name on XHTML element meta: Keyword omni_page is not registered.
31	general entity "format" not defined and no default entity
31	Bad value modal for attribute rel on element a: The string modal is not a registered keyword or absolute URL.
31	Attribute _height not allowed on element img at this point.
31	Attribute _width not allowed on element img at this point.
31	Duplicate ID waiting.
31	Bad value text/ for attribute type on element input.
31	document type does not allow element "script" here; missing one of "th", "td" start-tag
31	document type does not allow element "MAP" here
31	Duplicate attribute alt.
31	general entity "autofollowed" not defined and no default entity
31	document type does not allow element "TD" here
31	reference to entity "autofollowed" for which no system identifier could be generated
31	general entity "atype" not defined and no default entity
31	reference to entity "atype" for which no system identifier could be generated
31	ID "myprice" already defined
31	general entity "asset_id" not defined and no default entity
31	reference to entity "asset_id" for which no system identifier could be generated
30	Duplicate ID foot-lst.
30	value of attribute "align" cannot be "middle"; must be one of "left", "center", "right", "justify", "char"
30	reference to entity "v.getAttribute" for which no system identifier could be generated
30	Bad value last-modified for attribute http-equiv on element meta.
30	reference to entity "leg" for which no system identifier could be generated
30	there is no attribute "addthis:title"
30	required character (found =) (expected ;)
30	reference to entity "in_reply_to_status_id" for which no system identifier could be generated
30	Bad value p:domain_verify for attribute name on element meta: Keyword p:domain_verify is not registered.
30	ID "web_content" already defined
30	Bad value prettyPhoto for attribute rel on element a: Not an absolute IRI. The string prettyphoto is not a registered keyword or absolute URL.
30	Bad value mailto: info@winefolly.com for attribute href on element a: Whitespace in path component. Use %20 in place of spaces.
30	Bad value gid_9_sid_234050003 for attribute rel on element a: Not an absolute IRI. The string gid_9_sid_234050003 is not a registered keyword or absolute URL.
30	general entity "aid" not defined and no default entity
30	reference to entity "in_reply_to" for which no system identifier could be generated
30	Element fb:comments-count not allowed as child of element a in this context. (Suppressing further errors from this subtree.)
30	value of attribute "valign" cannot be "center"; must be one of "top", "middle", "bottom", "baseline"
30	Bad value 1 for attribute border on element img: Only 0 is a permitted zero literal.
30	Attribute position not allowed on element li at this point.
30	Stray end tag td.
30	End tag font violates nesting rules.
30	Bad value Article for attribute itemtype on element div: Not an absolute IRI.
30	Attribute tw:count not allowed on element a at this point.
30	Duplicate ID div-gpt-ad-1362061321040-7.
30	Attribute default-value not allowed on element input at this point.
30	reference to entity "tf" for which no system identifier could be generated
30	general entity "shva" not defined and no default entity
30	there is no attribute "onerror"
30	Attribute fb:like:width not allowed on element a at this point.
30	end tag for "isw_vua.length" omitted, but OMITTAG NO was specified
30	end tag for "isw_ra.length" omitted, but OMITTAG NO was specified
30	Duplicate ID mahi_facebook_connect_login_link.
30	end tag for "isw_vda.length" omitted, but OMITTAG NO was specified
30	element "isw_vda.length" undefined
30	element "isw_ra.length" undefined
30	element "isw_vua.length" undefined
30	general entity "tf" not defined and no default entity
30	reference to entity "shva" for which no system identifier could be generated
30	reference to entity "su" for which no system identifier could be generated
30	required character (found h) (expected m)
30	general entity "su" not defined and no default entity
30	document type does not allow element "br" here; missing one of "p", "h1", "h2", "h3", "h4", "h5", "h6", "div", "pre", "address", "fieldset", "ins", "del" start-tag
30	ID "widgets1" already defined
30	there is no attribute "flashvars"
30	ID "sizer" already defined
30	general entity "ui" not defined and no default entity
30	reference to entity "ui" for which no system identifier could be generated
29	reference to entity "Submit" for which no system identifier could be generated
29	Bad value cache-control for attribute http-equiv on element meta.
29	Bad value DC.date for attribute name on element meta: Keyword dc.date is not registered.
29	The element h3 must not appear as a descendant of the dt element.
29	Element div not allowed as child of element h3 in this context. (Suppressing further errors from this subtree.)
29	"http:" is not a member of a group specified for any attribute
29	Duplicate ID fiche-container.
29	Duplicate ID btn-general.
29	there is no attribute "required"
29	Duplicate ID btn-disponibilite.
29	Bad value iframe for attribute rel on element a: The string iframe is not a registered keyword or absolute URL.
29	duplicate specification of attribute "border"
29	The label element may contain at most one input, button, select, textarea, or keygen descendant.
29	reference to entity "cat_id" for which no system identifier could be generated
29	Element script must not have attribute defer unless attribute src is also specified.
29	general entity "nid" not defined and no default entity
29	Bad value date for attribute name on element meta: Keyword date is not registered.
29	there is no attribute "vspace"
29	there is no attribute "data-id"
29	Bad value category for attribute rel on element a: Not an absolute IRI. The string category is not a registered keyword or absolute URL.
28	there is no attribute "data-title"
28	document type does not allow element "center" here; missing one of "object", "applet", "map", "iframe", "button", "ins", "del" start-tag
28	reference to entity "ddkey" for which no system identifier could be generated
28	there is no attribute "scrolldelay"
28	reference to entity "pp" for which no system identifier could be generated
28	Element style not allowed as child of element ul in this context. (Suppressing further errors from this subtree.)
28	Element div not allowed as child of element label in this context. (Suppressing further errors from this subtree.)
28	element "DT" undefined
28	there is no attribute "onFocus"
28	reference to entity "ref" for which no system identifier could be generated
28	reference to entity "e" for which no system identifier could be generated
28	general entity "rel" not defined and no default entity
28	Element li not allowed as child of element font in this context. (Suppressing further errors from this subtree.)
28	non SGML character number 3
28	"x-webkit-speech" is not a member of a group specified for any attribute
28	Bad value text/html;charset=UTF-8 for attribute content on element meta: utf-8 is not a valid character encoding name.
28	Duplicate ID contact-us.
28	XHTML element link not allowed as child of XHTML element html in this context. (Suppressing further errors from this subtree.)
28	Attribute max-width not allowed on element img at this point.
28	Attribute max-height not allowed on element img at this point.
28	ID "wrapper" already defined
28	reference to entity "o" for which no system identifier could be generated
28	marked section end not in marked section declaration
28	end tag for "FONT" omitted, but its declaration does not permit this
28	reference to entity "referrer" for which no system identifier could be generated
28	reference to entity "creative" for which no system identifier could be generated
28	reference to entity "eid" for which no system identifier could be generated
28	general entity "linkCode" not defined and no default entity
28	general entity "camp" not defined and no default entity
28	reference to entity "linkCode" for which no system identifier could be generated
28	reference to entity "camp" for which no system identifier could be generated
28	general entity "creative" not defined and no default entity
28	element "fb:comments" undefined
27	there is no attribute "frameBorder"
27	general entity "tid" not defined and no default entity
27	there is no attribute "loop"
27	Bad value cuatro_islas_non_stop for attribute rel on element a: The string cuatro_islas_non_stop is not a registered keyword or absolute URL.
27	reference to entity "iframe" for which no system identifier could be generated
27	Bad value social-twitter for attribute rel on element a: The string social-twitter is not a registered keyword or absolute URL. Not an absolute IRI.
27	reference to entity "userid2" for which no system identifier could be generated
27	Bad value social-all for attribute rel on element a: Not an absolute IRI. The string social-all is not a registered keyword or absolute URL.
27	document type does not allow element "h2" here; missing one of "button", "map", "object", "ins", "del", "noscript" start-tag
27	reference to entity "period" for which no system identifier could be generated
27	Oops. That was not supposed to happen. A bug manifested itself in the application internals. Unable to continue. Sorry. The admin was notified.
27	Bad value shorturl for attribute rel on element link: Not an absolute IRI. The string shorturl is not a registered keyword or absolute URL.
27	StartTag: invalid element name
27	Bad value wordpress for attribute rel on element a: Not an absolute IRI. The string wordpress is not a registered keyword or absolute URL.
27	reference to entity "city_id" for which no system identifier could be generated
27	element "INPUT" undefined
27	there is no attribute "ITEMPROP"
27	document type does not allow element "p" here; assuming missing "dd" start-tag
27	Attribute arial?,?sans-serif?;? not allowed on element span at this point.
27	End tag span seen, but there were open elements.
27	End tag p implied, but there were open elements.
27	general entity "subset" not defined and no default entity
27	Bad value social-facebook for attribute rel on element a: The string social-facebook is not a registered keyword or absolute URL. Not an absolute IRI.
27	Bad value social-pingback for attribute rel on element a: Not an absolute IRI. The string social-pingback is not a registered keyword or absolute URL.
27	Bad value 50px for attribute width on element img: Expected a digit but saw p instead.
27	ID "contactusheading" already defined
27	invalid comment declaration: found character "<" outside comment but inside comment declaration
27	ID "cart-coupon-submitBtn" already defined
27	end tag for "h1" omitted, but OMITTAG NO was specified
27	there is no attribute "bordercolor"
27	document type does not allow element "textarea" here; missing one of "p", "h1", "h2", "h3", "h4", "h5", "h6", "div", "pre", "address", "fieldset", "ins", "del" start-tag
27	element "TABLE" undefined
27	Element script not allowed as child of element hgroup in this context. (Suppressing further errors from this subtree.)
27	reference to entity "subset" for which no system identifier could be generated
26	general entity "site" not defined and no default entity
26	duplicate specification of attribute "rel"
26	Bad value service.post for attribute rel on element link: Not an absolute IRI. The string service.post is not a registered keyword or absolute URL.
26	Bad value apple-itunes-app for attribute name on element meta: Keyword apple-itunes-app is not registered.
26	reference to entity "morelink_ga" for which no system identifier could be generated
26	reference to entity "is_index" for which no system identifier could be generated
26	end tag for "em" omitted, but OMITTAG NO was specified
26	value of attribute "ID" invalid: "3" cannot start a name
26	reference to entity "chl" for which no system identifier could be generated
26	general entity "chl" not defined and no default entity
26	reference to entity "chs" for which no system identifier could be generated
26	reference to entity "contentType" for which no system identifier could be generated
26	Bad value box_count for attribute type on element a: Subtype missing.
26	general entity "chs" not defined and no default entity
26	"TOPLEVEL" is not a member of a group specified for any attribute
26	Bad value gid_22_sid_1339494337 for attribute rel on element a: Not an absolute IRI. The string gid_22_sid_1339494337 is not a registered keyword or absolute URL.
26	there is no attribute "st_via"
26	reference to entity "PHPSESSID" for which no system identifier could be generated
26	Element p not allowed as child of element em in this context. (Suppressing further errors from this subtree.)
26	Heading cannot be a child of another heading.
26	Bad value Content-Style-Type for attribute http-equiv on element meta.
26	reference to entity "contId" for which no system identifier could be generated
26	Bad value  for attribute name on element a: An ID must not be the empty string.
26	general entity "d" not defined and no default entity
26	general entity "task" not defined and no default entity
26	Unclosed element time.
26	document type does not allow element "button" here; missing one of "p", "h1", "h2", "h3", "h4", "h5", "h6", "div", "pre", "address", "fieldset", "ins", "del" start-tag
26	Bad value lightbox[on] for attribute rel on element a: The string lightbox[on] is not a registered keyword or absolute URL.
26	ID "clear" already defined
26	element "OL" undefined
26	Bad value UTF-8 for attribute charset on element script: utf-8 is not a valid character encoding name.
26	general entity "k" not defined and no default entity
25	reference to entity "_contentviewerservice_WAR_alfresco_packportlet_struts_action" for which no system identifier could be generated
25	Duplicate ID sidebar.
25	reference to entity "_contentviewerservice_WAR_alfresco_packportlet_nodeName" for which no system identifier could be generated
25	there is no attribute "marginwidth"
25	element "TITLE" undefined
25	element "DD" undefined
25	ID "nospace" already defined
25	element "DL" undefined
25	reference to entity "op" for which no system identifier could be generated
25	Element p not allowed as child of element ol in this context. (Suppressing further errors from this subtree.)
25	reference to entity "p_p_id" for which no system identifier could be generated
25	Attribute lazy-src not allowed on element img at this point.
25	reference to entity "stag" for which no system identifier could be generated
25	Table column 2 established by element td has no cells beginning in it.
25	reference to entity "kid" for which no system identifier could be generated
25	End tag footer seen, but there were open elements.
25	Attribute addthis:description not allowed on element a at this point.
25	Attribute multiple not allowed on element input at this point.
25	document type does not allow element "meta" here; assuming missing "head" start-tag
25	element "Li" undefined
25	there is no attribute "data-ajax"
25	there is no attribute "aria-hidden"
25	Stray end tag meta.
25	reference to entity "save" for which no system identifier could be generated
25	no document element
25	DTD did not contain element declaration for document type name
25	Element fb:like not allowed as child of element p in this context. (Suppressing further errors from this subtree.)
25	reference to entity "new_comment" for which no system identifier could be generated
25	general entity "new_comment" not defined and no default entity
25	general entity "save" not defined and no default entity
25	general entity "loc" not defined and no default entity
25	end tag for element "TABLE" which is not open
24	reference to entity "noxqy" for which no system identifier could be generated
24	Bad value set[environ] for attribute rel on XHTML element a: The string set[environ] is not a registered keyword or absolute URL.
24	Attribute winter not allowed on element img at this point.
24	value of attribute "align" cannot be "baseline"; must be one of "top", "middle", "bottom", "left", "right"
24	there is no attribute "ONCONTEXTMENU"
24	Bad value gid_11_sid_234050003 for attribute rel on element a: The string gid_11_sid_234050003 is not a registered keyword or absolute URL. Not an absolute IRI.
24	Attribute jacket" not allowed on element img at this point.
24	The align attribute on the tr element is obsolete. Use CSS instead.
24	Bad value expires for attribute http-equiv on element meta.
24	general entity "ref" not defined and no default entity
24	Element hr not allowed as child of element ul in this context. (Suppressing further errors from this subtree.)
24	reference to entity "titleBox" for which no system identifier could be generated
24	Attribute & not allowed on element img at this point.
24	reference to entity "color2" for which no system identifier could be generated
24	there is no attribute "marginheight"
24	ID "docs-internal-guid-699e5705-3c82-ea9b-84e4-0b82faa756fd" already defined
24	reference to entity "color1" for which no system identifier could be generated
24	Attribute straight not allowed on element img at this point.
24	Attribute buckle not allowed on element img at this point.
24	element "HR" undefined
24	there is no attribute "behavior"
24	Attribute special not allowed on element img at this point.
24	Attribute stud not allowed on element img at this point.
24	Bad character   after <. Probable cause: Unescaped <. Try escaping it as &lt;.
24	Attribute with not allowed on element img at this point.
24	Attribute boots not allowed on element img at this point.
24	ID "SF-RANKINGS" already defined
24	Bad value http://cdn.sett.com/images/user/2012-07-07      5 rings f2f327544ffcb5f0901dbdaf2bd9df42_t.jpg for attribute src on element img: Whitespace in path component. Use %20 in place of spaces.
24	reference to entity "preUrl" for which no system identifier could be generated
24	end tag for "HR" omitted, but OMITTAG NO was specified
24	ID "WITHDIV" already defined
24	general entity "mid" not defined and no default entity
24	reference to entity "urlContent" for which no system identifier could be generated
24	Text not allowed in element dl in this context.
24	Duplicate attribute content.
24	reference to entity "vitrine" for which no system identifier could be generated
24	reference to entity "netid" for which no system identifier could be generated
24	ID "footer-text-all2" already defined
24	ID "PD_superContainer" already defined
24	end tag for "PARAM" omitted, but OMITTAG NO was specified
24	element "PARAM" undefined
24	Text not allowed in element select in this context.
23	there is no attribute "cd:pos"
23	there is no attribute "dir"
23	an attribute value specification must start with a literal or a name character
23	Forbidden code point U+0081.
23	element "TBODY" undefined
23	reference to entity "tab" for which no system identifier could be generated
23	there is no attribute "tabindex"
23	reference to entity "Cub" for which no system identifier could be generated
23	Duplicate ID example8.
23	invalid comment declaration: found delimiter "-" outside comment but inside comment declaration
23	there is no attribute "HTTP-EQUIV"
23	reference to entity "CO." for which no system identifier could be generated
23	general entity "CO." not defined and no default entity
23	end tag for "FIELDSET" which is not finished
23	there is no attribute "data-flattr-uid"
23	Bad value 86px for attribute height on element img: Expected a digit but saw p instead.
23	general entity "index" not defined and no default entity
23	there is no attribute "data-flattr-tags"
23	general entity "Co." not defined and no default entity
23	there is no attribute "data-flattr-category"
23	there is no attribute "data-flattr-button"
23	Bad value 91px for attribute width on element img: Expected a digit but saw p instead.
23	general entity "op" not defined and no default entity
23	The summary attribute is obsolete. Consider describing the structure of the table in a caption  element or in a figure element  containing the table; or, simplify the structure of the table so that no description is needed.
23	reference to entity "key" for which no system identifier could be generated
23	"async" is not a member of a group specified for any attribute
23	document type does not allow element "thead" here
23	reference to entity "language" for which no system identifier could be generated
23	there is no attribute "data-source"
23	general entity "autoplay" not defined and no default entity
23	there is no attribute "TOPMARGIN"
23	"hideFocus" is not a member of a group specified for any attribute
23	reference to entity "YOU" for which no system identifier could be generated
22	element "U" undefined
22	document type does not allow element "object" here; missing one of "p", "h1", "h2", "h3", "h4", "h5", "h6", "div", "address", "fieldset", "ins", "del" start-tag
22	"Verdana" is not a member of a group specified for any attribute
22	reference to entity "_82_struts_action" for which no system identifier could be generated
22	general entity "color_scheme" not defined and no default entity
22	Bad value nofolow for attribute rel on element a: The string nofolow is not a registered keyword or absolute URL.
22	The align attribute on the h2 element is obsolete. Use CSS instead.
22	there is no attribute "clear"
22	Duplicate attribute name.
22	reference to entity "ifr" for which no system identifier could be generated
22	reference to entity "redirect" for which no system identifier could be generated
22	element "LABEL" undefined
22	Attribute if} not allowed on element input at this point.
22	Attribute { not allowed on element input at this point.
22	general entity "pf" not defined and no default entity
22	Duplicate ID nav.
22	Bad value tooltop for attribute rel on element a: The string tooltop is not a registered keyword or absolute URL.
22	element "NOSCRIPT" undefined
22	reference to entity "glb.menu.deferAssets" for which no system identifier could be generated
22	reference to entity "pf" for which no system identifier could be generated
22	there is no attribute "allowScriptAccess"
22	Table column 3 established by element td has no cells beginning in it.
22	general entity "redirect" not defined and no default entity
22	reference to entity "glb.menu" for which no system identifier could be generated
22	ID "latest_font" already defined
22	Element div not allowed as child of element figure in this context. (Suppressing further errors from this subtree.)
22	general entity "replytocom" not defined and no default entity
22	Element head is missing a required instance of child element title.
22	general entity "comment_registration" not defined and no default entity
22	there is no attribute "Title"
22	The element button must not appear as a descendant of the a element.
22	Bad value 100% for attribute height on element img: Expected a digit but saw % instead.
22	reference to entity "replytocom" for which no system identifier could be generated
22	general entity "sig" not defined and no default entity
22	general entity "require_name_email" not defined and no default entity
22	general entity "avatar_default" not defined and no default entity
22	general entity "greeting" not defined and no default entity
22	general entity "show_avatars" not defined and no default entity
22	general entity "stb_enabled" not defined and no default entity
22	general entity "stc_enabled" not defined and no default entity
22	general entity "jetpack_version" not defined and no default entity
22	Attribute arial, not allowed on element span at this point.
22	general entity "o" not defined and no default entity
22	"data-headlines-item" is not a member of a group specified for any attribute
22	Bad value 67.5 for attribute height on element img: Expected a digit but saw . instead.
22	value of attribute "defer" cannot be ""; must be one of "defer"
22	Bad value ttw for attribute name on element meta: Keyword ttw is not registered.
22	Attribute helvetica, not allowed on element span at this point.
22	Bad value 32px for attribute height on element img: Expected a digit but saw p instead.
22	Bad value expires for attribute name on element meta: Keyword expires is not registered.
22	end tag for "table" which is not finished
22	Bad value 32px for attribute width on element img: Expected a digit but saw p instead.
22	"size-full" is not a member of a group specified for any attribute
22	reference to entity "can_play" for which no system identifier could be generated
22	Bad value Category for attribute name on XHTML element meta: Keyword category is not registered.
21	Stray end tag b.
21	general entity "template" not defined and no default entity
21	Element noindex not allowed as child of element p in this context. (Suppressing further errors from this subtree.)
21	end tag for element "h4" which is not open
21	reference to entity "menuKey" for which no system identifier could be generated
21	reference to entity "template" for which no system identifier could be generated
21	ID "web_left" already defined
21	there is no attribute "date-url"
21	document type does not allow element "span" here; assuming missing "li" start-tag
21	there is no attribute "onBlur"
21	Attribute sans-serif";" not allowed on element span at this point.
21	end tag for element "meta" which is not open
21	required attribute "ACTION" not specified
21	Element style not allowed as child of element p in this context. (Suppressing further errors from this subtree.)
21	there is no attribute "node-type"
21	Bad value DC.description for attribute name on element meta: Keyword dc.description is not registered.
21	document type does not allow element "input" here; missing one of "object", "p", "h1", "h2", "h3", "h4", "h5", "h6", "div", "pre", "blockquote", "address", "center", "noframes", "span", "bdo", "applet", "tt", "i", "b", "u", "s", "strike", "big", "small", "font", "em", "strong", "dfn", "code", "q", "samp", "kbd", "var", "cite", "abbr", "acronym", "sub", "sup", "noscript", "ins", "del" start-tag
21	Element fb:like-box not allowed as child of element div in this context. (Suppressing further errors from this subtree.)
21	there is no attribute "data-target"
21	end tag for element "STRONG" which is not open
21	Element p not allowed as child of element font in this context. (Suppressing further errors from this subtree.)
21	reference to entity "utm_term" for which no system identifier could be generated
21	The bgcolor attribute on the tr element is obsolete. Use CSS instead.
21	Bad value shadowbox[Mixed] for attribute rel on element a: The string shadowbox[mixed] is not a registered keyword or absolute URL.
21	End tag aside seen, but there were open elements.
21	Stray doctype.
21	Duplicate ID password.
21	ID "internal-source-marker_0.9315923171203518" already defined
21	Bad value  for attribute alt on element input: String was empty.
21	ID "BloqueBlancoHome1_M10" already defined
21	Attribute about not allowed on element meta at this point.
21	there is no attribute "OnClick"
21	End tag h2 seen, but there were open elements.
21	The text content of element script was not in the required format: Expected space, tab, newline, or slash but found < instead.
21	ID "content" already defined
21	duplicate specification of attribute "value"
21	Attribute av not allowed on element li at this point.
21	Bad value ironman for attribute rel on element a: Not an absolute IRI. The string ironman is not a registered keyword or absolute URL.
21	there is no attribute "data-hatena-bookmark-title"
21	there is no attribute "data-hatena-bookmark-layout"
21	element "wb:follow-button" undefined
21	reference to entity "query" for which no system identifier could be generated
21	reference to entity "lout" for which no system identifier could be generated
21	Duplicate ID menu-item-243.
21	Bad value apple-touch-fullscreen for attribute name on element meta: Keyword apple-touch-fullscreen is not registered.
21	Attribute value not allowed on element textarea at this point.
21	reference to entity "cmpid" for which no system identifier could be generated
20	Bad value section for attribute name on element meta: Keyword section is not registered.
20	Bad value http://stat3.cybermonitor.com/inrocks_v?R=[News];&S=total;[INROCKS LAB] for attribute src on element img: Illegal character in query component.
20	ID "menuwidget2" already defined
20	general entity "cl" not defined and no default entity
20	there is no attribute "num_posts"
20	Element adress not allowed as child of element div in this context. (Suppressing further errors from this subtree.)
20	reference to entity "userid" for which no system identifier could be generated
20	reference to entity "cht" for which no system identifier could be generated
20	reference to entity "cl" for which no system identifier could be generated
20	element "su:badge" undefined
20	general entity "cht" not defined and no default entity
20	element "sfEls.length" undefined
20	Bad value jp for attribute hreflang on element a: The language subtag jp is not a valid ISO language part of a language tag.
20	there is no attribute "text"
20	document type does not allow element "label" here
20	Bad value google-translate-customization for attribute name on element meta: Keyword google-translate-customization is not registered.
20	there is no attribute "fecha_out"
20	general entity "aff" not defined and no default entity
20	reference to entity "env" for which no system identifier could be generated
20	Bad value dc.subject for attribute name on element meta: Keyword dc.subject is not registered.
20	there is no attribute "fecha_in"
20	reference to entity "utm_keyword" for which no system identifier could be generated
20	Bad value set[overt] for attribute rel on XHTML element a: The string set[overt] is not a registered keyword or absolute URL.
20	reference to entity "aff" for which no system identifier could be generated
20	general entity "_gaq.push" not defined and no default entity
20	Bad value dc.title for attribute name on element meta: Keyword dc.title is not registered.
20	end tag for "sfEls.length" omitted, but OMITTAG NO was specified
20	Duplicate ID page.
20	"of" is not a member of a group specified for any attribute
20	reference to entity "T" for which no system identifier could be generated
20	ID "sitemap-text" already defined
20	general entity "excerpt_length" not defined and no default entity
20	reference to entity "excerpt_length" for which no system identifier could be generated
20	Bad value internal for attribute rel on element a: Not an absolute IRI. The string internal is not a registered keyword or absolute URL.
20	reference to entity "do" for which no system identifier could be generated
20	end tag for "hash.length" omitted, but OMITTAG NO was specified
20	end tag for element "img" which is not open
20	reference to entity "color" for which no system identifier could be generated
20	Duplicate ID signin-wrapper.
20	document type does not allow element "form" here
20	reference to entity "product" for which no system identifier could be generated
20	reference to entity "_listcontents_WAR_alfresco_packportlet_INSTANCE_3S0b_struts_action" for which no system identifier could be generated
20	Bad value Content-Script-Type for attribute http-equiv on element meta.
20	ID "pelicula" already defined
20	there is no attribute "tittle"
20	Duplicate ID titleCat.
20	Attribute itemprop not allowed on element meta at this point.
20	end tag for "form" which is not finished
20	reference to entity "b._cookie" for which no system identifier could be generated
20	reference to entity "g.length" for which no system identifier could be generated
20	The big element is obsolete. Use CSS instead.
20	Bad value set[hall] for attribute rel on XHTML element a: The string set[hall] is not a registered keyword or absolute URL.
20	element "hash.length" undefined
20	general entity "Title" not defined and no default entity
20	reference to entity "Title" for which no system identifier could be generated
20	reference to entity "Url" for which no system identifier could be generated
20	general entity "Url" not defined and no default entity
20	reference to entity "Description" for which no system identifier could be generated
20	general entity "avatar_size" not defined and no default entity
20	Bad value set[buggy] for attribute rel on XHTML element a: The string set[buggy] is not a registered keyword or absolute URL.
20	reference to entity "linktype" for which no system identifier could be generated
20	general entity "linktype" not defined and no default entity
20	reference to entity "new_link_other" for which no system identifier could be generated
20	general entity "new_link_other" not defined and no default entity
20	general entity "Description" not defined and no default entity
20	there is no attribute "data-button-style"
20	document type does not allow element "HTML" here
20	general entity "hide_avatars" not defined and no default entity
20	general entity "refer" not defined and no default entity
20	reference to entity "avatar_size" for which no system identifier could be generated
20	general entity "storeId" not defined and no default entity
20	Bad value apple-mobile-web-app-title for attribute name on element meta: Keyword apple-mobile-web-app-title is not registered.
20	there is no attribute "titls"
20	there is no attribute "tw:count"
20	reference to entity "hide_avatars" for which no system identifier could be generated
19	Bad value DC.creator.name for attribute name on element meta: Keyword dc.creator.name is not registered.
19	Bad value DC.rights.rightsHolder for attribute name on element meta: Keyword dc.rights.rightsholder is not registered.
19	Bad value DC.created for attribute name on element meta: Keyword dc.created is not registered.
19	end tag for "max" omitted, but OMITTAG NO was specified
19	Attribute on not allowed on element meta at this point.
19	reference to entity "rnd" for which no system identifier could be generated
19	general entity "rnd" not defined and no default entity
19	The valign attribute on the th element is obsolete. Use CSS instead.
19	Bad value original-source for attribute rel on element link: The string original-source is not a registered keyword or absolute URL.
19	Bad value DC.date.created for attribute name on element meta: Keyword dc.date.created is not registered.
19	general entity "hid" not defined and no default entity
19	Attribute ; not allowed on element ul at this point.
19	document type does not allow element "h4" here; missing one of "object", "ins", "del", "map", "button" start-tag
19	element "max" undefined
19	reference to entity "hid" for which no system identifier could be generated
19	Bad value owner for attribute name on element meta: Keyword owner is not registered.
19	there is no attribute "hotel"
19	Bad value dc.creator for attribute name on element meta: Keyword dc.creator is not registered.
19	element "EMBED" undefined
19	Duplicate ID maplink_einrichtungszentrum_kroeger.
19	Bad value dc.date for attribute name on element meta: Keyword dc.date is not registered.
19	Bad value dc.description for attribute name on element meta: Keyword dc.description is not registered.
19	reference to entity "R" for which no system identifier could be generated
19	end tag for element "code" which is not open
19	Attribute datetime not allowed on element abbr at this point.
19	Element p not allowed as child of element strong in this context. (Suppressing further errors from this subtree.)
19	Attribute a not allowed on element a at this point.
19	Attribute < not allowed on element a at this point.
19	element "Locale" undefined
19	Bad value thumbnails for attribute rel on element a: The string thumbnails is not a registered keyword or absolute URL.
19	Element style not allowed as child of element span in this context. (Suppressing further errors from this subtree.)
19	end tag for "SCRIPT" omitted, but OMITTAG NO was specified
19	Bad value grp1 for attribute rel on element a: Not an absolute IRI. The string grp1 is not a registered keyword or absolute URL.
19	there is no attribute "data-thread-key"
19	Bad value dc.publisher for attribute name on element meta: Keyword dc.publisher is not registered.
19	there is no attribute "price"
19	Bad value schema.DC for attribute rel on element link: The string schema.dc is not a registered keyword or absolute URL.
19	Duplicate ID mc-embedded-subscribe-form.
19	there is no attribute "data-num-posts"
19	reference to entity "id_product" for which no system identifier could be generated
19	Bad value DC.publisher.url for attribute name on element meta: Keyword dc.publisher.url is not registered.
19	end tag for element "SPAN" which is not open
19	reference to entity "token" for which no system identifier could be generated
19	reference to entity "aI.is" for which no system identifier could be generated
19	general entity "e" not defined and no default entity
19	reference to entity "BL" for which no system identifier could be generated
19	Bad value dc.type for attribute name on element meta: Keyword dc.type is not registered.
19	Bad value dc.coverage for attribute name on element meta: Keyword dc.coverage is not registered.
19	Bad value dc.format for attribute name on element meta: Keyword dc.format is not registered.
19	Element title not allowed as child of element div in this context. (Suppressing further errors from this subtree.)
19	end tag for "a..." omitted, but OMITTAG NO was specified
19	element "a..." undefined
19	Bad value DC.identifier for attribute name on element meta: Keyword dc.identifier is not registered.
19	Bad value gid_7_sid_234050003 for attribute rel on element a: Not an absolute IRI. The string gid_7_sid_234050003 is not a registered keyword or absolute URL.
19	reference to entity "_v" for which no system identifier could be generated
19	document type does not allow element "center" here
19	there is no attribute "BACKGROUND"
19	end tag for element "il" which is not open
19	general entity "section" not defined and no default entity
19	Element p not allowed as child of element b in this context. (Suppressing further errors from this subtree.)
19	general entity "_v" not defined and no default entity
19	Bad value msapplication-Tilerowor for attribute name on element meta: Keyword msapplication-tilerowor is not registered.
18	Duplicate ID submenu-diy.
18	Duplicate ID submenu-platform.
18	Bad value #overlay_actus for attribute rel on element a: Not an absolute IRI. The string #overlay_actus is not a registered keyword or absolute URL.
18	Duplicate ID submenu-wearables.
18	Duplicate ID submenu-green.
18	there is no attribute "FRAMEBORDER"
18	Attribute loop not allowed on element img at this point.
18	ID "direccion" already defined
18	there is no attribute "use"
18	Bad value respuesta for attribute rel on element a: Not an absolute IRI. The string respuesta is not a registered keyword or absolute URL.
18	"speech" is not a member of a group specified for any attribute
18	Duplicate ID post-.
18	Duplicate ID ajax.
18	Duplicate ID submenu-music.
18	Duplicate ID submenu-fun.
18	reference to entity "returnURL" for which no system identifier could be generated
18	Duplicate ID signin-bottom-left.
18	Duplicate ID signin-bottom.
18	Duplicate ID signin-top.
18	Duplicate ID signin-top-left.
18	Unclosed element em.
18	Duplicate ID signin-bottom-right.
18	Duplicate ID submenu-cameras.
18	Duplicate ID submenu-3d-printing.
18	Duplicate ID submenu-remote-control.
18	Bad value lightbox[gallery760133537756801657] for attribute rel on element a: Illegal character in path component. The string lightbox[gallery760133537756801657] is not a registered keyword or absolute URL.
18	ID "comment" already defined
18	Duplicate ID signin-top-right.
18	reference to entity "GiftMode" for which no system identifier could be generated
18	Stray start tag noscript.
18	reference to entity "zone" for which no system identifier could be generated
18	general entity "color" not defined and no default entity
18	Attribute group not allowed on element input at this point.
18	ID "15" already defined
18	ID "16" already defined
18	element "FORM" undefined
18	reference to entity "mini_cart" for which no system identifier could be generated
18	general entity "s2" not defined and no default entity
18	there is no attribute "vtype"
18	reference to entity "s2" for which no system identifier could be generated
18	general entity "di" not defined and no default entity
18	reference to entity "align" for which no system identifier could be generated
18	reference to entity "di" for which no system identifier could be generated
18	element "SELECT" undefined
18	Bad value 274px for attribute height on element iframe: Expected a digit but saw p instead.
18	Bad value Главная for attribute rel on element a: The string Главная is not a registered keyword or absolute URL.
18	Bad value Услуги предоставляемые компанией for attribute rel on element a: The string Услуги is not a registered keyword or absolute URL.
18	Duplicate ID nrelate_loader_script.
18	reference to entity "cate" for which no system identifier could be generated
18	Attribute rel not allowed on element pre at this point.
18	reference to entity "value" for which no system identifier could be generated
18	Bad value alternate nofollow for attribute rel on element link: The string nofollow is not a registered keyword or absolute URL.
18	end tag for element "textarea" which is not open
18	Element br not allowed as child of element dl in this context. (Suppressing further errors from this subtree.)
18	Bad value 637px for attribute width on element iframe: Expected a digit but saw p instead.
18	end tag for "center" omitted, but OMITTAG NO was specified
18	end tag for "embed" omitted, but OMITTAG NO was specified
18	duplicate specification of attribute "CLASS"
18	there is no attribute "onChange"
18	Duplicate ID portfolio_loop.
18	Element h3 not allowed as child of element span in this context. (Suppressing further errors from this subtree.)
18	value of attribute "type" cannot be "\"text\""; must be one of "text", "password", "checkbox", "radio", "submit", "reset", "file", "hidden", "image", "button"
18	Attribute maxlength not allowed on element input at this point.
18	reference to entity "cg" for which no system identifier could be generated
18	non SGML character number 137
18	reference to entity "pg" for which no system identifier could be generated
18	general entity "v_id" not defined and no default entity
18	"heading" is not a member of a group specified for any attribute
18	there is no attribute "topmargin"
18	The element h2 must not appear as a descendant of the dt element.
18	Duplicate ID botSushi.
17	there is no attribute "data-dnt"
17	Attribute new not allowed on element span at this point.
17	Bad value parsely-page for attribute name on XHTML element meta: Keyword parsely-page is not registered.
17	there is no attribute "ALT"
17	ID "cms-separate-line" already defined
17	Element h4 not allowed as child of element ul in this context. (Suppressing further errors from this subtree.)
17	general entity "x" not defined and no default entity
17	reference to entity "time" for which no system identifier could be generated
17	general entity "langId" not defined and no default entity
17	document type does not allow element "input" here; assuming missing "li" start-tag
17	"pre-wrap" is not a member of a group specified for any attribute
17	Attribute times not allowed on element span at this point.
17	"font-weight:" is not a member of a group specified for any attribute
17	there is no attribute "data-align"
17	Bad value lightbox[iframes] for attribute rel on element a: The string lightbox[iframes] is not a registered keyword or absolute URL.
17	XHTML element noscript not allowed as child of XHTML element meta in this context. (Suppressing further errors from this subtree.)
17	end tag for "select" which is not finished
17	Bad value noscript for attribute type on element a: Subtype missing.
17	Duplicate ID video.
17	reference to entity "module" for which no system identifier could be generated
17	The align attribute on the embed element is obsolete. Use CSS instead.
17	document type does not allow element "H1" here; missing one of "APPLET", "OBJECT", "MAP", "IFRAME", "BUTTON" start-tag
17	reference to entity "ibid" for which no system identifier could be generated
17	Attribute id declares a duplicate ID value productnav.
17	general entity "y" not defined and no default entity
17	ID "id_product_comment_send" already defined
17	Bad value category for attribute rel on element a: The string category is not a registered keyword or absolute URL.
17	ID "name" already defined
17	Unclosed element strong.
17	non SGML character number 150
17	document type does not allow element "select" here; missing one of "p", "h1", "h2", "h3", "h4", "h5", "h6", "div", "pre", "address", "fieldset", "ins", "del" start-tag
17	document type does not allow element "DD" here; assuming missing "DL" start-tag
17	reference to entity "URL" for which no system identifier could be generated
17	there is no attribute "data-author-key"
17	Bad value Cache-Control for attribute http-equiv on element meta.
17	ID "17" already defined
17	ID "box" already defined
17	general entity "name" not defined and no default entity
17	end tag for "INPUT" omitted, but OMITTAG NO was specified
17	reference to entity "add" for which no system identifier could be generated
17	"head" not finished but containing element ended
17	Bad value syndication-source for attribute name on XHTML element meta: Keyword syndication-source is not registered.
16	Attribute border not allowed on element input at this point.
16	reference to entity "menu" for which no system identifier could be generated
16	"visitors" is not a member of a group specified for any attribute
16	"solid" is not a member of a group specified for any attribute
16	end tag for "col" omitted, but OMITTAG NO was specified
16	reference to entity "uin" for which no system identifier could be generated
16	general entity "goto" not defined and no default entity
16	Duplicate ID osiFlash.
16	general entity "file" not defined and no default entity
16	Unclosed element form.
16	Duplicate ID begMainSectionLinks.
16	"counter" is not a member of a group specified for any attribute
16	Attribute to not allowed on element div at this point.
16	Attribute and not allowed on element meta at this point.
16	"Arial" is not a member of a group specified for any attribute
16	"13px" is not a member of a group specified for any attribute
16	Bad value 131px for attribute height on element img: Expected a digit but saw p instead.
16	document type does not allow element "div" here; assuming missing "body" start-tag
16	"background-color:" is not a member of a group specified for any attribute
16	Element style not allowed as child of element footer in this context. (Suppressing further errors from this subtree.)
16	Duplicate attribute property.
16	document type does not allow element "A" here
16	"color:" is not a member of a group specified for any attribute
16	ID "adImg" already defined
16	character "#" is not allowed in the value of attribute "rel"
16	general entity "login" not defined and no default entity
16	"transparent" is not a member of a group specified for any attribute
16	Bad value social-all for attribute rel on element a: The string social-all is not a registered keyword or absolute URL.
16	there is no attribute "_fcksavedurl"
16	Bad value wordpress for attribute rel on element a: The string wordpress is not a registered keyword or absolute URL.
16	Bad value social-twitter for attribute rel on element a: The string social-twitter is not a registered keyword or absolute URL.
16	Bad value social-facebook for attribute rel on element a: The string social-facebook is not a registered keyword or absolute URL.
16	reference to entity "output" for which no system identifier could be generated
16	ID "docs-internal-guid-429987fc-a4c7-d139-6d3d-a7fbba7680d2" already defined
16	value of attribute "selected" cannot be "1"; must be one of "selected"
16	Attribute height not allowed on element tr at this point.
16	Element h1 not allowed as child of element b in this context. (Suppressing further errors from this subtree.)
16	Duplicate attribute allowfullscreen.
16	Unclosed element article.
16	td start tag in table body.
16	there is no attribute "share_url"
16	reference to entity "currency" for which no system identifier could be generated
16	Bad value (device-width: 320px) and (-webkit-device-pixel-ratio: 2) for attribute media on element link: Expected a letter at start of a media feature part but saw - instead.
16	Bad value social-pingback for attribute rel on element a: The string social-pingback is not a registered keyword or absolute URL.
16	"vertical-align:" is not a member of a group specified for any attribute
16	Bad value country for attribute name on element meta: Keyword country is not registered.
16	"baseline" is not a member of a group specified for any attribute
16	"normal" is not a member of a group specified for any attribute
16	reference to entity "btn" for which no system identifier could be generated
16	Duplicate ID carro_header_negrita.
16	there is no attribute "LEFTMARGIN"
16	reference to entity "login" for which no system identifier could be generated
16	The acronym element is obsolete. Use the abbr element instead.
16	required character (found i) (expected =)
16	there is no attribute "data-cfemail"
16	"white-space:" is not a member of a group specified for any attribute
16	Bad value set[dino] for attribute rel on XHTML element a: The string set[dino] is not a registered keyword or absolute URL.
16	Attribute the not allowed on element meta at this point.
16	reference to entity "search" for which no system identifier could be generated
15	Bad value flickr for attribute rel on element a: The string flickr is not a registered keyword or absolute URL.
15	end tag for element "h5" which is not open
15	The align attribute on the iframe element is obsolete. Use CSS instead.
15	reference to entity "B" for which no system identifier could be generated
15	reference to entity "getCookie" for which no system identifier could be generated
15	value of attribute "ID" invalid: "1" cannot start a name
15	general entity "getCookie" not defined and no default entity
15	reference to entity "img" for which no system identifier could be generated
15	Extra content at the end of the document
15	Bad value ./?author=Yuhui LI for attribute href on element a: Whitespace in query component. Use %20 in place of spaces.
15	Attribute rel not allowed on element address at this point.
15	Attribute can’t not allowed on element div at this point.
15	reference to entity "src" for which no system identifier could be generated
15	The strike element is obsolete. Use CSS instead.
15	ID "more" already defined
15	Attribute av not allowed on element a at this point.
15	Attribute id declares a duplicate ID value wide_img.
15	end tag for "g.length" omitted, but OMITTAG NO was specified
15	Attribute teach not allowed on element div at this point.
15	End tag h1 seen, but there were open elements.
15	reference to entity "field-keywords" for which no system identifier could be generated
15	"pubdate" is not a member of a group specified for any attribute
15	general entity "btn" not defined and no default entity
15	reference to entity "skin" for which no system identifier could be generated
15	element "g.length" undefined
15	Attribute think"" not allowed on element div at this point.
15	document type does not allow element "h3" here; assuming missing "li" start-tag
15	ID "download_list" already defined
15	Duplicate attribute the.
15	general entity "rd" not defined and no default entity
15	reference to entity "rd" for which no system identifier could be generated
15	general entity "field-keywords" not defined and no default entity
15	End tag code violates nesting rules.
15	general entity "search-type" not defined and no default entity
15	reference to entity "search-type" for which no system identifier could be generated
15	Attribute how not allowed on element div at this point.
15	Attribute them not allowed on element div at this point.
15	The element header must not appear as a descendant of the header element.
15	character "," not allowed in attribute specification list
15	Element menu not allowed as child of element span in this context. (Suppressing further errors from this subtree.)
15	Bad value __bkframe for attribute name on element iframe: Browsing context name started with the underscore.
15	there is no attribute "menu"
15	element "H1" undefined
15	ID "filter_topics" already defined
15	reference to entity "gid" for which no system identifier could be generated
15	reference to entity "fc" for which no system identifier could be generated
15	general entity "skin" not defined and no default entity
15	Attribute we not allowed on element div at this point.
15	general entity "key" not defined and no default entity
15	Duplicate ID input-search-top-check-.
15	end tag for element "H3" which is not open
15	reference to entity "_listcontents_WAR_alfresco_packportlet_INSTANCE_3S0b_startPage" for which no system identifier could be generated
15	ID "title" already defined
15	there is no attribute "ONSELECTSTART"
15	there is no attribute "date"
15	end tag for "H3" omitted, but its declaration does not permit this
15	there is no attribute "ONDRAGSTART"
14	Bad value language for attribute http-equiv on element meta.
14	reference to entity "gclid" for which no system identifier could be generated
14	Bad value 45px for attribute height on element img: Expected a digit but saw p instead.
14	Duplicate attribute style.
14	Bad value heading for attribute role on element header.
14	Bad value 45px for attribute width on element img: Expected a digit but saw p instead.
14	"The" is not a member of a group specified for any attribute
14	document type does not allow element "LI" here
14	there is no attribute "method"
14	reference to entity "board_no" for which no system identifier could be generated
14	document type does not allow element "HEAD" here
14	element "WBR" undefined
14	Element h2 not allowed as child of element ol in this context. (Suppressing further errors from this subtree.)
14	end tag for "style" omitted, but OMITTAG NO was specified
14	Bad value set_1 for attribute rel on element a: Not an absolute IRI. The string set_1 is not a registered keyword or absolute URL.
14	document type does not allow element "img" here; assuming missing "li" start-tag
14	general entity "bid" not defined and no default entity
14	reference to entity "ct" for which no system identifier could be generated
14	reference to entity "search_app" for which no system identifier could be generated
14	there is no attribute "datetime"
14	Saw a form start tag, but there was already an active form element. Nested forms are not allowed. Ignoring the tag.
14	reference to entity "search_tags" for which no system identifier could be generated
14	reference to entity "content_id" for which no system identifier could be generated
14	Attribute monkey not allowed on element div at this point.
14	reference to entity "edFilter" for which no system identifier could be generated
14	Bad value 100% for attribute cols on element textarea: Expected a digit but saw % instead.
14	Duplicate ID id_email.
14	there is no attribute "data-image"
14	reference to entity "idrh" for which no system identifier could be generated
14	there is no attribute "ALLOWTRANSPARENCY"
14	Bad value gid_24_sid_1086863046 for attribute rel on element a: Not an absolute IRI. The string gid_24_sid_1086863046 is not a registered keyword or absolute URL.
14	Bad value gid_24_sid_1864693056 for attribute rel on element a: Not an absolute IRI. The string gid_24_sid_1864693056 is not a registered keyword or absolute URL.
14	reference to entity "Leisure" for which no system identifier could be generated
14	there is no attribute "BGCOLOR"
14	element "sc" undefined
14	Bad value google-translate-customization for attribute name on XHTML element meta: Keyword google-translate-customization is not registered.
14	Bad value 100% for attribute width on element object: Expected a digit but saw % instead.
14	ID "posttext" already defined
14	Bad value lightbox-1 for attribute rel on element a: The string lightbox-1 is not a registered keyword or absolute URL.
14	Bad value header for attribute role on element header.
14	Element div not allowed as child of element pre in this context. (Suppressing further errors from this subtree.)
14	Attribute in_rurl not allowed on element a at this point.
14	character "[" is not allowed in the value of attribute "id"
14	general entity "pid" not defined and no default entity
14	"sous" is not a member of a group specified for any attribute
14	Duplicate ID facilities.
14	ID "TERTIARY-NAV" already defined
14	element "NOINDEX" undefined
14	Attribute a not allowed on element meta at this point.
14	there is no attribute "data-settings"
14	The nowrap attribute on the td element is obsolete. Use CSS instead.
14	Element h8 not allowed as child of element div in this context. (Suppressing further errors from this subtree.)
13	character "+" is not allowed in the value of attribute "name"
13	Attribute enlace not allowed on element input at this point.
13	Bad value gid_15_sid_1086863046 for attribute rel on element a: Not an absolute IRI. The string gid_15_sid_1086863046 is not a registered keyword or absolute URL.
13	Bad value set_153 for attribute rel on element a: Not an absolute IRI. The string set_153 is not a registered keyword or absolute URL.
13	reference to entity "rid" for which no system identifier could be generated
13	reference to entity "byhref" for which no system identifier could be generated
13	reference to entity "autostart" for which no system identifier could be generated
13	Bad value edicion for attribute rel on element a: Not an absolute IRI. The string edicion is not a registered keyword or absolute URL.
13	general entity "do" not defined and no default entity
13	general entity "byhref" not defined and no default entity
13	Attribute city not allowed on element a at this point.
13	reference to entity "checkString" for which no system identifier could be generated
13	general entity "noborder" not defined and no default entity
13	general entity "isWeibo" not defined and no default entity
13	reference to entity "noborder" for which no system identifier could be generated
13	reference to entity "isWeibo" for which no system identifier could be generated
13	general entity "isFans" not defined and no default entity
13	general entity "verifier" not defined and no default entity
13	reference to entity "isFans" for which no system identifier could be generated
13	general entity "ct" not defined and no default entity
13	ID "popup17" already defined
13	general entity "speed" not defined and no default entity
13	ID "popup18" already defined
13	reference to entity "speed" for which no system identifier could be generated
13	Element wb:comments not allowed as child of element div in this context. (Suppressing further errors from this subtree.)
13	general entity "isTitle" not defined and no default entity
13	reference to entity "verifier" for which no system identifier could be generated
13	Duplicate ID token.
13	Attribute pagespeed_no_defer not allowed on element script at this point.
13	Attribute datatype not allowed on element span at this point.
13	ID "paragrafo-maisnoticia" already defined
13	there is no attribute "PLUGINSPAGE"
13	Duplicate attribute to.
13	Attribute to not allowed on element meta at this point.
13	general entity "output" not defined and no default entity
13	Element title not allowed as child of element head in this context. (Suppressing further errors from this subtree.)
13	there is no attribute "data-main"
13	Element fb:fan not allowed as child of element div in this context. (Suppressing further errors from this subtree.)
13	element "H4" undefined
13	ID "team" already defined
13	Duplicate ID phone.
13	reference to entity "isTitle" for which no system identifier could be generated
13	there is no attribute "product"
13	Element div not allowed as child of element dl in this context. (Suppressing further errors from this subtree.)
13	ID "popup20" already defined
13	general entity "sid" not defined and no default entity
13	reference to entity "ptype" for which no system identifier could be generated
13	Unclosed element blockquote.
13	ID "__mceDel" already defined
13	Bad character < after <. Probable cause: Unescaped <. Try escaping it as &lt;.
13	reference to entity "redirect_uri" for which no system identifier could be generated
13	The bgcolor attribute on the table element is obsolete. Use CSS instead.
13	general entity "fansRow" not defined and no default entity
13	general entity "ptype" not defined and no default entity
13	reference to entity "n" for which no system identifier could be generated
13	reference to entity "fansRow" for which no system identifier could be generated
13	Attribute for not allowed on element meta at this point.
13	ID "popup19" already defined
13	Duplicate attribute title.
12	general entity "formelement" not defined and no default entity
12	Attribute lbl not allowed on element a at this point.
12	ID "cse-search-box" already defined
12	Attribute name not allowed on element ul at this point.
12	Bad value gid_1_sid_1847050257 for attribute rel on element a: The string gid_1_sid_1847050257 is not a registered keyword or absolute URL. Not an absolute IRI.
12	reference to entity "formelement" for which no system identifier could be generated
12	Bad value set_154 for attribute rel on element a: Not an absolute IRI. The string set_154 is not a registered keyword or absolute URL.
12	Element link is missing one or more of the following attributes: itemprop, rel.
12	general entity "contenttype" not defined and no default entity
12	The rev attribute on the link element is obsolete. Use the rel attribute instead, with a term having the opposite meaning.
12	reference to entity "contextcode" for which no system identifier could be generated
12	end tag for element "B" which is not open
12	reference to entity "contexttype" for which no system identifier could be generated
12	Bad value  for attribute id on element ul: An ID must not be the empty string.
12	Bad value pinterest for attribute name on element meta: Keyword pinterest is not registered.
12	Attribute onwebkitspeechchange not allowed on element input at this point.
12	general entity "fc" not defined and no default entity
12	document type does not allow element "param" here; missing one of "object", "applet" start-tag
12	reference to entity "getCookie2" for which no system identifier could be generated
12	Duplicate ID wpcr_respond_1.
12	end tag for "LEGEND" omitted, but its declaration does not permit this
12	start tag for "LEGEND" omitted, but its declaration does not permit this
12	Bad value 190px for attribute width on element img: Expected a digit but saw p instead.
12	Bad value 175px for attribute width on element img: Expected a digit but saw p instead.
12	Bad value box-group for attribute rel on element a: The string box-group is not a registered keyword or absolute URL.
12	there is no attribute "data-playerid"
12	there is no attribute "SCROLLING"
12	Stray start tag div.
12	document type does not allow element "form" here; assuming missing "li" start-tag
12	Attribute zignore not allowed on element script at this point.
12	there is no attribute "data-img"
12	ID "valor-1-1" already defined
12	Bad value gallery-687 for attribute rel on element a: The string gallery-687 is not a registered keyword or absolute URL.
12	Duplicate attribute &gt;&lt;meta.
12	Bad value DC.Creator for attribute name on element meta: Keyword dc.creator is not registered.
12	"time" is not a member of a group specified for any attribute
12	Bad value gallery-689 for attribute rel on element a: The string gallery-689 is not a registered keyword or absolute URL.
12	document type does not allow element "table" here; missing one of "th", "td" start-tag
12	Bad value gallery-690 for attribute rel on element a: The string gallery-690 is not a registered keyword or absolute URL.
12	Stray end tag form.
12	reference to entity "nrefreshx" for which no system identifier could be generated
12	general entity "img" not defined and no default entity
12	general entity "border" not defined and no default entity
12	reference to entity "campid" for which no system identifier could be generated
12	document type does not allow element "NOSCRIPT" here; missing one of "APPLET", "OBJECT", "MAP", "IFRAME", "BUTTON" start-tag
12	Element p not allowed as child of element hgroup in this context. (Suppressing further errors from this subtree.)
12	reference to entity "type_id" for which no system identifier could be generated
12	Bad value kursangebote for attribute rel on element a: Not an absolute IRI. The string kursangebote is not a registered keyword or absolute URL.
12	"the" is not a member of a group specified for any attribute
12	document type does not allow element "i" here; missing one of "p", "h1", "h2", "h3", "h4", "h5", "h6", "div", "pre", "address", "fieldset", "ins", "del" start-tag
12	element "source" undefined
12	Attribute in not allowed on element meta at this point.
12	general entity "gid" not defined and no default entity
12	reference to entity "php_source" for which no system identifier could be generated
12	reference to entity "stage_height" for which no system identifier could be generated
12	reference to entity "dn" for which no system identifier could be generated
12	Stray start tag td.
12	reference to entity "license" for which no system identifier could be generated
12	Duplicate ID internal-source-marker_0.45018667122349143.
12	Attribute of not allowed on element meta at this point.
12	there is no attribute "swLiveConnect"
12	Bad start tag in img in head.
12	reference to entity "stage_width" for which no system identifier could be generated
12	Bad value 184px for attribute width on element img: Expected a digit but saw p instead.
12	end tag for "l" omitted, but OMITTAG NO was specified
12	Bad value \\\"text/javascript\\\" for attribute type on element script: Expected a token character but saw \ instead.
12	there is no attribute "url"
12	element "l" undefined
12	end tag for element "FORM" which is not open
12	Element h5 not allowed as child of element span in this context. (Suppressing further errors from this subtree.)
12	ID "valor-2-2" already defined
12	Bad value Bookmark for attribute rel on element link: Not an absolute IRI. The string bookmark is not a registered keyword or absolute URL.
12	end tag for element "html" which is not open
12	general entity "URL" not defined and no default entity
12	Duplicate ID begMainSectionHorizontalDivider.
12	element "v:f" undefined
12	reference to entity "category_id" for which no system identifier could be generated
12	Unclosed element code.
12	Bad value gbk for attribute charset on element script: gbk is not a valid character encoding name.
12	reference to entity "keyword" for which no system identifier could be generated
12	there is no attribute "data-related"
12	there is no attribute "defaultvalue"
12	Bad value 200px for attribute width on element img: Expected a digit but saw p instead.
12	character "+" not allowed in attribute specification list
12	document type does not allow element "b" here; assuming missing "li" start-tag
12	general entity "guid" not defined and no default entity
12	reference to entity "guid" for which no system identifier could be generated
12	Attribute microscope-data not allowed on element div at this point.
12	"S" is not a member of a group specified for any attribute
12	reference to entity "showinfo" for which no system identifier could be generated
12	general entity "showinfo" not defined and no default entity
12	ID "post-0" already defined
12	ID "campaign004-2091" already defined
12	Attribute needlogin not allowed on element span at this point.
12	document type does not allow element "H3" here; missing one of "APPLET", "OBJECT", "MAP", "IFRAME", "BUTTON" start-tag
12	ID "password" already defined
12	character "%" is not allowed in the value of attribute "id"
12	Bad value true for attribute autofocus on element input.
12	value of attribute "align" cannot be "none"; must be one of "top", "middle", "bottom", "left", "right"
12	ID "imore" already defined
12	ID "isign" already defined
12	ID "inhalt_header" already defined
12	there is no attribute "data-counturl"
12	ID "dynaplaynow" already defined
12	Element input not allowed as child of element ul in this context. (Suppressing further errors from this subtree.)
12	"2px" is not a member of a group specified for any attribute
11	end tag for "tbody" omitted, but OMITTAG NO was specified
11	document type does not allow element "h2" here; assuming missing "li" start-tag
11	Bad value 100% for attribute height on element iframe: Expected a digit but saw % instead.
11	element "gcse:searchbox-only" undefined
11	reference to entity "D" for which no system identifier could be generated
11	document type does not allow element "TITLE" here
11	Forbidden code point U+0090.
11	general entity "redirect_uri" not defined and no default entity
11	Bad value identifier-url for attribute name on element meta: Keyword identifier-url is not registered.
11	Attribute xmlns:dc not allowed here.
11	general entity "eid" not defined and no default entity
11	reference to entity "fmt" for which no system identifier could be generated
11	ID "cont_split1" already defined
11	element "strike" undefined
11	Attribute } not allowed on element span at this point.
11	there is no attribute "TITLE"
11	ID "web_right" already defined
11	general entity "glb.menu.deferAssets" not defined and no default entity
11	general entity "glb.menu" not defined and no default entity
11	general entity "loop" not defined and no default entity
11	there is no attribute "colspan"
11	Bad value //googleads.g.doubleclick.net/pagead/viewthroughconversion/1024448116/?value=0&label=KY1O
CKz58AIQ9Ky_6AM&guid=ON&script=0 for attribute src on element img: Control character in query component.
11	general entity "fmt" not defined and no default entity
11	general entity "ifr" not defined and no default entity
11	ID "TopNavDept" already defined
11	Duplicate ID post-0-0.
11	Bad value http://stat3.cybermonitor.com/inrocks_v?R=[article];&S=total;[MUSIQUE] for attribute src on element img: Illegal character in query component.
11	reference to entity "item" for which no system identifier could be generated
11	ID "menuz" already defined
11	ID "PAGEPOSITION" already defined
11	reference to entity "playlist" for which no system identifier could be generated
11	ID "contentLoginForm" already defined
11	Attribute i not allowed on element meta at this point.
11	Bad value resource-type for attribute name on element meta: Keyword resource-type is not registered.
11	ID "username" already defined
11	"0" is not a member of a group specified for any attribute
11	general entity "catalogId" not defined and no default entity
11	Duplicate ID game-identity.
11	Attribute with not allowed on element meta at this point.
11	general entity "YOU" not defined and no default entity
11	Duplicate ID contact.
11	ID "facebook-jssdk" already defined
11	Bad value DC.Description for attribute name on element meta: Keyword dc.description is not registered.
11	there is no attribute "DATA-NUM-POSTS"
11	Bad value prettyPhoto for attribute rel on element a: The string prettyphoto is not a registered keyword or absolute URL.
11	Attribute is not allowed on element meta at this point.
11	Bad value DC.Subject for attribute name on element meta: Keyword dc.subject is not registered.
11	ID "twitter-wjs" already defined
11	Bad value DC.Rights for attribute name on element meta: Keyword dc.rights is not registered.
11	Duplicate attribute a.
11	Duplicate ID watch-description-text.
11	end tag for "ol" which is not finished
11	there is no attribute "onclick"
11	Duplicate ID mNSC.
11	there is no attribute "data-valmsg-for"
11	there is no attribute "data-valmsg-replace"
11	there is no attribute "XMLNS:OG"
11	end tag for element "SC" which is not open
11	there is no attribute "data-val-required"
11	there is no attribute "data-val"
11	Bad value  for attribute target on element area: Browsing context name must be at least one character long.
11	reference to entity "bsref" for which no system identifier could be generated
11	Bad value 52px for attribute height on element img: Expected a digit but saw p instead.
11	reference to entity "pt" for which no system identifier could be generated
11	document type does not allow element "H2" here; missing one of "OBJECT", "MAP", "BUTTON" start-tag
11	Attribute http: not allowed on element a at this point.
11	End tag strong violates nesting rules.
11	there is no attribute "file"
11	Bad value prettyPhoto[pp_gal] for attribute rel on element a: The string prettyphoto[pp_gal] is not a registered keyword or absolute URL.
11	Bad value GOOGLE-ANALYTICS-ID for attribute name on element meta: Keyword google-analytics-id is not registered.
11	ID "autoAuth" already defined
11	general entity "controls" not defined and no default entity
11	reference to entity "controls" for which no system identifier could be generated
11	The first child option element of a select element with a required attribute and without a multiple attribute, and whose size is 1, must have either an empty value attribute, or must have no text content.
11	there is no attribute "onsubmit"
11	Attribute xtcz not allowed on element div at this point.
11	The element input must not appear as a descendant of the a element.
11	there is no attribute "scrollAmount"
11	value of attribute "checked" cannot be ""; must be one of "checked"
11	value of attribute "align" cannot be "center"; must be one of "top", "middle", "bottom", "left", "right"
11	reference to entity "catalog_id" for which no system identifier could be generated
11	The element h2 must not appear as a descendant of the address element.
11	Unclosed element b.
11	non SGML character number 146
11	end tag for element "fieldset" which is not open
11	reference to entity "apiKey" for which no system identifier could be generated
11	reference to entity "discountSKU" for which no system identifier could be generated
11	there is no attribute "onMouseover"
11	general entity "apiKey" not defined and no default entity
11	reference to entity "lid" for which no system identifier could be generated
11	there is no attribute "stype"
11	reference to entity "auto" for which no system identifier could be generated
11	general entity "lid" not defined and no default entity
11	general entity "auto" not defined and no default entity
11	there is no attribute "leftmargin"
11	reference to entity "markreadhash" for which no system identifier could be generated
11	there is no attribute "data-format"
11	general entity "cg" not defined and no default entity
11	Bad value noindex,nofollow for attribute rel on element a: Not an absolute IRI. The string noindex,nofollow is not a registered keyword or absolute URL.
11	reference to entity "cb" for which no system identifier could be generated
11	there is no attribute "uid"
11	Element hr not allowed as child of element span in this context. (Suppressing further errors from this subtree.)
11	there is no attribute "QUALITY"
11	Duplicate ID mNCC.
11	general entity "markreadhash" not defined and no default entity
10	reference to entity "segs" for which no system identifier could be generated
10	end tag for "types.length" omitted, but OMITTAG NO was specified
10	Bad value edition for attribute name on element meta: Keyword edition is not registered.
10	general entity "pt" not defined and no default entity
10	XHTML element span not allowed as child of XHTML element ul in this context. (Suppressing further errors from this subtree.)
10	general entity "b_csi" not defined and no default entity
10	reference to entity "b_csi" for which no system identifier could be generated
10	general entity "bci" not defined and no default entity
10	reference to entity "bci" for which no system identifier could be generated
10	there is no attribute "DATA-YASHAREQUICKSERVICES"
10	ID "bloque_mascotas" already defined
10	No font element in scope but a font end tag seen.
10	reference to entity "ccos" for which no system identifier could be generated
10	Attribute x-webkit-grammar not allowed on element input at this point.
10	general entity "env" not defined and no default entity
10	general entity "T" not defined and no default entity
10	"tr" not finished but containing element ended
10	general entity "ccos" not defined and no default entity
10	Duplicate ID cart-buttons.
10	reference to entity "cces" for which no system identifier could be generated
10	there is no attribute "original"
10	general entity "cces" not defined and no default entity
10	general entity "ccis" not defined and no default entity
10	reference to entity "ccis" for which no system identifier could be generated
10	end tag for element "input" which is not open
10	Bad value sub_title for attribute name on element meta: Keyword sub_title is not registered.
10	Duplicate ID blank_enter_name.
10	Bad value 33.75 for attribute height on element img: Expected a digit but saw . instead.
10	ID "actividad_caja" already defined
10	reference to entity "rit_css" for which no system identifier could be generated
10	end tag for element "small" which is not open
10	"asset.url" is not a member of a group specified for any attribute
10	"whitepaper" is not a member of a group specified for any attribute
10	end tag for "FORM" omitted, but its declaration does not permit this
10	Bad value navigation grid_12 for attribute id on element ul: An ID must not contain whitespace.
10	Duplicate ID button_order_cart.
10	Bad value cover_story for attribute name on element meta: Keyword cover_story is not registered.
10	Unclosed element hgroup.
10	element "x.length" undefined
10	general entity "Submit" not defined and no default entity
10	general entity "script" not defined and no default entity
10	Bad value key for attribute name on element meta: Keyword key is not registered.
10	reference to entity "nttfb" for which no system identifier could be generated
10	Bad value idiom_product for attribute name on element meta: Keyword idiom_product is not registered.
10	element "types.length" undefined
10	general entity "rit_css" not defined and no default entity
10	reference to entity "script" for which no system identifier could be generated
10	Bad value number_of_pages for attribute name on element meta: Keyword number_of_pages is not registered.
10	Bad value synopsis for attribute name on element meta: Keyword synopsis is not registered.
10	Attribute none not allowed on element a at this point.
10	ID "actividad_titulo-central" already defined
10	general entity "cd" not defined and no default entity
10	reference to entity "cd" for which no system identifier could be generated
10	Bad value supplier for attribute name on element meta: Keyword supplier is not registered.
10	end tag for "HEAD" which is not finished
10	Bad value 728px for attribute width on element iframe: Expected a digit but saw p instead.
10	there is no attribute "DATA-YASHARETYPE"
10	element "d.length" undefined
10	reference to entity "e.performance.webkitGetEntries" for which no system identifier could be generated
10	general entity "e.performance.webkitGetEntries" not defined and no default entity
10	Bad value 90px for attribute height on element iframe: Expected a digit but saw p instead.
10	Bad value year_of_publication for attribute name on element meta: Keyword year_of_publication is not registered.
10	general entity "rit_link" not defined and no default entity
10	Bad value reply-to for attribute http-equiv on element meta.
10	reference to entity "rit_img" for which no system identifier could be generated
10	general entity "rit_img" not defined and no default entity
10	Attribute target not allowed on element div at this point.
10	reference to entity "rit_link" for which no system identifier could be generated
10	ID "actividad_cont" already defined
10	reference to entity "rit_script" for which no system identifier could be generated
10	general entity "rit_script" not defined and no default entity
10	ID "subscribe-blog" already defined
10	ID "cancel-comment-reply-link" already defined
10	"battle" is not a member of a group specified for any attribute
10	ID "cart-buttons" already defined
10	ID "cart_block_total" already defined
10	ID "cart_block_shipping_cost" already defined
10	reference to entity "cc" for which no system identifier could be generated
10	"Tetuán" is not a member of a group specified for any attribute
10	general entity "si" not defined and no default entity
10	general entity "func" not defined and no default entity
10	ID "button_order_cart" already defined
10	Attribute adds not allowed on element a at this point.
10	ID "cart-prices" already defined
10	ID "cart_block_summary" already defined
10	general entity "ts" not defined and no default entity
10	Attribute role not allowed on XHTML element hgroup at this point.
10	ID "cart_block_list" already defined
10	Bad value ### for attribute href on element a: Illegal character in fragment component.
10	ID "cart_block_no_products" already defined
10	reference to entity "rp" for which no system identifier could be generated
10	general entity "cc" not defined and no default entity
10	reference to entity "func" for which no system identifier could be generated
10	"data-rt-menu-mobile" is not a member of a group specified for any attribute
10	reference to entity "amount" for which no system identifier could be generated
10	Attribute default-value not allowed on element textarea at this point.
10	Bad value gallery-686 for attribute rel on element a: The string gallery-686 is not a registered keyword or absolute URL.
10	reference to entity "showposts" for which no system identifier could be generated
10	general entity "in_reply_to" not defined and no default entity
10	general entity "playlist" not defined and no default entity
10	general entity "rp" not defined and no default entity
10	general entity "ccrl" not defined and no default entity
10	general entity "in_reply_to_status_id" not defined and no default entity
10	general entity "showposts" not defined and no default entity
10	reference to entity "starteronly" for which no system identifier could be generated
10	general entity "userid" not defined and no default entity
10	Duplicate attribute with.
10	reference to entity "si" for which no system identifier could be generated
10	Bad value 5862 for attribute rel on element a: Not an absolute IRI. The string 5862 is not a registered keyword or absolute URL.
10	"by" is not a member of a group specified for any attribute
10	general entity "amount" not defined and no default entity
10	element "s-tyle" undefined
10	general entity "starteronly" not defined and no default entity
10	ID "block_cart_collapse" already defined
10	ID "block_cart_expand" already defined
10	there is no attribute "data-app-id"
10	reference to entity "layt" for which no system identifier could be generated
10	there is no attribute "data-linktarget"
10	there is no attribute "data-recommendations"
10	Duplicate ID site-search.
10	Duplicate ID cart_block_shipping_cost.
10	there is no attribute "pi:pinit:layout"
10	there is no attribute "pi:pinit:description"
10	general entity "alt" not defined and no default entity
10	reference to entity "element" for which no system identifier could be generated
10	ID "respond" already defined
10	general entity "topic" not defined and no default entity
10	general entity "layt" not defined and no default entity
10	Duplicate ID cart_block_total.
10	duplicate specification of attribute "xmlns:fb"
10	reference to entity "topic" for which no system identifier could be generated
10	Bad value available_at for attribute name on element meta: Keyword available_at is not registered.
10	end tag for "code" omitted, but OMITTAG NO was specified
10	general entity "element" not defined and no default entity
10	character "'" is not allowed in the value of attribute "id"
10	general entity "segs" not defined and no default entity
10	Bad value twitter:site:id for attribute name on element meta: Keyword twitter:site:id is not registered.
10	Bad value blog for attribute rel on element a: Not an absolute IRI. The string blog is not a registered keyword or absolute URL.
10	reference to entity "ts" for which no system identifier could be generated
10	Bad value up for attribute rel on element link: The string up is not a registered keyword or absolute URL.
10	Bad value page for attribute rel on element a: Not an absolute IRI. The string page is not a registered keyword or absolute URL.
10	Duplicate ID cart_block_no_products.
10	ID "cart_block" already defined
10	Duplicate ID cart_block_list.
10	Bad value 990px for attribute width on element img: Expected a digit but saw p instead.
10	Attribute border-style: not allowed on element a at this point.
10	character "?" not allowed in attribute specification list
10	Attribute width not allowed on element script at this point.
10	there is no attribute "tw:via"
10	Bad value mailto:?subject=re:интересный сайт по ипотеке for attribute href on element a: Whitespace in query component. Use %20 in place of spaces.
10	reference to entity "cdp" for which no system identifier could be generated
10	there is no attribute "addthis:description"
10	Attribute text not allowed on element script at this point.
10	Bad value 2 for attribute rel on element a: Not an absolute IRI. The string 2 is not a registered keyword or absolute URL.
10	Bad value 1 for attribute rel on element a: Not an absolute IRI. The string 1 is not a registered keyword or absolute URL.
10	there is no attribute "DATA-YASHAREL10N"
10	there is no attribute "data-disqus-identifier"
10	Stray end tag abbr.
10	there is no attribute "DATA-VIA"
10	general entity "menuKey" not defined and no default entity
10	there is no attribute "DATA-COUNT"
10	general entity "cmsId" not defined and no default entity
10	Element style not allowed as child of element li in this context. (Suppressing further errors from this subtree.)
10	Bad value hutint-mega-nav-electricals-background-image for attribute rel on element a: The string hutint-mega-nav-electricals-background-image is not a registered keyword or absolute URL.
10	reference to entity "cmsId" for which no system identifier could be generated
10	Bad value hutint-mega-nav-blu-ray-background-image for attribute rel on element a: The string hutint-mega-nav-blu-ray-background-image is not a registered keyword or absolute URL.
10	general entity "_r" not defined and no default entity
10	general entity "doResetFlow" not defined and no default entity
10	Bad value sidebar for attribute role on element aside.
10	general entity "kfuin" not defined and no default entity
10	reference to entity "k.removeChild" for which no system identifier could be generated
10	ID "plist" already defined
10	general entity "k.insertBefore" not defined and no default entity
10	Bad value hutint-mega-nav-dvd-background-image for attribute rel on element a: The string hutint-mega-nav-dvd-background-image is not a registered keyword or absolute URL.
10	Attribute speech not allowed on element input at this point.
10	reference to entity "kfuin" for which no system identifier could be generated
10	reference to entity "k.insertBefore" for which no system identifier could be generated
10	there is no attribute "DATA-TITLE"
10	Bad value hutint-mega-nav-gifts-background-image for attribute rel on element a: The string hutint-mega-nav-gifts-background-image is not a registered keyword or absolute URL.
10	general entity "discountSKU" not defined and no default entity
10	reference to entity "k.call" for which no system identifier could be generated
10	general entity "k.call" not defined and no default entity
10	reference to entity "b.e" for which no system identifier could be generated
10	general entity "dept" not defined and no default entity
10	there is no attribute "pagespeed_lazy_src"
10	end tag for element "head" which is not open
10	general entity "phoneSKU" not defined and no default entity
10	"Monica" is not a member of a group specified for any attribute
10	general entity "b.e" not defined and no default entity
10	reference to entity "this.l" for which no system identifier could be generated
10	Duplicate ID message2.
10	element "Div" undefined
10	Unclosed element noscript.
10	Bad value hutint-mega-nav-beauty-background-image for attribute rel on element a: The string hutint-mega-nav-beauty-background-image is not a registered keyword or absolute URL.
10	End tag form seen, but there were open elements.
10	general entity "this.l" not defined and no default entity
10	Bad value  for attribute target on XHTML element a: Browsing context name must be at least one character long.
10	ID "COPYRIGHT" already defined
10	Bad value 1 for attribute aria-required on element input.
10	Bad value foottext for attribute role on element footer.
10	reference to entity "CMD" for which no system identifier could be generated
10	reference to entity "uids" for which no system identifier could be generated
10	Bad value hutint-mega-nav-men-background-image for attribute rel on element a: The string hutint-mega-nav-men-background-image is not a registered keyword or absolute URL.
10	Bad value hutint-mega-nav-women-background-image for attribute rel on element a: The string hutint-mega-nav-women-background-image is not a registered keyword or absolute URL.
10	Bad value main for attribute role on element header.
10	general entity "wide" not defined and no default entity
10	reference to entity "COUNTRY" for which no system identifier could be generated
10	reference to entity "wide" for which no system identifier could be generated
10	reference to entity "LANGUAGE" for which no system identifier could be generated
10	reference to entity "PARTITION_ID" for which no system identifier could be generated
10	general entity "uids" not defined and no default entity
10	there is no attribute "primary"
10	Saw ' when expecting an attribute name. Probable cause: = missing immediately before.
10	Attribute ' not allowed on element a at this point.
10	Bad value hutint-mega-nav-children-background-image for attribute rel on element a: The string hutint-mega-nav-children-background-image is not a registered keyword or absolute URL.
10	end tag for "TABLE" which is not finished
10	general entity "goodieId" not defined and no default entity
10	general entity "scope" not defined and no default entity
10	Attribute " not allowed on element br at this point.
10	reference to entity "scope" for which no system identifier could be generated
10	general entity "showtitle" not defined and no default entity
10	reference to entity "showtitle" for which no system identifier could be generated
10	general entity "a.style" not defined and no default entity
10	Bad value hutint-mega-nav-games-background-image for attribute rel on element a: The string hutint-mega-nav-games-background-image is not a registered keyword or absolute URL.
10	reference to entity "verified" for which no system identifier could be generated
10	Bad value cf87f4771542582b6153839373acfc64 for attribute rel on element a: Not an absolute IRI. The string cf87f4771542582b6153839373acfc64 is not a registered keyword or absolute URL.
10	reference to entity "a.style" for which no system identifier could be generated
10	general entity "a.src.indexOf" not defined and no default entity
10	general entity "k.removeChild" not defined and no default entity
10	ID "bdshare" already defined
10	reference to entity "a.src.indexOf" for which no system identifier could be generated
10	reference to entity "DISPLAY" for which no system identifier could be generated
10	general entity "verified" not defined and no default entity
10	ID "MIO" already defined
10	there is no attribute "pagespeed_no_defer"
10	general entity "propositionId" not defined and no default entity
10	general entity "sense" not defined and no default entity
10	general entity "f.defaultView.getComputedStyle" not defined and no default entity
10	reference to entity "f.defaultView.getComputedStyle" for which no system identifier could be generated
10	reference to entity "sense" for which no system identifier could be generated
10	reference to entity "TOPIC_ID" for which no system identifier could be generated
10	Bad value hutint-mega-nav-grooming-background-image for attribute rel on element a: The string hutint-mega-nav-grooming-background-image is not a registered keyword or absolute URL.
10	general entity "abt" not defined and no default entity
10	general entity "decodeURIComponent" not defined and no default entity
10	reference to entity "label" for which no system identifier could be generated
10	there is no attribute "data-version"
10	"width:300px" is not a member of a group specified for any attribute
10	element "sdfield" undefined
10	Bad value 600px for attribute height on element img: Expected a digit but saw p instead.
10	Bad value format_for_sale for attribute name on element meta: Keyword format_for_sale is not registered.
10	reference to entity "decodeURIComponent" for which no system identifier could be generated
10	document type does not allow element "table" here
10	general entity "label" not defined and no default entity
10	Duplicate ID yw5.
10	general entity "ga" not defined and no default entity
10	Bad value revisit_after for attribute name on element meta: Keyword revisit_after is not registered.
10	Attribute align not allowed on element ul at this point.
10	Bad value 600px for attribute width on element img: Expected a digit but saw p instead.
10	Duplicate ID Map.
10	document type does not allow element "tbody" here
10	"height:150px" is not a member of a group specified for any attribute
10	Duplicate ID yw6.
10	Bad value tags for attribute name on element meta: Keyword tags is not registered.
10	Bad value authors for attribute name on element meta: Keyword authors is not registered.
10	Duplicate ID blank_callname.
10	there is no attribute "data-showzero"
10	general entity "nttfb" not defined and no default entity
10	reference to entity "nfd" for which no system identifier could be generated
10	general entity "nfd" not defined and no default entity
10	general entity "ai" not defined and no default entity
10	Bad value isbn for attribute name on element meta: Keyword isbn is not registered.
10	Bad value publication_date for attribute name on element meta: Keyword publication_date is not registered.
10	Bad value site_launch_date for attribute name on element meta: Keyword site_launch_date is not registered.
10	Bad value cover_date for attribute name on element meta: Keyword cover_date is not registered.
10	Duplicate ID Icon.
10	reference to entity "ndt" for which no system identifier could be generated
10	end tag for "split_url.length" omitted, but OMITTAG NO was specified
10	Bad value price for attribute name on element meta: Keyword price is not registered.
10	element "split_url.length" undefined
10	reference to entity "nct" for which no system identifier could be generated
10	general entity "ndt" not defined and no default entity
10	general entity "lpos" not defined and no default entity
10	general entity "sub_id" not defined and no default entity
10	there is no attribute "data-slide"
10	Bad value interests for attribute name on element meta: Keyword interests is not registered.
10	Bad value javascript:void(); for attribute href on element a: syntax error
10	general entity "cid" not defined and no default entity
10	reference to entity "act" for which no system identifier could be generated
10	there is no attribute "num_recommendations"
10	Bad value subscribe-rss for attribute rel on element a: Not an absolute IRI. The string subscribe-rss is not a registered keyword or absolute URL.
10	there is no attribute "data-read-time"
10	The align attribute on the th element is obsolete. Use CSS instead.
10	general entity "afd" not defined and no default entity
10	reference to entity "adt" for which no system identifier could be generated
10	general entity "adt" not defined and no default entity
10	reference to entity "sub_id" for which no system identifier could be generated
10	Forbidden code point U+008f.
10	ID "campaign004-2633" already defined
10	ID "campaign004-8224" already defined
10	there is no attribute "about"
10	reference to entity "abt" for which no system identifier could be generated
10	general entity "act" not defined and no default entity
10	Bad value footer for attribute role on element footer.
10	there is no attribute "data-trigger"
10	reference to entity "page_position" for which no system identifier could be generated
10	Bad value #formats-popover-content for attribute rel on element a: Not an absolute IRI. The string #formats-popover-content is not a registered keyword or absolute URL.
10	reference to entity "afd" for which no system identifier could be generated
10	reference to entity "nbt" for which no system identifier could be generated
10	Bad value conent for attribute role on element div.
10	general entity "cdp" not defined and no default entity
10	general entity "nbt" not defined and no default entity
10	"head" not finished but document ended
10	general entity "nct" not defined and no default entity
10	Stray end tag i.
10	reference to entity "gameId" for which no system identifier could be generated
10	Bad value hutint-mega-nav-health-background-image for attribute rel on element a: The string hutint-mega-nav-health-background-image is not a registered keyword or absolute URL.
10	reference to entity "mfd" for which no system identifier could be generated
10	Bad value preview for attribute name on element meta: Keyword preview is not registered.
10	reference to entity "attfb" for which no system identifier could be generated
10	document type does not allow element "option" here; assuming missing "select" start-tag
10	general entity "attfb" not defined and no default entity
10	Attribute width not allowed on element select at this point.
10	reference to undeclared general entity Iacute
10	Bad value kind for attribute name on element meta: Keyword kind is not registered.
10	general entity "mfd" not defined and no default entity
10	Duplicate ID user_login.
10	reference to entity "ai" for which no system identifier could be generated
10	there is no attribute "pi:pinit:url"
10	reference to entity "htmlAt" for which no system identifier could be generated
10	ID "videos" already defined
10	general entity "htmlAt" not defined and no default entity
10	Attribute Мираф not allowed on element img at this point.
10	general entity "nav" not defined and no default entity
10	end tag for "HTML" which is not finished
10	reference to entity "s_ttfb" for which no system identifier could be generated
10	reference to entity "nav" for which no system identifier could be generated
10	reference to entity "fp" for which no system identifier could be generated
10	"HEAD" not finished but containing element ended
10	reference to entity "linkedinbutton" for which no system identifier could be generated
10	reference to entity "q.data.total" for which no system identifier could be generated
10	general entity "fp" not defined and no default entity
10	reference to entity "ps_t" for which no system identifier could be generated
10	ID "up_notice_close" already defined
10	ID "fotos" already defined
10	element "t.length" undefined
10	Attribute Нордеа not allowed on element img at this point.
10	general entity "nrp" not defined and no default entity
10	general entity "appID" not defined and no default entity
10	Duplicate ID black.
10	Element link is missing one or more of the following attributes: itemprop, property, rel.
10	Duplicate ID red.
10	there is no attribute "data-mce-href"
10	element "x" undefined
10	Attribute Райффайзенбанк"" not allowed on element img at this point.
10	reference to entity "offline-link-html" for which no system identifier could be generated
10	Attribute Пушкино"" not allowed on element img at this point.
10	general entity "offline-link-html" not defined and no default entity
10	general entity "nt" not defined and no default entity
10	reference to entity "nrp" for which no system identifier could be generated
10	Stray end tag body.
10	general entity "q.data.total" not defined and no default entity
10	element "fb:fan" undefined
10	Attribute Промсвязьбанк"" not allowed on element img at this point.
10	end tag for "d.length" omitted, but OMITTAG NO was specified
10	general entity "linkedinbutton" not defined and no default entity
10	reference to entity "twctr" for which no system identifier could be generated
10	general entity "twitterlang" not defined and no default entity
10	reference to entity "fbsctr" for which no system identifier could be generated
10	general entity "fbsctr" not defined and no default entity
10	Bad value 567 for attribute rel on element a: Not an absolute IRI. The string 567 is not a registered keyword or absolute URL.
10	reference to entity "twitterlang" for which no system identifier could be generated
10	end tag for "t" omitted, but OMITTAG NO was specified
10	general entity "dom_c" not defined and no default entity
10	there is no attribute "xiti_title"
10	reference to entity "fbllang" for which no system identifier could be generated
10	general entity "fbllang" not defined and no default entity
10	general entity "fblname" not defined and no default entity
10	general entity "urlRetour" not defined and no default entity
10	Duplicate ID cart_block.
10	reference to entity "urlRetour" for which no system identifier could be generated
10	reference to entity "fblname" for which no system identifier could be generated
10	reference to entity "fblref" for which no system identifier could be generated
10	general entity "fblref" not defined and no default entity
10	reference to entity "dom_c" for which no system identifier could be generated
10	general entity "twittermention" not defined and no default entity
10	reference to entity "r.data" for which no system identifier could be generated
10	reference to entity "twitterrelated1" for which no system identifier could be generated
10	general entity "r.data.lasttime" not defined and no default entity
10	general entity "twitterrelated2" not defined and no default entity
10	reference to entity "twitterrelated2" for which no system identifier could be generated
10	general entity "twctr" not defined and no default entity
10	general entity "r.data" not defined and no default entity
10	reference to entity "dwld" for which no system identifier could be generated
10	general entity "twitterrelated1" not defined and no default entity
10	reference to entity "twittermention" for which no system identifier could be generated
10	reference to entity "r.parentNode" for which no system identifier could be generated
10	general entity "k.data.subscribe" not defined and no default entity
10	reference to entity "k.data.subscribe" for which no system identifier could be generated
10	general entity "dwld" not defined and no default entity
10	general entity "r.parentNode" not defined and no default entity
10	general entity "ext" not defined and no default entity
10	element "v" undefined
10	there is no attribute "profile_id"
10	ID "go" already defined
10	reference to entity "c.parent" for which no system identifier could be generated
10	ID "latest_namee" already defined
10	ID "latest_pic" already defined
10	general entity "c.parent" not defined and no default entity
10	Attribute _lpchecked not allowed on element form at this point.
10	ID "latest_name" already defined
10	general entity "product" not defined and no default entity
10	general entity "ps_t" not defined and no default entity
10	general entity "B" not defined and no default entity
10	there is no attribute "accordion"
10	Bad value DC.date for attribute name on XHTML element meta: Keyword dc.date is not registered.
10	end tag for "x.length" omitted, but OMITTAG NO was specified
10	Duplicate ID list_width.
10	reference to entity "author" for which no system identifier could be generated
10	general entity "author" not defined and no default entity
10	general entity "v.getAttribute" not defined and no default entity
10	reference to entity "s.parentNode" for which no system identifier could be generated
10	reference to entity "c.chrome.loadTimes" for which no system identifier could be generated
10	reference to entity "c.mod_pagespeed_loaded" for which no system identifier could be generated
10	value of attribute "valign" cannot be "TOP"; must be one of "top", "middle", "bottom", "baseline"
10	there is no attribute "rank"
10	Bad value 85px for attribute height on element img: Expected a digit but saw p instead.
10	Bad value 52px for attribute width on element img: Expected a digit but saw p instead.
10	Bad value 44px for attribute width on element img: Expected a digit but saw p instead.
10	general entity "c.chrome.loadTimes" not defined and no default entity
10	element "t" undefined
10	Bad value 44px for attribute height on element img: Expected a digit but saw p instead.
10	Bad value 264px for attribute width on element img: Expected a digit but saw p instead.
10	ID "gesundheit" already defined
10	Duplicate ID mini-search.
10	general entity "u0" not defined and no default entity
10	ID "lifestyle" already defined
10	Duplicate ID mini-search-form.
10	Duplicate ID searchbtn.
10	Duplicate ID search_autocomplete.
10	reference to entity "u0" for which no system identifier could be generated
10	general entity "s.parentNode" not defined and no default entity
10	general entity "c.mod_pagespeed_loaded" not defined and no default entity
10	reference to entity "req_start" for which no system identifier could be generated
10	Attribute ЭНЕРГОМАШ"" not allowed on element img at this point.
10	reference to entity "w.visible" for which no system identifier could be generated
10	Element noindex not allowed as child of element li in this context. (Suppressing further errors from this subtree.)
10	reference to entity "csid" for which no system identifier could be generated
10	ID "textoSubVideos" already defined
10	Attribute РОССЕЛЬХОЗ"" not allowed on element img at this point.
10	Bad value star for attribute rel on element a: Not an absolute IRI. The string star is not a registered keyword or absolute URL.
10	general entity "w.visible" not defined and no default entity
10	general entity "req_start" not defined and no default entity
10	there is no attribute "widgetid"
10	reference to entity "nt" for which no system identifier could be generated
10	there is no attribute "connections"
10	reference to entity "q.data" for which no system identifier could be generated
10	Element adress not allowed as child of element section in this context. (Suppressing further errors from this subtree.)
10	Attribute Связь-Банк"" not allowed on element img at this point.
10	Attribute Росбанк"" not allowed on element img at this point.
10	general entity "Cub" not defined and no default entity
10	Bad value home style= for attribute rel on element a: Whitespace in path component. Use %20 in place of spaces. The string style= is not a registered keyword or absolute URL.
10	there is no attribute "ARIA-REQUIRED"
10	reference to entity "ttfb" for which no system identifier could be generated
10	Duplicate ID category-drop.
10	Attribute <br not allowed on element a at this point.
10	Attribute <br not allowed on element iframe at this point.
10	reference to entity "cbid" for which no system identifier could be generated
10	ID "categories" already defined
10	invalid comment declaration: found character "~" outside comment but inside comment declaration
10	"bold" is not a member of a group specified for any attribute
10	general entity "ttfb" not defined and no default entity
10	general entity "q.data" not defined and no default entity
10	XHTML element link not allowed as child of XHTML element base in this context. (Suppressing further errors from this subtree.)
10	Attribute expr:share_url not allowed on element a at this point.
10	ID "group" already defined
10	element "nobr" undefined
10	general entity "R" not defined and no default entity
10	reference to entity "reLogonURL" for which no system identifier could be generated
10	reference to entity "r.data.lasttime" for which no system identifier could be generated
10	element "video" undefined
10	Attribute ОТП not allowed on element img at this point.
10	there is no attribute "ACTION"
10	there is no attribute "displaytext"
10	Bad value shadowbox[Combinados];width=625;height=670 for attribute rel on element a: The string shadowbox[combinados];width=625;height=670 is not a registered keyword or absolute URL.
10	Attribute Ханты-Мансийский not allowed on element img at this point.
10	there is no attribute "w:d"
10	"data-mosaic-item" is not a member of a group specified for any attribute
10	Duplicate attribute prefix.
10	Element marquee not allowed as child of element td in this context. (Suppressing further errors from this subtree.)
10	ID "blogmore" already defined
10	Element marquee not allowed as child of element font in this context. (Suppressing further errors from this subtree.)
10	Bad value 3 for attribute border on element img: Only 0 is a permitted zero literal.
10	Bad value 3873 for attribute rel on element a: Not an absolute IRI. The string 3873 is not a registered keyword or absolute URL.
10	there is no attribute "data-callback"
10	Attribute Зенит"" not allowed on element img at this point.
10	Attribute ЮниКредит not allowed on element img at this point.
10	Attribute Санкт not allowed on element img at this point.
10	general entity "qty" not defined and no default entity
10	reference to entity "ccul" for which no system identifier could be generated
10	end tag for "t.length" omitted, but OMITTAG NO was specified
10	reference to entity "A.exec" for which no system identifier could be generated
10	general entity "A.exec" not defined and no default entity
10	Attribute Петербург"" not allowed on element img at this point.
10	general entity "b._cookie" not defined and no default entity
10	reference to entity "dns" for which no system identifier could be generated
10	Attribute Союз"" not allowed on element img at this point.
10	general entity "connect" not defined and no default entity
10	Attribute банк"" not allowed on element img at this point.
10	general entity "xiti_xtn2_id" not defined and no default entity
10	general entity "reLogonURL" not defined and no default entity
10	Bad value http://cositasarchivos.webcindario%20%3C/body%3E%20%3C/html%3E for attribute src on element img: Host component did not meet the restrictions on DNS names.
10	Attribute Уралсиб"" not allowed on element img at this point.
10	Bad value weibo: article:create_at for attribute name on element meta: Keyword weibo: article:create_at is not registered.
10	Bad value Language for attribute name on element meta: Keyword language is not registered.
10	Attribute Газпромбанк"" not allowed on element img at this point.
10	Attribute Сбербанк not allowed on element img at this point.
10	Bad value Page-Enter for attribute http-equiv on element meta.
10	Attribute МТС not allowed on element img at this point.
10	Bad value weibo: article:update_at for attribute name on element meta: Keyword weibo: article:update_at is not registered.
10	Bad value text/html/video;charset=utf-8 for attribute content on element meta: The legacy encoding declaration did not start with text/html;.
10	Duplicate attribute data-width.
10	Bad value title for attribute http-equiv on element meta.
10	Bad value Date for attribute name on element meta: Keyword date is not registered.
10	general entity "dns" not defined and no default entity
10	Bad value Subject for attribute name on element meta: Keyword subject is not registered.
10	Attribute России"" not allowed on element img at this point.
10	element "eMail.length-1" undefined
10	Attribute Номос not allowed on element img at this point.
10	there is no attribute "xtclib"
10	Attribute Абсолют not allowed on element img at this point.
10	ID "blog-body" already defined
10	Attribute deltacredit"" not allowed on element img at this point.
10	reference to entity "connect" for which no system identifier could be generated
10	general entity "g.length" not defined and no default entity
10	general entity "mnu" not defined and no default entity
10	Attribute СобинБанк"" not allowed on element img at this point.
10	general entity "DDDosage" not defined and no default entity
10	end tag for "eMail.length-1" omitted, but OMITTAG NO was specified
10	Attribute Балтинвестбанк"" not allowed on element img at this point.
10	"data-mosaic-content" is not a member of a group specified for any attribute
10	Bad value x-dns-prefetch-control for attribute http-equiv on XHTML element meta.
10	Bad value  for attribute id on element video: An ID must not be the empty string.
10	Attribute voice.bleckert.net not allowed on element a at this point.
10	Attribute honclick not allowed on element a at this point.
10	Bad value gallery1 for attribute rel on element a: Not an absolute IRI. The string gallery1 is not a registered keyword or absolute URL.
10	reference to entity "xiti_xtsite" for which no system identifier could be generated
10	general entity "xiti_xtpage" not defined and no default entity
10	reference to undeclared general entity laquo
10	Attribute Жилищного not allowed on element img at this point.
10	general entity "xiti_xtsite" not defined and no default entity
10	reference to entity "xiti_xtn2_name" for which no system identifier could be generated
10	ID "royals" already defined
10	Bad value lang for attribute name on XHTML element meta: Keyword lang is not registered.
10	end tag for "v" omitted, but OMITTAG NO was specified
10	Duplicate ID contactForm.
10	Bad value DC.title for attribute name on XHTML element meta: Keyword dc.title is not registered.
10	ID "stars" already defined
10	Attribute Советский"" not allowed on element img at this point.
10	ID "society" already defined
10	document type does not allow element "p" here; assuming missing "li" start-tag
10	reference to entity "desc" for which no system identifier could be generated
10	reference to entity "online-link-html" for which no system identifier could be generated
10	Bad value https://www.facebook.com/sharer/sharer.php?u=[[++site_url] for attribute href on element a: Illegal character in query component.
10	reference to entity "xiti_xtpage" for which no system identifier could be generated
10	Bad value DC.subject for attribute name on XHTML element meta: Keyword dc.subject is not registered.
10	general entity "desc" not defined and no default entity
10	ID "shopping" already defined
10	there is no attribute "data-original"
10	Duplicate ID evntAval.
10	Attribute - not allowed on element img at this point.
10	Bad value DC.creator for attribute name on XHTML element meta: Keyword dc.creator is not registered.
10	Bad value DC.description for attribute name on XHTML element meta: Keyword dc.description is not registered.
10	Bad value DC.publisher for attribute name on XHTML element meta: Keyword dc.publisher is not registered.
10	there is no attribute "val"
10	Bad value DC.date.issue for attribute name on XHTML element meta: Keyword dc.date.issue is not registered.
10	Bad value syntaxhighlighter-version for attribute name on XHTML element meta: Keyword syntaxhighlighter-version is not registered.
10	general entity "xiti_xtn2_name" not defined and no default entity
10	general entity "online-link-html" not defined and no default entity
10	reference to entity "qty" for which no system identifier could be generated
10	End tag em violates nesting rules.
10	general entity "s_ttfb" not defined and no default entity
10	Attribute autocapitalize not allowed on element input at this point.
10	end tag for "x" omitted, but OMITTAG NO was specified
10	Element wb:like not allowed as child of element div in this context. (Suppressing further errors from this subtree.)
10	general entity "ccul" not defined and no default entity
10	Bad value inner for attribute role on element section.
10	Attribute ВТБ24"" not allowed on element img at this point.
10	ID "menuspec" already defined
10	reference to entity "xiti_xtn2_id" for which no system identifier could be generated
10	general entity "SESSIONVAR" not defined and no default entity
10	reference to entity "ccrl" for which no system identifier could be generated
10	Attribute Финансирования"" not allowed on element img at this point.
10	reference to entity "SESSIONVAR" for which no system identifier could be generated
10	end tag for "s" omitted, but OMITTAG NO was specified
10	Bad value mailto:info@kamaractapital.ru?subject=re:Письмо с сайта for attribute href on element a: Whitespace in query component. Use %20 in place of spaces.
9	Attribute xmlns:skos not allowed here.
9	general entity "searchArrivalTime" not defined and no default entity
9	Bad value blogger-template for attribute name on element meta: Keyword blogger-template is not registered.
9	The text content of element script was not in the required format: Expected space, tab, newline, or slash but found a instead.
9	"el" is not a member of a group specified for any attribute
9	No dd element in scope but a dd end tag seen.
9	Bad value gVentas for attribute rel on element a: The string gventas is not a registered keyword or absolute URL.
9	Bad value close for attribute rel on element a: The string close is not a registered keyword or absolute URL.
9	"para" is not a member of a group specified for any attribute
9	element "arrDestinations.length" undefined
9	Bad value http://stat3.cybermonitor.com/inrocks_v?R=[article];&S=total;[CINE] for attribute src on element img: Illegal character in query component.
9	general entity "searchType" not defined and no default entity
9	there is no attribute "position"
9	general entity "nextNDays" not defined and no default entity
9	non SGML character number 12
9	element "ORGID" undefined
9	there is no attribute "_href"
9	there is no attribute "_onclick"
9	Bad value gallery1 for attribute rel on element a: The string gallery1 is not a registered keyword or absolute URL.
9	element "fb:send" undefined
9	Bad value lightbox[gallery562545948163507619] for attribute rel on element a: Illegal character in path component. The string lightbox[gallery562545948163507619] is not a registered keyword or absolute URL.
9	Attribute xmlns:xsd not allowed here.
9	Duplicate ID foot.
9	Duplicate attribute boots.
9	Attribute minlength not allowed on element textarea at this point.
9	reference to entity "creativeASIN" for which no system identifier could be generated
9	reference to entity "WT.mc_id" for which no system identifier could be generated
9	there is no attribute "marginbottom"
9	general entity "WT.mc_id" not defined and no default entity
9	reference to entity "Source" for which no system identifier could be generated
9	ID "courses" already defined
9	character "#" not allowed in attribute specification list
9	there is no attribute "autoload"
9	Bad value screen and (min-device-width: 481px) and (max-device-width: 1024px) and (orientation:landscape) and (-webkit-min-device-pixel-ratio: 2) for attribute media on element link: Expected a letter at start of a media feature part but saw - instead.
9	"pninja-secure" is not a member of a group specified for any attribute
9	value of attribute "type" cannot be "\"submit\""; must be one of "text", "password", "checkbox", "radio", "submit", "reset", "file", "hidden", "image", "button"
9	value of attribute "method" cannot be "\"post\""; must be one of "get", "post"
9	ID "draw_charts" already defined
9	ID "show_m_vs_w" already defined
9	ID "show_monthly" already defined
9	ID "show_annual" already defined
9	general entity "Source" not defined and no default entity
9	general entity "emc" not defined and no default entity
9	there is no attribute "data-kss-base-url"
9	general entity "使用" not defined and no default entity
9	reference to entity "E" for which no system identifier could be generated
9	general entity "dt" not defined and no default entity
9	reference to entity "gameid" for which no system identifier could be generated
9	reference to entity "utmi_cp" for which no system identifier could be generated
9	reference to entity "utmi_pc" for which no system identifier could be generated
9	Element fb:comments not allowed as child of element aside in this context. (Suppressing further errors from this subtree.)
9	ID "contenido" already defined
9	reference to entity "sk" for which no system identifier could be generated
9	general entity "language" not defined and no default entity
9	ID "submit" already defined
9	Bad value -001-11-30T00:00:00+00:00 for attribute datetime on element time: The literal did not satisfy the time-datetime format.
9	general entity "C" not defined and no default entity
9	reference to entity "使用" for which no system identifier could be generated
9	character "\" is not allowed in the value of attribute "method"
9	non SGML character number 145
9	Duplicate ID bdshare.
9	there is no attribute "DATA-SEND"
9	there is no attribute "data-expandto"
9	Duplicate ID search-button.
9	Duplicate ID bdshare_js.
9	Attribute bosszone not allowed on element div at this point.
9	Duplicate ID Submit.
9	reference to entity "PARENT_TOPIC_ID" for which no system identifier could be generated
9	Duplicate ID email-element.
9	Attribute rel not allowed on element article at this point.
9	there is no attribute "dropzone"
9	end tag for element "SUP" which is not open
9	Element figcaption not allowed as child of element header in this context. (Suppressing further errors from this subtree.)
9	Duplicate ID email-label.
9	Attribute xmlns:sioc not allowed here.
9	Duplicate ID subscribe-blog.
9	Stray end tag blockquote.
9	general entity "G" not defined and no default entity
9	general entity "creativeASIN" not defined and no default entity
9	end tag for "CAPTION" omitted, but its declaration does not permit this
9	there is no attribute "cellPadding"
9	non SGML character number 130
9	character "\" is not allowed in the value of attribute "name"
9	general entity "startSearch" not defined and no default entity
9	Attribute xmlns:content not allowed here.
9	Duplicate ID nav-center.
9	Attribute xmlns:rdfs not allowed here.
9	Duplicate ID search-form.
9	Bad value  for attribute for on element label: An ID must not be the empty string.
9	general entity "userid2" not defined and no default entity
9	Attribute xmlns:foaf not allowed here.
9	there is no attribute "cellSpacing"
9	Attribute xmlns:sioct not allowed here.
9	XHTML element title not allowed as child of XHTML element html in this context. (Suppressing further errors from this subtree.)
9	general entity "period" not defined and no default entity
9	general entity "city_id" not defined and no default entity
9	reference to entity "spn" for which no system identifier could be generated
9	reference to entity "parcel" for which no system identifier could be generated
9	general entity "parcel" not defined and no default entity
9	duplicate specification of attribute "ALT"
9	general entity "is_top" not defined and no default entity
9	reference to entity "is_speshna" for which no system identifier could be generated
9	general entity "is_speshna" not defined and no default entity
9	reference to entity "is_top" for which no system identifier could be generated
9	"acné" is not a member of a group specified for any attribute
9	Bad value rpwe_widget recent-posts-extended for attribute id on element li: An ID must not contain whitespace.
9	Duplicate ID divAction.
9	there is no attribute "resource"
9	document type does not allow element "span" here; missing one of "ins", "del", "h1", "h2", "h3", "h4", "h5", "h6", "p", "div", "pre", "address", "fieldset" start-tag
9	Bad value unser-konzept for attribute rel on element a: Not an absolute IRI. The string unser-konzept is not a registered keyword or absolute URL.
9	Bad value http:/vision19.es/apple-touch-icon-114x144.png for attribute href on element link: A component that is required by the scheme is missing.
9	ID "gotocomments" already defined
9	Attribute lightbox not allowed on element a at this point.
9	general entity "nID" not defined and no default entity
9	document type does not allow element "FORM" here
9	there is no attribute "rev"
9	there is no attribute "productId"
9	general entity "is_exclusive" not defined and no default entity
9	reference to entity "is_exclusive" for which no system identifier could be generated
9	ID "repay_textarea" already defined
9	general entity "refer.ID" not defined and no default entity
9	reference to entity "required" for which no system identifier could be generated
9	Bad value ROBOT for attribute name on element meta: Keyword robot is not registered.
9	general entity "required" not defined and no default entity
9	Bad value 20px for attribute height on element img: Expected a digit but saw p instead.
9	reference to entity "refer.ID" for which no system identifier could be generated
9	there is no attribute "inner_img"
9	reference to entity "callback_url" for which no system identifier could be generated
9	general entity "callback_url" not defined and no default entity
9	there is no attribute "styles"
9	document type does not allow element "sup" here
9	reference to entity "log" for which no system identifier could be generated
9	reference to entity "http_host" for which no system identifier could be generated
9	general entity "http_host" not defined and no default entity
9	reference to entity "local_address" for which no system identifier could be generated
9	general entity "local_address" not defined and no default entity
9	Bad value badsanierung for attribute rel on element a: The string badsanierung is not a registered keyword or absolute URL.
9	ID "time_id" already defined
9	ID "\"playerbox_"+playerid+"\"" already defined
9	general entity "type_id" not defined and no default entity
9	there is no attribute "FONT"
9	Bad value lightbox[member] for attribute rel on element a: The string lightbox[member] is not a registered keyword or absolute URL.
9	reference to entity "offset" for which no system identifier could be generated
9	Bad value http:/vision19.es/apple-touch-icon-144x144.png for attribute href on element link: A component that is required by the scheme is missing.
9	there is no attribute "datatype"
9	Attribute id"copyright" not allowed on element div at this point.
9	there is no attribute "date-counturl"
9	Duplicate ID input-button-nav-panel.
9	end tag for "this._format.decimals" omitted, but OMITTAG NO was specified
9	The align attribute on the input element is obsolete. Use CSS instead.
9	there is no attribute "gnotify"
9	element "document.forms.length" undefined
9	there is no attribute "bigpicsrc"
9	there is no attribute "data-pic-type"
9	ID "salida" already defined
9	Bad value [photoset] for attribute rel on element a: The string [photoset] is not a registered keyword or absolute URL.
9	reference to entity "bH" for which no system identifier could be generated
9	Attribute or not allowed on element meta at this point.
9	general entity "goods" not defined and no default entity
9	document type does not allow element "hr" here
9	there is no attribute "gid"
9	reference to entity "goods" for which no system identifier could be generated
9	end tag for "document.forms.length" omitted, but OMITTAG NO was specified
9	element "this._format.decimals" undefined
9	general entity "align" not defined and no default entity
9	Stray end tag p.
9	Bad value lightbox[afg_gallery] for attribute rel on element a: The string lightbox[afg_gallery] is not a registered keyword or absolute URL. Illegal character in path component.
9	Attribute by not allowed on element meta at this point.
9	there is no attribute "img_id"
9	Bad value phone1 for attribute rel on element a: Not an absolute IRI. The string phone1 is not a registered keyword or absolute URL.
9	unknown declaration type "doctype"
9	End tag for  html seen, but there were unclosed elements.
9	there is no attribute "autocompleter"
9	Bad value document for attribute rel on element a: The string document is not a registered keyword or absolute URL.
9	Duplicate ID jp-post-flair.
9	reference to entity "use_transparent" for which no system identifier could be generated
9	general entity "use_transparent" not defined and no default entity
9	reference to entity "use_flash" for which no system identifier could be generated
9	general entity "use_flash" not defined and no default entity
9	Bad value mailto:info@digitize-info.com?subject=Contact from Digitize Info for attribute href on XHTML element a: Whitespace in query component. Use %20 in place of spaces.
9	Attribute highlight not allowed on element a at this point.
9	there is no attribute "updateSpec"
9	end tag for "picThumbnail.getSize" omitted, but OMITTAG NO was specified
9	element "picThumbnail.getSize" undefined
9	there is no attribute "imgInfo"
9	Duplicate ID input-text-nav-panel.
9	The size attribute on the hr element is obsolete. Use CSS instead.
9	end tag for "select" omitted, but OMITTAG NO was specified
9	there is no attribute "tab"
9	there is no attribute "ac_options"
9	The width attribute on the hr element is obsolete. Use CSS instead.
9	reference to entity "refertype" for which no system identifier could be generated
9	general entity "refertype" not defined and no default entity
9	Bad value 100% for attribute width on element embed: Expected a digit but saw % instead.
9	Bad value lang for attribute name on element meta: Keyword lang is not registered.
9	there is no attribute "data-categ"
9	there is no attribute "data-accion"
9	reference to entity "O" for which no system identifier could be generated
9	Attribute charset not allowed on element meta at this point.
9	there is no attribute "data-nrelate-options"
9	reference to entity "counter" for which no system identifier could be generated
9	there is no attribute "data-permalink"
9	Bad value pin-full for attribute rel on element a: Not an absolute IRI. The string pin-full is not a registered keyword or absolute URL.
9	there is no attribute "data-tag"
9	general entity "searchArrivalAirport" not defined and no default entity
9	ID "essay1" already defined
9	element "arrHotels.length" undefined
9	document type does not allow element "br" here; missing one of "th", "td" start-tag
9	element "h9" undefined
9	there is no attribute "data-show-screen-name"
9	Attribute it not allowed on element meta at this point.
9	Duplicate ID wpfp-css.
9	document type does not allow element "h6" here; missing one of "object", "applet", "map", "iframe", "button", "ins", "del" start-tag
9	there is no attribute "allowFullScreen"
9	Bad value pml-image for attribute name on XHTML element meta: Keyword pml-image is not registered.
9	Duplicate ID last_modification_date.
9	there is no attribute "data-lazy-src"
9	Bad value og:image for attribute name on element meta: Keyword og:image is not registered.
9	document type does not allow element "H2" here; missing one of "APPLET", "OBJECT", "MAP", "IFRAME", "BUTTON" start-tag
9	general entity "serveas" not defined and no default entity
9	reference to entity "serveas" for which no system identifier could be generated
9	element "S" undefined
9	element "ORG" undefined
9	end tag for "arrDestinations.length" omitted, but OMITTAG NO was specified
9	document type does not allow element "select" here
9	Attribute b:render not allowed on element html at this point.
9	Attribute about not allowed on XHTML element meta at this point.
9	general entity "pdID" not defined and no default entity
9	element "fb:login-button" undefined
9	there is no attribute "scope"
9	Bad value page-topic for attribute name on element meta: Keyword page-topic is not registered.
9	there is no attribute "autologoutlink"
9	general entity "counter" not defined and no default entity
9	reference to entity "vers" for which no system identifier could be generated
9	ID "taobao_link" already defined
9	general entity "iframe" not defined and no default entity
9	reference to entity "pdID" for which no system identifier could be generated
9	general entity "searchDepartureTime" not defined and no default entity
9	there is no attribute "data-formurl"
9	general entity "zone" not defined and no default entity
9	end tag for "arrHotels.length" omitted, but OMITTAG NO was specified
9	general entity "utm_content" not defined and no default entity
9	there is no attribute "data-pp-placementtype"
9	"hidefocus" is not a member of a group specified for any attribute
9	Bad value http:/vision19.es/apple-touch-icon-72x72.png for attribute href on element link: A component that is required by the scheme is missing.
9	Bad value 3 for attribute rel on element a: Not an absolute IRI. The string 3 is not a registered keyword or absolute URL.
9	there is no attribute "data-pp-pubid"
9	reference to entity "bh" for which no system identifier could be generated
9	Attribute jcarouselindex not allowed on element li at this point.
9	Bad value http:/vision19.es/apple-touch-icon-57x57.png for attribute href on element link: A component that is required by the scheme is missing.
9	Bad value SKYPE_TOOLBAR for attribute name on XHTML element meta: Keyword skype_toolbar is not registered.
9	Bad value siteinfo for attribute name on element meta: Keyword siteinfo is not registered.
9	Duplicate ID next.
9	Bad value faq for attribute rel on element a: The string faq is not a registered keyword or absolute URL.
9	general entity "document.getElement" not defined and no default entity
9	invalid comment declaration: found character "�" outside comment but inside comment declaration
9	general entity "mini_cart" not defined and no default entity
9	ID "loyalty_price" already defined
9	Element p not allowed as child of element h1 in this context. (Suppressing further errors from this subtree.)
9	Duplicate ID prev.
9	reference to entity "document.getElement" for which no system identifier could be generated
9	duplicate specification of attribute "itemprop"
9	value of attribute "scrolling" cannot be "No"; must be one of "yes", "no", "auto"
9	Bad start tag in div in head.
9	element "aside" undefined
9	Bad value lightbox[01] for attribute rel on element a: The string lightbox[01] is not a registered keyword or absolute URL.
9	Duplicate ID sidebar-rel.
9	there is no attribute "data-poid"
9	there is no attribute "data-post-type"
9	there is no attribute "languaje"
9	general entity "sk" not defined and no default entity
9	Bad value gsw-berne for attribute hreflang on element a: Bad variant subtag berne.
9	there is no attribute "http-equiv"
9	Bad value locality for attribute name on element meta: Keyword locality is not registered.
9	there is no attribute "data-position"
9	there is no attribute "tyle"
9	Bad value organization for attribute name on element meta: Keyword organization is not registered.
9	Attribute type not allowed on element form at this point.
9	value of attribute "checked" cannot be "true"; must be one of "checked"
9	general entity "time" not defined and no default entity
9	Bad value verify-iw for attribute name on element meta: Keyword verify-iw is not registered.
8	XHTML element style not allowed as child of XHTML element meta in this context. (Suppressing further errors from this subtree.)
8	Bad value lightbox[show] for attribute rel on element a: The string lightbox[show] is not a registered keyword or absolute URL.
8	ID "sitemap-text-head" already defined
8	Duplicate ID Plan.
8	Duplicate attribute href.
8	general entity "token" not defined and no default entity
8	general entity "id_product" not defined and no default entity
8	general entity "cb" not defined and no default entity
8	Bad value data-spm for attribute name on element meta: Keyword data-spm is not registered.
8	reference to entity "subject" for which no system identifier could be generated
8	there is no attribute "VALUE"
8	general entity "subject" not defined and no default entity
8	ID "p-295000a4400g6" already defined
8	reference to entity "utmxkey" for which no system identifier could be generated
8	Attribute xtclib not allowed on element img at this point.
8	reference to entity "g" for which no system identifier could be generated
8	Bad value city for attribute name on element meta: Keyword city is not registered.
8	ID "fx_2950009j800g6_2" already defined
8	Bad value state for attribute name on element meta: Keyword state is not registered.
8	ID "cx_2950009j800g6_5" already defined
8	duplicate specification of attribute "aria-required"
8	Opening and ending tag mismatch: html line 2 and body
8	general entity "utmxkey" not defined and no default entity
8	there is no attribute "data-pin-do"
8	end tag for element "hr" which is not open
8	Bad value weibo:webpage:create_at for attribute name on element meta: Keyword weibo:webpage:create_at is not registered.
8	ID "subtxt" already defined
8	Attribute but not allowed on element meta at this point.
8	Bad value lightbox[InstDrupal] for attribute rel on element a: The string lightbox[instdrupal] is not a registered keyword or absolute URL. Illegal character in path component.
8	ID "fx_2950009j800g6_5" already defined
8	reference to entity "utmxtime" for which no system identifier could be generated
8	ID "fx_2950009j800g6_11" already defined
8	general entity "utmxhash" not defined and no default entity
8	end tag for element "noscript" which is not open
8	value of attribute "align" cannot be ""; must be one of "left", "center", "right", "justify"
8	reference to entity "utmxhash" for which no system identifier could be generated
8	general entity "utmxtime" not defined and no default entity
8	ID "cx_2950009j800g6_11" already defined
8	ID "cx_2950009j800g6_12" already defined
8	ID "fx_2950009j800g6_12" already defined
8	ID "orangeheadingtext" already defined
8	general entity "menu" not defined and no default entity
8	general entity "uin" not defined and no default entity
8	ID "b-295000a4400g6-2" already defined
8	Bad value dialog for attribute rel on element a: The string dialog is not a registered keyword or absolute URL.
8	reference to entity "utmx" for which no system identifier could be generated
8	general entity "utmx" not defined and no default entity
8	Duplicate ID postRatingLink.
8	Element ul not allowed as child of element h2 in this context. (Suppressing further errors from this subtree.)
8	there is no attribute "data-vertical"
8	reference to entity "newId" for which no system identifier could be generated
8	reference to entity "include_entities" for which no system identifier could be generated
8	general entity "include_entities" not defined and no default entity
8	there is no attribute "data-show_faces"
8	reference to entity "category_name2" for which no system identifier could be generated
8	"autocomplete" is not a member of a group specified for any attribute
8	there is no attribute "pattern"
8	reference to entity "exclude_replies" for which no system identifier could be generated
8	general entity "exclude_replies" not defined and no default entity
8	ID "b-295000a4400g6-1" already defined
8	Bad value Distribution for attribute name on element meta: Keyword distribution is not registered.
8	Attribute their not allowed on element meta at this point.
8	Attribute 0 not allowed on element img at this point.
8	Attribute selectindex not allowed on element li at this point.
8	general entity "module" not defined and no default entity
8	there is no attribute "data-pin-config"
8	there is no attribute "VALIGN"
8	Bad value {$META_CHARSET} for attribute charset on element script: {$meta_charset} is not a valid character encoding name.
8	there is no attribute "fixed"
8	general entity "utmxx" not defined and no default entity
8	Bad value Expires for attribute http-equiv on element meta.
8	reference to entity "flxx_id" for which no system identifier could be generated
8	reference to entity "utmxx" for which no system identifier could be generated
8	ID "CITA" already defined
8	element "bK" undefined
8	general entity "domainId" not defined and no default entity
8	Bad value decorator for attribute name on element meta: Keyword decorator is not registered.
8	Attribute height not allowed on element audio at this point.
8	Bad value myprotein-header-your-goals-muscle-strength for attribute rel on element a: The string myprotein-header-your-goals-muscle-strength is not a registered keyword or absolute URL.
8	Bad value myprotein-header-your-goals-sub-banner for attribute rel on element a: The string myprotein-header-your-goals-sub-banner is not a registered keyword or absolute URL.
8	ID "header" already defined
8	Attribute action not allowed on element a at this point.
8	Attribute width not allowed on element audio at this point.
8	reference to entity "page_key" for which no system identifier could be generated
8	Bad value myprotein-header-your-goals-healthy-eating for attribute rel on element a: The string myprotein-header-your-goals-healthy-eating is not a registered keyword or absolute URL.
8	Bad value myprotein-header-your-goals-energy-and-endurance for attribute rel on element a: The string myprotein-header-your-goals-energy-and-endurance is not a registered keyword or absolute URL.
8	Bad value myprotein-header-your-goals-health-and-wellbeing for attribute rel on element a: The string myprotein-header-your-goals-health-and-wellbeing is not a registered keyword or absolute URL.
8	Bad value myprotein-header-your-goals-diet-and-weight-loss for attribute rel on element a: The string myprotein-header-your-goals-diet-and-weight-loss is not a registered keyword or absolute URL.
8	Duplicate ID yw7.
8	general entity "page_key" not defined and no default entity
8	Bad value popoverl for attribute rel on element a: The string popoverl is not a registered keyword or absolute URL.
8	ID "internal-source-marker_0.24150724010542035" already defined
8	ID "box-mid" already defined
8	ID "box-btm" already defined
8	ID "box-top" already defined
8	end tag for "TABLE" omitted, but its declaration does not permit this
8	Stray start tag p.
8	Bad value lightbox[no] for attribute rel on element a: Illegal character in path component. The string lightbox[no] is not a registered keyword or absolute URL.
8	Element data not allowed as child of element p in this context. (Suppressing further errors from this subtree.)
8	end tag for element "dd" which is not open
8	ID "HEADING" already defined
8	reference to entity "uol_sc.prop34" for which no system identifier could be generated
8	Bad value title for attribute name on XHTML element meta: Keyword title is not registered.
8	reference to entity "keywords" for which no system identifier could be generated
8	end tag for element "dl" which is not open
8	Bad value myprotein-header-your-goals-women-s-fitness for attribute rel on element a: The string myprotein-header-your-goals-women-s-fitness is not a registered keyword or absolute URL.
8	Bad value cache-directive for attribute http-equiv on element meta.
8	Bad value trackback for attribute rel on element a: Not an absolute IRI. The string trackback is not a registered keyword or absolute URL.
8	Attribute ng-app not allowed on element html at this point.
8	reference to entity "up_source_language" for which no system identifier could be generated
8	there is no attribute "tag"
8	"allowFullScreen" is not a member of a group specified for any attribute
8	Duplicate ID yw10.
8	general entity "up_source_language" not defined and no default entity
8	Stray end tag strong.
8	Bad value 400px for attribute height on element iframe: Expected a digit but saw p instead.
8	Duplicate ID yw19.
8	Duplicate ID yw18.
8	Bad value myprotein-footer-icon-07 for attribute rel on element a: The string myprotein-footer-icon-07 is not a registered keyword or absolute URL.
8	Attribute accents-tan" not allowed on element img at this point.
8	Bad value tel:+44 (0)208 896 9172 for attribute href on element a: Whitespace in path component. Use %20 in place of spaces.
8	Bad value myprotein-header-your-sport-cycling for attribute rel on element a: The string myprotein-header-your-sport-cycling is not a registered keyword or absolute URL.
8	Bad value myprotein-header-your-sport-cricket for attribute rel on element a: The string myprotein-header-your-sport-cricket is not a registered keyword or absolute URL.
8	Bad value   for attribute poster on element video: Must be non-empty.
8	general entity "keyword" not defined and no default entity
8	Duplicate ID yw15.
8	Bad value false for attribute preload on element video.
8	Bad value 100% for attribute height on element object: Expected a digit but saw % instead.
8	Bad value pragma-directive for attribute http-equiv on element meta.
8	Bad value 100% for attribute height on element video: Expected a digit but saw % instead.
8	Duplicate ID mc-embedded-subscribe.
8	Bad value myprotein-header-your-sport-boxing-mma for attribute rel on element a: The string myprotein-header-your-sport-boxing-mma is not a registered keyword or absolute URL.
8	Attribute value not allowed on element li at this point.
8	Bad value myprotein-header-your-sport-bodybuilding for attribute rel on element a: The string myprotein-header-your-sport-bodybuilding is not a registered keyword or absolute URL.
8	Attribute accents-coffee" not allowed on element img at this point.
8	Bad value myprotein-header-your-goals-sports-performance for attribute rel on element a: The string myprotein-header-your-goals-sports-performance is not a registered keyword or absolute URL.
8	reference to entity "ajax" for which no system identifier could be generated
8	reference to entity "iid" for which no system identifier could be generated
8	there is no attribute "SITE"
8	there is no attribute "HEADER"
8	general entity "GalleryID" not defined and no default entity
8	general entity "NewsCatID" not defined and no default entity
8	Bad value http://baronecase.it/wp-content/themes/BaroneCase Theme/css/reset.css for attribute href on element link: Whitespace in path component. Use %20 in place of spaces.
8	Bad value http://baronecase.it/wp-content/themes/BaroneCase Theme/css/print.css for attribute href on element link: Whitespace in path component. Use %20 in place of spaces.
8	there is no attribute "jquery1255461768343"
8	"no" is not a member of a group specified for any attribute
8	end tag for "l.length" omitted, but OMITTAG NO was specified
8	Bad value 110px for attribute width on element img: Expected a digit but saw p instead.
8	"_RDEDITOR_EXISTS" is not a member of a group specified for any attribute
8	element "FB:ACTIVITY" undefined
8	there is no attribute "BORDER_COLOR"
8	there is no attribute "RECOMMENDATIONS"
8	Bad value http://baronecase.it/wp-content/themes/BaroneCase Theme/form.css for attribute href on element link: Whitespace in path component. Use %20 in place of spaces.
8	Duplicate ID mce-FNAME.
8	Bad value http://baronecase.it/wp-content/themes/BaroneCase Theme/images/rss.png for attribute src on element img: Whitespace in path component. Use %20 in place of spaces.
8	Bad value http://baronecase.it/wp-content/themes/BaroneCase Theme/images/email.png for attribute src on element img: Whitespace in path component. Use %20 in place of spaces.
8	Bad value http://baronecase.it/wp-content/themes/BaroneCase Theme/images/header.png for attribute src on element img: Whitespace in path component. Use %20 in place of spaces.
8	Bad value banner for attribute role on element footer.
8	Duplicate ID mce-success-response.
8	Duplicate ID mce-error-response.
8	Bad value http://baronecase.it/wp-content/themes/BaroneCase Theme/images/twitter.png for attribute src on element img: Whitespace in path component. Use %20 in place of spaces.
8	there is no attribute "data-type"
8	Bad value http://baronecase.it/wp-content/themes/BaroneCase Theme/images/facebook.png for attribute src on element img: Whitespace in path component. Use %20 in place of spaces.
8	Bad value http://baronecase.it/wp-content/themes/BaroneCase Theme/css/style.css for attribute href on element link: Whitespace in path component. Use %20 in place of spaces.
8	Duplicate ID mce-EMAIL.
8	Stray end tag h5.
8	Duplicate ID mce-responses.
8	element "l.length" undefined
8	Attribute border:"0" not allowed on element img at this point.
8	ID "videocontent" already defined
8	reference to entity "java" for which no system identifier could be generated
8	general entity "java" not defined and no default entity
8	reference to entity "Screen" for which no system identifier could be generated
8	reference to entity "cm_mmc" for which no system identifier could be generated
8	general entity "Screen" not defined and no default entity
8	reference to entity "history" for which no system identifier could be generated
8	reference to entity "domainId" for which no system identifier could be generated
8	Bad value lightbox-ce-215 for attribute rel on element a: Not an absolute IRI. The string lightbox-ce-215 is not a registered keyword or absolute URL.
8	reference to entity "wr_id" for which no system identifier could be generated
8	reference to entity "actionid" for which no system identifier could be generated
8	general entity "actionid" not defined and no default entity
8	general entity "revenue" not defined and no default entity
8	reference to entity "revenue" for which no system identifier could be generated
8	Bad value gid_25_sid_1692311369 for attribute rel on element a: Not an absolute IRI. The string gid_25_sid_1692311369 is not a registered keyword or absolute URL.
8	Bad value gid_25_sid_94042191 for attribute rel on element a: Not an absolute IRI. The string gid_25_sid_94042191 is not a registered keyword or absolute URL.
8	general entity "pty" not defined and no default entity
8	reference to entity "pty" for which no system identifier could be generated
8	reference to entity "pa" for which no system identifier could be generated
8	XHTML element script not allowed as child of XHTML element base in this context. (Suppressing further errors from this subtree.)
8	Bad value sc for attribute rel on element a: Not an absolute IRI. The string sc is not a registered keyword or absolute URL.
8	general entity "pa" not defined and no default entity
8	general entity "purl" not defined and no default entity
8	Stray end tag tr.
8	general entity "sm" not defined and no default entity
8	reference to entity "sm" for which no system identifier could be generated
8	reference to entity "if" for which no system identifier could be generated
8	general entity "if" not defined and no default entity
8	reference to entity "purl" for which no system identifier could be generated
8	there is no attribute "data-ui-data"
8	Bad value 100% for attribute width on element video: Expected a digit but saw % instead.
8	"style" is not a member of a group specified for any attribute
8	Bad value gallery-691 for attribute rel on element a: The string gallery-691 is not a registered keyword or absolute URL.
8	Bad value gallery-692 for attribute rel on element a: The string gallery-692 is not a registered keyword or absolute URL.
8	general entity "sr" not defined and no default entity
8	reference to entity "elementid" for which no system identifier could be generated
8	Attribute xmlns:exslt not allowed here.
8	reference to entity "article" for which no system identifier could be generated
8	Bad value myprotein-header-about-us-articles for attribute rel on element a: The string myprotein-header-about-us-articles is not a registered keyword or absolute URL.
8	Attribute accents-black" not allowed on element img at this point.
8	Attribute position not allowed on element a at this point.
8	Bad value myprotein-footer-icon-01 external for attribute rel on element a: The string myprotein-footer-icon-01 is not a registered keyword or absolute URL.
8	Bad value myprotein-footer-icon-02 external for attribute rel on element a: The string myprotein-footer-icon-02 is not a registered keyword or absolute URL.
8	there is no attribute "VISIBLE"
8	Bad value myprotein-footer-icon-03 for attribute rel on element a: The string myprotein-footer-icon-03 is not a registered keyword or absolute URL.
8	ID "foot_reviews_box" already defined
8	general entity "spn" not defined and no default entity
8	Bad value http://bs.serving-sys.com/BurstingPipe/adServer.bs?cn=rsb&c=28&pli=6491479&PluID=0&w=254&h=125&ord=[timestamp]&ucm=true for attribute src on element script: Illegal character in query component.
8	element "OPTION" undefined
8	reference to entity "btype" for which no system identifier could be generated
8	Duplicate ID mmrda_cnt_pnl.
8	reference to entity "kind" for which no system identifier could be generated
8	end tag for "preloadimages.arguments.length" omitted, but OMITTAG NO was specified
8	Bad value myprotein-header-about-us-partners for attribute rel on element a: The string myprotein-header-about-us-partners is not a registered keyword or absolute URL.
8	Bad value myprotein-header-about-us-helpdesk for attribute rel on element a: The string myprotein-header-about-us-helpdesk is not a registered keyword or absolute URL.
8	Forbidden code point U+0007.
8	there is no attribute "DWCOPYTYPE"
8	Element wb:share-button not allowed as child of element li in this context. (Suppressing further errors from this subtree.)
8	document type does not allow element "SCRIPT" here; assuming missing "CAPTION" start-tag
8	reference to entity "sr" for which no system identifier could be generated
8	end tag for "bK" omitted, but OMITTAG NO was specified
8	element "preloadimages.arguments.length" undefined
8	Attribute avatar not allowed on element img at this point.
8	Bad value myprotein-header-your-sport-running for attribute rel on element a: The string myprotein-header-your-sport-running is not a registered keyword or absolute URL.
8	Attribute srcset not allowed on element img at this point.
8	Bad value myprotein-header-your-sport-rugby for attribute rel on element a: The string myprotein-header-your-sport-rugby is not a registered keyword or absolute URL.
8	' in an unquoted attribute value. Probable causes: Attributes running together or a URL query string in an unquoted attribute value.
8	Attribute http: not allowed on element img at this point.
8	reference to entity "stickers.png" for which no system identifier could be generated
8	Bad value 170px for attribute height on element iframe: Expected a digit but saw p instead.
8	Bad value myprotein-header-your-sport-swimming for attribute rel on element a: The string myprotein-header-your-sport-swimming is not a registered keyword or absolute URL.
8	The width attribute on the colgroup element is obsolete. Use CSS instead.
8	Bad value myprotein-header-your-sport-power-lifting for attribute rel on element a: The string myprotein-header-your-sport-power-lifting is not a registered keyword or absolute URL.
8	Bad value up for attribute rel on element a: Not an absolute IRI. The string up is not a registered keyword or absolute URL.
8	general entity "segment" not defined and no default entity
8	general entity "checkString" not defined and no default entity
8	end tag for element "INPUT" which is not open
8	Bad value up up for attribute rel on element a: Whitespace in path component. Use %20 in place of spaces. The string up is not a registered keyword or absolute URL.
8	there is no attribute "ONLOAD"
8	Bad value myprotein-header-your-sport-triathlon for attribute rel on element a: The string myprotein-header-your-sport-triathlon is not a registered keyword or absolute URL.
8	reference to entity "pt1" for which no system identifier could be generated
8	Bad value myprotein-header-about-us-our-experts for attribute rel on element a: The string myprotein-header-about-us-our-experts is not a registered keyword or absolute URL.
8	Bad value myprotein-header-about-us-mp-reward-points for attribute rel on element a: The string myprotein-header-about-us-mp-reward-points is not a registered keyword or absolute URL.
8	Bad value myprotein-header-about-us-our-athletes for attribute rel on element a: The string myprotein-header-about-us-our-athletes is not a registered keyword or absolute URL.
8	Bad value myprotein-footer-icon-06 for attribute rel on element a: The string myprotein-footer-icon-06 is not a registered keyword or absolute URL.
8	Bad value tel:+49 30 940 563 99 for attribute href on element a: Whitespace in path component. Use %20 in place of spaces.
8	Duplicate ID galicia.
8	document type does not allow element "form" here; missing one of "th", "td" start-tag
8	Bad value myprotein-footer-icon-05 external for attribute rel on element a: The string myprotein-footer-icon-05 is not a registered keyword or absolute URL.
8	Bad value myprotein-footer-icon-04 external for attribute rel on element a: The string myprotein-footer-icon-04 is not a registered keyword or absolute URL.
8	document type does not allow element "hr" here; assuming missing "li" start-tag
8	Element div not allowed as child of element hgroup in this context. (Suppressing further errors from this subtree.)
8	reference to entity "iddest" for which no system identifier could be generated
8	Bad value http://stat3.cybermonitor.com/inrocks_v?R=[article];&S=total;[LIVRES] for attribute src on element img: Illegal character in query component.
8	duplicate specification of attribute "data-ajax"
8	Too many messages.
8	Attribute poperty not allowed on element meta at this point.
8	reference to entity "segment" for which no system identifier could be generated
8	Attribute content not allowed on element a at this point.
8	Bad value http://www.twitter.com/Emily Hoxworth/status/290858497682333696 for attribute href on element a: Whitespace in path component. Use %20 in place of spaces.
8	reference to entity "mt" for which no system identifier could be generated
8	Bad value myprotein-header-your-sport-football for attribute rel on element a: The string myprotein-header-your-sport-football is not a registered keyword or absolute URL.
8	Bad value myprotein-header-your-sport-hockey for attribute rel on element a: The string myprotein-header-your-sport-hockey is not a registered keyword or absolute URL.
8	Element meta is missing one or more of the following attributes: http-equiv, itemprop, name, property.
8	Bad value myprotein-header-about-us-about-us for attribute rel on element a: The string myprotein-header-about-us-about-us is not a registered keyword or absolute URL.
8	Attribute search not allowed on element meta at this point.
8	Duplicate ID yw23.
8	Bad value ISO-8859-1 for attribute charset on element script: iso-8859-1 is not a preferred encoding name. The preferred label for this encoding is windows-1252.
8	reference to entity "USERTYPE" for which no system identifier could be generated
8	ID "linkk" already defined
8	Duplicate ID yw22.
8	ID "campaign149-8196" already defined
8	Attribute st_image not allowed on element span at this point.
8	Bad value myprotein-header-about-us-latest-news for attribute rel on element a: The string myprotein-header-about-us-latest-news is not a registered keyword or absolute URL.
7	No strong element in scope but a strong end tag seen.
7	Attribute "javascript:void(0);" not allowed on element a at this point.
7	general entity "city" not defined and no default entity
7	Duplicate ID ul_categories.
7	reference to entity "Go" for which no system identifier could be generated
7	document type does not allow element "h5" here; missing one of "object", "ins", "del", "map", "button" start-tag
7	document type does not allow element "h2" here
7	Attribute nc:rel not allowed on element a at this point.
7	document type does not allow element "blockquote" here; missing one of "button", "map", "object", "ins", "del", "noscript" start-tag
7	The text content of element script was not in the required format: Expected space, tab, newline, or slash but found l instead.
7	End of file seen and there were open elements.
7	there is no attribute "data-options"
7	reference to entity "productTerminalId" for which no system identifier could be generated
7	No a element in scope but a a end tag seen.
7	Bad value no-follow for attribute rel on element a: The string no-follow is not a registered keyword or absolute URL.
7	Attribute version from namespace http://www.google.com/2005/gml/b not allowed on XHTML element html at this point.
7	Element script not allowed as child of element ol in this context. (Suppressing further errors from this subtree.)
7	ID "C-outside" already defined
7	value of attribute "for" must be a single token
7	ID "email" already defined
7	ID "onsale" already defined
7	Bad value site for attribute name on element meta: Keyword site is not registered.
7	reference to entity "productOPId" for which no system identifier could be generated
7	reference to entity "promoCode" for which no system identifier could be generated
7	Bad value 10 Oct 2012 for attribute datetime on element time: The literal did not satisfy the time-datetime format.
7	Bad value 31 Oct 2012 for attribute datetime on element time: The literal did not satisfy the time-datetime format.
7	Bad value 12 Sep 2012 for attribute datetime on element time: The literal did not satisfy the time-datetime format.
7	"lightgrey" is not a member of a group specified for any attribute
7	there is no attribute "maxchars"
7	Element ol not allowed as child of element code in this context. (Suppressing further errors from this subtree.)
7	Bad value 14 Nov 2012 for attribute datetime on element time: The literal did not satisfy the time-datetime format.
7	Bad value 30 Nov 2012 for attribute datetime on element time: The literal did not satisfy the time-datetime format.
7	Bad value 07 Mar 2013 for attribute datetime on element time: The literal did not satisfy the time-datetime format.
7	Bad value twitter:creator:id for attribute name on element meta: Keyword twitter:creator:id is not registered.
7	Bad value 31 Jan 2013 for attribute datetime on element time: The literal did not satisfy the time-datetime format.
7	Bad value 15 Jan 2013 for attribute datetime on element time: The literal did not satisfy the time-datetime format.
7	Bad value 18 Dec 2012 for attribute datetime on element time: The literal did not satisfy the time-datetime format.
7	ID "information" already defined
7	Element strong not allowed as child of element ul in this context. (Suppressing further errors from this subtree.)
7	Attribute " not allowed on element meta at this point.
7	end tag for element "UL" which is not open
7	The abbr attribute on the td element is obsolete. Consider instead beginning the cell contents with concise text, followed by further elaboration if needed.
7	Element style not allowed as child of element td in this context. (Suppressing further errors from this subtree.)
7	there is no attribute "autocapitalize"
7	"mozallowfullscreen" is not a member of a group specified for any attribute
7	Bad value callto:+46 8 6446700 for attribute href on element a: Whitespace in path component. Use %20 in place of spaces.
7	Only elements with role=menuitem or role=menuitemradio or role=menuitemcheckbox are allowed as children of an element with role=menubar.
7	element "h8" undefined
7	there is no attribute "at:flyout-userxid"
7	Element wb:like not allowed as child of element li in this context. (Suppressing further errors from this subtree.)
7	general entity "search_tags" not defined and no default entity
7	there is no attribute "data-to-mobile"
7	general entity "search_app" not defined and no default entity
7	there is no attribute "at:flyout-enabled"
7	reference to entity "bcastr_title" for which no system identifier could be generated
7	reference to entity "bcastr_link" for which no system identifier could be generated
7	ID "columnaDcha3" already defined
7	general entity "idrh" not defined and no default entity
7	reference to entity "CC" for which no system identifier could be generated
7	Bad value popoverl for attribute rel on element a: Not an absolute IRI. The string popoverl is not a registered keyword or absolute URL.
7	Unclosed element l.
7	general entity "Leisure" not defined and no default entity
7	there is no attribute "nombre"
7	reference to entity "fromuid" for which no system identifier could be generated
7	ID "cms_nav_43" already defined
7	duplicate specification of attribute "href"
7	Element l not allowed as child of element ul in this context. (Suppressing further errors from this subtree.)
7	general entity "view" not defined and no default entity
7	end tag for "pe.length" omitted, but OMITTAG NO was specified
7	reference to entity "view" for which no system identifier could be generated
7	element "pe.length" undefined
7	Attribute ; not allowed on element meta at this point.
7	reference to entity "realty-type" for which no system identifier could be generated
7	Bad value text/html for attribute content on element meta: The legacy encoding declaration did not start with text/html;.
7	general entity "O" not defined and no default entity
7	there is no attribute "data-city-id"
7	general entity "_kt" not defined and no default entity
7	reference to entity "_kk" for which no system identifier could be generated
7	Attribute edutype not allowed on element a at this point.
7	reference to entity "_kt" for which no system identifier could be generated
7	general entity "gclid" not defined and no default entity
7	Attribute submit-form-target not allowed on element input at this point.
7	general entity "ddkey" not defined and no default entity
7	Forbidden code point U+0092.
7	Bad value lightbox-ce-247 for attribute rel on element a: Not an absolute IRI. The string lightbox-ce-247 is not a registered keyword or absolute URL.
7	general entity "_kk" not defined and no default entity
7	Duplicate ID note.
7	Duplicate ID note-name.
7	document type does not allow element "ol" here; missing one of "object", "applet", "map", "iframe", "button", "ins", "del" start-tag
7	general entity "kw" not defined and no default entity
7	reference to entity "kw" for which no system identifier could be generated
7	general entity "autostart" not defined and no default entity
7	Bad value Content-type for attribute http-equiv on XHTML element meta.
7	there is no attribute "DATA-FONT"
7	there is no attribute "parse_params"
7	Element div not allowed as child of element strong in this context. (Suppressing further errors from this subtree.)
7	there is no attribute "DATA-LAYOUT"
7	document type does not allow element "b" here; missing one of "p", "h1", "h2", "h3", "h4", "h5", "h6", "div", "pre", "address", "fieldset", "ins", "del" start-tag
7	Bad value tel:  for attribute href on element a: Unicode whitespace in path component.
7	Bad value de_DE for attribute lang on element html: The language subtag de_de is not a valid language subtag.
7	there is no attribute "data-region-id"
7	there is no attribute "data-country-id"
7	missing marked section end
7	Bad value product-gallery for attribute rel on element a: The string product-gallery is not a registered keyword or absolute URL.
7	Bad value MSThemeCompatible for attribute http-equiv on element meta.
7	Bad value charset for attribute http-equiv on element meta.
7	there is no attribute "allownetworking"
7	ID "last_name" already defined
7	Bad value button for attribute type on element a: Subtype missing.
7	general entity "gp" not defined and no default entity
7	reference to entity "gp" for which no system identifier could be generated
7	Bad value /feeds/posts/default/-/How To?alt=json-in-script&callback=relpostimgcuplik&max-results=50 for attribute src on element script: Whitespace in path component. Use %20 in place of spaces.
7	Stray start tag ul.
7	reference to entity "security" for which no system identifier could be generated
7	general entity "security" not defined and no default entity
7	end tag for "tbody" which is not finished
7	reference to entity "Order" for which no system identifier could be generated
7	general entity "invisible" not defined and no default entity
7	reference to entity "invisible" for which no system identifier could be generated
7	non SGML character number 149
7	reference to entity "codAnnonce" for which no system identifier could be generated
7	reference to entity "codOrigine" for which no system identifier could be generated
7	value of attribute "ALIGN" cannot be "TEXTTOP"; must be one of "TOP", "MIDDLE", "BOTTOM", "LEFT", "RIGHT"
7	general entity "Order" not defined and no default entity
7	Bad value lightbox[284] for attribute rel on element a: Illegal character in path component. The string lightbox[284] is not a registered keyword or absolute URL.
7	Element h1 not allowed as child of element dl in this context. (Suppressing further errors from this subtree.)
7	Duplicate ID yw11.
7	value of attribute "valign" cannot be ""; must be one of "top", "middle", "bottom", "baseline"
7	Bad value name for attribute type on element input.
7	document type does not allow element "style" here; assuming missing "head" start-tag
7	there is no attribute "onMouseMove"
7	ID "PART1" already defined
7	Duplicate ID __mceDel.
7	there is no attribute "showfaces"
7	reference to entity "S" for which no system identifier could be generated
7	Bad value Resource-Type for attribute name on element meta: Keyword resource-type is not registered.
7	Attribute val not allowed on element a at this point.
7	Duplicate ID yw9.
7	Duplicate attribute i.
7	ID "Line" already defined
7	reference to entity "SOURCE_FORM" for which no system identifier could be generated
7	reference to entity "delete" for which no system identifier could be generated
7	Element div not allowed as child of element noscript in this context. (Suppressing further errors from this subtree.)
7	Duplicate ID yw17.
7	Attribute ng-controller not allowed on element body at this point.
7	"SYMBOL" is not a member of a group specified for any attribute
7	Duplicate attribute x.
7	Duplicate ID yw35.
7	Duplicate ID yw34.
7	reference to entity "valeur" for which no system identifier could be generated
7	reference to entity "L" for which no system identifier could be generated
7	Duplicate ID yw4.
7	document type does not allow element "P" here
7	Internal encoding declaration iso-8859-1 disagrees with the actual encoding of the document (utf-8).
7	Attribute are not allowed on element meta at this point.
7	"available" is not a member of a group specified for any attribute
7	"image" is not a member of a group specified for any attribute
7	Duplicate ID yw14.
7	required character (found  ) (expected >)
7	Attribute roman?,?serif?;font-size:12pt;? not allowed on element span at this point.
7	Attribute 0.gravatar.com not allowed on element img at this point.
7	reference to entity "idaut" for which no system identifier could be generated
7	Duplicate ID yw21.
7	general entity "add" not defined and no default entity
6	ID "rashi" already defined
6	Duplicate ID yw25.
6	general entity "returnURL" not defined and no default entity
6	ID "tosefot" already defined
6	Attribute winter not allowed on element meta at this point.
6	Bad value 248px for attribute width on element img: Expected a digit but saw p instead.
6	Bad value 94px for attribute height on element img: Expected a digit but saw p instead.
6	Attribute get not allowed on element meta at this point.
6	general entity "includeref" not defined and no default entity
6	"nofollow" is not a member of a group specified for any attribute
6	general entity "updateTrolley" not defined and no default entity
6	reference to entity "redirect_to" for which no system identifier could be generated
6	Attribute _src not allowed on element img at this point.
6	end tag for "blockquote" omitted, but OMITTAG NO was specified
6	end tag for element "blockquote" which is not open
6	general entity "edit" not defined and no default entity
6	reference to entity "edit" for which no system identifier could be generated
6	document type does not allow element "H4" here; missing one of "APPLET", "OBJECT", "MAP", "IFRAME", "BUTTON" start-tag
6	Bad value 240px for attribute height on element img: Expected a digit but saw p instead.
6	Bad value 524px for attribute width on element img: Expected a digit but saw p instead.
6	Bad value Menu for attribute rel on element a: The string menu is not a registered keyword or absolute URL.
6	Element ul not allowed as child of element h4 in this context. (Suppressing further errors from this subtree.)
6	reference to entity "scs-article" for which no system identifier could be generated
6	Opening and ending tag mismatch: html line 2 and a
6	ID "medications-tab-sum" already defined
6	Duplicate attribute winter.
6	"A" is not a member of a group specified for any attribute
6	reference to entity "_methods" for which no system identifier could be generated
6	element "OBJECT" undefined
6	general entity "choe" not defined and no default entity
6	ID "tags" already defined
6	ID "meta-nav" already defined
6	Element p not allowed as child of element h4 in this context. (Suppressing further errors from this subtree.)
6	general entity "keywords" not defined and no default entity
6	there is no attribute "data-average"
6	reference to entity "choe" for which no system identifier could be generated
6	general entity "chld" not defined and no default entity
6	reference to entity "chld" for which no system identifier could be generated
6	Attribute charset not allowed on element link at this point.
6	general entity "Co" not defined and no default entity
6	Duplicate ID gray.
6	Element li not allowed as child of element aside in this context. (Suppressing further errors from this subtree.)
6	Bad value mailto: bullen77@gmail.com for attribute href on element a: Whitespace in path component. Use %20 in place of spaces.
6	Attribute div not allowed on element a at this point.
6	Duplicate ID locale.
6	Duplicate ID flag-counter-2.
6	reference to entity "bO" for which no system identifier could be generated
6	Bad value tel: +13106197754 for attribute href on element a: Whitespace in path component. Use %20 in place of spaces.
6	Duplicate ID first_name.
6	Duplicate ID container.
6	Duplicate ID white.
6	Bad value X-Frame-Options for attribute http-equiv on element meta.
6	Attribute straight not allowed on element meta at this point.
6	Duplicate ID togetherness.
6	there is no attribute "data-max"
6	Attribute autocorrect not allowed on element input at this point.
6	there is no attribute "data-min"
6	Attribute ajaxify not allowed on element a at this point.
6	Duplicate ID imTextObject_8.
6	Element div not allowed as child of element i in this context. (Suppressing further errors from this subtree.)
6	general entity "D" not defined and no default entity
6	Duplicate ID recaptcha_reload_btn.
6	general entity "feature" not defined and no default entity
6	Attribute buckle not allowed on element a at this point.
6	reference to entity "updateTrolley" for which no system identifier could be generated
6	Forbidden code point U+000b.
6	Attribute jacket" not allowed on element meta at this point.
6	Duplicate ID imCell_8.
6	Duplicate ID imCellStyleGraphics_8.
6	Duplicate ID cooperation.
6	general entity "titleBox" not defined and no default entity
6	reference to entity "errorViewName" for which no system identifier could be generated
6	Duplicate ID imCellStyle_8.
6	general entity "Q" not defined and no default entity
6	element "strng" undefined
6	general entity "p_p_lifecycle" not defined and no default entity
6	reference to entity "Q" for which no system identifier could be generated
6	Bad value virtual for attribute wrap on element textarea.
6	Element div not allowed as child of element cite in this context. (Suppressing further errors from this subtree.)
6	Bad value Identifier for attribute name on element meta: Keyword identifier is not registered.
6	ID "Header" already defined
6	invalid comment declaration: found character "/" outside comment but inside comment declaration
6	ID "util_container" already defined
6	Duplicate ID yw27.
6	"K" is not a member of a group specified for any attribute
6	value of attribute "VALIGN" cannot be "”TOP”"; must be one of "TOP", "MIDDLE", "BOTTOM", "BASELINE"
6	character "”" is not allowed in the value of attribute "VALIGN"
6	Duplicate ID yw26.
6	Bad value attachment wp-att-154 for attribute rel on element a: Whitespace in path component. Use %20 in place of spaces. The string attachment is not a registered keyword or absolute URL.
6	Duplicate ID yw38.
6	Bad value 1 for attribute selected on element option.
6	reference to entity "J钻石旗舰店" for which no system identifier could be generated
6	Duplicate ID yw39.
6	ID "campaign020-2310" already defined
6	Bad value gFicheros for attribute rel on element a: The string gficheros is not a registered keyword or absolute URL.
6	Attribute <meta not allowed on element meta at this point.
6	Attribute role not allowed on element hgroup at this point.
6	reference to entity "idart" for which no system identifier could be generated
6	Bad value waermepumpe for attribute rel on element a: The string waermepumpe is not a registered keyword or absolute URL.
6	Bad value nofollow dofollow for attribute rel on element a: Whitespace in path component. Use %20 in place of spaces. The string dofollow is not a registered keyword or absolute URL.
6	character "|" not allowed in attribute specification list
6	element "min" undefined
6	Duplicate ID list_field_44.
6	Duplicate ID yw16.
6	Unclosed element bmotsactu.
6	general entity "fixid" not defined and no default entity
6	Bad value Feb. 15, 2013, 1:14 p.m. for attribute datetime on element time: The literal did not satisfy the time-datetime format.
6	Attribute valign not allowed on element img at this point.
6	element "num" undefined
6	reference to entity "idbib" for which no system identifier could be generated
6	character """ is not allowed in the value of attribute "id"
6	character "+" is not allowed in the value of attribute "id"
6	Bad value solaranlagen for attribute rel on element a: The string solaranlagen is not a registered keyword or absolute URL.
6	Duplicate ID yw43.
6	end tag for "num" omitted, but OMITTAG NO was specified
6	Duplicate attribute value.
6	end tag for "min" omitted, but OMITTAG NO was specified
6	"4px" is not a member of a group specified for any attribute
6	general entity "annotation" not defined and no default entity
6	No digits after &#.
6	Bad value 97% for attribute width on element img: Expected a digit but saw % instead.
6	general entity "_methods" not defined and no default entity
6	reference to entity "INDEX" for which no system identifier could be generated
6	there is no attribute "data-vr-contentbox"
6	Duplicate ID yw13.
6	Duplicate attribute straight.
6	reference to entity "rpctoken" for which no system identifier could be generated
6	Attribute special not allowed on element meta at this point.
6	"value" is not a member of a group specified for any attribute
6	The background attribute on the body element is obsolete. Use CSS instead.
6	ID "medications-tab-bg" already defined
6	Element style not allowed as child of element article in this context. (Suppressing further errors from this subtree.)
6	ID "text1" already defined
6	Duplicate attribute jacket".
6	Attribute boots not allowed on element meta at this point.
6	Bad value text/html; charset=iso-8859-1 for attribute content on element meta: iso-8859-1 is not a valid character encoding name.
6	Duplicate ID yw42.
6	ID "rubric" already defined
6	general entity "rpctoken" not defined and no default entity
6	Duplicate ID winefolly-subscribe-form.
6	general entity "jsh" not defined and no default entity
6	Duplicate ID winefolly-embedded-subscribe.
6	Attribute buckle not allowed on element meta at this point.
6	Bad value false for attribute preload on element audio.
6	ID "campaign004-1372" already defined
6	reference to entity "annotation" for which no system identifier could be generated
6	there is no attribute "st_username"
6	reference to entity "jsh" for which no system identifier could be generated
6	ID "campaign132-2358" already defined
6	Element script not allowed as child of element figure in this context. (Suppressing further errors from this subtree.)
6	Couldn't find end of Start Tag body line 65
6	document type does not allow element "hr" here; missing one of "object", "ins", "del", "map", "button" start-tag
6	Attribute make not allowed on element meta at this point.
6	Attribute stud not allowed on element meta at this point.
6	general entity "parent" not defined and no default entity
6	Attribute & not allowed on element meta at this point.
6	reference to entity "parent" for which no system identifier could be generated
6	ID "medications-tab-price" already defined
6	end tag for "strng" omitted, but OMITTAG NO was specified
6	Attribute background not allowed on element td at this point.
6	Attribute really not allowed on element meta at this point.
6	"controls" is not a member of a group specified for any attribute
6	element "e" undefined
6	Bad value http://www.lavozdegalicia.es/tiempo/index.htm#Vilagarcía de Arousa for attribute href on element a: Whitespace in fragment component. Use %20 in place of spaces.
6	end tag for "e" omitted, but OMITTAG NO was specified
6	reference to entity "tm" for which no system identifier could be generated
6	Duplicate attribute stud.
6	reference to entity "krypto" for which no system identifier could be generated
6	there is no attribute "autocorrect"
6	end tag for "TR" which is not finished
6	Attribute straight not allowed on element a at this point.
6	Duplicate attribute buckle.
6	Duplicate attribute &.
6	Duplicate ID main.
6	element "scr" undefined
6	Element center not allowed as child of element dl in this context. (Suppressing further errors from this subtree.)
6	end tag for "abbr" omitted, but OMITTAG NO was specified
6	Attribute bgcolor not allowed on element object at this point.
6	Bad value application/xhtml+xml; charset=utf-8 for attribute content on element meta: The legacy encoding declaration did not start with text/html;.
6	general entity "feedurl" not defined and no default entity
6	Bad value lightbox-gallery for attribute rel on element a: The string lightbox-gallery is not a registered keyword or absolute URL.
6	reference to entity "feedurl" for which no system identifier could be generated
6	general entity "appid" not defined and no default entity
6	character "," not allowed in end tag
6	Attribute boots not allowed on element a at this point.
6	Attribute winter not allowed on element a at this point.
6	Attribute jacket" not allowed on element a at this point.
6	general entity "p_p_col_id" not defined and no default entity
6	Attribute av not allowed on element section at this point.
6	Attribute stat not allowed on element a at this point.
6	general entity "item" not defined and no default entity
6	general entity "loadlink" not defined and no default entity
6	end tag for "DIV" omitted, but OMITTAG NO was specified
6	general entity "krypto" not defined and no default entity
6	reference to entity "loadlink" for which no system identifier could be generated
6	general entity "src" not defined and no default entity
6	Bad value http://c.statcounter.com/07568423 /0/653aa250 /1/ for attribute src on element img: Whitespace in path component. Use %20 in place of spaces.
6	Bad value respond-redirect for attribute rel on element link: The string respond-redirect is not a registered keyword or absolute URL. Not an absolute IRI.
6	end tag for "B" omitted, but OMITTAG NO was specified
6	end tag for "parseInt" omitted, but OMITTAG NO was specified
6	Bad value respond-proxy for attribute rel on element link: Not an absolute IRI. The string respond-proxy is not a registered keyword or absolute URL.
6	Element ul not allowed as child of element b in this context. (Suppressing further errors from this subtree.)
6	reference to entity "pe" for which no system identifier could be generated
6	Bad value Namc_version for attribute name on element meta: Keyword namc_version is not registered.
6	Bad value nofollow dofollow for attribute rel on element a: The string dofollow is not a registered keyword or absolute URL.
6	element "parseInt" undefined
6	element "bR" undefined
6	Bad value 250px for attribute height on element img: Expected a digit but saw p instead.
6	there is no attribute "opid"
6	general entity "urlContent" not defined and no default entity
6	general entity "xiti_page_category_label" not defined and no default entity
6	reference to entity "xiti_page_category_label" for which no system identifier could be generated
6	there is no attribute "onselectstart"
6	Bad value aktuell for attribute rel on element a: Not an absolute IRI. The string aktuell is not a registered keyword or absolute URL.
6	Bad value unisphere_js for attribute name on element meta: Keyword unisphere_js is not registered.
6	Bad value search for attribute name on element meta: Keyword search is not registered.
6	Duplicate ID nav-wrap.
6	general entity "NAMEofCategory" not defined and no default entity
6	general entity "NAMEofSHOP" not defined and no default entity
6	value of attribute "ALIGN" cannot be "”CENTER”"; must be one of "LEFT", "CENTER", "RIGHT", "JUSTIFY", "CHAR"
6	there is no attribute "FlashVars"
6	reference to entity "bsid" for which no system identifier could be generated
6	general entity "contentType" not defined and no default entity
6	there is no attribute "afs"
6	Element span not allowed as child of element dl in this context. (Suppressing further errors from this subtree.)
6	reference to entity "playid" for which no system identifier could be generated
6	Duplicate ID last_name.
6	character "”" is not allowed in the value of attribute "ALIGN"
6	general entity "extra" not defined and no default entity
6	Duplicate ID name.
6	there is no attribute "poster"
6	value of attribute "type" cannot be "textbox"; must be one of "text", "password", "checkbox", "radio", "submit", "reset", "file", "hidden", "image", "button"
6	ID "category-offer-panel" already defined
6	reference to entity "As" for which no system identifier could be generated
6	Attribute av not allowed on element article at this point.
6	reference to entity "x.indexOf" for which no system identifier could be generated
6	general entity "_82_struts_action" not defined and no default entity
6	general entity "pp" not defined and no default entity
6	reference to entity "slid" for which no system identifier could be generated
6	ID "numeros" already defined
6	The align attribute on the object element is obsolete. Use CSS instead.
6	reference to entity "appid" for which no system identifier could be generated
6	general entity "p_p_mode" not defined and no default entity
6	document type does not allow element "BR" here; missing one of "P", "H1", "H2", "H3", "H4", "H5", "H6", "PRE", "DIV", "ADDRESS" start-tag
6	Duplicate ID further-reading.
6	Attribute special not allowed on element a at this point.
6	Attribute value not allowed on element a at this point.
6	reference to entity "CacheBuster" for which no system identifier could be generated
6	there is no attribute "ROLE"
6	general entity "p_p_col_count" not defined and no default entity
6	general entity "p_p_state" not defined and no default entity
6	reference to entity "quantity" for which no system identifier could be generated
6	Attribute color not allowed on element img at this point.
6	reference to entity "qs" for which no system identifier could be generated
6	reference to entity "ptcl" for which no system identifier could be generated
6	general entity "GiftMode" not defined and no default entity
6	Attribute stud not allowed on element a at this point.
6	reference to entity "catEntryId" for which no system identifier could be generated
6	reference to entity "dest" for which no system identifier could be generated
6	Attribute datatype not allowed on element meta at this point.
6	Bad value 980px for attribute width on element img: Expected a digit but saw p instead.
6	ID "internal-source-marker_0.5625592130236328" already defined
6	Attribute & not allowed on element a at this point.
6	ID "boton-filtros" already defined
6	reference to entity "HTMLOP" for which no system identifier could be generated
6	Duplicate attribute special.
6	end tag for element "label" which is not open
6	Attribute with not allowed on element a at this point.
6	Bad value 200px for attribute height on element img: Expected a digit but saw p instead.
6	Attribute hidefocus not allowed on element input at this point.
6	ID "numero-gris" already defined
6	"5.1-Set" is not a member of a group specified for any attribute
5	reference to entity "typeof" for which no system identifier could be generated
5	duplicate specification of attribute "STYLE"
5	XHTML element script not allowed as child of XHTML element link in this context. (Suppressing further errors from this subtree.)
5	general entity "topic_id" not defined and no default entity
5	general entity "Catanmusic.T14b.jpg" not defined and no default entity
5	reference to entity "Catanmusic.T14b.jpg" for which no system identifier could be generated
5	there is no attribute "onUnload"
5	end tag for "h2" omitted, but OMITTAG NO was specified
5	ID "whiteheading" already defined
5	reference to entity "b64_50_sceau_cible_bouton_lgn" for which no system identifier could be generated
5	there is no attribute "data-widgetkit"
5	No b element in scope but a b end tag seen.
5	Bad value Sun Jul 07 07:56:37 +0000 2013 for attribute datetime on element time: The literal did not satisfy the time-datetime format.
5	Bad value #most-popular for attribute rel on element a: Not an absolute IRI. The string #most-popular is not a registered keyword or absolute URL.
5	ID "uname" already defined
5	there is no attribute "DATA-CFEMAIL"
5	Bad value Sat Jul 06 20:03:14 +0000 2013 for attribute datetime on element time: The literal did not satisfy the time-datetime format.
5	reference to entity "j" for which no system identifier could be generated
5	end tag for element "l" which is not open
5	general entity "catid" not defined and no default entity
5	Element ol not allowed as child of element ol in this context. (Suppressing further errors from this subtree.)
5	reference to entity "region" for which no system identifier could be generated
5	Bad value #most-shared for attribute rel on element a: Not an absolute IRI. The string #most-shared is not a registered keyword or absolute URL.
5	reference to entity "qy" for which no system identifier could be generated
5	end tag for "del" omitted, but OMITTAG NO was specified
5	general entity "blobtable" not defined and no default entity
5	end tag for "bR" omitted, but OMITTAG NO was specified
5	reference to entity "articleId" for which no system identifier could be generated
5	reference to entity "hd" for which no system identifier could be generated
5	reference to entity "blobkey" for which no system identifier could be generated
5	Stray end tag dl.
5	Duplicate ID yw41.
5	Bad value Sun Jul 07 07:57:36 +0000 2013 for attribute datetime on element time: The literal did not satisfy the time-datetime format.
5	Element fb:like not allowed as child of element span in this context. (Suppressing further errors from this subtree.)
5	reference to entity "blobtable" for which no system identifier could be generated
5	general entity "blobwhere" not defined and no default entity
5	reference to entity "blobwhere" for which no system identifier could be generated
5	there is no attribute "label"
5	general entity "ssbinary" not defined and no default entity
5	reference to entity "pageNo" for which no system identifier could be generated
5	end tag for element "del" which is not open
5	reference to entity "can" for which no system identifier could be generated
5	reference to entity "topic_id" for which no system identifier could be generated
5	reference to entity "gate_50" for which no system identifier could be generated
5	Bad value http://antirsi.onnluc, .com for attribute href on element a: Whitespace in host component. Use %20 in place of spaces.
5	element "data.result.length" undefined
5	reference to entity "ssbinary" for which no system identifier could be generated
5	general entity "blobkey" not defined and no default entity
5	reference to entity "wvr" for which no system identifier could be generated
5	general entity "can" not defined and no default entity
5	reference to entity "ls" for which no system identifier could be generated
5	ID "hot1tag_4" already defined
5	Duplicate ID job_title.
5	end tag for "i" omitted, but OMITTAG NO was specified
5	end tag for element "i" which is not open
5	end tag for element "G" which is not open
5	reference to entity "thumbnail" for which no system identifier could be generated
5	general entity "M" not defined and no default entity
5	element "NOBR" undefined
5	document type does not allow element "ol" here; missing one of "object", "ins", "del", "map", "button" start-tag
5	there is no attribute "HASPERS"
5	end tag for "data.result.length" omitted, but OMITTAG NO was specified
5	reference to entity "preuve" for which no system identifier could be generated
5	element "h7" undefined
5	general entity "preuve" not defined and no default entity
5	general entity "pro_type" not defined and no default entity
5	Duplicate ID submit-id-save.
5	there is no attribute "ALLOWDELETE"
5	general entity "page_position" not defined and no default entity
5	reference to entity "M" for which no system identifier could be generated
5	element "TH" undefined
5	Duplicate ID country.
5	Duplicate ID state.
5	Bad value http://twitter.com/?status=http://onemore.fr (via @onemore) for attribute href on element a: Whitespace in query component. Use %20 in place of spaces.
5	general entity "simple" not defined and no default entity
5	end tag for "ORG" omitted, but OMITTAG NO was specified
5	Duplicate ID zip.
5	end tag for "bL" omitted, but OMITTAG NO was specified
5	reference to entity "simple" for which no system identifier could be generated
5	there is no attribute "WEBPARTID"
5	Bad value  for attribute id on element input: An ID must not be the empty string.
5	Duplicate ID 00NE0000003pBld.
5	Duplicate ID street.
5	Duplicate ID city.
5	reference to entity "Uin" for which no system identifier could be generated
5	ID "pass" already defined
5	general entity "br_id" not defined and no default entity
5	ID "hot1tag_6" already defined
5	general entity "release_id" not defined and no default entity
5	reference to entity "release_id" for which no system identifier could be generated
5	ID "hot1tag_7" already defined
5	general entity "list" not defined and no default entity
5	ID "skiplinks" already defined
5	Bad value de_CH for attribute hreflang on element link: The language subtag de_ch is not a valid language subtag.
5	Duplicate ID cont.
5	ID "hot1tag_5" already defined
5	Attribute slideid not allowed on element li at this point.
5	Stray end tag aside.
5	ID "hot1tag_1" already defined
5	ID "hot1tag_2" already defined
5	general entity "b64_50_sceau_cible_bouton_lgn" not defined and no default entity
5	ID "nointelliTXT" already defined
5	ID "hot1tag_3" already defined
5	reference to entity "package_id" for which no system identifier could be generated
5	end tag for "th" omitted, but OMITTAG NO was specified
5	reference to entity "fref" for which no system identifier could be generated
5	reference to entity "ARTICLE_ID" for which no system identifier could be generated
5	Attribute url not allowed on element a at this point.
5	general entity "fref" not defined and no default entity
5	there is no attribute "max"
5	reference to entity "video" for which no system identifier could be generated
5	ID "Tab1" already defined
5	end tag for element "FONT" which is not open
5	Duplicate ID works.
5	reference to entity "imageUrl" for which no system identifier could be generated
5	ID "hot1tag_8" already defined
5	ID "hot1tag_9" already defined
5	ID "hot1tag_10" already defined
5	The element h5 must not appear as a descendant of the address element.
5	general entity "package_id" not defined and no default entity
5	Attribute type not allowed on element div at this point.
5	there is no attribute "REL"
5	Duplicate ID yw46.
5	element "bL" undefined
5	Bad value  for attribute id on element div: An ID must not be the empty string.
5	Bad value content for attribute role on element div.
5	Bad value gallery_group for attribute rel on element a: The string gallery_group is not a registered keyword or absolute URL.
5	reference to entity "logo" for which no system identifier could be generated
5	reference to entity "StrucID" for which no system identifier could be generated
5	reference to entity "Kern" for which no system identifier could be generated
5	end tag for "category" omitted, but OMITTAG NO was specified
5	element "category" undefined
5	Attribute herf not allowed on element a at this point.
5	reference to entity "bL" for which no system identifier could be generated
5	end tag for element "object" which is not open
5	"wp-image-204" is not a member of a group specified for any attribute
5	"X" is not a member of a group specified for any attribute
5	"Os" is not a member of a group specified for any attribute
5	reference to entity "Play" for which no system identifier could be generated
5	"Windows" is not a member of a group specified for any attribute
5	Duplicate ID baseline.
5	Bad value Pragma for attribute http-equiv on element meta.
5	reference to entity "ord" for which no system identifier could be generated
5	Bad value sublist-3 for attribute rel on element a: Not an absolute IRI. The string sublist-3 is not a registered keyword or absolute URL.
5	Element h2 not allowed as child of element dl in this context. (Suppressing further errors from this subtree.)
5	general entity "ck" not defined and no default entity
5	ID "ACTIVEUL" already defined
5	Attribute 0"" not allowed on element iframe at this point.
5	ID "FORM1" already defined
5	reference to entity "ck" for which no system identifier could be generated
5	ID "wide_img" already defined
5	ID "wrap" already defined
5	ID "cat" already defined
5	reference to entity "wmode" for which no system identifier could be generated
5	Bad value 5904 for attribute rel on element a: Not an absolute IRI. The string 5904 is not a registered keyword or absolute URL.
5	ID "sponsors" already defined
5	there is no attribute "BORDERCOLOR"
5	Bad value UZ for attribute rel on element a: The string uz is not a registered keyword or absolute URL. Not an absolute IRI.
5	Bad value twitter:image:height for attribute name on element meta: Keyword twitter:image:height is not registered.
5	Stray end tag h2.
5	non SGML character number 154
5	Bad value twitter:image:width for attribute name on element meta: Keyword twitter:image:width is not registered.
5	Bad value 5907 for attribute rel on element a: Not an absolute IRI. The string 5907 is not a registered keyword or absolute URL.
5	Bad value 686 for attribute rel on element a: Not an absolute IRI. The string 686 is not a registered keyword or absolute URL.
5	general entity "g" not defined and no default entity
5	Duplicate ID footer-right.
5	Duplicate ID livekobetsu_footer.
5	general entity "_82_languageId" not defined and no default entity
5	general entity "p_p_id" not defined and no default entity
5	Duplicate attribute 0"".
5	Bad value prettyPhoto[phpmelody] for attribute rel on element a: The string prettyphoto[phpmelody] is not a registered keyword or absolute URL.
5	general entity "_contentssearch_WAR_alfresco_packportlet_struts_action" not defined and no default entity
5	reference to entity "_contentssearch_WAR_alfresco_packportlet_struts_action" for which no system identifier could be generated
5	general entity "logo" not defined and no default entity
5	general entity "pathInfo" not defined and no default entity
5	general entity "companayIdParam" not defined and no default entity
5	reference to entity "NoUrlRewrite" for which no system identifier could be generated
5	Attribute www.googletagmanager.com not allowed on element iframe at this point.
5	general entity "GetCurrentData" not defined and no default entity
5	Bad value  for attribute height on element iframe: The empty string is not a valid non-negative integer.
5	reference to entity "GetCurrentData" for which no system identifier could be generated
5	there is no attribute "preload"
5	Bad value  for attribute width on element iframe: The empty string is not a valid non-negative integer.
5	Attribute display:none;visibility:hidden"" not allowed on element iframe at this point.
5	"HIS" is not a member of a group specified for any attribute
5	Attribute ns.html?id not allowed on element iframe at this point.
5	there is no attribute "autoplay"
5	general entity "_listcontents_WAR_alfresco_packportlet_INSTANCE_3S0b_struts_action" not defined and no default entity
5	general entity "_contentviewerservice_WAR_alfresco_packportlet_struts_action" not defined and no default entity
5	ID "COMMENT-FORM" already defined
5	element "NAV" undefined
5	element "MEATA" undefined
5	general entity "dn" not defined and no default entity
5	ID "RESPOND" already defined
5	ID "CANCEL-COMMENT-REPLY-LINK" already defined
5	"Mac" is not a member of a group specified for any attribute
5	there is no attribute "QTLID"
5	duplicate specification of attribute "VALUE"
5	ID "DELIMETER" already defined
5	"wp-image-201" is not a member of a group specified for any attribute
5	general entity "Go" not defined and no default entity
5	delimiter "/" invalid: only S separators and TAGC allowed here
5	general entity "_listcontents_WAR_alfresco_packportlet_INSTANCE_3S0b_startPage" not defined and no default entity
5	general entity "_contentviewerservice_WAR_alfresco_packportlet_nodeName" not defined and no default entity
5	Duplicate ID footer_mega_menu.
5	general entity "NoUrlRewrite" not defined and no default entity
5	general entity "StrucID" not defined and no default entity
5	there is no attribute "webkitallowfullscreen"
5	there is no attribute "mozallowfullscreen"
5	reference to entity "event.keyCode" for which no system identifier could be generated
5	document type does not allow element "i" here; missing one of "dt", "dd" start-tag
5	Stray end tag style.
5	Bad value drbroadcastdate for attribute name on element meta: Keyword drbroadcastdate is not registered.
5	ID "breadcrumbs_item" already defined
5	Attribute roman";" not allowed on element span at this point.
5	Attribute width not allowed on element input at this point.
5	Duplicate ID yw33.
5	unexpected characters after document end (found <)
5	general entity "n" not defined and no default entity
5	Bad value http://watchever.bild.de/?xtor=AD-750-[Integration]-[BILD]-[TEXTLINK]-[all]-[0]-[BILDMOVIES] for attribute href on element a: Illegal character in query component.
5	general entity "event.keyCode" not defined and no default entity
5	reference to undeclared general entity rsquo
5	Bad value drid for attribute name on element meta: Keyword drid is not registered.
5	reference to entity "area_name" for which no system identifier could be generated
5	Bad value 5850 for attribute rel on element a: Not an absolute IRI. The string 5850 is not a registered keyword or absolute URL.
5	Bad value drtitle for attribute name on element meta: Keyword drtitle is not registered.
5	Bad value pubdate for attribute name on element meta: Keyword pubdate is not registered.
5	Bad value drpubdate for attribute name on element meta: Keyword drpubdate is not registered.
5	Attribute tooltip not allowed on element select at this point.
5	ID "internal-source-marker_0.6261408536229283" already defined
5	Bad value drstartdate for attribute name on element meta: Keyword drstartdate is not registered.
5	Duplicate ID yw37.
5	Bad value 5891 for attribute rel on element a: The string 5891 is not a registered keyword or absolute URL. Not an absolute IRI.
5	Attribute la not allowed on element a at this point.
5	ID "default-footer" already defined
5	Bad value 561 for attribute rel on element a: Not an absolute IRI. The string 561 is not a registered keyword or absolute URL.
5	Attribute this not allowed on element meta at this point.
5	reference to entity "ei" for which no system identifier could be generated
5	Duplicate ID submenu.
5	Attribute market not allowed on element a at this point.
5	Bad value Bodrum da Düğün for attribute href on element link: Whitespace in path component. Use %20 in place of spaces.
5	Bad value 61 for attribute rel on element a: Not an absolute IRI. The string 61 is not a registered keyword or absolute URL.
5	Element ul not allowed as child of element font in this context. (Suppressing further errors from this subtree.)
5	Bad value tag, external for attribute rel on element a: The string tag, is not a registered keyword or absolute URL.
5	Attribute sizcache not allowed on element ul at this point.
5	Attribute sizset not allowed on element ul at this point.
5	"webkitAllowFullScreen" is not a member of a group specified for any attribute
5	end tag for "source" omitted, but OMITTAG NO was specified
5	reference to entity "oi" for which no system identifier could be generated
5	Bad value mailto: 1212@dr.dk for attribute href on element a: Whitespace in path component. Use %20 in place of spaces.
5	Duplicate ID eow-date.
5	ID "cMenu" already defined
5	Bad value 5 for attribute border on element img: Only 0 is a permitted zero literal.
5	reference to entity "qsAvgB" for which no system identifier could be generated
5	Bad value KO for attribute rel on element a: Not an absolute IRI. The string ko is not a registered keyword or absolute URL.
5	general entity "country" not defined and no default entity
5	reference to entity "single" for which no system identifier could be generated
5	Attribute shipping not allowed on element meta at this point.
5	Bad value 70 for attribute rel on element a: Not an absolute IRI. The string 70 is not a registered keyword or absolute URL.
5	Duplicate ID internal-source-marker_0.763909716391936.
5	Bad value FJ for attribute rel on element a: Not an absolute IRI. The string fj is not a registered keyword or absolute URL.
5	Bad value PT for attribute rel on element a: Not an absolute IRI. The string pt is not a registered keyword or absolute URL.
5	reference to entity "country" for which no system identifier could be generated
5	
5	ID "menu_center" already defined
5	ID "demo" already defined
5	Row 1 of a row group established by a tbody element has no cells beginning on it.
5	there is no attribute "fb:like:locale"
5	Attribute just not allowed on element meta at this point.
5	there is no attribute "DISPLAYTEXT"
5	Bad value 5868 for attribute rel on element a: Not an absolute IRI. The string 5868 is not a registered keyword or absolute URL.
5	general entity "sitemap" not defined and no default entity
5	Bad value AE for attribute rel on element a: Not an absolute IRI. The string ae is not a registered keyword or absolute URL.
5	Bad value 1071 for attribute rel on element a: Not an absolute IRI. The string 1071 is not a registered keyword or absolute URL.
5	Bad value 4557 for attribute rel on element a: Not an absolute IRI. The string 4557 is not a registered keyword or absolute URL.
5	Bad value 449 for attribute rel on element a: Not an absolute IRI. The string 449 is not a registered keyword or absolute URL.
5	Bad value 5127 for attribute rel on element a: Not an absolute IRI. The string 5127 is not a registered keyword or absolute URL.
5	Bad value 16 for attribute rel on element a: Not an absolute IRI. The string 16 is not a registered keyword or absolute URL.
5	ID "div1" already defined
5	there is no attribute "data-product_id"
5	character "!" is not allowed in the value of attribute "name"
5	Bad value 5826 for attribute rel on element a: Not an absolute IRI. The string 5826 is not a registered keyword or absolute URL.
5	reference to entity "sitemap" for which no system identifier could be generated
5	Element h1 not allowed as child of element a in this context. (Suppressing further errors from this subtree.)
5	element "STYLE" undefined
5	Attribute your not allowed on element meta at this point.
5	Duplicate ID paginationactu.
5	element "MARQUEE" undefined
5	Attribute can not allowed on element meta at this point.
5	ID "entetePub" already defined
4	"Linux" is not a member of a group specified for any attribute
4	Attribute http: not allowed on element form at this point.
4	"wp-image-203" is not a member of a group specified for any attribute
4	ID "tag_" already defined
4	Attribute demo.guodin.com not allowed on element form at this point.
4	document type does not allow element "DIV" here; assuming missing "DD" start-tag
4	document type does not allow element "em" here
4	reference to entity "s.apv" for which no system identifier could be generated
4	Attribute min not allowed on element input at this point.
4	Attribute max not allowed on element input at this point.
4	value of attribute "VALIGN" cannot be "CENTER"; must be one of "TOP", "MIDDLE", "BOTTOM", "BASELINE"
4	Bad value 500px for attribute width on element embed: Expected a digit but saw p instead.
4	reference to entity "oc.indexOf" for which no system identifier could be generated
4	"green" is not a member of a group specified for any attribute
4	Bad value 175px for attribute height on element embed: Expected a digit but saw p instead.
4	Attribute de not allowed on element a at this point.
4	Bad start tag in p in head.
4	element "gNumBoxes561" undefined
4	reference to entity "h.substring" for which no system identifier could be generated
4	Duplicate ID adv_email2.
4	end tag for "gNumBoxes561" omitted, but OMITTAG NO was specified
4	Bad value javascript:// for attribute href on element a: missing } after function body
4	reference to entity "ds" for which no system identifier could be generated
4	reference to entity "cs" for which no system identifier could be generated
4	end tag for "scr" omitted, but OMITTAG NO was specified
4	character "[" not allowed in attribute specification list
4	reference to entity "pt2" for which no system identifier could be generated
4	Duplicate ID OsCritCont_date.
4	Attribute hidefocus not allowed on element button at this point.
4	Duplicate ID OsCritCont_btnrech.
4	element "SECTION" undefined
4	reference to entity "status" for which no system identifier could be generated
4	Bad value cheched for attribute checked on element input.
4	reference to entity "charset" for which no system identifier could be generated
4	Bad value guestbook for attribute rel on element a: The string guestbook is not a registered keyword or absolute URL.
4	there is no attribute "AUTOSTART"
4	reference to entity "classtype" for which no system identifier could be generated
4	Attribute eventid not allowed on element div at this point.
4	Bad value callto://+*********** for attribute href on element a: Host component did not meet the restrictions on DNS names.
4	Attribute monkey not allowed on element li at this point.
4	ID "menu_right" already defined
4	Attribute rel not allowed on element button at this point.
4	element "N" undefined
4	Bad value 288px for attribute width on element img: Expected a digit but saw p instead.
4	ID "menu_left" already defined
4	The text content of element style was not in the required format: Content contains the character sequence <!-- without a later occurrence of the character sequence -->.
4	ID "docs-internal-guid-5c573ade-4553-c041-612c-b73292d13486" already defined
4	required character (found d) (expected b)
4	general entity "vers" not defined and no default entity
4	Duplicate ID _n.
4	Duplicate ID menu.
4	Duplicate ID right.
4	ID "write-product-review" already defined
4	there is no attribute "areacode"
4	reference to entity "nboardId" for which no system identifier could be generated
4	Attribute column not allowed on element div at this point.
4	duplicate specification of attribute "TITLE"
4	there is no attribute "data-ui-mark"
4	Bad value 131.25 for attribute height on element img: Expected a digit but saw . instead.
4	reference to entity "currentlang" for which no system identifier could be generated
4	there is no attribute "action-type"
4	value of attribute "frameborder" cannot be "no"; must be one of "1", "0"
4	Duplicate ID Ebene_1.
4	XHTML element p not allowed as child of XHTML element br in this context. (Suppressing further errors from this subtree.)
4	Attribute readonly not allowed on element input at this point.
4	there is no attribute "data-lightbox"
4	Unclosed element i.
4	Element div not allowed as child of element small in this context. (Suppressing further errors from this subtree.)
4	Bad value 0 for attribute size on element select: Zero is not a positive integer.
4	Duplicate ID author-115262.
4	there is no attribute "suda-data"
4	"lo" is not a member of a group specified for any attribute
4	general entity "MO" not defined and no default entity
4	Element style not allowed as child of element section in this context. (Suppressing further errors from this subtree.)
4	document type does not allow element "h3" here; missing one of "button", "map", "object", "ins", "del", "noscript" start-tag
4	"Originales" is not a member of a group specified for any attribute
4	reference to entity "authenticate" for which no system identifier could be generated
4	reference to entity "ft" for which no system identifier could be generated
4	Bad value omni_page for attribute name on element meta: Keyword omni_page is not registered.
4	general entity "typeof" not defined and no default entity
4	general entity "utm_term" not defined and no default entity
4	reference to entity "group_id" for which no system identifier could be generated
4	Bad value Category for attribute name on element meta: Keyword category is not registered.
4	Attribute av not allowed on element ul at this point.
4	end tag for "N" omitted, but OMITTAG NO was specified
4	Bad value if (this.value =='') {this.value = ' for attribute onblur on element input: unterminated string literal
4	Bad value 175px for attribute height on element object: Expected a digit but saw p instead.
4	Duplicate ID label-name.
4	Duplicate ID label-mail.
4	reference to entity "s.pt" for which no system identifier could be generated
4	there is no attribute "invokeurls"
4	Forbidden code point U+0082.
4	Bad value 500px for attribute width on element object: Expected a digit but saw p instead.
4	there is no attribute "data-pinit"
4	reference to entity "CO" for which no system identifier could be generated
4	general entity "Play" not defined and no default entity
4	value of attribute "align" cannot be "Center"; must be one of "left", "center", "right", "justify", "char"
4	reference to entity "new" for which no system identifier could be generated
4	reference to entity "prix_fous" for which no system identifier could be generated
4	end tag for element "SPA" which is not open
4	reference to entity "url_marque" for which no system identifier could be generated
4	reference to entity "mo" for which no system identifier could be generated
4	general entity "mo" not defined and no default entity
4	reference to entity "product_id" for which no system identifier could be generated
4	reference to entity "root_category_id" for which no system identifier could be generated
4	reference to entity "exclu" for which no system identifier could be generated
4	reference to entity "outlet" for which no system identifier could be generated
4	ID "admodul_artikel_3" already defined
4	reference to entity "ReportName" for which no system identifier could be generated
4	reference to entity "orderBy" for which no system identifier could be generated
4	reference to entity "pfg" for which no system identifier could be generated
4	value of attribute "align" cannot be ""; must be one of "left", "center", "right", "justify", "char"
4	Bad value dialog for attribute rel on element a: Not an absolute IRI. The string dialog is not a registered keyword or absolute URL.
4	general entity "imageUrl" not defined and no default entity
4	reference to entity "keepThis" for which no system identifier could be generated
4	reference to entity "TB_iframe" for which no system identifier could be generated
4	Attribute " not allowed on element form at this point.
4	Bad value lightbox[gallery913109114162184041] for attribute rel on element a: Illegal character in path component. The string lightbox[gallery913109114162184041] is not a registered keyword or absolute URL.
4	Attribute title"jason not allowed on element a at this point.
4	Attribute putorti" not allowed on element a at this point.
4	reference to entity "_i" for which no system identifier could be generated
4	reference to entity "qfh_ft" for which no system identifier could be generated
4	reference to entity "qfh_rct" for which no system identifier could be generated
4	reference to entity "str" for which no system identifier could be generated
4	ID "text" already defined
4	Bad value  for attribute href on element a: Illegal character in query component.
4	Stray end tag article.
4	Element div not allowed as child of element code in this context. (Suppressing further errors from this subtree.)
4	end tag for "Br" omitted, but OMITTAG NO was specified
4	element "Br" undefined
4	reference to entity "trail" for which no system identifier could be generated
4	reference to entity "catName" for which no system identifier could be generated
4	ID "Image164" already defined
4	ID "Image158" already defined
4	ID "Image153" already defined
4	end tag for "H1" omitted, but OMITTAG NO was specified
4	end tag for element "h1" which is not open
4	Duplicate ID gsWidget.
4	reference to entity "showOutOfStockItems" for which no system identifier could be generated
4	reference to entity "tUrl" for which no system identifier could be generated
4	reference to entity "pageIndex" for which no system identifier could be generated
4	reference to entity "ignt" for which no system identifier could be generated
4	reference to entity "minPrice" for which no system identifier could be generated
4	reference to entity "maxPrice" for which no system identifier could be generated
4	"9" is not a member of a group specified for any attribute
4	document type does not allow element "th" here; assuming missing "tr" start-tag
4	Duplicate ID head.
4	there is no attribute "CELLPADDING"
4	Attribute sites not allowed on element meta at this point.
4	ID "recentOrdersCustomers" already defined
4	ID "recentOrdersName" already defined
4	Bad value  for attribute max on element input: The empty string is not a valid floating point number.
4	Duplicate ID idencuesta.
4	Duplicate ID IDCommentPostInfoTime284.
4	Duplicate ID IDCommentPostInfoTitle284.
4	Duplicate ID IDCommentPostInfoAuthor284.
4	Duplicate ID IDCommentPostInfoGuid284.
4	Duplicate ID toUrl.
4	ID "boxRecentOrdersImg" already defined
4	Attribute social not allowed on element meta at this point.
4	reference to entity "bundleSku" for which no system identifier could be generated
4	Bad value gallery-688 for attribute rel on element a: The string gallery-688 is not a registered keyword or absolute URL.
4	ID "reply-title" already defined
4	Attribute zscript_global not allowed on element script at this point.
4	Attribute original-image not allowed on element li at this point.
4	there is no attribute "bgColor"
4	element "i-frame" undefined
4	ID "recentOrderItemWrapper" already defined
4	there is no attribute "mce_href"
4	Duplicate ID rd_mr.
4	ID "javax.faces.ViewState" already defined
4	"7px" is not a member of a group specified for any attribute
4	ID "campaign020-2810" already defined
4	Bad value if:Wide Images for attribute name on element meta: Keyword if:wide images is not registered.
4	Bad value if:Show Navigation for attribute name on element meta: Keyword if:show navigation is not registered.
4	element "E" undefined
4	Bad value if:Show Description for attribute name on element meta: Keyword if:show description is not registered.
4	Bad value if:Show Post Tags for attribute name on element meta: Keyword if:show post tags is not registered.
4	Duplicate ID office.
4	Duplicate ID working.
4	Duplicate ID standing.
4	Duplicate ID businessmen.
4	Duplicate ID sitting.
4	Duplicate ID confident.
4	Duplicate ID teamwork.
4	Bad value if:Show Post Notes for attribute name on element meta: Keyword if:show post notes is not registered.
4	End tag b violates nesting rules.
4	Bad value color:Link Hover for attribute name on element meta: Keyword color:link hover is not registered.
4	Bad value color:Link Text for attribute name on element meta: Keyword color:link text is not registered.
4	Bad value color:Link Active for attribute name on element meta: Keyword color:link active is not registered.
4	Bad value color:Secondary Text for attribute name on element meta: Keyword color:secondary text is not registered.
4	general entity "orderId" not defined and no default entity
4	Bad value color:Body Text for attribute name on element meta: Keyword color:body text is not registered.
4	Bad value mailto: lbrn@dr.dk for attribute href on element a: Whitespace in path component. Use %20 in place of spaces.
4	Bad value if:Show Copyright for attribute name on element meta: Keyword if:show copyright is not registered.
4	Bad value if:Show Archive Navigation Link for attribute name on element meta: Keyword if:show archive navigation link is not registered.
4	Bad value if:Alternate Header Layout for attribute name on element meta: Keyword if:alternate header layout is not registered.
4	Bad value color:Content Background for attribute name on element meta: Keyword color:content background is not registered.
4	Duplicate ID executive.
4	Duplicate ID businesswomen.
4	Couldn't find end of Start Tag body line 64
4	ID "campaign004-5748" already defined
4	reference to entity "v1" for which no system identifier could be generated
4	there is no attribute "start"
4	Bad value async for attribute rel on element a: The string async is not a registered keyword or absolute URL.
4	Stray end tag cite.
4	ID "kontenproduk" already defined
4	general entity "oi" not defined and no default entity
4	ID "campaign004-0134" already defined
4	general entity "sa" not defined and no default entity
4	element "BODY" undefined
4	data-* attribute names must be XML 1.0 4th ed. plus Namespaces NCNames.
4	Attribute crossorigin not allowed on element script at this point.
4	Duplicate ID document.
4	Duplicate ID conventions.
4	Duplicate ID brainstorm.
4	Duplicate ID partnership.
4	Duplicate ID apprentice.
4	Duplicate ID lawyers.
4	The bgcolor attribute on the body element is obsolete. Use CSS instead.
4	Duplicate ID meeting.
4	Duplicate ID desk.
4	Duplicate ID partners.
4	Duplicate ID team.
4	Duplicate ID justice.
4	Duplicate ID IDCommentPostInfoPermalink284.
4	general entity "j" not defined and no default entity
4	Start tag h3 seen in table.
4	Bad character = after <. Probable cause: Unescaped <. Try escaping it as &lt;.
4	Attribute colspan not allowed on element tr at this point.
4	The element h2 must not appear as a descendant of the th element.
4	Bad value 435px for attribute width on element img: Expected a digit but saw p instead.
4	invalid comment declaration: found character "@" outside comment but inside comment declaration
4	Bad value 100px for attribute height on element img: Expected a digit but saw p instead.
4	there is no attribute "data-cid"
4	there is no attribute "data-edit"
4	reference to entity "ad_type_id" for which no system identifier could be generated
4	Bad value 148px for attribute height on element img: Expected a digit but saw p instead.
4	Bad value 173px for attribute width on element img: Expected a digit but saw p instead.
4	Bad value last-modified for attribute http-equiv on XHTML element meta.
4	Attribute google not allowed on element meta at this point.
4	Attribute itinéraire' not allowed on element input at this point.
4	ID "WOWS1" already defined
4	ID "left_menu" already defined
4	Bad value set_386 for attribute rel on element a: Not an absolute IRI. The string set_386 is not a registered keyword or absolute URL.
4	element "uscesL10n.key_opts.length" undefined
4	required character (found l) (expected >)
4	ID "tabcontentarea" already defined
4	Attribute thought not allowed on element meta at this point.
4	Attribute see not allowed on element meta at this point.
4	Attribute other not allowed on element meta at this point.
4	Element legend not allowed as child of element form in this context. (Suppressing further errors from this subtree.)
4	there is no attribute "data-quote"
4	there is no attribute "data-rate"
4	Unclosed element center.
4	Element span not allowed as child of element ol in this context. (Suppressing further errors from this subtree.)
4	"sexual" is not a member of a group specified for any attribute
4	reference to entity "tmp" for which no system identifier could be generated
4	Attribute tipo not allowed on element img at this point.
4	XHTML element meta not allowed as child of XHTML element base in this context. (Suppressing further errors from this subtree.)
4	general entity "linknr" not defined and no default entity
4	reference to entity "slr" for which no system identifier could be generated
4	reference to entity "slt" for which no system identifier could be generated
4	reference to entity "lpt" for which no system identifier could be generated
4	ID "diaporamaContenu" already defined
4	reference to entity "linknr" for which no system identifier could be generated
4	Attribute iddestaque not allowed on element a at this point.
4	Duplicate ID side_nav.
4	there is no attribute "jQuery1344993142035"
4	Duplicate ID form4.
4	"center" is not a member of a group specified for any attribute
4	Element div not allowed as child of element h6 in this context. (Suppressing further errors from this subtree.)
4	Element hr not allowed as child of element font in this context. (Suppressing further errors from this subtree.)
4	ID "form4" already defined
4	there is no attribute "minlength"
4	Duplicate ID wrapper.
4	The align attribute on the hr element is obsolete. Use CSS instead.
4	end tag for element "tbody" which is not open
4	end tag for element "center" which is not open
4	end tag for "uscesL10n.key_opts.length" omitted, but OMITTAG NO was specified
4	Unclosed element footer.
4	Bad value attachment wp-att-775 for attribute rel on element a: The string attachment is not a registered keyword or absolute URL.
4	Bad value attachment wp-att-806 for attribute rel on element a: The string attachment is not a registered keyword or absolute URL.
4	Bad value attachment wp-att-776 for attribute rel on element a: The string attachment is not a registered keyword or absolute URL.
4	Bad value attachment wp-att-778 for attribute rel on element a: The string attachment is not a registered keyword or absolute URL.
4	Bad value attachment wp-att-779 for attribute rel on element a: The string attachment is not a registered keyword or absolute URL.
4	reference to entity "J" for which no system identifier could be generated
4	Attribute every not allowed on element meta at this point.
4	"page" is not a member of a group specified for any attribute
4	"fenÃ" is not a member of a group specified for any attribute
4	"cette" is not a member of a group specified for any attribute
4	Bad value attachment wp-att-798 for attribute rel on element a: The string attachment is not a registered keyword or absolute URL.
4	general entity "E" not defined and no default entity
4	Bad value attachment wp-att-781 for attribute rel on element a: The string attachment is not a registered keyword or absolute URL.
4	Bad value attachment wp-att-782 for attribute rel on element a: The string attachment is not a registered keyword or absolute URL.
4	"OF" is not a member of a group specified for any attribute
4	"THE" is not a member of a group specified for any attribute
4	reference to entity "this" for which no system identifier could be generated
4	Attribute rankings not allowed on element meta at this point.
4	Bad value tel:1300 889 073 for attribute href on element a: Whitespace in path component. Use %20 in place of spaces.
4	there is no attribute "noshade"
4	Bad value attachment wp-att-733 for attribute rel on element a: The string attachment is not a registered keyword or absolute URL.
4	Bad value attachment wp-att-783 for attribute rel on element a: The string attachment is not a registered keyword or absolute URL.
4	Bad value attachment wp-att-784 for attribute rel on element a: The string attachment is not a registered keyword or absolute URL.
4	Bad value attachment wp-att-731 for attribute rel on element a: The string attachment is not a registered keyword or absolute URL.
4	Bad value attachment wp-att-732 for attribute rel on element a: The string attachment is not a registered keyword or absolute URL.
4	end tag for "S" omitted, but OMITTAG NO was specified
4	end tag for "E" omitted, but OMITTAG NO was specified
4	non SGML character number 155
4	non SGML character number 135
4	non SGML character number 156
4	non SGML character number 142
4	non SGML character number 143
4	end tag for element "DT" which is not open
4	end tag for element "DD" which is not open
4	Bad value 9 Feb 2013 for attribute datetime on element time: The literal did not satisfy the time-datetime format.
4	Bad value 21 Mar 2013 for attribute datetime on element time: The literal did not satisfy the time-datetime format.
4	there is no attribute "CLIENTID"
4	there is no attribute "CRITERE"
4	end tag for element "LABEL" which is not open
4	non SGML character number 141
4	non SGML character number 140
4	non SGML character number 129
4	non SGML character number 132
4	value of attribute "ALIGN" cannot be "ABSMIDDLE"; must be one of "TOP", "MIDDLE", "BOTTOM", "LEFT", "RIGHT"
4	Bad value 50px for attribute height on element img: Expected a digit but saw p instead.
4	cannot continue because of previous errors
4	non SGML character number 136
4	Attribute mce_style not allowed on element span at this point.
4	Attribute tooltip not allowed on element input at this point.
4	non SGML character number 138
4	non SGML character number 139
4	Element span not allowed as child of element hgroup in this context. (Suppressing further errors from this subtree.)
4	reference to entity "orderId" for which no system identifier could be generated
4	"data-showcase-pane" is not a member of a group specified for any attribute
4	"SCHEDULE" is not a member of a group specified for any attribute
4	ID "news_home" already defined
4	ID "refreshLink" already defined
4	reference to entity "filter" for which no system identifier could be generated
4	end tag for "dt" omitted, but OMITTAG NO was specified
4	Unnamespaced element script not allowed in this context. (Suppressing further errors from this subtree.)
4	general entity "hd" not defined and no default entity
4	"TRAVEL" is not a member of a group specified for any attribute
4	Duplicate ID yw45.
4	Duplicate ID yw12.
4	"CHANGE" is not a member of a group specified for any attribute
4	"GAZA" is not a member of a group specified for any attribute
4	general entity "As" not defined and no default entity
4	Duplicate ID yw65.
4	Duplicate ID yw67.
4	Duplicate ID yw66.
4	Bad value  for attribute src on element img: Whitespace in path component. Use %20 in place of spaces.
4	reference to entity "navigator.userAgent.toLowerCase" for which no system identifier could be generated
4	reference to entity "theme_color" for which no system identifier could be generated
4	Duplicate ID sea-search.
4	Bad value NextGEN for attribute name on element meta: Keyword nextgen is not registered.
4	character "\" is not allowed in the value of attribute "frameborder"
4	general entity "authen" not defined and no default entity
4	The element embed must not appear as a descendant of the a element.
4	reference to entity "W." for which no system identifier could be generated
4	Attribute so not allowed on element meta at this point.
4	Duplicate ID sea-s.
4	general entity "navigator.userAgent.toLowerCase" not defined and no default entity
4	general entity "BL" not defined and no default entity
4	general entity "getCookie2" not defined and no default entity
4	Attribute into not allowed on element meta at this point.
4	there is no attribute "disabled"
4	Bad value   for attribute href on element link: Must be non-empty.
4	Attribute them not allowed on element meta at this point.
4	there is no attribute "ONCOPY"
4	Bad value Dec. 17, 2012, 2:33 a.m. for attribute datetime on element time: The literal did not satisfy the time-datetime format.
4	Bad value Nov. 26, 2012, 5:21 a.m. for attribute datetime on element time: The literal did not satisfy the time-datetime format.
4	Bad value big pkw-tarifgruppe-5 for attribute for on element label: An ID must not contain whitespace.
4	Duplicate ID yw57.
4	Bad value Feb. 25, 2013, 4:47 p.m. for attribute datetime on element time: The literal did not satisfy the time-datetime format.
4	Bad value March 13, 2013, 8:11 a.m. for attribute datetime on element time: The literal did not satisfy the time-datetime format.
4	Bad value http://%20https//plus.google.com/events/cgifrlmhlg9fbvagr1tv2hdcej4 for attribute href on element a: Host component did not meet the restrictions on DNS names.
4	The element iframe must not appear as a descendant of the a element.
4	Bad value Nov. 16, 2012, 2:50 p.m. for attribute datetime on element time: The literal did not satisfy the time-datetime format.
4	general entity "ac" not defined and no default entity
4	document type does not allow element "a" here; missing one of "dt", "dd" start-tag
4	Attribute who not allowed on element meta at this point.
4	reference to entity "ac" for which no system identifier could be generated
4	Element noindex not allowed as child of element a in this context. (Suppressing further errors from this subtree.)
4	Bad value Sept. 3, 2012, 3:22 p.m. for attribute datetime on element time: The literal did not satisfy the time-datetime format.
4	Duplicate ID PreviewTooltip.
4	"WORDS" is not a member of a group specified for any attribute
4	"ABOUT" is not a member of a group specified for any attribute
4	general entity "bcastr_title" not defined and no default entity
4	Attribute minlength not allowed on element input at this point.
4	Duplicate ID yw8.
4	"TRIP" is not a member of a group specified for any attribute
4	"TO" is not a member of a group specified for any attribute
4	reference to entity "info" for which no system identifier could be generated
4	general entity "delete" not defined and no default entity
4	general entity "bcastr_link" not defined and no default entity
4	Attribute not not allowed on element meta at this point.
4	Duplicate ID yw59.
4	Duplicate ID yw58.
4	"PM" is not a member of a group specified for any attribute
4	Duplicate ID yw55.
4	"ERDO" is not a member of a group specified for any attribute
4	Duplicate ID yw54.
4	Element fb:login-button not allowed as child of element p in this context. (Suppressing further errors from this subtree.)
4	Duplicate ID yw20.
4	general entity "GO" not defined and no default entity
4	"if" is not a reserved name
4	Attribute it's not allowed on element meta at this point.
4	reference to entity "GO" for which no system identifier could be generated
4	"IN" is not a member of a group specified for any attribute
4	Duplicate ID yw36.
4	"PARTY" is not a member of a group specified for any attribute
4	"endif" is not a reserved name
4	Bad value text:Google Analytics for attribute name on element meta: Keyword text:google analytics is not registered.
4	Duplicate ID playing.
4	Duplicate ID fun.
4	Attribute serif;font-size:15px;? not allowed on element span at this point.
4	Bad value set[dino][flash] for attribute rel on XHTML element a: The string set[dino][flash] is not a registered keyword or absolute URL.
4	Duplicate attribute as.
4	character """ is not allowed in the value of attribute "name"
4	ID "domain" already defined
4	there is no attribute "djConfig"
4	reference to entity "where" for which no system identifier could be generated
4	Attribute roman?, not allowed on element span at this point.
4	Attribute courier, not allowed on element span at this point.
4	Attribute free not allowed on element meta at this point.
4	Attribute garamond, not allowed on element span at this point.
4	document type does not allow element "HR" here
4	script element between head and body.
4	Attribute would not allowed on element meta at this point.
4	Attribute some not allowed on element meta at this point.
4	Bad value image:Header for attribute name on element meta: Keyword image:header is not registered.
4	Element ul not allowed as child of element i in this context. (Suppressing further errors from this subtree.)
4	Bad value text:TypeKit ID for attribute name on element meta: Keyword text:typekit id is not registered.
4	Bad value color:Header Text for attribute name on element meta: Keyword color:header text is not registered.
4	reference to entity "documentId" for which no system identifier could be generated
4	"ALLOWFULLSCREEN" is not a member of a group specified for any attribute
4	reference to entity "authen" for which no system identifier could be generated
4	general entity "documentId" not defined and no default entity
4	Bad value text:Header Font for attribute name on element meta: Keyword text:header font is not registered.
4	Duplicate ID yw44.
4	Bad value text:Title Font for attribute name on element meta: Keyword text:title font is not registered.
4	Bad value text:Secondary Font for attribute name on element meta: Keyword text:secondary font is not registered.
4	Bad value text:Body Font for attribute name on element meta: Keyword text:body font is not registered.
4	Bad value text:Disqus Shortname for attribute name on element meta: Keyword text:disqus shortname is not registered.
3	Bad value 23 May 2007 for attribute datetime on element time: The literal did not satisfy the time-datetime format.
3	Bad value 21 Dec 2006 for attribute datetime on element time: The literal did not satisfy the time-datetime format.
3	Bad value 829 for attribute rel on element a: The string 829 is not a registered keyword or absolute URL.
3	Bad value 21 Jul 2007 for attribute datetime on element time: The literal did not satisfy the time-datetime format.
3	end tag for element "EM" which is not open
3	Bad value 21 Jun 2007 for attribute datetime on element time: The literal did not satisfy the time-datetime format.
3	Bad value 05 Jun 2007 for attribute datetime on element time: The literal did not satisfy the time-datetime format.
3	general entity "referrer" not defined and no default entity
3	Bad value 31 Jul 2007 for attribute datetime on element time: The literal did not satisfy the time-datetime format.
3	Bad value 05 Jan 2007 for attribute datetime on element time: The literal did not satisfy the time-datetime format.
3	Bad value 13 Jun 2007 for attribute datetime on element time: The literal did not satisfy the time-datetime format.
3	Bad value 541 for attribute rel on element a: The string 541 is not a registered keyword or absolute URL.
3	Duplicate ID yw47.
3	Bad value 29 Dec 2006 for attribute datetime on element time: The literal did not satisfy the time-datetime format.
3	Bad value 24 Jul 2007 for attribute datetime on element time: The literal did not satisfy the time-datetime format.
3	Bad value 733 for attribute rel on element a: The string 733 is not a registered keyword or absolute URL.
3	Bad value 831 for attribute rel on element a: The string 831 is not a registered keyword or absolute URL.
3	Bad value 830 for attribute rel on element a: The string 830 is not a registered keyword or absolute URL.
3	end tag for element "G:PLUSONE" which is not open
3	Attribute req not allowed on element input at this point.
3	Duplicate ID yw53.
3	Bad value 11 Jul 2007 for attribute datetime on element time: The literal did not satisfy the time-datetime format.
3	"mc:repeatable" is not a member of a group specified for any attribute
3	Bad value 11 Dec 2006 for attribute datetime on element time: The literal did not satisfy the time-datetime format.
3	Attribute ng-model not allowed on element input at this point.
3	Bad value 827 for attribute rel on element a: The string 827 is not a registered keyword or absolute URL.
3	Duplicate ID list.
3	Bad value 04 Jul 2007 for attribute datetime on element time: The literal did not satisfy the time-datetime format.
3	Bad value 27 Apr 2007 for attribute datetime on element time: The literal did not satisfy the time-datetime format.
3	Bad value 23 Apr 2007 for attribute datetime on element time: The literal did not satisfy the time-datetime format.
3	Bad value 17 Feb 2007 for attribute datetime on element time: The literal did not satisfy the time-datetime format.
3	Bad value 16 Apr 2007 for attribute datetime on element time: The literal did not satisfy the time-datetime format.
3	Bad value 784 for attribute rel on element a: The string 784 is not a registered keyword or absolute URL.
3	Bad value 845 for attribute rel on element a: The string 845 is not a registered keyword or absolute URL.
3	Bad value 13 Feb 2007 for attribute datetime on element time: The literal did not satisfy the time-datetime format.
3	Bad value 740 for attribute rel on element a: The string 740 is not a registered keyword or absolute URL.
3	Bad value 580 for attribute rel on element a: The string 580 is not a registered keyword or absolute URL.
3	Bad value 718 for attribute rel on element a: The string 718 is not a registered keyword or absolute URL.
3	Bad value 770 for attribute rel on element a: The string 770 is not a registered keyword or absolute URL.
3	general entity "_wpnonce" not defined and no default entity
3	Bad value 11 Apr 2007 for attribute datetime on element time: The literal did not satisfy the time-datetime format.
3	Bad value 05 Apr 2007 for attribute datetime on element time: The literal did not satisfy the time-datetime format.
3	Bad value 27 Feb 2007 for attribute datetime on element time: The literal did not satisfy the time-datetime format.
3	Bad value 07 Mar 2007 for attribute datetime on element time: The literal did not satisfy the time-datetime format.
3	Bad value 20 Feb 2007 for attribute datetime on element time: The literal did not satisfy the time-datetime format.
3	general entity "wmode" not defined and no default entity
3	Duplicate ID yw56.
3	Bad value 15 Mar 2007 for attribute datetime on element time: The literal did not satisfy the time-datetime format.
3	Element h2b not allowed as child of element div in this context. (Suppressing further errors from this subtree.)
3	Bad value 29 Mar 2007 for attribute datetime on element time: The literal did not satisfy the time-datetime format.
3	Bad value 22 Mar 2007 for attribute datetime on element time: The literal did not satisfy the time-datetime format.
3	Bad value 586 for attribute rel on element a: The string 586 is not a registered keyword or absolute URL.
3	Bad value 731 for attribute rel on element a: The string 731 is not a registered keyword or absolute URL.
3	Bad value 778 for attribute rel on element a: The string 778 is not a registered keyword or absolute URL.
3	Bad value 584 for attribute rel on element a: The string 584 is not a registered keyword or absolute URL.
3	Bad value 782 for attribute rel on element a: The string 782 is not a registered keyword or absolute URL.
3	Bad value 716 for attribute rel on element a: The string 716 is not a registered keyword or absolute URL.
3	reference to entity "check" for which no system identifier could be generated
3	Bad value 823 for attribute rel on element a: The string 823 is not a registered keyword or absolute URL.
3	Bad value 720 for attribute rel on element a: The string 720 is not a registered keyword or absolute URL.
3	Bad value 590 for attribute rel on element a: The string 590 is not a registered keyword or absolute URL.
3	Bad value 772 for attribute rel on element a: The string 772 is not a registered keyword or absolute URL.
3	Attribute ng-show not allowed on element div at this point.
3	Bad value 15 May 2007 for attribute datetime on element time: The literal did not satisfy the time-datetime format.
3	Bad value 08 May 2007 for attribute datetime on element time: The literal did not satisfy the time-datetime format.
3	Bad value 11 Jan 2007 for attribute datetime on element time: The literal did not satisfy the time-datetime format.
3	Bad value 745 for attribute rel on element a: The string 745 is not a registered keyword or absolute URL.
3	Bad value 582 for attribute rel on element a: The string 582 is not a registered keyword or absolute URL.
3	Bad value 04 Feb 2007 for attribute datetime on element time: The literal did not satisfy the time-datetime format.
3	Bad value 31 Jan 2007 for attribute datetime on element time: The literal did not satisfy the time-datetime format.
3	Unclosed element fieldset.
3	there is no attribute "ALLOWSCRIPTACCESS"
3	DTDs other than base allowed only if CONCUR YES or EXPLICIT YES
3	Bad value 27 Jan 2007 for attribute datetime on element time: The literal did not satisfy the time-datetime format.
3	invalid comment declaration: found character "!" outside comment but inside comment declaration
3	Bad value 15 Jan 2007 for attribute datetime on element time: The literal did not satisfy the time-datetime format.
3	Bad value 774 for attribute rel on element a: The string 774 is not a registered keyword or absolute URL.
3	Bad value 18 Jan 2007 for attribute datetime on element time: The literal did not satisfy the time-datetime format.
3	Bad value 24 Jan 2007 for attribute datetime on element time: The literal did not satisfy the time-datetime format.
3	reference to entity "ac_id" for which no system identifier could be generated
3	Attribute "frontend") not allowed on element a at this point.
3	Bad value 29 Jun 2009 for attribute datetime on element time: The literal did not satisfy the time-datetime format.
3	Bad value 13 Jul 2009 for attribute datetime on element time: The literal did not satisfy the time-datetime format.
3	Bad value 23 Jun 2009 for attribute datetime on element time: The literal did not satisfy the time-datetime format.
3	Bad value 13 Jun 2009 for attribute datetime on element time: The literal did not satisfy the time-datetime format.
3	Bad value 13 May 2009 for attribute datetime on element time: The literal did not satisfy the time-datetime format.
3	Bad value 01 Jun 2009 for attribute datetime on element time: The literal did not satisfy the time-datetime format.
3	Bad value 05 Aug 2009 for attribute datetime on element time: The literal did not satisfy the time-datetime format.
3	Bad value 18 Aug 2009 for attribute datetime on element time: The literal did not satisfy the time-datetime format.
3	reference to entity "ver" for which no system identifier could be generated
3	general entity "ver" not defined and no default entity
3	ID "f4Player" already defined
3	Bad value 01 Sep 2009 for attribute datetime on element time: The literal did not satisfy the time-datetime format.
3	Bad value 25 Aug 2009 for attribute datetime on element time: The literal did not satisfy the time-datetime format.
3	Bad value 27 Apr 2009 for attribute datetime on element time: The literal did not satisfy the time-datetime format.
3	Bad value 20 Apr 2009 for attribute datetime on element time: The literal did not satisfy the time-datetime format.
3	Bad value 13 Feb 2009 for attribute datetime on element time: The literal did not satisfy the time-datetime format.
3	Bad value 27 Feb 2009 for attribute datetime on element time: The literal did not satisfy the time-datetime format.
3	"table" not finished but containing element ended
3	Bad value 04 Feb 2009 for attribute datetime on element time: The literal did not satisfy the time-datetime format.
3	Bad value 15 Jan 2009 for attribute datetime on element time: The literal did not satisfy the time-datetime format.
3	Bad value 27 Jan 2009 for attribute datetime on element time: The literal did not satisfy the time-datetime format.
3	Bad value 03 Mar 2009 for attribute datetime on element time: The literal did not satisfy the time-datetime format.
3	Bad value 07 Mar 2009 for attribute datetime on element time: The literal did not satisfy the time-datetime format.
3	Duplicate ID header.
3	Duplicate ID bnr1.
3	Bad value 06 Apr 2009 for attribute datetime on element time: The literal did not satisfy the time-datetime format.
3	Bad value 26 Mar 2009 for attribute datetime on element time: The literal did not satisfy the time-datetime format.
3	Bad value 20 Mar 2009 for attribute datetime on element time: The literal did not satisfy the time-datetime format.
3	Bad value 23 Sep 2009 for attribute datetime on element time: The literal did not satisfy the time-datetime format.
3	document type does not allow element "BR" here; missing one of "TH", "TD" start-tag
3	Bad value 30 Apr 2010 for attribute datetime on element time: The literal did not satisfy the time-datetime format.
3	Bad value 20 May 2010 for attribute datetime on element time: The literal did not satisfy the time-datetime format.
3	Bad value 15 Apr 2010 for attribute datetime on element time: The literal did not satisfy the time-datetime format.
3	Bad value 22 Mar 2010 for attribute datetime on element time: The literal did not satisfy the time-datetime format.
3	Bad value 16 Feb 2010 for attribute datetime on element time: The literal did not satisfy the time-datetime format.
3	Bad value 01 Mar 2010 for attribute datetime on element time: The literal did not satisfy the time-datetime format.
3	character "/" is not allowed in the value of attribute "name"
3	Bad value 07 Jun 2010 for attribute datetime on element time: The literal did not satisfy the time-datetime format.
3	Bad value 19 Jul 2010 for attribute datetime on element time: The literal did not satisfy the time-datetime format.
3	Bad value 04 Aug 2010 for attribute datetime on element time: The literal did not satisfy the time-datetime format.
3	there is no attribute "jotId"
3	Bad value 24 Jun 2010 for attribute datetime on element time: The literal did not satisfy the time-datetime format.
3	Bad value http://cardmeeting.com, for attribute href on element a: Host component did not meet the restrictions on DNS names.
3	Bad value 28 Jan 2010 for attribute datetime on element time: The literal did not satisfy the time-datetime format.
3	Bad value 15 Jan 2010 for attribute datetime on element time: The literal did not satisfy the time-datetime format.
3	general entity "CacheBuster" not defined and no default entity
3	reference to entity "mystique" for which no system identifier could be generated
3	general entity "HTMLOP" not defined and no default entity
3	general entity "slid" not defined and no default entity
3	general entity "ptcl" not defined and no default entity
3	general entity "qs" not defined and no default entity
3	general entity "mystique" not defined and no default entity
3	Bad value 08 Oct 2009 for attribute datetime on element time: The literal did not satisfy the time-datetime format.
3	Bad value 22 Dec 2009 for attribute datetime on element time: The literal did not satisfy the time-datetime format.
3	Bad value 06 Jan 2010 for attribute datetime on element time: The literal did not satisfy the time-datetime format.
3	Bad value 20 Nov 2009 for attribute datetime on element time: The literal did not satisfy the time-datetime format.
3	Bad value 10 Nov 2009 for attribute datetime on element time: The literal did not satisfy the time-datetime format.
3	Bad value 21 Oct 2009 for attribute datetime on element time: The literal did not satisfy the time-datetime format.
3	Bad value 27 Dec 2008 for attribute datetime on element time: The literal did not satisfy the time-datetime format.
3	Bad value 11 Dec 2008 for attribute datetime on element time: The literal did not satisfy the time-datetime format.
3	Attribute }} not allowed on element a at this point.
3	Bad value  for attribute src on element iframe: Query component contains a percent sign that is not followed by two hexadecimal digits.
3	Bad value 19 Feb 2008 for attribute datetime on element time: The literal did not satisfy the time-datetime format.
3	Bad value 11 Feb 2008 for attribute datetime on element time: The literal did not satisfy the time-datetime format.
3	Bad value 21 Jan 2008 for attribute datetime on element time: The literal did not satisfy the time-datetime format.
3	Attribute |trans([], not allowed on element a at this point.
3	there is no attribute "data-filter"
3	Attribute &raquo;< not allowed on element a at this point.
3	ID "escuelas" already defined
3	Bad value 14 Apr 2008 for attribute datetime on element time: The literal did not satisfy the time-datetime format.
3	Bad value 07 Apr 2008 for attribute datetime on element time: The literal did not satisfy the time-datetime format.
3	ID "Table7" already defined
3	Stray / at the end of an end tag.
3	Attribute addthis:userid not allowed on element a at this point.
3	Bad value 07 Jan 2008 for attribute datetime on element time: The literal did not satisfy the time-datetime format.
3	Bad value 06 Sep 2007 for attribute datetime on element time: The literal did not satisfy the time-datetime format.
3	ID "mainImage" already defined
3	Bad value 29 Aug 2007 for attribute datetime on element time: The literal did not satisfy the time-datetime format.
3	Bad value 20 Aug 2007 for attribute datetime on element time: The literal did not satisfy the time-datetime format.
3	reference to entity "_wpnonce" for which no system identifier could be generated
3	general entity "redirect_to" not defined and no default entity
3	Bad value 24 Sep 2007 for attribute datetime on element time: The literal did not satisfy the time-datetime format.
3	Bad value 28 Sep 2007 for attribute datetime on element time: The literal did not satisfy the time-datetime format.
3	Bad value 30 Nov 2007 for attribute datetime on element time: The literal did not satisfy the time-datetime format.
3	Bad value 28 Dec 2007 for attribute datetime on element time: The literal did not satisfy the time-datetime format.
3	Bad value 15 Nov 2007 for attribute datetime on element time: The literal did not satisfy the time-datetime format.
3	Bad value 29 Oct 2007 for attribute datetime on element time: The literal did not satisfy the time-datetime format.
3	Bad value 10 Oct 2007 for attribute datetime on element time: The literal did not satisfy the time-datetime format.
3	Bad value 22 Apr 2008 for attribute datetime on element time: The literal did not satisfy the time-datetime format.
3	reference to entity "Report" for which no system identifier could be generated
3	general entity "sort" not defined and no default entity
3	Bad value 05 Sep 2008 for attribute datetime on element time: The literal did not satisfy the time-datetime format.
3	reference to entity "sort" for which no system identifier could be generated
3	Bad value 11 Aug 2008 for attribute datetime on element time: The literal did not satisfy the time-datetime format.
3	Bad value 14 Jul 2008 for attribute datetime on element time: The literal did not satisfy the time-datetime format.
3	Bad value 22 Jul 2008 for attribute datetime on element time: The literal did not satisfy the time-datetime format.
3	Bad value 22 Sep 2008 for attribute datetime on element time: The literal did not satisfy the time-datetime format.
3	Bad value 30 Sep 2008 for attribute datetime on element time: The literal did not satisfy the time-datetime format.
3	Bad value 13 Nov 2008 for attribute datetime on element time: The literal did not satisfy the time-datetime format.
3	Bad value 02 Dec 2008 for attribute datetime on element time: The literal did not satisfy the time-datetime format.
3	Bad value 27 Oct 2008 for attribute datetime on element time: The literal did not satisfy the time-datetime format.
3	Bad value 22 Oct 2008 for attribute datetime on element time: The literal did not satisfy the time-datetime format.
3	Bad value 07 Oct 2008 for attribute datetime on element time: The literal did not satisfy the time-datetime format.
3	< in attribute name. Probable cause: > missing immediately before.
3	Attribute urla not allowed on element input at this point.
3	Bad value 27 May 2008 for attribute datetime on element time: The literal did not satisfy the time-datetime format.
3	Duplicate ID buttons.
3	ID "linkheadline" already defined
3	there is no attribute "DATA-HEIGHT"
3	Bad value 13 May 2008 for attribute datetime on element time: The literal did not satisfy the time-datetime format.
3	there is no attribute "data-mce-bogus"
3	Bad value 31 May 2008 for attribute datetime on element time: The literal did not satisfy the time-datetime format.
3	general entity "Itemid" not defined and no default entity
3	Bad value 08 Jul 2008 for attribute datetime on element time: The literal did not satisfy the time-datetime format.
3	Attribute channel not allowed on element a at this point.
3	Bad value 19 Jun 2008 for attribute datetime on element time: The literal did not satisfy the time-datetime format.
3	Bad value 08 Jun 2008 for attribute datetime on element time: The literal did not satisfy the time-datetime format.
3	reference to entity "Itemid" for which no system identifier could be generated
3	there is no attribute "fb:like:width"
3	Bad value heizraum for attribute rel on element a: The string heizraum is not a registered keyword or absolute URL.
3	Attribute now!" not allowed on element meta at this point.
3	Attribute will not allowed on element meta at this point.
3	ID "comment-6a00e54fb013da8834017744b5e935970d-content" already defined
3	ID "comment-6a00e54fb013da8834017744b40d73970d-content" already defined
3	ID "comment-6a00e54fb013da8834017c31cefed1970b-content" already defined
3	ID "comment-6a00e54fb013da8834017d3bfd752c970c-content" already defined
3	Attribute my not allowed on element meta at this point.
3	reference to entity "bonusID" for which no system identifier could be generated
3	Attribute bordercolor not allowed on element table at this point.
3	Duplicate ID r2.
3	Attribute if not allowed on element meta at this point.
3	Duplicate ID r1.
3	Bad value http://Yes-Hereitis-7-9%riseinhomicideratesinStandYourGroundStates for attribute href on element a: Host component did not meet the restrictions on DNS names.
3	ID "comment-6a00e54fb013da8834017744a867f2970d-content" already defined
3	ID "comment-6a00e54fb013da8834017ee57c302d970d-content" already defined
3	ID "comment-6a00e54fb013da8834017ee5759231970d-content" already defined
3	ID "comment-6a00e54fb013da8834017c33d24e64970b-content" already defined
3	Attribute paid not allowed on element meta at this point.
3	ID "menuline" already defined
3	Attribute price not allowed on element meta at this point.
3	ID "comment-6a00e54fb013da8834017ee575e150970d-content" already defined
3	ID "comment-6a00e54fb013da8834017c33d26aef970b-content" already defined
3	ID "comment-6a00e54fb013da8834017c33d7c55f970b-content" already defined
3	ID "comment-6a00e54fb013da8834017c33d84533970b-content" already defined
3	ID "comment-6a00e54fb013da8834017c33d7b4ab970b-content" already defined
3	ID "comment-6a00e54fb013da8834017d3e052a13970c-content" already defined
3	ID "comment-6a00e54fb013da8834017c33d63ca0970b-content" already defined
3	reference to entity "hnr" for which no system identifier could be generated
3	reference to entity "bcastr_flie" for which no system identifier could be generated
3	Bad value http://pro-flughafen.ch/wp-content/uploads/pdf/5_Be_EMPA_Flight_Level 80-Regel_121025.pdf for attribute href on element a: Whitespace in path component. Use %20 in place of spaces.
3	there is no attribute "CELLSPACING"
3	Attribute back not allowed on element meta at this point.
3	Bad value \"http://fbcmustang.org/\" for attribute href on element a: Illegal character in scheme component.
3	Stray end tag em.
3	general entity "mt" not defined and no default entity
3	Duplicate ID services.
3	Bad value http://pro-flughafen.ch/wp-content/uploads/pdf/5_Be_EMPA_Flight Level 80-Regel_121025.pdf for attribute href on element a: Whitespace in path component. Use %20 in place of spaces.
3	Bad value /feeds/posts/default/-/Seputar Maluku?alt=json-in-script&callback=related_results_labels&max-results=8 for attribute src on element script: Whitespace in path component. Use %20 in place of spaces.
3	Bad value uft-8 for attribute charset on XHTML element script: uft-8 is not a valid character encoding name.
3	Duplicate ID module-page-file.
3	Attribute plain not allowed on element meta at this point.
3	Duplicate ID li-3.
3	Bad value attachment wp-att-741122 for attribute rel on element a: The string attachment is not a registered keyword or absolute URL.
3	reference to entity "bn" for which no system identifier could be generated
3	Forbidden code point U+001e.
3	End tag small violates nesting rules.
3	Element p not allowed as child of element small in this context. (Suppressing further errors from this subtree.)
3	Unclosed element small.
3	Bad value sublist-20009 for attribute rel on element a: Not an absolute IRI. The string sublist-20009 is not a registered keyword or absolute URL.
3	ID "fentry" already defined
3	ID "product-box" already defined
3	Attribute 1 not allowed on element figure at this point.
3	there is no attribute "mw"
3	there is no attribute "tip"
3	end tag for element "h3" which is not open
3	Attribute low not allowed on element meta at this point.
3	there is no attribute "data-mce-mark"
3	value of attribute "align" cannot be "absbottom"; must be one of "top", "middle", "bottom", "left", "right"
3	Attribute bag not allowed on element img at this point.
3	Attribute duffel not allowed on element img at this point.
3	Attribute rolling not allowed on element img at this point.
3	Attribute floral not allowed on element img at this point.
3	Attribute wheeled not allowed on element img at this point.
3	Attribute luggage" not allowed on element img at this point.
3	ID "ICW2ServicePageServiceTitle" already defined
3	invalid comment declaration: found character "&" outside comment but inside comment declaration
3	Bad value 1 for attribute rel on element a: The string 1 is not a registered keyword or absolute URL.
3	The select element cannot have more than one selected option descendant unless the multiple attribute is specified.
3	Duplicate ID username.
3	document type does not allow element "h3" here; assuming missing "dd" start-tag
3	Attribute accented not allowed on element img at this point.
3	character "," is not allowed in the value of attribute "name"
3	reference to entity "sc" for which no system identifier could be generated
3	ID "thumbail-promo" already defined
3	character ";" is not allowed in the value of attribute "align"
3	Bad value  for attribute datetime on element time: The literal did not satisfy the time-datetime format.
3	there is no attribute "classs"
3	ID "codigo" already defined
3	ID "texto-finca-2" already defined
3	Attribute } not allowed on element a at this point.
3	Attribute sequins not allowed on element img at this point.
3	The rules attribute on the table element is obsolete. Use CSS instead.
3	reference to entity "bg" for which no system identifier could be generated
3	Bad value http://developer.apple.com/library/ios/#documentation/iphone/conceptual/iPhone101/Articles/00_Introduction.html#//apple_ref/doc/uid/TP40007514-CH1-SW1 for attribute href on element a: Illegal character in fragment component.
3	Bad value 2 for attribute rel on element a: The string 2 is not a registered keyword or absolute URL.
3	ID "campaign025-3984" already defined
3	ID "campaign613-0195" already defined
3	Attribute boots, not allowed on element meta at this point.
3	there is no attribute "usercard"
3	Element meta is missing one or more of the following attributes: charset, content, http-equiv, itemprop, name, property.
3	Attribute description not allowed on element meta at this point.
3	Attribute dasein not allowed on element meta at this point.
3	Attribute boots" not allowed on element meta at this point.
3	reference to entity "state" for which no system identifier could be generated
3	Attribute deals not allowed on element meta at this point.
3	general entity "state" not defined and no default entity
3	Attribute great not allowed on element meta at this point.
3	Attribute find not allowed on element meta at this point.
3	document type does not allow element "dl" here; assuming missing "li" start-tag
3	Attribute fashion not allowed on element meta at this point.
3	general entity "oe" not defined and no default entity
3	there is no attribute "shoplist"
3	Bad value en_US for attribute hreflang on element link: The language subtag en_us is not a valid language subtag.
3	Attribute id declares a duplicate ID value kwick1.
3	Attribute weight not allowed on element span at this point.
3	there is no attribute "length"
3	reference to entity "oe" for which no system identifier could be generated
3	reference to entity "gl" for which no system identifier could be generated
3	general entity "ei" not defined and no default entity
3	Attribute all not allowed on element meta at this point.
3	reference to entity "um" for which no system identifier could be generated
3	reference to entity "client" for which no system identifier could be generated
3	element "subtitle" undefined
3	Attribute may not allowed on element meta at this point.
3	Attribute callback not allowed on element div at this point.
3	there is no attribute "aria-labelledby"
3	Duplicate ID yw24.
3	end tag for "base" omitted, but OMITTAG NO was specified
3	Duplicate ID aconcagua.
3	document type does not allow element "br" here; missing one of "dt", "dd" start-tag
3	Duplicate ID vinson.
3	Duplicate ID yw30.
3	element "g" undefined
3	reference to entity "wi" for which no system identifier could be generated
3	Duplicate ID southpole.
3	Attribute required not allowed on element label at this point.
3	Attribute @style not allowed on element div at this point.
3	reference to entity "isSelfContained" for which no system identifier could be generated
3	Duplicate ID kilimanjaro.
3	Duplicate ID denali.
3	Duplicate ID everest.
3	Bad value 350px for attribute height on element iframe: Expected a digit but saw p instead.
3	Duplicate attribute scrolling.
3	Duplicate ID elbrus.
3	Element summary not allowed as child of element a in this context. (Suppressing further errors from this subtree.)
3	reference to entity "data" for which no system identifier could be generated
3	Attribute hspace not allowed on element iframe at this point.
3	there is no attribute "ctr"
3	Attribute multiple not allowed on element div at this point.
3	Duplicate ID carstensz.
3	Duplicate ID northpole.
3	general entity "pt1" not defined and no default entity
3	Element legend not allowed as child of element div in this context. (Suppressing further errors from this subtree.)
3	Duplicate ID yw32.
3	Bad value 20 Oct 2006 for attribute datetime on element time: The literal did not satisfy the time-datetime format.
3	Bad value 10 Oct 2006 for attribute datetime on element time: The literal did not satisfy the time-datetime format.
3	there is no attribute "ASYNC"
3	Bad value 17 Sep 2006 for attribute datetime on element time: The literal did not satisfy the time-datetime format.
3	Bad value 29 Oct 2006 for attribute datetime on element time: The literal did not satisfy the time-datetime format.
3	Attribute enable-background not allowed on element path at this point.
3	Bad value 24 Nov 2006 for attribute datetime on element time: The literal did not satisfy the time-datetime format.
3	element "G:PLUSONE" undefined
3	Bad value 07 Nov 2006 for attribute datetime on element time: The literal did not satisfy the time-datetime format.
3	Duplicate ID yw40.
3	there is no attribute "novalidate"
3	Bad value 10 Sep 2006 for attribute datetime on element time: The literal did not satisfy the time-datetime format.
3	Bad value 07 Sep 2006 for attribute datetime on element time: The literal did not satisfy the time-datetime format.
3	Duplicate ID act_item_d.
3	Duplicate ID yw31.
3	Bad value 13 Nov 2012 for attribute datetime on element time: The literal did not satisfy the time-datetime format.
3	Bad value 24 Oct 2012 for attribute datetime on element time: The literal did not satisfy the time-datetime format.
3	Bad value 15 Oct 2012 for attribute datetime on element time: The literal did not satisfy the time-datetime format.
3	there is no attribute "data-init"
3	Bad value 28 Dec 2005 for attribute datetime on element time: The literal did not satisfy the time-datetime format.
3	Bad value 02 Sep 2006 for attribute datetime on element time: The literal did not satisfy the time-datetime format.
3	element "some" undefined
3	Bad value 28 Aug 2006 for attribute datetime on element time: The literal did not satisfy the time-datetime format.
3	Attribute download not allowed on element a at this point.
3	Bad value 02 Jun 2006 for attribute datetime on element time: The literal did not satisfy the time-datetime format.
3	ID "team_last" already defined
3	reference to entity "username" for which no system identifier could be generated
3	element "line.length" undefined
3	Attribute pref not allowed on element a at this point.
3	general entity "query" not defined and no default entity
3	ID "quantityDiscount_0" already defined
3	Bad value July 26, 2012, 10:30 p.m. for attribute datetime on element time: The literal did not satisfy the time-datetime format.
3	Bad value popup for attribute type on element a: Subtype missing.
3	ID "xoopscaptcha" already defined
3	Attribute has not allowed on element meta at this point.
3	Duplicate ID slides.
3	reference to entity "theme" for which no system identifier could be generated
3	end tag for element "EMBED" which is not open
3	end tag for element "SCR" which is not open
3	end tag for "line.length" omitted, but OMITTAG NO was specified
3	Bad value Aug. 23, 2012, 10:04 a.m. for attribute datetime on element time: The literal did not satisfy the time-datetime format.
3	Duplicate ID cta2headertext.
3	Duplicate ID testdiv.
3	Bad value  for attribute href on XHTML element link: Must be non-empty.
3	reference to entity "word" for which no system identifier could be generated
3	Bad value 18 Aug 2010 for attribute datetime on element time: The literal did not satisfy the time-datetime format.
3	Attribute you not allowed on element meta at this point.
3	Element article not allowed as child of element span in this context. (Suppressing further errors from this subtree.)
3	End tag figure seen, but there were open elements.
3	Unclosed element figcaption.
3	Bad value http://www.lavozdegalicia.es/tiempo/index.htm#Santiago de Compostela for attribute href on element a: Whitespace in fragment component. Use %20 in place of spaces.
3	Bad value http://www.lavozdegalicia.es/tiempo/index.htm#Monforte de Lemos for attribute href on element a: Whitespace in fragment component. Use %20 in place of spaces.
3	Bad value http://www.lavozdegalicia.es/tiempo/index.htm#A Coruña for attribute href on element a: Whitespace in fragment component. Use %20 in place of spaces.
3	end tag for "SCRIPT" omitted, but its declaration does not permit this
3	Duplicate ID controls.
3	there is no attribute "data-ved"
3	reference to undeclared general entity lsquo
3	reference to entity "nbspКреатив:" for which no system identifier could be generated
3	general entity "nbspСредний:" not defined and no default entity
3	reference to entity "nbspСредний:" for which no system identifier could be generated
3	Duplicate ID yw64.
3	general entity "nbspКреатив:" not defined and no default entity
3	reference to entity "option" for which no system identifier could be generated
3	element "figcaption" undefined
3	general entity "option" not defined and no default entity
3	ID "ctl00_ContentPlaceHolder1_prodcontent" already defined
3	"that" is not a member of a group specified for any attribute
3	end tag for element "section" which is not open
3	Duplicate attribute of.
3	there is no attribute "onKeyDown"
3	Element p not allowed as child of element h6 in this context. (Suppressing further errors from this subtree.)
3	Duplicate ID home.
3	The element address must not appear as a descendant of the address element.
3	document type does not allow element "TD" here; assuming missing "TR" start-tag
3	Bad value nofollow3 for attribute rel on element a: The string nofollow3 is not a registered keyword or absolute URL.
3	there is no attribute "data-nonce"
3	Duplicate attribute you.
3	reference to entity "js" for which no system identifier could be generated
3	general entity "pg" not defined and no default entity
3	reference to entity "im" for which no system identifier could be generated
3	Bad value Jan. 3, 2013, 12:57 p.m. for attribute datetime on element time: The literal did not satisfy the time-datetime format.
3	Bad value 01 Dec 2006 for attribute datetime on element time: The literal did not satisfy the time-datetime format.
3	Bad value 07 Dec 2009 for attribute datetime on element time: The literal did not satisfy the time-datetime format.
3	"115" is not a member of a group specified for any attribute
3	"14PT" is not a member of a group specified for any attribute
3	Duplicate ID content.
3	reference to entity "g_url" for which no system identifier could be generated
3	general entity "ns" not defined and no default entity
3	ID "cms_nav_220" already defined
3	ID "fp_project_list" already defined
3	reference to entity "ns" for which no system identifier could be generated
3	ID "CL_citylifead_title" already defined
3	ID "CL_citylifead_img" already defined
3	Not a name start character, U+21
3	Forbidden code point U+0086.
3	Bad value 374px for attribute width on element img: Expected a digit but saw p instead.
3	Element su:badge not allowed as child of element li in this context. (Suppressing further errors from this subtree.)
3	Forbidden code point U+0099.
3	ID "CL_citylifead_img_link" already defined
3	ID "txt" already defined
3	general entity "ps" not defined and no default entity
3	Bad value gInformes for attribute rel on element a: The string ginformes is not a registered keyword or absolute URL.
3	reference to entity "newsregion" for which no system identifier could be generated
3	reference to entity "imgtag" for which no system identifier could be generated
3	Attribute pop not allowed on element a at this point.
3	general entity "charset" not defined and no default entity
3	reference to entity "tourid" for which no system identifier could be generated
3	general entity "L" not defined and no default entity
3	reference to entity "selector" for which no system identifier could be generated
3	value of attribute "CLEAR" cannot be "BOTH"; must be one of "LEFT", "ALL", "RIGHT", "NONE"
3	reference to entity "bcastr_config" for which no system identifier could be generated
3	reference to entity "ThemeName" for which no system identifier could be generated
3	reference to entity "WebSiteId" for which no system identifier could be generated
3	Bad value gConfig for attribute rel on element a: The string gconfig is not a registered keyword or absolute URL.
3	reference to entity "Culture" for which no system identifier could be generated
3	Bad value privacy for attribute rel on element a: The string privacy is not a registered keyword or absolute URL.
3	reference to entity "ReturnRoles" for which no system identifier could be generated
3	reference to entity "ReturnURL" for which no system identifier could be generated
3	Bad value 206px for attribute height on element img: Expected a digit but saw p instead.
3	there is no attribute "CELLSPADDING"
3	there is no attribute "data-comments-opened"
3	there is no attribute "data-image-meta"
3	there is no attribute "data-image-title"
3	there is no attribute "data-orig-size"
3	there is no attribute "data-orig-file"
3	there is no attribute "data-liked"
3	there is no attribute "data-reblogged"
3	there is no attribute "data-attachment-id"
3	there is no attribute "data-image-description"
3	there is no attribute "data-medium-file"
3	reference to entity "operacion" for which no system identifier could be generated
3	Attribute " not allowed on element div at this point.
3	Duplicate ID topmenu.
3	reference to entity "icid" for which no system identifier could be generated
3	Unclosed element h5.
3	there is no attribute "data-large-file"
3	Element nav not allowed as child of element hgroup in this context. (Suppressing further errors from this subtree.)
3	there is no attribute "data-carousel-extra"
3	Element p not allowed as child of element figure in this context. (Suppressing further errors from this subtree.)
3	reference to entity "response_type" for which no system identifier could be generated
3	value of attribute "ID" invalid: "4" cannot start a name
3	value of attribute "ID" invalid: "5" cannot start a name
3	there is no attribute "date-text"
3	Unclosed element review.
3	there is no attribute "ldmId"
3	Element review not allowed as child of element p in this context. (Suppressing further errors from this subtree.)
3	Bad value {title:'Ineligible Items', cmCategory:'INTERNATIONAL', cmPageId:'INTL: Product Eligibility Overlay', dialogClass: 'intlIneligibleItemsDialog', cmAttributes: '-_--_--_--_--_--_-O=DE|S=DE|C=EUR', href:'/international/ineligible-items.html'} for attribute rel on element a: Illegal character in scheme component. The string {title:'ineligible is not a registered keyword or absolute URL.
3	"884" is not a member of a group specified for any attribute
3	Attribute value not allowed on element meta at this point.
3	Bad value http://humancenter.ru../../themes/sokar/style.css?ver=1.1 for attribute href on element link: Host component did not meet the restrictions on DNS names.
3	reference to entity "wd" for which no system identifier could be generated
3	Attribute type not allowed on element textarea at this point.
3	reference to entity "app" for which no system identifier could be generated
3	general entity "controller" not defined and no default entity
3	Attribute count not allowed on element a at this point.
3	reference to entity "updated" for which no system identifier could be generated
3	general entity "imgtag" not defined and no default entity
3	Element center not allowed as child of element h2 in this context. (Suppressing further errors from this subtree.)
3	Attribute page not allowed on element meta at this point.
3	value of attribute "FOR" invalid: "1" cannot start a name
3	ID "rsag" already defined
3	ID "Description" already defined
3	Saw an end tag after body had been closed.
3	element "total" undefined
3	end tag for "total" omitted, but OMITTAG NO was specified
3	Duplicate ID IDCommentPostInfoGuid685.
3	Attribute me not allowed on element meta at this point.
3	Duplicate ID label-land.
3	Duplicate ID label-nachricht.
3	Duplicate ID IDCommentPostInfoTime685.
3	Duplicate ID Land.
3	Duplicate ID label-hausnr.
3	Duplicate ID IDCommentPostInfoAuthor685.
3	Duplicate ID Hausnummer.
3	Attribute href not allowed on element script at this point.
3	Bad value panel for attribute rel on element a: Not an absolute IRI. The string panel is not a registered keyword or absolute URL.
3	general entity "W." not defined and no default entity
3	reference to entity "subNum" for which no system identifier could be generated
3	value of attribute "frameborder" cannot be "\"0\""; must be one of "1", "0"
3	end tag for element "if" which is not open
3	reference to entity "fee" for which no system identifier could be generated
3	reference to entity "Go." for which no system identifier could be generated
3	Stray end tag iframe.
3	Text not allowed in element ol in this context.
3	end tag for "j" omitted, but OMITTAG NO was specified
3	Bad value  for attribute rel on element a: The string веб-дизайн, is not a registered keyword or absolute URL.
3	end tag for element "scri" which is not open
3	Attribute rel not allowed on element script at this point.
3	character "*" not allowed in attribute specification list
3	element "j" undefined
3	general entity "search" not defined and no default entity
3	ID "info" already defined
3	Duplicate ID IDCommentPostInfoTitle685.
3	Duplicate ID IDCommentPostInfoPermalink685.
3	general entity "teamname" not defined and no default entity
3	reference to entity "_a" for which no system identifier could be generated
3	end tag for "bH" omitted, but OMITTAG NO was specified
3	reference to entity "teamid" for which no system identifier could be generated
3	general entity "teamid" not defined and no default entity
3	reference to entity "Product.Mobile.Vorteilspaket" for which no system identifier could be generated
3	reference to entity "Product.Mobile.Voice.Tariff" for which no system identifier could be generated
3	reference to entity "surname" for which no system identifier could be generated
3	Bad value 90% for attribute width on element img: Expected a digit but saw % instead.
3	reference to entity "ty" for which no system identifier could be generated
3	end tag for "bI" omitted, but OMITTAG NO was specified
3	reference to entity "season" for which no system identifier could be generated
3	Bad value 03 Sep 2010 for attribute datetime on element time: The literal did not satisfy the time-datetime format.
3	general entity "ch" not defined and no default entity
3	general entity "season" not defined and no default entity
3	reference to entity "teamname" for which no system identifier could be generated
3	general entity "ty" not defined and no default entity
3	general entity "surname" not defined and no default entity
3	reference to entity "Product.Landline.Net.DSL.Bandwidth" for which no system identifier could be generated
3	Duplicate ID OsCritCont_duree.
3	ID "SELECTABLE" already defined
3	Element nobr not allowed as child of element div in this context. (Suppressing further errors from this subtree.)
3	document type does not allow element "H6" here; missing one of "APPLET", "OBJECT", "MAP", "IFRAME", "BUTTON" start-tag
3	general entity "playid" not defined and no default entity
3	Bad value lightbox[685] for attribute rel on element a: The string lightbox[685] is not a registered keyword or absolute URL. Illegal character in path component.
3	element "bH" undefined
3	end tag for "R" omitted, but OMITTAG NO was specified
3	general entity "codOrigine" not defined and no default entity
3	start tag for "TR" omitted, but its declaration does not permit this
3	reference to entity "firstname" for which no system identifier could be generated
3	end tag for "TBODY" which is not finished
3	general entity "skuId" not defined and no default entity
3	Attribute série not allowed on element a at this point.
3	general entity "codAnnonce" not defined and no default entity
3	general entity "firstname" not defined and no default entity
3	"and" is not a member of a group specified for any attribute
3	Duplicate ID 2374.
3	Bad value 100% for attribute height on element embed: Expected a digit but saw % instead.
3	reference to entity "ab" for which no system identifier could be generated
3	Attribute end-time not allowed on element div at this point.
3	there is no attribute "framespacing"
3	XHTML element noscript not allowed as child of XHTML element div in this context. (Suppressing further errors from this subtree.)
3	Attribute ref not allowed on element a at this point.
3	The abbr attribute on the th element is obsolete. Consider instead beginning the cell contents with concise text, followed by further elaboration if needed.
3	Attribute cur-time not allowed on element div at this point.
3	Duplicate ID department.
3	Bad value 14 Jun 2012 for attribute datetime on element time: The literal did not satisfy the time-datetime format.
3	Bad value 04 Jun 2012 for attribute datetime on element time: The literal did not satisfy the time-datetime format.
3	Bad value 14 May 2012 for attribute datetime on element time: The literal did not satisfy the time-datetime format.
3	Bad value 25 Jun 2012 for attribute datetime on element time: The literal did not satisfy the time-datetime format.
3	Bad value 19 Jul 2012 for attribute datetime on element time: The literal did not satisfy the time-datetime format.
3	Bad value http:// for attribute src on element img: A component that is required by the scheme is missing.
3	Bad value 28 Aug 2012 for attribute datetime on element time: The literal did not satisfy the time-datetime format.
3	general entity "cate_no" not defined and no default entity
3	document type does not allow element "b" here; missing one of "ins", "del", "h1", "h2", "h3", "h4", "h5", "h6", "p", "div", "pre", "address", "fieldset" start-tag
3	ID "node-" already defined
3	there is no attribute "colSpan"
3	Attribute checked not allowed on element input at this point.
3	Element legend not allowed as child of element label in this context. (Suppressing further errors from this subtree.)
3	Bad value grp3 for attribute rel on element a: Not an absolute IRI. The string grp3 is not a registered keyword or absolute URL.
3	ID "id3001522" already defined
3	ID "mainPath" already defined
3	"EP" is not a member of a group specified for any attribute
3	Bad value grp2 for attribute rel on element a: Not an absolute IRI. The string grp2 is not a registered keyword or absolute URL.
3	ID "internal-source-marker_0.4258781666867435" already defined
3	ID "internal-source-marker_0.4882417405024171" already defined
3	general entity "display_group" not defined and no default entity
3	Duplicate attribute hidefocus.
3	Attribute _index not allowed on element li at this point.
3	there is no attribute "ondragstart"
3	Stray end tag source.
3	"partage" is not a member of a group specified for any attribute
3	Bad value 09 Apr 2012 for attribute datetime on element time: The literal did not satisfy the time-datetime format.
3	Bad value 08 Mar 2011 for attribute datetime on element time: The literal did not satisfy the time-datetime format.
3	Bad value 03 Feb 2011 for attribute datetime on element time: The literal did not satisfy the time-datetime format.
3	Bad value 14 Jan 2011 for attribute datetime on element time: The literal did not satisfy the time-datetime format.
3	Bad value 24 Mar 2011 for attribute datetime on element time: The literal did not satisfy the time-datetime format.
3	Bad value 07 Apr 2011 for attribute datetime on element time: The literal did not satisfy the time-datetime format.
3	Bad value 20 Apr 2011 for attribute datetime on element time: The literal did not satisfy the time-datetime format.
3	Bad value 14 Apr 2011 for attribute datetime on element time: The literal did not satisfy the time-datetime format.
3	reference to entity "count_id" for which no system identifier could be generated
3	general entity "count_id" not defined and no default entity
3	Bad value 17 Nov 2010 for attribute datetime on element time: The literal did not satisfy the time-datetime format.
3	Bad value 22 Oct 2010 for attribute datetime on element time: The literal did not satisfy the time-datetime format.
3	Bad value 05 Oct 2010 for attribute datetime on element time: The literal did not satisfy the time-datetime format.
3	Bad value 02 Dec 2010 for attribute datetime on element time: The literal did not satisfy the time-datetime format.
3	Bad value 14 Dec 2010 for attribute datetime on element time: The literal did not satisfy the time-datetime format.
3	"vis" is not a member of a group specified for any attribute
3	there is no attribute "ismodify"
3	Element fb:comments not allowed as child of element div in this context. (Suppressing further errors from this subtree.)
3	Bad value 27 May 2011 for attribute datetime on element time: The literal did not satisfy the time-datetime format.
3	Bad value 18 Jan 2012 for attribute datetime on element time: The literal did not satisfy the time-datetime format.
3	Bad value 05 Jan 2012 for attribute datetime on element time: The literal did not satisfy the time-datetime format.
3	Bad value 19 Dec 2011 for attribute datetime on element time: The literal did not satisfy the time-datetime format.
3	"fly" is not a member of a group specified for any attribute
3	Bad value 06 Feb 2012 for attribute datetime on element time: The literal did not satisfy the time-datetime format.
3	Bad value 04 Apr 2012 for attribute datetime on element time: The literal did not satisfy the time-datetime format.
3	Bad value 29 Feb 2012 for attribute datetime on element time: The literal did not satisfy the time-datetime format.
3	Bad value 01 Dec 2011 for attribute datetime on element time: The literal did not satisfy the time-datetime format.
3	Bad value 20 Oct 2011 for attribute datetime on element time: The literal did not satisfy the time-datetime format.
3	Bad value 25 Jun 2011 for attribute datetime on element time: The literal did not satisfy the time-datetime format.
3	Bad value 02 Jun 2011 for attribute datetime on element time: The literal did not satisfy the time-datetime format.
3	Bad value 01 Aug 2011 for attribute datetime on element time: The literal did not satisfy the time-datetime format.
3	Bad value 16 Aug 2011 for attribute datetime on element time: The literal did not satisfy the time-datetime format.
3	Bad value 04 Oct 2011 for attribute datetime on element time: The literal did not satisfy the time-datetime format.
3	Bad value 26 Aug 2011 for attribute datetime on element time: The literal did not satisfy the time-datetime format.
3	there is no attribute "borderColor"
3	ID "umbra_poza_mare" already defined
3	reference to entity "trk" for which no system identifier could be generated
3	ID "price" already defined
3	general entity "trk" not defined and no default entity
3	The text content of element script was not in the required format: Expected space, tab, newline, or slash but found n instead.
3	there is no attribute "desc"
3	Attribute at not allowed on element meta at this point.
3	reference to entity "site_id" for which no system identifier could be generated
3	there is no attribute "DATA-INSET"
3	reference to entity "offer_id" for which no system identifier could be generated
3	there is no attribute "DATA-ROLE"
3	Attribute size"-2" not allowed on element font at this point.
3	element "R" undefined
3	end tag for "TABLE" omitted, but OMITTAG NO was specified
3	Bad value 56.25 for attribute height on element img: Expected a digit but saw . instead.
3	Duplicate ID utitle_.
3	reference to entity "ptid" for which no system identifier could be generated
3	end tag for "sc" omitted, but OMITTAG NO was specified
3	reference to entity "bT" for which no system identifier could be generated
3	ID "desc_value" already defined
3	element "string:stream" undefined
3	element "bI" undefined
3	there is no attribute "data-share-text"
3	reference to entity "sub_campaign" for which no system identifier could be generated
3	reference to entity "publisher_id" for which no system identifier could be generated
3	ID "WEBFORM-COMPONENT-EMAIL" already defined
3	ID "\"contenedor_ayuda\"" already defined
3	Bad value 450px for attribute width on element img: Expected a digit but saw p instead.
3	there is no attribute "data-fancybox-group"
3	there is no attribute "itemid"
3	reference to entity "d.canvas" for which no system identifier could be generated
3	reference to entity "You" for which no system identifier could be generated
3	Duplicate ID infor.
3	document type does not allow element "ol" here; assuming missing "li" start-tag
3	Unclosed element h1.
3	ID "Classic" already defined
3	Attribute targer not allowed on element a at this point.
3	character "　" not allowed in attribute specification list
3	ID "EDIT-ACTIONS" already defined
2	Attribute في not allowed on element a at this point.
2	Duplicate ID zeit-online.
2	reference to entity "wm" for which no system identifier could be generated
2	there is no attribute "QTLID_HREF"
2	ID "facebook" already defined
2	Attribute the" not allowed on element meta at this point.
2	reference to entity "sFlashXmlData" for which no system identifier could be generated
2	reference to entity "iVer" for which no system identifier could be generated
2	reference to entity "banId" for which no system identifier could be generated
2	Non-space characters found without seeing a doctype first. Expected <!DOCTYPE html>.
2	Attribute pubdate not allowed on element a at this point.
2	there is no attribute "__expr-val-dir"
2	Attribute keyword" not allowed on element meta at this point.
2	value of attribute "align" cannot be ""; must be one of "top", "middle", "bottom", "left", "right"
2	Attribute put not allowed on element meta at this point.
2	reference to entity "cat_prefixes" for which no system identifier could be generated
2	reference to entity "browser_path" for which no system identifier could be generated
2	Bad value http://plomberie.fr/search?search[category]=1368 for attribute href on element a: Illegal character in query component.
2	reference to entity "url_name" for which no system identifier could be generated
2	Bad value https://plomberie.fr/search?search[category]=54 for attribute href on element a: Illegal character in query component.
2	general entity "nrefreshx" not defined and no default entity
2	Attribute pop not allowed on element div at this point.
2	Attribute pop not allowed on element ul at this point.
2	ID "campaign047-2900" already defined
2	Bad value http://plomberie.fr/search?search[category]=1394 for attribute href on element a: Illegal character in query component.
2	ID "campaign427-0850" already defined
2	there is no attribute "TRANSLATE"
2	Attribute &gt;&lt;meta not allowed on element meta at this point.
2	Attribute data-25500 not allowed on element g at this point.
2	Bad value http://t.netpartner.com/r?z=63rs2g2p9m&ao=6hy7tbcvz6&cr=9009&s=blogstorm.co.<br />↩uk-blogpost for attribute href on element a: Control character in query component.
2	Element o<iframe not allowed as child of element p in this context. (Suppressing further errors from this subtree.)
2	there is no attribute "fw-msg"
2	Bad value http://0.gravatar.com/avatar/4722d36c3672cd1e8d3db0e4725563e1?s=32 alt= for attribute src on element img: Whitespace in query component. Use %20 in place of spaces.
2	end tag for "frame" omitted, but OMITTAG NO was specified
2	element "menu" undefined
2	Attribute outed"." not allowed on element meta at this point.
2	there is no attribute "fw-filter"
2	Duplicate ID messeontour.
2	reference to entity "site_prefix" for which no system identifier could be generated
2	Attribute penalty"." not allowed on element meta at this point.
2	there is no attribute "fw-label"
2	Bad value 3 for attribute rel on element a: The string 3 is not a registered keyword or absolute URL.
2	end tag for "ahrefs.length" omitted, but OMITTAG NO was specified
2	Bad value true for attribute defer on element script.
2	Attribute datatype not allowed on element h2 at this point.
2	Attribute block not allowed on element div at this point.
2	Attribute home not allowed on element div at this point.
2	reference to entity "position_list" for which no system identifier could be generated
2	Duplicate ID messe-goes-city-maps.
2	Attribute friendly"." not allowed on element meta at this point.
2	Attribute &#8220;i not allowed on element meta at this point.
2	Attribute under not allowed on element meta at this point.
2	Attribute radar"." not allowed on element meta at this point.
2	Attribute criminals." not allowed on element meta at this point.
2	Attribute &gt; not allowed on element meta at this point.
2	ID "title-mais" already defined
2	Attribute rockphish" not allowed on element meta at this point.
2	value of attribute "align" must be a single token
2	element "ahrefs.length" undefined
2	reference to entity "subdomain" for which no system identifier could be generated
2	ID "goBtnImg" already defined
2	Attribute wonder not allowed on element meta at this point.
2	reference to entity "handler" for which no system identifier could be generated
2	Attribute data-0 not allowed on element g at this point.
2	Attribute data-100 not allowed on element g at this point.
2	ID "campaign004-5762" already defined
2	Attribute must not allowed on element meta at this point.
2	ID "google" already defined
2	element "v:shape" undefined
2	there is no attribute "iconsrc"
2	Attribute data-0 not allowed on element svg at this point.
2	character "<" is not allowed in the value of attribute "align"
2	there is no attribute "onmenuclick"
2	Attribute know, not allowed on element meta at this point.
2	element "ie:menuitem" undefined
2	Attribute we not allowed on element meta at this point.
2	reference to entity "affTrackingCode" for which no system identifier could be generated
2	Bad value google for attribute name on element meta: Keyword google is not registered.
2	general entity "show_id" not defined and no default entity
2	reference to entity "show_id" for which no system identifier could be generated
2	Attribute data-25000 not allowed on element path at this point.
2	Attribute produce not allowed on element meta at this point.
2	reference to entity "SMSID" for which no system identifier could be generated
2	Attribute vspace not allowed on element iframe at this point.
2	reference to entity "A." for which no system identifier could be generated
2	ID "OldhousebusinessSlected" already defined
2	ID "precio" already defined
2	ID "Tfoto1" already defined
2	general entity "SMSID" not defined and no default entity
2	general entity "MMSID" not defined and no default entity
2	end tag for "FORM" omitted, but OMITTAG NO was specified
2	ID "housenumb" already defined
2	ID "pian" already defined
2	ID "guan" already defined
2	general entity "A." not defined and no default entity
2	reference to entity "MMSID" for which no system identifier could be generated
2	general entity "townId" not defined and no default entity
2	ID "SENDER" already defined
2	ID "TYPE" already defined
2	element "AREA" undefined
2	ID "EMAIL2" already defined
2	ID "EMAIL3" already defined
2	end tag for "AREA" omitted, but OMITTAG NO was specified
2	reference to entity "familyIds" for which no system identifier could be generated
2	there is no attribute "XMLNS:V"
2	general entity "username" not defined and no default entity
2	ID "SELECT_ITEM" already defined
2	ID "SELECTED_ITEM" already defined
2	ID "REPORT_CONT" already defined
2	ID "foto1" already defined
2	ID "TITLE" already defined
2	general entity "adid" not defined and no default entity
2	reference to entity "adid" for which no system identifier could be generated
2	ID "MAILLIST" already defined
2	general entity "spotId" not defined and no default entity
2	end tag for element "dt" which is not open
2	general entity "board_no" not defined and no default entity
2	document type does not allow element "H5" here; missing one of "APPLET", "OBJECT", "MAP", "IFRAME", "BUTTON" start-tag
2	Attribute " not allowed on element img at this point.
2	Bad value true for attribute async on element script.
2	ID "container" already defined
2	ID "internal-source-marker_0.6259332546032965" already defined
2	reference to entity "quot" for which no system identifier could be generated
2	ID "pageMenu" already defined
2	Element link is missing required attribute href.
2	ID "cmsPageAreaFull" already defined
2	Bad value 3 stycznia 2012 for attribute datetime on element time: The literal did not satisfy the time-datetime format.
2	ID "cmsPageAreaRight" already defined
2	Bad value prettyPhoto[5046] for attribute rel on element a: Illegal character in path component. The string prettyphoto[5046] is not a registered keyword or absolute URL.
2	Bad value prettyPhoto[5103] for attribute rel on element a: Illegal character in path component. The string prettyphoto[5103] is not a registered keyword or absolute URL.
2	ID "cmsPageAreaLeft" already defined
2	element "G:PLUS" undefined
2	ID "internal-source-marker_0.5298508398700505" already defined
2	Bad value X-XRDS-Location for attribute http-equiv on element meta.
2	meta element between head and body.
2	Attribute le not allowed on element meta at this point.
2	reference to entity "depth" for which no system identifier could be generated
2	general entity "depth" not defined and no default entity
2	there is no attribute "ONERROR"
2	general entity "nboardId" not defined and no default entity
2	end tag for element "strike" which is not open
2	Bad value 475px for attribute width on element img: Expected a digit but saw p instead.
2	duplicate specification of attribute "tittle"
2	Duplicate ID activo.
2	ID "store_text" already defined
2	there is no attribute "theme"
2	ID "koteitext2" already defined
2	Element h1 not allowed as child of element summary in this context. (Suppressing further errors from this subtree.)
2	ID "MBlockTable" already defined
2	there is no attribute "YSholder"
2	Element reg not allowed as child of element p in this context. (Suppressing further errors from this subtree.)
2	Duplicate ID remember-me.
2	Attribute targe not allowed on element a at this point.
2	Unclosed element reg.
2	Bad value laundri/html/金熨斗Ⅰ6.2.34.166-build-2012-04-26 1638.zip for attribute href on element a: Whitespace in path component. Use %20 in place of spaces.
2	reference to entity "cn" for which no system identifier could be generated
2	Duplicate ID guides.
2	Attribute development." not allowed on element meta at this point.
2	ID "Ihome1_tab1" already defined
2	Attribute inspired not allowed on element meta at this point.
2	Attribute involve not allowed on element meta at this point.
2	Attribute pioneer, not allowed on element meta at this point.
2	Attribute celebrate not allowed on element meta at this point.
2	there is no attribute "LOOP"
2	there is no attribute "HIDDEN"
2	reference to entity "re" for which no system identifier could be generated
2	Bad value http://cdn.sett.com/images/user/Chibi mugshot7fa872f6a15405101de55f8b85a72a7e_t.png for attribute src on element img: Whitespace in path component. Use %20 in place of spaces.
2	Duplicate ID ringier.
2	Unclosed element o<iframe.
2	Element h3 not allowed as child of element ol in this context. (Suppressing further errors from this subtree.)
2	Duplicate ID freitag.
2	Duplicate ID the-brander.
2	Duplicate ID internazionale.
2	Duplicate ID ia-writer.
2	Bad value http://# for attribute href on element a: A component that is required by the scheme is missing.
2	Duplicate attribute allowscriptaccess.
2	reference to entity "ut" for which no system identifier could be generated
2	reference to entity "at" for which no system identifier could be generated
2	end tag for "_slices" omitted, but OMITTAG NO was specified
2	Duplicate ID input_4_4_1.
2	Duplicate ID input_4_4.
2	element "_slices" undefined
2	Attribute believe not allowed on element meta at this point.
2	Attribute design, not allowed on element meta at this point.
2	Bad value /pages/landing/home/logos/Google Analytics.png for attribute src on element img: Whitespace in path component. Use %20 in place of spaces.
2	ID "campaign047-2940" already defined
2	Bad value attachment wp-att-155 for attribute rel on element a: Whitespace in path component. Use %20 in place of spaces. The string attachment is not a registered keyword or absolute URL.
2	Element o:p not allowed as child of element p in this context. (Suppressing further errors from this subtree.)
2	Attribute short not allowed on element meta at this point.
2	Attribute placeholder not allowed on element input at this point.
2	Duplicate ID advertBox20.
2	Attribute planed not allowed on element meta at this point.
2	Attribute typography". not allowed on element meta at this point.
2	Duplicate attribute history.
2	Bad value attachment wp-att-169 for attribute rel on element a: Whitespace in path component. Use %20 in place of spaces. The string attachment is not a registered keyword or absolute URL.
2	Attribute brief not allowed on element meta at this point.
2	Attribute history not allowed on element meta at this point.
2	reference to entity "groupid" for which no system identifier could be generated
2	general entity "groupid" not defined and no default entity
2	Attribute movie not allowed on element meta at this point.
2	Attribute clip not allowed on element meta at this point.
2	Attribute although not allowed on element meta at this point.
2	Attribute history. not allowed on element meta at this point.
2	Attribute user not allowed on element meta at this point.
2	Attribute interface not allowed on element meta at this point.
2	Attribute interaction not allowed on element meta at this point.
2	Attribute whole not allowed on element meta at this point.
2	there is no attribute "SIZES"
2	Attribute gui not allowed on element meta at this point.
2	reference to entity "metric" for which no system identifier could be generated
2	Bad value WT.sp for attribute name on element meta: Keyword wt.sp is not registered.
2	Bad value attachment wp-att-128 for attribute rel on element a: Whitespace in path component. Use %20 in place of spaces. The string attachment is not a registered keyword or absolute URL.
2	general entity "theme" not defined and no default entity
2	Attribute bordercolordark not allowed on element table at this point.
2	reference to entity "cmp" for which no system identifier could be generated
2	element "frame" undefined
2	Attribute there not allowed on element meta at this point.
2	Bad value form for attribute role on element form.
2	"SO" is not a member of a group specified for any attribute
2	"RUN" is not a member of a group specified for any attribute
2	"WOES" is not a member of a group specified for any attribute
2	Attribute google." not allowed on element meta at this point.
2	Attribute names not allowed on element meta at this point.
2	Bad value 321357896589918208 external nofollow for attribute rel on element a: The string 321357896589918208 is not a registered keyword or absolute URL.
2	Bad value 321361831140679681 external nofollow for attribute rel on element a: The string 321361831140679681 is not a registered keyword or absolute URL.
2	Bad value 321359863185821697 external nofollow for attribute rel on element a: The string 321359863185821697 is not a registered keyword or absolute URL.
2	"FINANCIAL" is not a member of a group specified for any attribute
2	"32" is not a member of a group specified for any attribute
2	Bad value http://www.kernickhomes.com/images/RMOimages/siteimages/643/2264/mortgage app 3.bmp for attribute src on element img: Whitespace in path component. Use %20 in place of spaces.
2	there is no attribute "jquery1356319977414"
2	there is no attribute "accept-charset"
2	"ONLY" is not a member of a group specified for any attribute
2	"NUCLEAR" is not a member of a group specified for any attribute
2	"KILLING" is not a member of a group specified for any attribute
2	"STATION" is not a member of a group specified for any attribute
2	"POWER" is not a member of a group specified for any attribute
2	Bad value 321379610002599937 external nofollow for attribute rel on element a: The string 321379610002599937 is not a registered keyword or absolute URL.
2	Attribute owners not allowed on element meta at this point.
2	Attribute blog not allowed on element meta at this point.
2	Attribute peterme.com not allowed on element meta at this point.
2	Duplicate ID post-14382.
2	Bad value ' + $nextScreen.find( 'img' ).attr( 'src' ) + ' for attribute src on element img: Whitespace in path component. Use %20 in place of spaces.
2	Attribute his not allowed on element meta at this point.
2	Attribute blog" not allowed on element meta at this point.
2	Attribute peter not allowed on element meta at this point.
2	Attribute merholz not allowed on element meta at this point.
2	Attribute april not allowed on element meta at this point.
2	Attribute 1999." not allowed on element meta at this point.
2	Attribute blogs not allowed on element meta at this point.
2	Attribute read not allowed on element meta at this point.
2	Attribute ranked not allowed on element meta at this point.
2	Attribute where not allowed on element meta at this point.
2	Attribute interesting not allowed on element meta at this point.
2	Duplicate attribute on.
2	Attribute dave" not allowed on element meta at this point.
2	Attribute be not allowed on element meta at this point.
2	Bad value http://www.kernickhomes.com/images/RMOimages/siteimages/643/2264/market snap2.jpg for attribute src on element img: Whitespace in path component. Use %20 in place of spaces.
2	Attribute act not allowed on element meta at this point.
2	Attribute content" not allowed on element meta at this point.
2	Attribute used not allowed on element meta at this point.
2	Attribute hundreds not allowed on element meta at this point.
2	Attribute fresh not allowed on element meta at this point.
2	element "instances" undefined
2	Forbidden code point U+0093.
2	reference to entity "fvImageURL" for which no system identifier could be generated
2	reference to entity "fvMovieURL" for which no system identifier could be generated
2	Bad value attachment wp-att-183 for attribute rel on element a: The string attachment is not a registered keyword or absolute URL.
2	Attribute times not allowed on element meta at this point.
2	Attribute answering not allowed on element meta at this point.
2	Attribute the not allowed on element a at this point.
2	Bad value http://Anonymousnoreply@blogger.com for attribute href on element a: PROHIBITED_COMPONENT_PRESENT in user component.
2	end tag for "document.getElementsByName" omitted, but OMITTAG NO was specified
2	element "document.getElementsByName" undefined
2	reference to entity "fvStreamURL" for which no system identifier could be generated
2	Attribute week not allowed on element meta at this point.
2	Attribute people not allowed on element meta at this point.
2	Duplicate ID div_id_email.
2	Attribute nofollow" not allowed on element a at this point.
2	Attribute ($pos not allowed on element meta at this point.
2	Attribute $domain); not allowed on element meta at this point.
2	end tag for element "sc" which is not open
2	Attribute love not allowed on element meta at this point.
2	Attribute engines not allowed on element meta at this point.
2	Attribute co2"." not allowed on element meta at this point.
2	Duplicate attribute by.
2	Element div not allowed as child of element h4 in this context. (Suppressing further errors from this subtree.)
2	Bad value 150px for attribute width on element img: Expected a digit but saw p instead.
2	Attribute $pos not allowed on element meta at this point.
2	Duplicate attribute $newpagerank.
2	Duplicate attribute {.
2	= at the start of an unquoted attribute value. Probable cause: Stray duplicate equals sign.
2	Attribute http: not allowed on element meta at this point.
2	Attribute www.45n5.com not allowed on element meta at this point.
2	Attribute "); not allowed on element meta at this point.
2	Attribute top100 not allowed on element meta at this point.
2	there is no attribute "maxRows"
2	ID "Image152" already defined
2	ID "Image163" already defined
2	"discoveries" is not a member of a group specified for any attribute
2	"paleontological" is not a member of a group specified for any attribute
2	"accounts" is not a member of a group specified for any attribute
2	"first" is not a member of a group specified for any attribute
2	"organs" is not a member of a group specified for any attribute
2	"embryos" is not a member of a group specified for any attribute
2	"vertebrate" is not a member of a group specified for any attribute
2	XHTML element noscript not allowed as child of XHTML element body in this context. (Suppressing further errors from this subtree.)
2	"combines" is not a member of a group specified for any attribute
2	"cleverly" is not a member of a group specified for any attribute
2	Bad value http://www.baidu.com/s?tn=newspu.com&cl=3&ie=utf-8&wd= 新京报 for attribute href on element a: Whitespace in query component. Use %20 in place of spaces.
2	"Dawn" is not a member of a group specified for any attribute
2	"Culture" is not a member of a group specified for any attribute
2	"Deed:" is not a member of a group specified for any attribute
2	"Prehistoric" is not a member of a group specified for any attribute
2	"book" is not a member of a group specified for any attribute
2	"Sex" is not a member of a group specified for any attribute
2	"Origins" is not a member of a group specified for any attribute
2	"with" is not a member of a group specified for any attribute
2	"salacious" is not a member of a group specified for any attribute
2	there is no attribute "numtype"
2	element "pinit" undefined
2	Attribute selected not allowed on element div at this point.
2	there is no attribute "updatespec"
2	"jQuery-SwitchButton" is not a member of a group specified for any attribute
2	"de" is not a member of a group specified for any attribute
2	"Naeka" is not a member of a group specified for any attribute
2	there is no attribute "adj"
2	character "`" is not allowed in the value of attribute "lang"
2	document type does not allow element "UL" here; missing one of "TH", "TD" start-tag
2	"wild" is not a member of a group specified for any attribute
2	"description" is not a member of a group specified for any attribute
2	"aligncenter" is not a member of a group specified for any attribute
2	"practices" is not a member of a group specified for any attribute
2	"throughout" is not a member of a group specified for any attribute
2	"itunes" is not a member of a group specified for any attribute
2	"playlist" is not a member of a group specified for any attribute
2	"animal" is not a member of a group specified for any attribute
2	"across" is not a member of a group specified for any attribute
2	Element select not allowed as child of element ul in this context. (Suppressing further errors from this subtree.)
2	"Reciclados" is not a member of a group specified for any attribute
2	"Consumibles" is not a member of a group specified for any attribute
2	value of attribute "defer" cannot be "true"; must be one of "defer"
2	Attribute $pagerank); not allowed on element meta at this point.
2	Bad value 295 for attribute rel on element a: The string 295 is not a registered keyword or absolute URL.
2	Bad value 2065 for attribute rel on element a: The string 2065 is not a registered keyword or absolute URL.
2	Bad value 1475 for attribute rel on element a: The string 1475 is not a registered keyword or absolute URL.
2	Bad value 885 for attribute rel on element a: The string 885 is not a registered keyword or absolute URL.
2	"Asesoria" is not a member of a group specified for any attribute
2	"Informatica" is not a member of a group specified for any attribute
2	"bueno" is not a member of a group specified for any attribute
2	"por" is not a member of a group specified for any attribute
2	Attribute }" not allowed on element meta at this point.
2	"Cambia" is not a member of a group specified for any attribute
2	"A.E.R.Microsoft" is not a member of a group specified for any attribute
2	"Recambios" is not a member of a group specified for any attribute
2	"y" is not a member of a group specified for any attribute
2	"Mantenimientos" is not a member of a group specified for any attribute
2	Bad value 2655 for attribute rel on element a: The string 2655 is not a registered keyword or absolute URL.
2	Bad value 3245 for attribute rel on element a: The string 3245 is not a registered keyword or absolute URL.
2	character "'" is not allowed in the value of attribute "name"
2	Attribute $newpagerank not allowed on element meta at this point.
2	Attribute 10); not allowed on element meta at this point.
2	Bad value 640px for attribute width on element img: Expected a digit but saw p instead.
2	Attribute oreal' not allowed on element a at this point.
2	"Reporting" is not a member of a group specified for any attribute
2	Attribute false) not allowed on element meta at this point.
2	Attribute { not allowed on element meta at this point.
2	Attribute } not allowed on element meta at this point.
2	ID "internal-source-marker_0.27631466882303357" already defined
2	Bad value 4425 for attribute rel on element a: The string 4425 is not a registered keyword or absolute URL.
2	general entity "ajax" not defined and no default entity
2	Bad value 3835 for attribute rel on element a: The string 3835 is not a registered keyword or absolute URL.
2	Bad value 5015 for attribute rel on element a: The string 5015 is not a registered keyword or absolute URL.
2	Attribute else not allowed on element meta at this point.
2	ID "internal-source-marker_0.10100621799938381" already defined
2	Attribute xmlns:ng not allowed here.
2	Attribute rel not allowed on element input at this point.
2	there is no attribute "key"
2	XHTML element meta not allowed as child of XHTML element link in this context. (Suppressing further errors from this subtree.)
2	Attribute whether not allowed on element meta at this point.
2	end tag for element "TITLE" which is not open
2	Attribute possible not allowed on element meta at this point.
2	Attribute regain not allowed on element meta at this point.
2	Attribute interested not allowed on element meta at this point.
2	Attribute i'm not allowed on element meta at this point.
2	Attribute link not allowed on element meta at this point.
2	Attribute buying not allowed on element meta at this point.
2	Attribute penalty". not allowed on element meta at this point.
2	Attribute once not allowed on element meta at this point.
2	Attribute alleged not allowed on element meta at this point.
2	reference to entity "client_id" for which no system identifier could be generated
2	general entity "client_id" not defined and no default entity
2	Attribute insurance"." not allowed on element meta at this point.
2	Attribute car not allowed on element meta at this point.
2	Attribute spicy"." not allowed on element meta at this point.
2	Attribute links not allowed on element meta at this point.
2	Attribute removed." not allowed on element meta at this point.
2	Attribute mr not allowed on element meta at this point.
2	Attribute media." not allowed on element meta at this point.
2	Attribute get" not allowed on element meta at this point.
2	reference to entity "PS" for which no system identifier could be generated
2	reference to entity "utmi_p" for which no system identifier could be generated
2	Attribute determined not allowed on element meta at this point.
2	reference to entity "ccmMultilingualCurrentPageID" for which no system identifier could be generated
2	Attribute rates not allowed on element meta at this point.
2	general entity "str" not defined and no default entity
2	Attribute crawl not allowed on element meta at this point.
2	general entity "ft" not defined and no default entity
2	Attribute number not allowed on element meta at this point.
2	Attribute factors not allowed on element meta at this point.
2	Attribute normal not allowed on element meta at this point.
2	general entity "cate" not defined and no default entity
2	Attribute rate." not allowed on element meta at this point.
2	document type does not allow element "head" here; assuming missing "html" start-tag
2	Attribute isn't not allowed on element meta at this point.
2	required attribute "name" not specified
2	there is no attribute "data-info"
2	general entity "pageNo" not defined and no default entity
2	Duplicate attribute "spain".
2	Attribute weather" not allowed on element meta at this point.
2	ID "campaign025-4254" already defined
2	ID "campaign654-1085" already defined
2	reference to entity "isMax" for which no system identifier could be generated
2	ID "campaign025-4164" already defined
2	ID "campaign025-4226" already defined
2	Attribute adverts." not allowed on element meta at this point.
2	Attribute successful" not allowed on element meta at this point.
2	ID "campaign025-4173" already defined
2	general entity "isMax" not defined and no default entity
2	reference to entity "isMin" for which no system identifier could be generated
2	Attribute engine not allowed on element meta at this point.
2	ID "campaign132-6942" already defined
2	ID "campaign132-2964" already defined
2	ID "campaign004-6367" already defined
2	Attribute websites." not allowed on element meta at this point.
2	reference to entity "defaultPath" for which no system identifier could be generated
2	general entity "isMin" not defined and no default entity
2	required character (found d) (expected p)
2	Attribute related not allowed on element meta at this point.
2	Attribute weather not allowed on element meta at this point.
2	Attribute "spain" not allowed on element meta at this point.
2	ID "\"contenedor_ayuda_dcto\"" already defined
2	Attribute could not allowed on element meta at this point.
2	ID "campaign047-9001" already defined
2	ID "campaign047-2700" already defined
2	Attribute then not allowed on element meta at this point.
2	ID "campaign047-1023" already defined
2	ID "campaign156-3054" already defined
2	ID "campaign165-7004" already defined
2	ID "campaign150-5687" already defined
2	Attribute result not allowed on element meta at this point.
2	Attribute showing not allowed on element meta at this point.
2	ID "campaign025-4320" already defined
2	ID "campaign025-4167" already defined
2	ID "campaign025-4327" already defined
2	Attribute href not allowed on element span at this point.
2	ID "campaign164-0274" already defined
2	ID "campaign025-4332" already defined
2	Attribute not. not allowed on element meta at this point.
2	Attribute normal" not allowed on element meta at this point.
2	Bad value /feeds/posts/default/-/Facebook Contract?alt=json-in-script&callback=relpostimgcuplik&max-results=50 for attribute src on element script: Whitespace in path component. Use %20 in place of spaces.
2	No dt element in scope but a dt end tag seen.
2	there is no attribute "data-sv"
2	Bad value http://1.js.ws..okbuycdn.com/resources/images/e.gif for attribute src on element img: Host component did not meet the restrictions on DNS names.
2	document type does not allow element "DD" here
2	Attribute how not allowed on element meta at this point.
2	Bad value /feeds/posts/default/-/Mission Missile?alt=json-in-script&callback=relpostimgcuplik&max-results=50 for attribute src on element script: Whitespace in path component. Use %20 in place of spaces.
2	Bad value /feeds/posts/default/-/Mico Headphones?alt=json-in-script&callback=relpostimgcuplik&max-results=50 for attribute src on element script: Whitespace in path component. Use %20 in place of spaces.
2	Attribute many not allowed on element meta at this point.
2	Attribute affiliate not allowed on element meta at this point.
2	Duplicate ID page5.
2	Bad value /feeds/posts/default/-/iPhone 5?alt=json-in-script&callback=relpostimgcuplik&max-results=50 for attribute src on element script: Whitespace in path component. Use %20 in place of spaces.
2	Bad value /feeds/posts/default/-/Top 5?alt=json-in-script&callback=relpostimgcuplik&max-results=50 for attribute src on element script: Whitespace in path component. Use %20 in place of spaces.
2	Bad value /feeds/posts/default/-/John Baier?alt=json-in-script&callback=relpostimgcuplik&max-results=50 for attribute src on element script: Whitespace in path component. Use %20 in place of spaces.
2	Attribute spam" not allowed on element meta at this point.
2	Attribute have not allowed on element meta at this point.
2	Attribute strong not allowed on element meta at this point.
2	Attribute brand?" not allowed on element meta at this point.
2	Attribute google, not allowed on element meta at this point.
2	Attribute cars" not allowed on element meta at this point.
2	Attribute higher not allowed on element meta at this point.
2	Attribute adding not allowed on element meta at this point.
2	Attribute new not allowed on element meta at this point.
2	Attribute forums not allowed on element meta at this point.
2	Element label not allowed as child of element ul in this context. (Suppressing further errors from this subtree.)
2	The scope attribute on the td element is obsolete. Use the scope attribute on a th element instead.
2	Attribute questions not allowed on element meta at this point.
2	Attribute seo not allowed on element meta at this point.
2	Attribute static not allowed on element meta at this point.
2	Attribute site?" not allowed on element meta at this point.
2	Attribute scam" not allowed on element meta at this point.
2	Attribute yahoo." not allowed on element meta at this point.
2	Attribute lings not allowed on element meta at this point.
2	Attribute profit not allowed on element meta at this point.
2	Element ul not allowed as child of element label in this context. (Suppressing further errors from this subtree.)
2	Duplicate attribute google.
2	element "STRIKE" undefined
2	Attribute easy not allowed on element meta at this point.
2	Bad value /feeds/posts/default/-/Apple TV?alt=json-in-script&callback=relpostimgcuplik&max-results=50 for attribute src on element script: Whitespace in path component. Use %20 in place of spaces.
2	Attribute media not allowed on element meta at this point.
2	Attribute shopware not allowed on element a at this point.
2	general entity "bcastr_flie" not defined and no default entity
2	Attribute certified not allowed on element a at this point.
2	Attribute blank not allowed on element meta at this point.
2	ID "hd" already defined
2	ID "adDesc" already defined
2	Attribute leaves not allowed on element meta at this point.
2	Bad value supportform for attribute rel on element a: The string supportform is not a registered keyword or absolute URL.
2	Attribute developer" not allowed on element a at this point.
2	Attribute nennen" not allowed on element a at this point.
2	element "this.globalData.maxnum-1" undefined
2	Attribute engines." not allowed on element meta at this point.
2	Duplicate attribute crawl.
2	end tag for "this.globalData.maxnum-1" omitted, but OMITTAG NO was specified
2	Attribute users not allowed on element meta at this point.
2	Attribute causing not allowed on element meta at this point.
2	Attribute problems not allowed on element meta at this point.
2	reference to entity "fq" for which no system identifier could be generated
2	there is no attribute "data-appid"
2	Attribute database not allowed on element meta at this point.
2	Unclosed element string,.
2	reference to entity "juli" for which no system identifier could be generated
2	Element string, not allowed as child of element p in this context. (Suppressing further errors from this subtree.)
2	Attribute web not allowed on element meta at this point.
2	Attribute altoft" not allowed on element meta at this point.
2	Attribute spam?" not allowed on element meta at this point.
2	reference to entity "showLogin" for which no system identifier could be generated
2	Attribute patrick not allowed on element meta at this point.
2	Attribute page." not allowed on element meta at this point.
2	Duplicate attribute product.
2	Attribute deleted not allowed on element meta at this point.
2	Attribute from not allowed on element meta at this point.
2	there is no attribute "data-setup"
2	Attribute advert not allowed on element meta at this point.
2	Attribute time not allowed on element meta at this point.
2	reference to entity "cityid" for which no system identifier could be generated
2	Attribute product not allowed on element meta at this point.
2	Attribute churn". not allowed on element meta at this point.
2	ID "campaign025-3202" already defined
2	Attribute mark not allowed on element meta at this point.
2	general entity "xfbml" not defined and no default entity
2	Duplicate ID BuyerAlertPropertyType.
2	Duplicate ID BuyerAlertEmail.
2	reference to entity "xfbml" for which no system identifier could be generated
2	Duplicate ID BuyerAlertPropertyCategory.
2	general entity "products_id" not defined and no default entity
2	general entity "cPath" not defined and no default entity
2	Duplicate ID BuyerAlertNeighborhoodId.
2	Duplicate ID BuyerAlertName.
2	reference to entity "lTC" for which no system identifier could be generated
2	Duplicate ID BuyerAlertCampaign.
2	reference to entity "aRw" for which no system identifier could be generated
2	Duplicate ID BuyerAlertPrice.
2	reference to entity "bgC" for which no system identifier could be generated
2	Duplicate ID BuyerAlertSource.
2	general entity "flag" not defined and no default entity
2	Duplicate ID BuyerAlertPhone.
2	reference to entity "dmA" for which no system identifier could be generated
2	Duplicate ID BuyerAlertCityId.
2	there is no attribute "data-dismiss"
2	Bad value Ganha um bilhete duplo para o concerto dos Rammstein for attribute rel on element a: The string ganha is not a registered keyword or absolute URL.
2	required character (found ") (expected ;)
2	end tag for element "BODY" which is not open
2	there is no attribute "style_"
2	Bad value 14px for attribute height on element img: Expected a digit but saw p instead.
2	Bad value Passatempo Oral-B for attribute rel on element a: The string passatempo is not a registered keyword or absolute URL.
2	Bad value Passatempo Big Jump for attribute rel on element a: The string passatempo is not a registered keyword or absolute URL.
2	Bad value 14px for attribute width on element img: Expected a digit but saw p instead.
2	Bad value Passatempo Workshop Gin Tónico for attribute rel on element a: The string passatempo is not a registered keyword or absolute URL.
2	Bad value Ganhe um par de sapatos for attribute rel on element a: The string ganhe is not a registered keyword or absolute URL.
2	there is no attribute "data-referer"
2	there is no attribute "data-next"
2	Bad value Ganhe um iPad mini for attribute rel on element a: The string ganhe is not a registered keyword or absolute URL.
2	there is no attribute "autofocus"
2	there is no attribute "data-dialog-class"
2	Bad value Passatempo Sisters Gourmet for attribute rel on element a: The string passatempo is not a registered keyword or absolute URL.
2	Bad value Passatempo: As Aventuras de Pinóquio for attribute rel on element a: The string as is not a registered keyword or absolute URL.
2	reference to entity "aPl" for which no system identifier could be generated
2	Duplicate ID BuyerAlertCurrency.
2	general entity "category_id" not defined and no default entity
2	document type "HTML" already defined
2	reference to entity "Part" for which no system identifier could be generated
2	general entity "single" not defined and no default entity
2	Duplicate ID csrf_token.
2	Bad value Sat Jul 06 05:19:42 +0000 2013 for attribute datetime on element time: The literal did not satisfy the time-datetime format.
2	Duplicate ID message.
2	Bad value https://maps.google.co.uk/maps?f=q&source=s_q&hl=en&geocode=&q=cf10 1by&aq=&sll=52.405331,-4.159948&sspn=3.579741,8.76709&ie=UTF8&hnear=Cardiff CF10 1BY, United Kingdom&t=m&z=14&iwloc=A&source=embed for attribute href on element a: Whitespace in query component. Use %20 in place of spaces.
2	there is no attribute "MANUAL_CM_SP"
2	there is no attribute "LINK"
2	Bad value _target for attribute target on element a: Reserved keyword target used.
2	Attribute placeholdervalue not allowed on element input at this point.
2	reference to entity "_82_redirect" for which no system identifier could be generated
2	Duplicate ID boxCreateOrganizedCommunity.
2	Duplicate ID Requirements.
2	Duplicate ID Features.
2	Duplicate ID Process.
2	Attribute mce_href not allowed on element a at this point.
2	Bad value Sat Jul 06 19:00:22 +0000 2013 for attribute datetime on element time: The literal did not satisfy the time-datetime format.
2	general entity "PostID" not defined and no default entity
2	reference to entity "PostID" for which no system identifier could be generated
2	reference to entity "vX" for which no system identifier could be generated
2	Duplicate ID UserPhoneForTracking.
2	reference to entity "vY" for which no system identifier could be generated
2	reference to entity "sAH" for which no system identifier could be generated
2	"allowTransparency" is not a member of a group specified for any attribute
2	Duplicate ID UserNameForTracking.
2	reference to entity "vHt" for which no system identifier could be generated
2	reference to entity "vWd" for which no system identifier could be generated
2	reference to entity "vF" for which no system identifier could be generated
2	reference to entity "vP" for which no system identifier could be generated
2	Bad value Sat Jul 06 19:14:08 +0000 2013 for attribute datetime on element time: The literal did not satisfy the time-datetime format.
2	reference to entity "sP" for which no system identifier could be generated
2	Attribute css" not allowed on element span at this point.
2	Attribute text not allowed on element span at this point.
2	reference to entity "sF" for which no system identifier could be generated
2	Bad value Convites duplos para o filme ladrões com estilo for attribute rel on element a: The string convites is not a registered keyword or absolute URL.
2	required character (found t) (expected l)
2	Bad value logo for attribute rel on element link: Not an absolute IRI. The string logo is not a registered keyword or absolute URL.
2	Attribute needlogin not allowed on element a at this point.
2	Element div not allowed as child of element a in this context. (Suppressing further errors from this subtree.)
2	Bad value fluid-icon for attribute rel on element link: Not an absolute IRI. The string fluid-icon is not a registered keyword or absolute URL.
2	element "PageWidth_1" undefined
2	there is no attribute "sc"
2	general entity "viewlostpw" not defined and no default entity
2	reference to entity "viewlostpw" for which no system identifier could be generated
2	there is no attribute "DATA-FANCYBOX-TYPE"
2	there is no attribute "FRAMESPACING"
2	there is no attribute "Alt"
2	general entity "fid" not defined and no default entity
2	Bad value http://www.gefahrgutaufkleber.eu/Spezielle-Etiketten/Warn-Tafeln/UN-Ziffern-gro-UNZ3-Einzelblatt-75x110mm.html?listtype=search&searchparam=UN-Ziffern groß for attribute href on element a: Whitespace in query component. Use %20 in place of spaces.
2	Attribute value not allowed on XHTML element input at this point.
2	there is no attribute "w:p"
2	"nowrap" is not a member of a group specified for any attribute
2	Element cap not allowed as child of element a in this context. (Suppressing further errors from this subtree.)
2	Row 5 of a row group established by a tbody element has no cells beginning on it.
2	Attribute herskind" not allowed on element meta at this point.
2	Attribute john not allowed on element meta at this point.
2	general entity "date" not defined and no default entity
2	general entity "slr" not defined and no default entity
2	Attribute thanks not allowed on element meta at this point.
2	reference to entity "date" for which no system identifier could be generated
2	general entity "slt" not defined and no default entity
2	Attribute event not allowed on element meta at this point.
2	Attribute myself, not allowed on element meta at this point.
2	Attribute huge not allowed on element meta at this point.
2	Attribute two not allowed on element meta at this point.
2	Attribute below not allowed on element meta at this point.
2	Attribute piece. not allowed on element meta at this point.
2	Attribute photo not allowed on element meta at this point.
2	Attribute courtesy not allowed on element meta at this point.
2	reference to entity "def" for which no system identifier could be generated
2	general entity "def" not defined and no default entity
2	Attribute purchased not allowed on element meta at this point.
2	general entity "lpt" not defined and no default entity
2	Bad value http://www.gefahrgutaufkleber.eu/Spezielle-Etiketten/Orangefarbene-Tafeln/UN-Ziffern-gro-UNZ4-Einzelblatt-75x110mm.html?listtype=search&searchparam=UN-Ziffern groß for attribute href on element a: Whitespace in query component. Use %20 in place of spaces.
2	Bad value http://www.gefahrgutaufkleber.eu/Spezielle-Etiketten/Orangefarbene-Tafeln/UN-Ziffern-gro-UNZ5-Einzelblatt-75x110mm.html?listtype=search&searchparam=UN-Ziffern groß for attribute href on element a: Whitespace in query component. Use %20 in place of spaces.
2	there is no attribute "data-panel-id"
2	ID "logo-programa-videos-triplo" already defined
2	general entity "qtype" not defined and no default entity
2	there is no attribute "data-panel"
2	there is no attribute "data-replace"
2	reference to entity "scid" for which no system identifier could be generated
2	general entity "scid" not defined and no default entity
2	there is no attribute "data-moreurl"
2	reference to entity "characters" for which no system identifier could be generated
2	general entity "characters" not defined and no default entity
2	element "Content" undefined
2	The shape attribute on the a element is obsolete. Use area instead of a for image maps.
2	reference to undeclared general entity ntilde
2	ID "current" already defined
2	delimiter """ invalid: only S separators and TAGC allowed here
2	reference to entity "model" for which no system identifier could be generated
2	general entity "model" not defined and no default entity
2	general entity "scname" not defined and no default entity
2	reference to entity "scname" for which no system identifier could be generated
2	Unclosed element iframe.
2	Attribute rel not allowed on element blockquote at this point.
2	Duplicate ID aligned.
2	End of file seen when expecting text or an end tag.
2	Bad value http://www.gefahrgutaufkleber.eu/Spezielle-Etiketten/Warn-Tafeln/UN-Ziffern-gro-UNZ0-Einzelblatt-75x110mm.html?listtype=search&searchparam=UN-Ziffern groß for attribute href on element a: Whitespace in query component. Use %20 in place of spaces.
2	Bad value http://www.gefahrgutaufkleber.eu/Spezielle-Etiketten/Warn-Tafeln/UN-Ziffern-gro-UNZ6-Einzelblatt-75x110mm.html?listtype=search&searchparam=UN-Ziffern groß for attribute href on element a: Whitespace in query component. Use %20 in place of spaces.
2	Bad value http://www.gefahrgutaufkleber.eu/Spezielle-Etiketten/Orangefarbene-Tafeln/UN-Ziffern-gro-UNZ7-Einzelblatt-75x110mm.html?listtype=search&searchparam=UN-Ziffern groß for attribute href on element a: Whitespace in query component. Use %20 in place of spaces.
2	Bad value http://www.gefahrgutaufkleber.eu/Spezielle-Etiketten/Orangefarbene-Tafeln/UN-Ziffern-gro-UNZ8-Einzelblatt-75x110mm.html?listtype=search&searchparam=UN-Ziffern groß for attribute href on element a: Whitespace in query component. Use %20 in place of spaces.
2	ID "econtinua" already defined
2	document type does not allow element "h5" here; missing one of "button", "map", "object", "ins", "del", "noscript" start-tag
2	general entity "queryType" not defined and no default entity
2	reference to entity "checkedRange" for which no system identifier could be generated
2	general entity "checkedRange" not defined and no default entity
2	reference to entity "queryType" for which no system identifier could be generated
2	document type does not allow element "SCRIPT" here; assuming missing "LI" start-tag
2	there is no attribute "x-webkit-speech"
2	there is no attribute "data-prefix"
2	reference to entity "languageId" for which no system identifier could be generated
2	reference to entity "_my_space_login_redirect" for which no system identifier could be generated
2	there is no attribute "rowspan"
2	reference to entity "NAVIGATION_TOPIC_ID" for which no system identifier could be generated
2	Attribute manual_cm_sp not allowed on element a at this point.
2	"passieren" is not a member of a group specified for any attribute
2	"iPhone" is not a member of a group specified for any attribute
2	"was" is not a member of a group specified for any attribute
2	there is no attribute "style:text-align"
2	"dem" is not a member of a group specified for any attribute
2	Attribute manual_cm_re not allowed on element area at this point.
2	Attribute lbl not allowed on element label at this point.
2	"allowtransparency" is not a member of a group specified for any attribute
2	Duplicate ID figure_info.
2	Attribute aria-sort not allowed on element input at this point.
2	Attribute lbl not allowed on element span at this point.
2	there is no attribute "data-option-key"
2	Bad value <?php the_permalink(); ?>“><?php the_content(); ?></a><br />
<?php endwhile;wp_reset_query();?></p>
			
						
			<p></p>

				

				
	</div><!-- end .container -->
	
</section><!-- end #content -->


	<footer id= for attribute href on element a: Control character in query component.
2	Attribute lbl not allowed on element p at this point.
2	Attribute footer" not allowed on element a at this point.
2	"größte" is not a member of a group specified for any attribute
2	"das" is not a member of a group specified for any attribute
2	general entity "TOPIC_ID" not defined and no default entity
2	general entity "ARTICLE_ID" not defined and no default entity
2	general entity "DISPLAY" not defined and no default entity
2	general entity "PARENT_TOPIC_ID" not defined and no default entity
2	reference to entity "FEATURE_TOP_ID" for which no system identifier could be generated
2	general entity "CMD" not defined and no default entity
2	general entity "LANGUAGE" not defined and no default entity
2	general entity "COUNTRY" not defined and no default entity
2	reference to entity "HANDLERMODE" for which no system identifier could be generated
2	general entity "INDEX" not defined and no default entity
2	Attribute par not allowed on element a at this point.
2	"Retina-Diplay" is not a member of a group specified for any attribute
2	"-" is not a member of a group specified for any attribute
2	reference to undeclared general entity mdash
2	Unclosed element src.
2	general entity "USERTYPE" not defined and no default entity
2	general entity "SOURCE_FORM" not defined and no default entity
2	Attribute opt not allowed on element div at this point.
2	"creation" is not a member of a group specified for any attribute
2	general entity "s.pt" not defined and no default entity
2	general entity "s.u.indexOf" not defined and no default entity
2	reference to entity "s.u.indexOf" for which no system identifier could be generated
2	element "s.va_g.length" undefined
2	reference to entity "s.em" for which no system identifier could be generated
2	reference to entity "a.split" for which no system identifier could be generated
2	general entity "x.indexOf" not defined and no default entity
2	general entity "s.em" not defined and no default entity
2	general entity "p.location" not defined and no default entity
2	reference to entity "p.location" for which no system identifier could be generated
2	general entity "ndh" not defined and no default entity
2	reference to entity "ndh" for which no system identifier could be generated
2	general entity "AQE" not defined and no default entity
2	reference to entity "s.ssl" for which no system identifier could be generated
2	general entity "s.ssl" not defined and no default entity
2	general entity "p.location.host" not defined and no default entity
2	reference to entity "p.location.host" for which no system identifier could be generated
2	general entity "a.split" not defined and no default entity
2	element "a." undefined
2	reference to entity "uolotr" for which no system identifier could be generated
2	element "n" undefined
2	element "uol_sc.d.links.length" undefined
2	general entity "uolotr" not defined and no default entity
2	general entity "uol_sc.prop34" not defined and no default entity
2	value of attribute "type" cannot be "url"; must be one of "text", "password", "checkbox", "radio", "submit", "reset", "file", "hidden", "image", "button"
2	Duplicate ID internal-source-marker_0.5820610637310892.
2	Bad value partner for attribute name on element meta: Keyword partner is not registered.
2	general entity "c.indexOf" not defined and no default entity
2	reference to entity "c.indexOf" for which no system identifier could be generated
2	element "d.get" undefined
2	element "t1" undefined
2	element "fl" undefined
2	reference to entity "uol_sc.apv" for which no system identifier could be generated
2	general entity "uol_sc.apv" not defined and no default entity
2	general entity "z.indexOf" not defined and no default entity
2	reference to entity "z.indexOf" for which no system identifier could be generated
2	general entity "PARTITION_ID" not defined and no default entity
2	reference to entity "LEVEL_ID" for which no system identifier could be generated
2	reference to entity "group" for which no system identifier could be generated
2	reference to entity "db" for which no system identifier could be generated
2	reference to entity "o_type" for which no system identifier could be generated
2	reference to entity "partnerref" for which no system identifier could be generated
2	"CLERIC" is not a member of a group specified for any attribute
2	"EUROPEAN" is not a member of a group specified for any attribute
2	"JOINING" is not a member of a group specified for any attribute
2	"PROSPECT" is not a member of a group specified for any attribute
2	end tag for element "OBJECT" which is not open
2	Attribute et not allowed on element a at this point.
2	Duplicate ID iopcNo.
2	Duplicate ID iopcSí.
2	Bad value iopcMe resulta indiferente for attribute id on element input: An ID must not contain whitespace.
2	Bad value iopcMe es indiferente for attribute id on element input: An ID must not contain whitespace.
2	Element h4 not allowed as child of element kbd in this context. (Suppressing further errors from this subtree.)
2	reference to entity "t_cate" for which no system identifier could be generated
2	Bad value /en/it-services/end-user-computing/vdi-and-application-virtualisation?tag=Design and Planning for attribute href on element a: Whitespace in query component. Use %20 in place of spaces.
2	"UNION" is not a member of a group specified for any attribute
2	"END" is not a member of a group specified for any attribute
2	general entity "php_source" not defined and no default entity
2	general entity "license" not defined and no default entity
2	general entity "player" not defined and no default entity
2	general entity "stage_height" not defined and no default entity
2	general entity "stage_width" not defined and no default entity
2	ID "playerlist1" already defined
2	there is no attribute "classid"
2	there is no attribute "codebase"
2	general entity "response_type" not defined and no default entity
2	general entity "js" not defined and no default entity
2	"IS" is not a member of a group specified for any attribute
2	"PROCESS" is not a member of a group specified for any attribute
2	"LENGTHY" is not a member of a group specified for any attribute
2	"NOT" is not a member of a group specified for any attribute
2	"CERTAINTY" is not a member of a group specified for any attribute
2	reference to entity "px" for which no system identifier could be generated
2	reference to entity "wh" for which no system identifier could be generated
2	Duplicate attribute de.
2	Bad value iopcCésped artificial for attribute id on element input: An ID must not contain whitespace.
2	ID "menu-item-1473" already defined
2	ID "menu-item-1491" already defined
2	ID "menu-item-1472" already defined
2	ID "menu-item-1474" already defined
2	ID "menu-item-1461" already defined
2	ID "menu-item-1441" already defined
2	ID "menu-item-1463" already defined
2	ID "menu-item-1462" already defined
2	ID "menu-item-1490" already defined
2	ID "menu-item-1489" already defined
2	there is no attribute "controls"
2	"data-mosaic-items" is not a member of a group specified for any attribute
2	general entity "btype" not defined and no default entity
2	Attribute qui not allowed on element a at this point.
2	ID "menu-item-851" already defined
2	ID "menu-item-1497" already defined
2	ID "menu-item-1496" already defined
2	ID "menu-item-1442" already defined
2	ID "menu-item-1443" already defined
2	ID "index_catalog" already defined
2	Duplicate ID lft_pnl.
2	ID "menu-item-1391" already defined
2	ID "index_left_title" already defined
2	ID "index_left_content" already defined
2	Bad value iopcCésped natural for attribute id on element input: An ID must not contain whitespace.
2	Attribute une not allowed on element a at this point.
2	Element fb:like-box not allowed as child of element article in this context. (Suppressing further errors from this subtree.)
2	ID "menu-item-1419" already defined
2	ID "menu-item-1392" already defined
2	ID "menu-item-1420" already defined
2	ID "menu-item-1433" already defined
2	ID "menu-item-1432" already defined
2	ID "menu-item-1407" already defined
2	ID "menu-item-1408" already defined
2	ID "menu-item-1390" already defined
2	ID "menu-item-1409" already defined
2	Attribute able not allowed on element meta at this point.
2	general entity "tm" not defined and no default entity
2	reference to entity "bN.type" for which no system identifier could be generated
2	ID "WOWS3" already defined
2	there is no attribute "data-trackeventaction"
2	ID "WOWS4" already defined
2	ID "WOWS5" already defined
2	Duplicate ID myModalLabel.
2	value of attribute "type" cannot be "Hidden"; must be one of "text", "password", "checkbox", "radio", "submit", "reset", "file", "hidden", "image", "button"
2	end tag for "B" omitted, but its declaration does not permit this
2	there is no attribute "data-trackeventlabel"
2	there is no attribute "data-vr-zone"
2	document type does not allow element "a" here; missing one of "th", "td" start-tag
2	end tag for element "style" which is not open
2	there is no attribute "rowSpan"
2	document type does not allow element "strong" here; missing one of "ins", "del", "h1", "h2", "h3", "h4", "h5", "h6", "p", "div", "pre", "address", "fieldset" start-tag
2	general entity "v1" not defined and no default entity
2	general entity "utm_keyword" not defined and no default entity
2	general entity "content_id" not defined and no default entity
2	document type does not allow element "HR" here; assuming missing "LI" start-tag
2	reference to entity "msid" for which no system identifier could be generated
2	reference to entity "sf" for which no system identifier could be generated
2	reference to entity "e.canvas" for which no system identifier could be generated
2	Attribute idobj not allowed on element li at this point.
2	Attribute typeobj not allowed on element li at this point.
2	Attribute search"!" not allowed on element input at this point.
2	Bad value en_US for attribute lang on element html: The language subtag en_us is not a valid language subtag.
2	reference to entity "bN.getElementsByTagName" for which no system identifier could be generated
2	there is no attribute "option"
2	reference to entity "bJ.type" for which no system identifier could be generated
2	Attribute nameobj not allowed on element li at this point.
2	reference to entity "websiteid" for which no system identifier could be generated
2	reference to entity "vs" for which no system identifier could be generated
2	reference to entity "this.attrs.fill" for which no system identifier could be generated
2	reference to entity "sd" for which no system identifier could be generated
2	reference to entity "this.attrs.gradient" for which no system identifier could be generated
2	reference to entity "ind" for which no system identifier could be generated
2	reference to entity "responseEncoding" for which no system identifier could be generated
2	reference to entity "al" for which no system identifier could be generated
2	there is no attribute "vAlign"
2	reference to entity "bP" for which no system identifier could be generated
2	Bad value Крышные установки – самый действенный вид наружной рекламы. Большие конструкции крышных установок и применение подсветки позволяют видеть их на расстоянии нескольких километров. for attribute rel on element a: The string Крышные is not a registered keyword or absolute URL.
2	XHTML element label not allowed as child of XHTML element input in this context. (Suppressing further errors from this subtree.)
2	Bad value Вариантов изготовления объемных букв может быть бесконечное количество, а в сочетании с другими технологиями можно сделать вывеску, которая будет привлекать внимание прохожих. for attribute rel on element a: The string Вариантов is not a registered keyword or absolute URL.
2	Bad value Световой короб - один из самых недорогих видов световой рекламы, в случае отказа согласования светового короба мы предлагаем нашим заказчикам Фигурный лайтбокс - короб сложной формы for attribute rel on element a: The string Световой is not a registered keyword or absolute URL.
2	Bad value  for attribute rel on element a: The string Световая is not a registered keyword or absolute URL.
2	Bad value  for attribute rel on element a: The string Создавая is not a registered keyword or absolute URL.
2	value of attribute "selected" cannot be ""; must be one of "selected"
2	there is no attribute "data-dropdown"
2	Bad value  for attribute rel on element a: The string Вывеска is not a registered keyword or absolute URL.
2	end tag for element "ol" which is not open
2	reference to entity "GO." for which no system identifier could be generated
2	general entity "GO." not defined and no default entity
2	reference to entity "II" for which no system identifier could be generated
2	Attribute cityid not allowed on element a at this point.
2	there is no attribute "ex:content"
2	general entity "lID" not defined and no default entity
2	reference to entity "lID" for which no system identifier could be generated
2	Start tag div seen in table.
2	there is no attribute "maxlength"
2	element "bP" undefined
2	element "bQ" undefined
2	reference to entity "E--" for which no system identifier could be generated
2	element "bS" undefined
2	element "bN" undefined
2	Element br not allowed as child of element hgroup in this context. (Suppressing further errors from this subtree.)
2	reference to entity "bN.rotate" for which no system identifier could be generated
2	there is no attribute "cellspacing"
2	reference to entity "add_id" for which no system identifier could be generated
2	reference to entity "Array.isArray" for which no system identifier could be generated
2	Bad character $ after <. Probable cause: Unescaped <. Try escaping it as &lt;.
2	Duplicate ID input_1_18.
2	Bad value  for attribute id on element section: An ID must not be the empty string.
2	Bad value DC.Publisher for attribute name on element meta: Keyword dc.publisher is not registered.
2	reference to entity "antialias" for which no system identifier could be generated
2	Stray end tag div--.
2	reference to entity "backgroundcolor" for which no system identifier could be generated
2	reference to entity "afsid" for which no system identifier could be generated
2	reference to entity "flvUrl" for which no system identifier could be generated
2	Duplicate ID IDCommentPostInfoTime522.
2	Duplicate ID IDCommentPostInfoTitle522.
2	Duplicate ID IDCommentPostInfoPermalink522.
2	reference to entity "setTimeout" for which no system identifier could be generated
2	Duplicate ID IDCommentPostInfoAuthor522.
2	Duplicate ID IDCommentPostInfoPermalink734.
2	Bad value lightbox[734] for attribute rel on element a: Illegal character in path component. The string lightbox[734] is not a registered keyword or absolute URL.
2	Duplicate ID IDCommentPostInfoGuid522.
2	Bad value lightbox[522] for attribute rel on element a: The string lightbox[522] is not a registered keyword or absolute URL. Illegal character in path component.
2	there is no attribute "lb-id"
2	Bad value _new for attribute target on element form: Reserved keyword new used.
2	end tag for "g" omitted, but OMITTAG NO was specified
2	Attribute 47fb6d18442e99dbff2346f24665aa5d?s not allowed on element img at this point.
2	end tag for "c" omitted, but OMITTAG NO was specified
2	end tag for "m" omitted, but OMITTAG NO was specified
2	element "c" undefined
2	reference to entity "bH.rotate" for which no system identifier could be generated
2	element "bV" undefined
2	element "bW" undefined
2	Duplicate ID IDCommentPostInfoTitle734.
2	Duplicate ID IDCommentPostInfoPermalink711.
2	Bad value lightbox[711] for attribute rel on element a: Illegal character in path component. The string lightbox[711] is not a registered keyword or absolute URL.
2	element "LINK" undefined
2	Duplicate ID IDCommentPostInfoTitle711.
2	Duplicate ID IDCommentPostInfoTime711.
2	element "m" undefined
2	Duplicate ID IDCommentPostInfoGuid711.
2	Duplicate ID IDCommentPostInfoAuthor711.
2	Duplicate ID IDCommentPostInfoGuid727.
2	Duplicate ID IDCommentPostInfoAuthor727.
2	Duplicate ID IDCommentPostInfoGuid734.
2	Duplicate ID IDCommentPostInfoAuthor734.
2	Duplicate ID IDCommentPostInfoTime734.
2	Bad value lightbox[727] for attribute rel on element a: Illegal character in path component. The string lightbox[727] is not a registered keyword or absolute URL.
2	Duplicate ID IDCommentPostInfoPermalink727.
2	Duplicate ID IDCommentPostInfoTime727.
2	Duplicate ID IDCommentPostInfoTitle727.
2	Attribute action not allowed on element input at this point.
2	reference to entity "R.call" for which no system identifier could be generated
2	there is no attribute "app_id"
2	Bad value http://thirdparty.fmpub.net/placement/525394?fleur_de_sel=[timestamp] for attribute src on element script: Illegal character in query component.
2	there is no attribute "site"
2	there is no attribute "ref"
2	element "fb:recommendations" undefined
2	end tag for "bV" omitted, but OMITTAG NO was specified
2	end tag for "bQ" omitted, but OMITTAG NO was specified
2	end tag for "bN" omitted, but OMITTAG NO was specified
2	ID "A1" already defined
2	end tag for "bP" omitted, but OMITTAG NO was specified
2	reference to entity "bQ.stroke" for which no system identifier could be generated
2	reference to entity "bN" for which no system identifier could be generated
2	reference to entity "zs" for which no system identifier could be generated
2	reference to entity "logoUrl" for which no system identifier could be generated
2	reference to entity "bK" for which no system identifier could be generated
2	end tag for "bS" omitted, but OMITTAG NO was specified
2	reference to entity "viewKey" for which no system identifier could be generated
2	Bad value http://thirdparty.fmpub.net/placement/518639?fleur_de_sel=[timestamp] for attribute src on element script: Illegal character in query component.
2	end tag for "bW" omitted, but OMITTAG NO was specified
2	Attribute not, not allowed on element a at this point.
2	Attribute want not allowed on element a at this point.
2	Attribute not" not allowed on element a at this point.
2	Attribute waste not allowed on element a at this point.
2	there is no attribute "MARGINWIDTH"
2	Bad value thumbnail for attribute name on element meta: Keyword thumbnail is not registered.
2	value of attribute "ALIGN" cannot be "ABSBOTTOM"; must be one of "TOP", "MIDDLE", "BOTTOM", "LEFT", "RIGHT"
2	there is no attribute "SPAN"
2	Attribute tips not allowed on element a at this point.
2	Attribute for not allowed on element a at this point.
2	there is no attribute "MARGINHEIGHT"
2	Bad value http://thirdparty.fmpub.net/placement/518640?fleur_de_sel=[timestamp] for attribute src on element script: Illegal character in query component.
2	reference to entity "bq" for which no system identifier could be generated
2	Bad value http://thirdparty.fmpub.net/placement/515801?fleur_de_sel=[timestamp] for attribute src on element script: Illegal character in query component.
2	Attribute fridge" not allowed on element a at this point.
2	Attribute an not allowed on element a at this point.
2	Attribute organized not allowed on element a at this point.
2	general entity "II" not defined and no default entity
2	reference to entity "play" for which no system identifier could be generated
2	Attribute luckiest not allowed on element meta at this point.
2	Attribute girl not allowed on element meta at this point.
2	Attribute planet. not allowed on element meta at this point.
2	Attribute like not allowed on element meta at this point.
2	Attribute feel not allowed on element meta at this point.
2	Attribute very not allowed on element meta at this point.
2	Attribute moment not allowed on element meta at this point.
2	Attribute time, not allowed on element meta at this point.
2	Bad value album/secretpenguin 3 of 7.jpg for attribute src on element img: Whitespace in path component. Use %20 in place of spaces.
2	Bad value album/amsterdam blvd..jpg for attribute src on element img: Whitespace in path component. Use %20 in place of spaces.
2	Attribute determination, not allowed on element meta at this point.
2	Duplicate attribute children.
2	Duplicate attribute it.
2	Attribute stubborn not allowed on element meta at this point.
2	Attribute ago, not allowed on element meta at this point.
2	Bad value album/secretpeguin 4 of 7.jpg for attribute src on element img: Whitespace in path component. Use %20 in place of spaces.
2	Bad value album/:c:o:d:e sound for coding.jpg for attribute src on element img: Whitespace in path component. Use %20 in place of spaces.
2	Attribute year not allowed on element meta at this point.
2	Attribute sense, not allowed on element meta at this point.
2	Attribute here, not allowed on element meta at this point.
2	Duplicate attribute some.
2	Attribute lot not allowed on element meta at this point.
2	Attribute happen not allowed on element meta at this point.
2	Duplicate attribute in.
2	Attribute _hot not allowed on element span at this point.
2	Bad value album/secretpenguin 1 of 7.jpg for attribute src on element img: Whitespace in path component. Use %20 in place of spaces.
2	Bad value album/slow down tomorrow.jpg for attribute src on element img: Whitespace in path component. Use %20 in place of spaces.
2	Bad value album/secretpenguin 2 of 7.jpg for attribute src on element img: Whitespace in path component. Use %20 in place of spaces.
2	Attribute year" not allowed on element meta at this point.
2	Attribute because.... not allowed on element meta at this point.
2	Attribute too not allowed on element meta at this point.
2	Attribute personal not allowed on element meta at this point.
2	Attribute post not allowed on element meta at this point.
2	Attribute probably not allowed on element meta at this point.
2	Attribute elaboration not allowed on element meta at this point.
2	Attribute fucking not allowed on element meta at this point.
2	Attribute true. not allowed on element meta at this point.
2	Duplicate attribute these.
2	Attribute reclaim" not allowed on element meta at this point.
2	general entity "Menu" not defined and no default entity
2	reference to entity "Site" for which no system identifier could be generated
2	general entity "Site" not defined and no default entity
2	reference to entity "Menu" for which no system identifier could be generated
2	general entity "online" not defined and no default entity
2	Attribute prostitution. not allowed on element meta at this point.
2	Attribute dacs not allowed on element meta at this point.
2	Attribute been not allowed on element meta at this point.
2	Attribute working not allowed on element meta at this point.
2	Attribute help not allowed on element meta at this point.
2	Attribute non-abusive not allowed on element meta at this point.
2	Attribute jobs. not allowed on element meta at this point.
2	Attribute wasn't not allowed on element meta at this point.
2	Attribute place not allowed on element meta at this point.
2	Attribute well not allowed on element meta at this point.
2	Attribute these not allowed on element meta at this point.
2	Attribute lives not allowed on element meta at this point.
2	Attribute forced not allowed on element meta at this point.
2	Attribute females not allowed on element meta at this point.
2	Attribute organic not allowed on element meta at this point.
2	Bad value album/new sound.jpg for attribute src on element img: Whitespace in path component. Use %20 in place of spaces.
2	Bad value album/dont mind.jpg for attribute src on element img: Whitespace in path component. Use %20 in place of spaces.
2	Bad value album/morning surf.jpg for attribute src on element img: Whitespace in path component. Use %20 in place of spaces.
2	Bad value album/secretpenguin 5 of 7.jpg for attribute src on element img: Whitespace in path component. Use %20 in place of spaces.
2	Attribute focused not allowed on element meta at this point.
2	Attribute positive not allowed on element meta at this point.
2	Bad value album/these go to 11.jpg for attribute src on element img: Whitespace in path component. Use %20 in place of spaces.
2	element "audio" undefined
2	Attribute shapes not allowed on element meta at this point.
2	Attribute most not allowed on element meta at this point.
2	Attribute abused not allowed on element meta at this point.
2	Attribute children not allowed on element meta at this point.
2	Attribute as not allowed on element meta at this point.
2	Attribute feminine not allowed on element meta at this point.
2	reference to entity "online" for which no system identifier could be generated
2	Attribute kept not allowed on element meta at this point.
2	Bad value productos organicos for attribute rel on element a: The string productos is not a registered keyword or absolute URL. Whitespace in path component. Use %20 in place of spaces.
2	Bad value album/love and peace.jpg for attribute src on element img: Whitespace in path component. Use %20 in place of spaces.
2	ID "total" already defined
2	end tag for "caption" omitted, but OMITTAG NO was specified
2	document type does not allow element "br" here; assuming missing "caption" start-tag
2	"https:" is not a member of a group specified for any attribute
2	element "product" undefined
2	general entity "Wilkins" not defined and no default entity
2	--! found in comment.
2	title element between head and body.
2	end tag for "product" omitted, but OMITTAG NO was specified
2	there is no attribute "font-family:"
2	element "picarr.length" undefined
2	element "linkarr.length" undefined
2	element "textarr.length" undefined
2	Bad value 400px for attribute width on element iframe: Expected a digit but saw p instead.
2	Duplicate ID watch-description-extras.
2	there is no attribute "font-size:"
2	ID "business" already defined
2	reference to entity "Wilkins" for which no system identifier could be generated
2	there is no attribute "data-mce-json"
2	general entity "Country" not defined and no default entity
2	character "'" is not allowed in the value of attribute "target"
2	Duplicate ID dpop.
2	reference to entity "Country" for which no system identifier could be generated
2	general entity "Language" not defined and no default entity
2	Bad value 350px for attribute width on element img: Expected a digit but saw p instead.
2	ID "rendu_nom" already defined
2	reference to entity "Language" for which no system identifier could be generated
2	ID "ficheCaractRistiques" already defined
2	Bad value 150px for attribute height on element img: Expected a digit but saw p instead.
2	"SPAN" is not a member of a group specified for any attribute
2	document type does not allow element "iframe" here; assuming missing "object" start-tag
2	general entity "Kern" not defined and no default entity
2	value of attribute "scrolling" cannot be "\"no\""; must be one of "yes", "no", "auto"
2	character "\" is not allowed in the value of attribute "scrolling"
2	"0px" is not a member of a group specified for any attribute
2	ID "ficheNotesTechniques" already defined
2	general entity "bcastr_config" not defined and no default entity
2	end tag for "textarr.length" omitted, but OMITTAG NO was specified
2	Duplicate ID post-navigator-single.
2	The align attribute on the legend element is obsolete. Use CSS instead.
2	Bad value album/a new day.jpg for attribute src on element img: Whitespace in path component. Use %20 in place of spaces.
2	Bad value 33px for attribute width on element img: Expected a digit but saw p instead.
2	Duplicate ID anfahrt.
2	there is no attribute "s"
2	character "," is not allowed in the value of attribute "id"
2	Attribute loginflag not allowed on element a at this point.
2	Bad value album/real hip-hop vol. ii.jpg for attribute src on element img: Whitespace in path component. Use %20 in place of spaces.
2	Bad value album/neverland - vol 2.jpg for attribute src on element img: Whitespace in path component. Use %20 in place of spaces.
2	ID "leftimageplaceholder" already defined
2	ID "rightcontent" already defined
2	Bad value album/good morning, its tomorrow.jpg for attribute src on element img: Whitespace in path component. Use %20 in place of spaces.
2	Bad value album/these dreams.jpg for attribute src on element img: Whitespace in path component. Use %20 in place of spaces.
2	Bad value album/we are connected.jpg for attribute src on element img: Whitespace in path component. Use %20 in place of spaces.
2	Bad value album/diligent ubiquitous boundlessness.jpg for attribute src on element img: Whitespace in path component. Use %20 in place of spaces.
2	ID "linksheading" already defined
2	Attribute nc:bundle not allowed on element link at this point.
2	Bad value 450px for attribute height on element iframe: Expected a digit but saw p instead.
2	reference to entity "h.maxwidth" for which no system identifier could be generated
2	reference to entity "e.css" for which no system identifier could be generated
2	there is no attribute "data-box"
2	there is no attribute "aria-haspopup"
2	there is no attribute "aria-autocomplete"
2	end tag for "linkarr.length" omitted, but OMITTAG NO was specified
2	end tag for "picarr.length" omitted, but OMITTAG NO was specified
2	reference to entity "YOU." for which no system identifier could be generated
2	there is no attribute "xtcz"
2	Attribute tipo not allowed on element select at this point.
2	element "canvas" undefined
2	there is no attribute "data-role"
2	there is no attribute "data-specialkw"
2	EntityRef: expecting ';'
2	"2" is not a member of a group specified for any attribute
2	Bad value /Destaque/Brasil/Pernambuco/Fernando-De-Noronha-Só-Terrestre--04-Dias-03-Noites/4105-27-0-0-3138SO HOTEL for attribute href on element a: Whitespace in path component. Use %20 in place of spaces.
2	there is no attribute "author"
2	reference to entity "AQE" for which no system identifier could be generated
2	"AT" is not a member of a group specified for any attribute
2	there is no attribute "generated"
2	reference to entity "tagIds" for which no system identifier could be generated
2	general entity "iSize" not defined and no default entity
2	general entity "tagIds" not defined and no default entity
2	reference to entity "iSize" for which no system identifier could be generated
2	general entity "orderBy" not defined and no default entity
2	reference to entity "fb" for which no system identifier could be generated
2	general entity "fb" not defined and no default entity
2	reference to entity "res" for which no system identifier could be generated
2	general entity "gl" not defined and no default entity
2	reference to entity "showBanner" for which no system identifier could be generated
2	general entity "showBanner" not defined and no default entity
2	general entity "currentPage" not defined and no default entity
2	reference to entity "currentPage" for which no system identifier could be generated
2	general entity "history" not defined and no default entity
2	general entity "ord" not defined and no default entity
2	general entity "dir" not defined and no default entity
2	general entity "noex" not defined and no default entity
2	reference to entity "Parceiro" for which no system identifier could be generated
2	general entity "sCaseSet" not defined and no default entity
2	"MOZALLOWFULLSCREEN" is not a member of a group specified for any attribute
2	reference to entity "idparceria" for which no system identifier could be generated
2	general entity "vitrine" not defined and no default entity
2	general entity "lout" not defined and no default entity
2	general entity "tab" not defined and no default entity
2	general entity "cmpid" not defined and no default entity
2	Duplicate ID author-1244435.
2	general entity "sAudio" not defined and no default entity
2	general entity "sCharSet" not defined and no default entity
2	reference to entity "sAudio" for which no system identifier could be generated
2	general entity "um" not defined and no default entity
2	general entity "client" not defined and no default entity
2	Attribute max not allowed on element div at this point.
2	Attribute min not allowed on element div at this point.
2	Stray start tag h4.
2	Stray end tag h4.
2	Attribute emiks8urwms[ not allowed on element meta at this point.
2	Attribute embed] not allowed on element meta at this point.
2	Bad value 01 May 2013 for attribute datetime on element time: The literal did not satisfy the time-datetime format.
2	Bad value 17 May 2013 for attribute datetime on element time: The literal did not satisfy the time-datetime format.
2	Element textarea not allowed as child of element dl in this context. (Suppressing further errors from this subtree.)
2	Attribute rolling not allowed on element meta at this point.
2	Attribute wheeled not allowed on element meta at this point.
2	Attribute floral not allowed on element meta at this point.
2	there is no attribute "TEXT"
2	Unclosed element header.
2	Attribute youtu.be not allowed on element meta at this point.
2	Attribute ]http: not allowed on element meta at this point.
2	document type does not allow element "h4" here
2	Duplicate attribute accents-coffee".
2	Unclosed element profile.
2	Element profile not allowed as child of element p in this context. (Suppressing further errors from this subtree.)
2	reference to entity "rls" for which no system identifier could be generated
2	Attribute accents-tan" not allowed on element a at this point.
2	Attribute accents-coffee" not allowed on element a at this point.
2	Opening and ending tag mismatch: div line 228 and a
2	Attribute 570" not allowed on element meta at this point.
2	Attribute height not allowed on element meta at this point.
2	Attribute accented not allowed on element meta at this point.
2	Attribute sequins not allowed on element meta at this point.
2	Attribute href not allowed on element aside at this point.
2	document type does not allow element "button" here
2	"WEBKITALLOWFULLSCREEN" is not a member of a group specified for any attribute
2	reference to entity "sCaseSet" for which no system identifier could be generated
2	reference to entity "country_code" for which no system identifier could be generated
2	reference to entity "anim" for which no system identifier could be generated
2	Bad value attachment wp-att-776 for attribute rel on element a: Whitespace in path component. Use %20 in place of spaces. The string attachment is not a registered keyword or absolute URL.
2	reference to entity "modestbranding" for which no system identifier could be generated
2	Bad value attachment wp-att-778 for attribute rel on element a: Whitespace in path component. Use %20 in place of spaces. The string attachment is not a registered keyword or absolute URL.
2	general entity "modestbranding" not defined and no default entity
2	general entity "anim" not defined and no default entity
2	general entity "dest" not defined and no default entity
2	no internal or external document type declaration subset; will parse without validation
2	general entity "edFilter" not defined and no default entity
2	general entity "nortrk" not defined and no default entity
2	Bad value attachment wp-att-775 for attribute rel on element a: Whitespace in path component. Use %20 in place of spaces. The string attachment is not a registered keyword or absolute URL.
2	reference to entity "fg" for which no system identifier could be generated
2	general entity "fg" not defined and no default entity
2	Bad value attachment wp-att-779 for attribute rel on element a: Whitespace in path component. Use %20 in place of spaces. The string attachment is not a registered keyword or absolute URL.
2	Bad value attachment wp-att-781 for attribute rel on element a: Whitespace in path component. Use %20 in place of spaces. The string attachment is not a registered keyword or absolute URL.
2	general entity "grp" not defined and no default entity
2	general entity "msr" not defined and no default entity
2	end tag for "n" omitted, but OMITTAG NO was specified
2	end tag for "uol_sc.d.links.length" omitted, but OMITTAG NO was specified
2	end tag for "t1" omitted, but OMITTAG NO was specified
2	end tag for "d.get" omitted, but OMITTAG NO was specified
2	general entity "oper" not defined and no default entity
2	general entity "redir" not defined and no default entity
2	end tag for "_data.length" omitted, but OMITTAG NO was specified
2	element "_data.length" undefined
2	Bad value attachment wp-att-782 for attribute rel on element a: Whitespace in path component. Use %20 in place of spaces. The string attachment is not a registered keyword or absolute URL.
2	Bad value attachment wp-att-783 for attribute rel on element a: Whitespace in path component. Use %20 in place of spaces. The string attachment is not a registered keyword or absolute URL.
2	reference to entity "d.appendChild" for which no system identifier could be generated
2	general entity "authenticate" not defined and no default entity
2	there is no attribute "ALLOWFULLSCREEN"
2	Duplicate ID yw28.
2	there is no attribute "data-label"
2	ID "comment-1469" already defined
2	reference to entity "sBackgroundType" for which no system identifier could be generated
2	ID "comment-1452" already defined
2	general entity "sBackgroundImage" not defined and no default entity
2	there is no attribute "metricoff"
2	general entity "ad" not defined and no default entity
2	ID "comment-1845" already defined
2	Duplicate ID author-1244359.
2	general entity "sCaseSensitive" not defined and no default entity
2	reference to entity "sCaseSensitive" for which no system identifier could be generated
2	general entity "sBackgroundType" not defined and no default entity
2	general entity "group_id" not defined and no default entity
2	general entity "cm_mmc" not defined and no default entity
2	reference to entity "sBackgroundImage" for which no system identifier could be generated
2	general entity "sBackgroundColor" not defined and no default entity
2	ID "comment-1262" already defined
2	ID "comment-1304" already defined
2	Attribute accents-black" not allowed on element a at this point.
2	Attribute type not allowed on element audio at this point.
2	Bad value attachment wp-att-806 for attribute rel on element a: Whitespace in path component. Use %20 in place of spaces. The string attachment is not a registered keyword or absolute URL.
2	Bad value attachment wp-att-798 for attribute rel on element a: Whitespace in path component. Use %20 in place of spaces. The string attachment is not a registered keyword or absolute URL.
2	ID "comment-1356" already defined
2	Bad value attachment wp-att-183 for attribute rel on element a: Whitespace in path component. Use %20 in place of spaces. The string attachment is not a registered keyword or absolute URL.
2	ID "comment-1360" already defined
2	reference to entity "sBackgroundColor" for which no system identifier could be generated
2	Duplicate attribute accents-tan".
2	The id attribute on a map element must have an the same value as the name attribute.
2	there is no attribute "data-tagsid"
2	Duplicate ID author-1243084.
2	Attribute duffel not allowed on element meta at this point.
2	"mc:hideable" is not a member of a group specified for any attribute
2	The valign attribute on the tbody element is obsolete. Use CSS instead.
2	The frame attribute on the table element is obsolete. Use CSS instead.
2	Bad value _black for attribute target on element a: Reserved keyword black used.
2	there is no attribute "BANNER"
2	Attribute wmode not allowed on element iframe at this point.
2	there is no attribute "WMODE"
2	End tag h4 seen, but there were open elements.
2	Bad value ultraman for attribute rel on element a: The string ultraman is not a registered keyword or absolute URL.
2	end tag for "emailvar.length" omitted, but OMITTAG NO was specified
2	ID "bdshell_js" already defined
2	element "emailvar.length" undefined
2	reference to entity "hkeywordtype" for which no system identifier could be generated
2	Bad value up for attribute rel on element a: The string up is not a registered keyword or absolute URL.
2	Bad value test for attribute rel on element a: The string test is not a registered keyword or absolute URL.
2	reference to entity "KeyWord" for which no system identifier could be generated
2	Duplicate ID green.
2	there is no attribute "entity"
2	Duplicate ID energetic.
2	Duplicate ID fitness.
2	Duplicate ID skill.
2	reference to entity "sp" for which no system identifier could be generated
2	general entity "sp" not defined and no default entity
2	reference to entity "themeID" for which no system identifier could be generated
2	"84" is not a member of a group specified for any attribute
2	Duplicate ID recreation.
2	reference to entity "PostType" for which no system identifier could be generated
2	reference to entity "OrgGB" for which no system identifier could be generated
2	Element section not allowed as child of element em in this context. (Suppressing further errors from this subtree.)
2	Duplicate ID leisure.
2	there is no attribute "v"
2	Bad value async for attribute rel on element a: The string async is not a registered keyword or absolute URL. Not an absolute IRI.
2	"webkitallowfullscreen" is not a member of a group specified for any attribute
2	Attribute xmlns:rdf not allowed here.
2	element "FRAME" undefined
2	Attribute xmlns:trackback not allowed here.
2	Element rdf:rdf not allowed as child of element div in this context. (Suppressing further errors from this subtree.)
2	Unclosed element rdf:description.
2	End tag rdf:rdf seen, but there were open elements.
2	ID "headerDivImg" already defined
2	Attribute up not allowed on element meta at this point.
2	Attribute monkey not allowed on element dl at this point.
2	there is no attribute "SELECTED"
2	Attribute monkeyextra not allowed on element span at this point.
2	Attribute alog-alias not allowed on element div at this point.
2	reference to entity "mobile" for which no system identifier could be generated
2	general entity "mobile" not defined and no default entity
2	Bad value lightbox[no] for attribute rel on element a: The string lightbox[no] is not a registered keyword or absolute URL.
2	ID "bdshare_js" already defined
2	"BEEN" is not a member of a group specified for any attribute
2	"HAS" is not a member of a group specified for any attribute
2	"HELD" is not a member of a group specified for any attribute
2	"DIYARBAK" is not a member of a group specified for any attribute
2	Bad value 0 for attribute rel on element a: The string 0 is not a registered keyword or absolute URL.
2	"BAT" is not a member of a group specified for any attribute
2	"WEEK" is not a member of a group specified for any attribute
2	"LAST" is not a member of a group specified for any attribute
2	"WHO" is not a member of a group specified for any attribute
2	Element b<br not allowed as child of element span in this context. (Suppressing further errors from this subtree.)
2	"WERE" is not a member of a group specified for any attribute
2	"SHOT" is not a member of a group specified for any attribute
2	"PARIS" is not a member of a group specified for any attribute
2	"DEAD" is not a member of a group specified for any attribute
2	general entity "PCID" not defined and no default entity
2	reference to entity "PCID" for which no system identifier could be generated
2	Unclosed element del.
2	there is no attribute "read_more"
2	Stray end tag del.
2	Bad value sublist-341 for attribute rel on element a: Not an absolute IRI. The string sublist-341 is not a registered keyword or absolute URL.
2	Duplicate attribute are.
2	Duplicate attribute your.
2	Duplicate ID signin-dialog.
2	Duplicate ID p3.
2	element "FB:COMMENTS-COUNT" undefined
2	general entity "s.apv" not defined and no default entity
2	Duplicate ID reading.
2	element "FB:LIKE" undefined
2	Duplicate ID p2.
2	Duplicate ID p1.
2	Duplicate ID yw69.
2	Duplicate ID yw70.
2	ID "main3" already defined
2	reference to entity "伊维兰" for which no system identifier could be generated
2	there is no attribute "mc:edit"
2	ID "home_text" already defined
2	Attribute bag not allowed on element meta at this point.
2	Attribute luggage not allowed on element meta at this point.
2	Bad value ”http://www.onlineventuresgroup.co.uk/clients/doveridge/contact.php” for attribute href on element a: Illegal character in scheme component.
2	there is no attribute "data-ref"
2	Duplicate ID yw72.
2	Duplicate ID yw71.
2	Duplicate ID _ZN7Counter12valueChangedEi.
2	Bad value images/brandons cover.png for attribute src on element img: Whitespace in path component. Use %20 in place of spaces.
2	Bad value images/solitude cannibale cover.png for attribute src on element img: Whitespace in path component. Use %20 in place of spaces.
2	Duplicate ID _ZN7Counter8setValueEi.
2	Duplicate ID students.
2	there is no attribute "DATA-SHOW-COUNT"
2	Duplicate ID jumping.
2	there is no attribute "_src"
2	Duplicate ID concentrating.
2	Duplicate ID woman.
2	Duplicate ID soccer%2Dball.
2	Duplicate ID kicking.
2	Duplicate ID serious.
2	Duplicate ID action.
2	Duplicate ID sports.
2	Duplicate ID outdoor.
2	Duplicate ID strength.
2	Duplicate ID power.
2	Duplicate ID soccer%2Duniform.
2	Duplicate ID amusement.
2	Duplicate ID soccer.
2	Duplicate ID endurance.
2	Duplicate ID smiling.
2	Duplicate ID education.
2	Duplicate ID learning.
2	Duplicate ID homework.
2	Bad value attachment wp-att-743280 for attribute rel on element a: The string attachment is not a registered keyword or absolute URL.
2	Attribute ng-href not allowed on element a at this point.
2	Duplicate ID school.
2	Duplicate ID blue.
2	Bad character . after <. Probable cause: Unescaped <. Try escaping it as &lt;.
2	Duplicate ID soccer%2Dplayer.
2	Duplicate ID athlete.
2	Duplicate ID athletic.
2	Bad value full-article for attribute rel on element a: The string full-article is not a registered keyword or absolute URL.
2	Bad value attachment wp-att-784 for attribute rel on element a: Whitespace in path component. Use %20 in place of spaces. The string attachment is not a registered keyword or absolute URL.
2	reference to entity "sCharSet" for which no system identifier could be generated
2	general entity "s.visitorMigrationServer" not defined and no default entity
2	general entity "v.indexOf" not defined and no default entity
2	reference to entity "s.visitorMigrationServer" for which no system identifier could be generated
2	general entity "stickers.png" not defined and no default entity
2	reference to entity "v.indexOf" for which no system identifier could be generated
2	reference to entity "s.visitorMigra" for which no system identifier could be generated
2	Bad value lightbox[370] for attribute rel on element a: Illegal character in path component. The string lightbox[370] is not a registered keyword or absolute URL.
2	reference to entity "Williams" for which no system identifier could be generated
2	Bad value http:/// for attribute href on element a: A component that is required by the scheme is missing.
2	Bad value 2012-08-16 10:49:03 -0700 for attribute datetime on element time: The literal did not satisfy the time-datetime format.
2	Bad value 2012-09-05 15:00:09 -0700 for attribute datetime on element time: The literal did not satisfy the time-datetime format.
2	general entity "o.type.toUpperCase" not defined and no default entity
2	element "s.dll.length" undefined
2	general entity "lft" not defined and no default entity
2	reference to entity "lft" for which no system identifier could be generated
2	Bad value 2012-12-06 13:28:38 -0800 for attribute datetime on element time: The literal did not satisfy the time-datetime format.
2	reference to entity "h.indexOf" for which no system identifier could be generated
2	element "x2.length" undefined
2	general entity "h.substring" not defined and no default entity
2	general entity "h.indexOf" not defined and no default entity
2	general entity "u.indexOf" not defined and no default entity
2	reference to entity "u.indexOf" for which no system identifier could be generated
2	element "iModChildrenDivs" undefined
2	reference to entity "fe" for which no system identifier could be generated
2	reference to entity "s.un.indexOf" for which no system identifier could be generated
2	general entity "s.un.indexOf" not defined and no default entity
2	general entity "s.sqq" not defined and no default entity
2	element "iBox" undefined
2	Duplicate ID pass.
2	reference to entity "t.toUpperCase" for which no system identifier could be generated
2	reference to entity "s.sqq" for which no system identifier could be generated
2	reference to entity "o.href" for which no system identifier could be generated
2	document type does not allow element "BR" here; assuming missing "LI" start-tag
2	element "iLinks" undefined
2	element "g.lengt" undefined
2	element "iEl" undefined
2	element "iMods" undefined
2	element "iModChildren" undefined
2	general entity "o.href" not defined and no default entity
2	general entity "s.visitorMigra" not defined and no default entity
2	reference to entity "o.type.toUpperCase" for which no system identifier could be generated
2	reference to entity "s.fs" for which no system identifier could be generated
2	general entity "Math.random" not defined and no default entity
2	reference to entity "pidt" for which no system identifier could be generated
2	general entity "pidt" not defined and no default entity
2	reference to entity "s.b" for which no system identifier could be generated
2	reference to entity "pev2" for which no system identifier could be generated
2	general entity "oid" not defined and no default entity
2	Bad value 2013-01-05 17:20:00 -0800 for attribute datetime on element time: The literal did not satisfy the time-datetime format.
2	reference to entity "s.d.all.cppXYctnr" for which no system identifier could be generated
2	general entity "oidt" not defined and no default entity
2	reference to entity "oid" for which no system identifier could be generated
2	general entity "pev2" not defined and no default entity
2	general entity "o.protocol.length" not defined and no default entity
2	element "s.pl.length" undefined
2	general entity "video" not defined and no default entity
2	general entity "t.toUpperCase" not defined and no default entity
2	general entity "thumbnail" not defined and no default entity
2	general entity "pn" not defined and no default entity
2	reference to entity "pn" for which no system identifier could be generated
2	reference to entity "o.protocol.length" for which no system identifier could be generated
2	reference to entity "vo._t" for which no system identifier could be generated
2	general entity "vo._t" not defined and no default entity
2	reference to entity "oidt" for which no system identifier could be generated
2	general entity "o.type" not defined and no default entity
2	reference to entity "iacutea" for which no system identifier could be generated
2	general entity "s.ismac" not defined and no default entity
2	reference to entity "s.ismac" for which no system identifier could be generated
2	reference to entity "o.type" for which no system identifier could be generated
2	reference to entity "s.sa" for which no system identifier could be generated
2	reference to entity "String.prototype" for which no system identifier could be generated
2	reference to entity "Math.random" for which no system identifier could be generated
2	general entity "String.prototype" not defined and no default entity
2	general entity "s.fs" not defined and no default entity
2	general entity "s.sa" not defined and no default entity
2	reference to entity "ot" for which no system identifier could be generated
2	general entity "s.d.all.cppXYctnr" not defined and no default entity
2	general entity "s.b" not defined and no default entity
2	general entity "ot" not defined and no default entity
2	reference to entity "i.next" for which no system identifier could be generated
2	reference to entity "s.d.all" for which no system identifier could be generated
2	general entity "s.d.all" not defined and no default entity
2	Element p not allowed as child of element i in this context. (Suppressing further errors from this subtree.)
2	general entity "i.next" not defined and no default entity
2	end tag for "iBox" omitted, but OMITTAG NO was specified
2	element "s.d.links.length" undefined
2	Bad value /changshang/1773  .html for attribute href on element a: Whitespace in path component. Use %20 in place of spaces.
2	reference to entity "sc_r" for which no system identifier could be generated
2	general entity "o.c" not defined and no default entity
2	reference to entity "ta" for which no system identifier could be generated
2	general entity "ta" not defined and no default entity
2	Bad value wot-verification for attribute name on element meta: Keyword wot-verification is not registered.
2	reference to entity "m.indexOf" for which no system identifier could be generated
2	ID "docs-internal-guid--687b620-9d2a-02e3-02d0-933d5f47beb5" already defined
2	Bad value attachment wp-att-731 for attribute rel on element a: Whitespace in path component. Use %20 in place of spaces. The string attachment is not a registered keyword or absolute URL.
2	reference to entity "sc_d" for which no system identifier could be generated
2	Bad value attachment wp-att-733 for attribute rel on element a: Whitespace in path component. Use %20 in place of spaces. The string attachment is not a registered keyword or absolute URL.
2	general entity "pe" not defined and no default entity
2	end tag for "s.va_t.length" omitted, but OMITTAG NO was specified
2	end tag for "im" omitted, but OMITTAG NO was specified
2	Bad value attachment wp-att-732 for attribute rel on element a: Whitespace in path component. Use %20 in place of spaces. The string attachment is not a registered keyword or absolute URL.
2	general entity "rs.indexOf" not defined and no default entity
2	reference to entity "rs.indexOf" for which no system identifier could be generated
2	reference to entity "s.wd." for which no system identifier could be generated
2	ID "cto_mg_div" already defined
2	reference to entity "s.m_nl" for which no system identifier could be generated
2	general entity "s.m_nl" not defined and no default entity
2	end tag for "a." omitted, but OMITTAG NO was specified
2	element "s.m_nl.length" undefined
2	"Better" is not a member of a group specified for any attribute
2	general entity "pt2" not defined and no default entity
2	reference to entity "s.d" for which no system identifier could be generated
2	general entity "s.d" not defined and no default entity
2	end tag for "s.va_g.length" omitted, but OMITTAG NO was specified
2	reference to entity "s_d" for which no system identifier could be generated
2	general entity "s.d.createElement" not defined and no default entity
2	reference to entity "s.d.createElement" for which no system identifier could be generated
2	general entity "s.wd." not defined and no default entity
2	general entity "m._e" not defined and no default entity
2	reference to entity "t1" for which no system identifier could be generated
2	general entity "s_d" not defined and no default entity
2	reference to entity "m._e" for which no system identifier could be generated
2	end tag for "s.d.links.length" omitted, but OMITTAG NO was specified
2	Duplicate attribute accents-black".
2	general entity "e.getTime" not defined and no default entity
2	general entity "l.indexOf" not defined and no default entity
2	reference to entity "l.indexOf" for which no system identifier could be generated
2	end tag for "iLinks" omitted, but OMITTAG NO was specified
2	element "s.va_t.length" undefined
2	reference to entity "s.b.attachEvent" for which no system identifier could be generated
2	reference to entity "e.getTime" for which no system identifier could be generated
2	end tag for "iEl" omitted, but OMITTAG NO was specified
2	end tag for "x2.length" omitted, but OMITTAG NO was specified
2	element "im" undefined
2	Duplicate ID pm-reset.
2	reference to entity "o.c" for which no system identifier could be generated
2	general entity "s.b.addEventListener" not defined and no default entity
2	reference to entity "s.b.addEventListener" for which no system identifier could be generated
2	general entity "s.b.attachEvent" not defined and no default entity
2	end tag for "fl" omitted, but OMITTAG NO was specified
2	general entity "fe" not defined and no default entity
2	general entity "m.indexOf" not defined and no default entity
2	end tag for "g.lengt" omitted, but OMITTAG NO was specified
2	end tag for "iModChildren" omitted, but OMITTAG NO was specified
2	end tag for "iModChildrenDivs" omitted, but OMITTAG NO was specified
2	general entity "oc.indexOf" not defined and no default entity
2	end tag for "s.pl.length" omitted, but OMITTAG NO was specified
2	end tag for "iMods" omitted, but OMITTAG NO was specified
2	Bad value 2013-01-14 08:00:00 -0800 for attribute datetime on element time: The literal did not satisfy the time-datetime format.
2	end tag for "s.dll.length" omitted, but OMITTAG NO was specified
2	end tag for "s.m_nl.length" omitted, but OMITTAG NO was specified
1	Duplicate ID txtGigyaLoginShowHeader.
1	Duplicate ID txtGigyaLoginWidth.
1	general entity "J" not defined and no default entity
1	Duplicate ID yw61.
1	Duplicate ID google100.
1	Duplicate ID txtGigyaLoginButtonSize.
1	Duplicate ID yw0.
1	element "b.length" undefined
1	Duplicate ID txtGigyaLoginShowTerms.
1	Bad value respond-redirect for attribute rel on element link: The string respond-redirect is not a registered keyword or absolute URL.
1	Bad character 王 after <. Probable cause: Unescaped <. Try escaping it as &lt;.
1	Element noscript not allowed as child of element ul in this context. (Suppressing further errors from this subtree.)
1	element "o" undefined
1	Bad value 88px for attribute height on element img: Expected a digit but saw p instead.
1	general entity "ntildeo." not defined and no default entity
1	Duplicate ID txtGigyaLoginButtonStyle.
1	Duplicate ID txtGigyaLoginCallback.
1	general entity "e--" not defined and no default entity
1	Bad value 33px for attribute height on element img: Expected a digit but saw p instead.
1	reference to entity "e--" for which no system identifier could be generated
1	Duplicate ID txtGigyaLoginHeight.
1	reference to entity "h--" for which no system identifier could be generated
1	Bad value 217px for attribute width on element img: Expected a digit but saw p instead.
1	Duplicate ID txtGigyaActive.
1	general entity "h--" not defined and no default entity
1	Duplicate ID Rss100.
1	reference to entity "eacutes" for which no system identifier could be generated
1	Bad value 303px for attribute height on element img: Expected a digit but saw p instead.
1	Duplicate ID Strasse.
1	Duplicate ID label-ort.
1	<p>
        Sorry, I am unable to validate this document because on line
        <strong>5</strong>
        it contained one or more bytes that I cannot interpret as
        <code>utf-8</code>
        (in other words, the bytes found are not valid values in the specified
        Character Encoding). Please check both the content of the file and the
        character encoding indication.
      </p>
<p>The error was: 
        utf8 "\x91" does not map to Unicode

      </p>
1	Duplicate ID label-strasse.
1	Duplicate ID Name.
1	element "loop1_count" undefined
1	there is no attribute "DISABLED"
1	Duplicate ID label-anrede.
1	<p>
        Sorry, I am unable to validate this document because on line
        <strong>708</strong>
        it contained one or more bytes that I cannot interpret as
        <code>utf-8</code>
        (in other words, the bytes found are not valid values in the specified
        Character Encoding). Please check both the content of the file and the
        character encoding indication.
      </p>
<p>The error was: 
        utf8 "\x92" does not map to Unicode

      </p>
1	Duplicate ID PLZOrt.
1	Bad value http://twitter.com/home?status= Forzar la actualización a Tango en tu Windows Phone http://www.raulserrano.net/2012/07/forzar-actualizacion-tango-wp7/ for attribute href on element a: Whitespace in query component. Use %20 in place of spaces.
1	Bad value attachment wp-att-997 for attribute rel on element a: The string attachment is not a registered keyword or absolute URL.
1	Duplicate ID Telefon.
1	Duplicate ID label-telefon.
1	Bad value http://facebook.com/sharer.php?u= Forzar la actualización a Tango en tu Windows Phone http://www.raulserrano.net/2012/07/forzar-actualizacion-tango-wp7/ for attribute href on element a: Whitespace in query component. Use %20 in place of spaces.
1	character "@" is not allowed in the value of attribute "target"
1	Attribute no not allowed on element td at this point.
1	Bad value http://www.linkedin.com/shareArticle?mini=true&url=http://www.raulserrano.net/2012/07/forzar-actualizacion-tango-wp7/&title=Forzar la actualización a Tango en tu Windows Phone&source=rsplanes for attribute href on element a: Whitespace in query component. Use %20 in place of spaces.
1	end tag for "loop1_count" omitted, but OMITTAG NO was specified
1	ID "tab_01" already defined
1	end tag for "len.length" omitted, but OMITTAG NO was specified
1	element "len.length" undefined
1	element "num.length" undefined
1	end tag for "num.length" omitted, but OMITTAG NO was specified
1	there is no attribute "siz"
1	there is no attribute "data-redirecturi"
1	there is no attribute "DOJORELEASETYPE"
1	general entity "contId" not defined and no default entity
1	there is no attribute "autoComplete"
1	there is no attribute "act"
1	there is no attribute "jQuery1323237249656"
1	there is no attribute "jQuery1321342754120"
1	there is no attribute "jQuery1321342657019"
1	there is no attribute "jQuery1323237239437"
1	there is no attribute "jQuery1323402885187"
1	there is no attribute "propkey"
1	ID "coupon_staff" already defined
1	there is no attribute "toptionrget"
1	Bad value attachment wp-att-996 for attribute rel on element a: The string attachment is not a registered keyword or absolute URL.
1	Bad value attachment wp-att-995 for attribute rel on element a: The string attachment is not a registered keyword or absolute URL.
1	general entity "iacutetenos" not defined and no default entity
1	Bad value 282px for attribute width on element img: Expected a digit but saw p instead.
1	there is no attribute "legend"
1	reference to entity "iacutetenos" for which no system identifier could be generated
1	Duplicate ID Nachricht.
1	general entity "this" not defined and no default entity
1	Duplicate ID rand-thumbnail-3.
1	Duplicate ID player_api.
1	reference to entity "aacutectanos" for which no system identifier could be generated
1	Bad value 260px for attribute width on element img: Expected a digit but saw p instead.
1	general entity "ntildeos" not defined and no default entity
1	Bad value attachment wp-att-23 for attribute rel on element a: The string attachment is not a registered keyword or absolute URL.
1	reference to entity "ntildeo." for which no system identifier could be generated
1	reference to entity "ntildeos" for which no system identifier could be generated
1	general entity "aacutectanos" not defined and no default entity
1	Duplicate ID login_bar_handle.
1	Duplicate ID twitter100.
1	Duplicate ID facebook100.
1	element "list.length" undefined
1	element "e.length" undefined
1	Bad value http://twitter.com/home?status= Deshabilita Java de tu navegador, grave fallo de seguridad en Java 1.7 http://www.raulserrano.net/2012/08/deshabilitar-java-navegador-grave-fallo-seguridad-java-1-7/ for attribute href on element a: Whitespace in query component. Use %20 in place of spaces.
1	Bad value http://- for attribute href on element a: Host component contains a DNS name with a - (dash) character at the beginning or end.
1	Bad value http://facebook.com/sharer.php?u= Tu propio correo corporativo en la nube con Outlook.com http://www.raulserrano.net/2013/01/tu-propio-correo-corporativo-en-la-nube-con-outlook-com/ for attribute href on element a: Whitespace in query component. Use %20 in place of spaces.
1	Bad value http://facebook.com/sharer.php?u= Deshabilita Java de tu navegador, grave fallo de seguridad en Java 1.7 http://www.raulserrano.net/2012/08/deshabilitar-java-navegador-grave-fallo-seguridad-java-1-7/ for attribute href on element a: Whitespace in query component. Use %20 in place of spaces.
1	Bad value http://twitter.com/home?status= Organiza tus aplicaciones en Metro http://www.raulserrano.net/2012/07/organizar-aplicaciones-menu-metro-windows/ for attribute href on element a: Whitespace in query component. Use %20 in place of spaces.
1	Bad value attachment wp-att-992 for attribute rel on element a: The string attachment is not a registered keyword or absolute URL.
1	Bad value http://www.linkedin.com/shareArticle?mini=true&url=http://www.raulserrano.net/2012/07/organizar-aplicaciones-menu-metro-windows/&title=Organiza tus aplicaciones en Metro&source=rsplanes for attribute href on element a: Whitespace in query component. Use %20 in place of spaces.
1	Bad value http://facebook.com/sharer.php?u= Organiza tus aplicaciones en Metro http://www.raulserrano.net/2012/07/organizar-aplicaciones-menu-metro-windows/ for attribute href on element a: Whitespace in query component. Use %20 in place of spaces.
1	Duplicate ID E-Mail.
1	Bad value http://twitter.com/home?status= Tu propio correo corporativo en la nube con Outlook.com http://www.raulserrano.net/2013/01/tu-propio-correo-corporativo-en-la-nube-con-outlook-com/ for attribute href on element a: Whitespace in query component. Use %20 in place of spaces.
1	reference to entity "bL.k" for which no system identifier could be generated
1	general entity "bQ.d" not defined and no default entity
1	reference to entity "bQ.d" for which no system identifier could be generated
1	Bad value 76px for attribute width on element img: Expected a digit but saw p instead.
1	Bad value http://twitter.com/home?status= Cómo migrar el correo a tu nueva cuenta de Outlook.com http://www.raulserrano.net/2013/04/migrar-correo-outlook-com/ for attribute href on element a: Whitespace in query component. Use %20 in place of spaces.
1	Attribute value not allowed on element select at this point.
1	Bad value http://www.linkedin.com/shareArticle?mini=true&url=http://www.raulserrano.net/2013/04/migrar-correo-outlook-com/&title=Cómo migrar el correo a tu nueva cuenta de Outlook.com&source=rsplanes for attribute href on element a: Whitespace in query component. Use %20 in place of spaces.
1	Bad value http://facebook.com/sharer.php?u= Cómo migrar el correo a tu nueva cuenta de Outlook.com http://www.raulserrano.net/2013/04/migrar-correo-outlook-com/ for attribute href on element a: Whitespace in query component. Use %20 in place of spaces.
1	Bad value respond-proxy for attribute rel on element link: The string respond-proxy is not a registered keyword or absolute URL.
1	Bad value 120% for attribute width on element iframe: Expected a digit but saw % instead.
1	<p>
        Sorry, I am unable to validate this document because on line
        <strong>918</strong>
        it contained one or more bytes that I cannot interpret as
        <code>utf-8</code>
        (in other words, the bytes found are not valid values in the specified
        Character Encoding). Please check both the content of the file and the
        character encoding indication.
      </p>
<p>The error was: 
        utf8 "\xFC" does not map to Unicode

      </p>
1	Attribute name not allowed on element ol at this point.
1	Bad value 250% for attribute width on element iframe: Expected a digit but saw % instead.
1	Bad value 270px for attribute width on element img: Expected a digit but saw p instead.
1	The align attribute on the h4 element is obsolete. Use CSS instead.
1	<p>
        Sorry, I am unable to validate this document because on line
        <strong>1569</strong>
        it contained one or more bytes that I cannot interpret as
        <code>utf-8</code>
        (in other words, the bytes found are not valid values in the specified
        Character Encoding). Please check both the content of the file and the
        character encoding indication.
      </p>
<p>The error was: 
        utf8 "\xFC" does not map to Unicode

      </p>
1	general entity "contexttype" not defined and no default entity
1	ID "ad-other" already defined
1	<p>
        Sorry, I am unable to validate this document because on line
        <strong>1533</strong>
        it contained one or more bytes that I cannot interpret as
        <code>utf-8</code>
        (in other words, the bytes found are not valid values in the specified
        Character Encoding). Please check both the content of the file and the
        character encoding indication.
      </p>
<p>The error was: 
        utf8 "\xFC" does not map to Unicode

      </p>
1	Duplicate attribute media.
1	end tag for "X.length" omitted, but OMITTAG NO was specified
1	Bad value /userfiles/images/news/Home   Stevenson Heating Limited.png for attribute src on element img: Whitespace in path component. Use %20 in place of spaces.
1	Bad value /userfiles/images/news/Grace exhibition stand retouched.jpg for attribute src on element img: Whitespace in path component. Use %20 in place of spaces.
1	end tag for "bX" omitted, but OMITTAG NO was specified
1	Bad value /userfiles/images/news/Vieo image.jpg for attribute src on element img: Whitespace in path component. Use %20 in place of spaces.
1	end tag for "bU" omitted, but OMITTAG NO was specified
1	Bad value /userfiles/images/news/download (1).png for attribute src on element img: Whitespace in path component. Use %20 in place of spaces.
1	ID "posttext2" already defined
1	ID "block_left" already defined
1	end tag for "bZ" omitted, but OMITTAG NO was specified
1	general entity "contextcode" not defined and no default entity
1	Duplicate ID yw78.
1	Bad value attachment wp-att-9254 for attribute rel on element a: The string attachment is not a registered keyword or absolute URL.
1	<p>
        Sorry, I am unable to validate this document because on line
        <strong>198</strong>
        it contained one or more bytes that I cannot interpret as
        <code>utf-8</code>
        (in other words, the bytes found are not valid values in the specified
        Character Encoding). Please check both the content of the file and the
        character encoding indication.
      </p>
<p>The error was: 
        utf8 "\xA3" does not map to Unicode

      </p>
1	Bad value rokbox[400 300][module=rt-popup] for attribute rel on element a: The string rokbox[400 is not a registered keyword or absolute URL.
1	general entity "iacutea" not defined and no default entity
1	Duplicate ID yw77.
1	end tag for "ii" omitted, but OMITTAG NO was specified
1	Bad value mailto:?subject=Agworld iPhone App is now available, and it’s free to download!&body=http://www.agworld.com.au/2013/05/agworld-iphone-app-is-now-available-and-its-free-to-download/ for attribute href on element a: Whitespace in query component. Use %20 in place of spaces.
1	Bad value attachment wp-att-9258 for attribute rel on element a: The string attachment is not a registered keyword or absolute URL.
1	Bad value attachment wp-att-9257 for attribute rel on element a: The string attachment is not a registered keyword or absolute URL.
1	<p>
        Sorry, I am unable to validate this document because on line
        <strong>1535</strong>
        it contained one or more bytes that I cannot interpret as
        <code>utf-8</code>
        (in other words, the bytes found are not valid values in the specified
        Character Encoding). Please check both the content of the file and the
        character encoding indication.
      </p>
<p>The error was: 
        utf8 "\xFC" does not map to Unicode

      </p>
1	Bad value attachment wp-att-9259 for attribute rel on element a: The string attachment is not a registered keyword or absolute URL.
1	<p>
        Sorry, I am unable to validate this document because on line
        <strong>1510</strong>
        it contained one or more bytes that I cannot interpret as
        <code>utf-8</code>
        (in other words, the bytes found are not valid values in the specified
        Character Encoding). Please check both the content of the file and the
        character encoding indication.
      </p>
<p>The error was: 
        utf8 "\xFC" does not map to Unicode

      </p>
1	reference to entity "TournamentID" for which no system identifier could be generated
1	general entity "TournamentID" not defined and no default entity
1	Bad value attachment wp-att-9276 for attribute rel on element a: The string attachment is not a registered keyword or absolute URL.
1	Bad value mailto:?subject=Protected: New Custom Reporting&body=http://www.agworld.com.au/2013/06/new-custom-reporting/ for attribute href on element a: Whitespace in query component. Use %20 in place of spaces.
1	Bad value mailto:?subject=Protected: Agworld For Contractors&body=http://www.agworld.com.au/2013/06/agworld-for-contractors/ for attribute href on element a: Whitespace in query component. Use %20 in place of spaces.
1	Bad value attachment wp-att-9256 for attribute rel on element a: The string attachment is not a registered keyword or absolute URL.
1	Bad value mailto:?subject=Protected: Sometimes, you shouldn’t have to Google it!&body=http://www.agworld.com.au/2013/06/sometimes-you-shouldnt-have-to-google-it/ for attribute href on element a: Whitespace in query component. Use %20 in place of spaces.
1	Bad value mailto:?subject=Protected: Agworld Field Tour&body=http://www.agworld.com.au/2013/06/agworld-field-tour/ for attribute href on element a: Whitespace in query component. Use %20 in place of spaces.
1	end tag for "X" omitted, but OMITTAG NO was specified
1	ID "block_right" already defined
1	Duplicate ID webpageURL.
1	general entity "originPageTitle" not defined and no default entity
1	reference to entity "originPageTitle" for which no system identifier could be generated
1	Duplicate ID form_feedback.
1	Duplicate ID yw68.
1	Duplicate ID yw51.
1	reference to entity "clienturl" for which no system identifier could be generated
1	Duplicate ID yw50.
1	Duplicate ID yw48.
1	Bad value Âhttp://thinksimplenow.com for attribute href on element a: Illegal character in scheme component.
1	Attribute Â not allowed on element a at this point.
1	there is no attribute "quantity"
1	there is no attribute "end"
1	there is no attribute "divclass"
1	there is no attribute "unit"
1	document type does not allow element "a" here; missing one of "label", "span", "em", "strong", "dfn", "code", "samp", "kbd", "var", "cite", "abbr", "acronym", "q", "tt", "i", "b", "big", "small", "sub", "sup", "bdo", "object", "ins", "del" start-tag
1	reference to entity "originPageUrl" for which no system identifier could be generated
1	general entity "originPageUrl" not defined and no default entity
1	Duplicate ID newsletter_subscribe.
1	Bad value navigationAdd for attribute role on element nav.
1	Duplicate ID yw60.
1	general entity "clienturl" not defined and no default entity
1	Bad value /userfiles/images/news/Pinpoint by Contacta.jpg for attribute src on element img: Whitespace in path component. Use %20 in place of spaces.
1	ID "leftimage" already defined
1	<p>
        Sorry, I am unable to validate this document because on line
        <strong>1751</strong>
        it contained one or more bytes that I cannot interpret as
        <code>gb2312</code>
        (in other words, the bytes found are not valid values in the specified
        Character Encoding). Please check both the content of the file and the
        character encoding indication.
      </p>
<p>The error was: 
        euc-cn "\x8B" does not map to Unicode

      </p>
1	end tag for "rvml:" omitted, but OMITTAG NO was specified
1	<p>
        Sorry, I am unable to validate this document because on line
        <strong>1219</strong>
        it contained one or more bytes that I cannot interpret as
        <code>gb2312</code>
        (in other words, the bytes found are not valid values in the specified
        Character Encoding). Please check both the content of the file and the
        character encoding indication.
      </p>
<p>The error was: 
        euc-cn "\x87" does not map to Unicode

      </p>
1	Bad value /userfiles/images/news/image_gallery CPHI.jpg for attribute src on element img: Whitespace in path component. Use %20 in place of spaces.
1	Bad value 19 Apr 2013 for attribute datetime on element time: The literal did not satisfy the time-datetime format.
1	Bad value /userfiles/images/news/Azure Brochure mock-up.jpg for attribute src on element img: Whitespace in path component. Use %20 in place of spaces.
1	ID "info_list" already defined
1	Bad value /userfiles/images/news/clinicare ib3 news pic big2.jpg for attribute src on element img: Whitespace in path component. Use %20 in place of spaces.
1	Duplicate ID yw29.
1	end tag for "b0" omitted, but OMITTAG NO was specified
1	Duplicate ID yw49.
1	there is no attribute "tarfget"
1	Bad value mailto: jga@dr.dk for attribute href on element a: Whitespace in path component. Use %20 in place of spaces.
1	Duplicate ID other.
1	ID "line_dot_gary" already defined
1	end tag for "bJ" omitted, but OMITTAG NO was specified
1	end tag for "bH.y" omitted, but OMITTAG NO was specified
1	ID "project_list_new" already defined
1	<p>
        Sorry, I am unable to validate this document because on line
        <strong>103</strong>
        it contained one or more bytes that I cannot interpret as
        <code>utf-8</code>
        (in other words, the bytes found are not valid values in the specified
        Character Encoding). Please check both the content of the file and the
        character encoding indication.
      </p>
<p>The error was: 
        utf8 "\xBF" does not map to Unicode

      </p>
1	ID "win_cliente40" already defined
1	general entity "id_lang" not defined and no default entity
1	end tag for "list.length" omitted, but OMITTAG NO was specified
1	Duplicate ID cm_530894.
1	Stray end tag textarea.
1	Bad value ajax_id_product_9 for attribute rel on element a: The string ajax_id_product_9 is not a registered keyword or absolute URL.
1	Bad value ajax_id_product_8 for attribute rel on element a: The string ajax_id_product_8 is not a registered keyword or absolute URL.
1	general entity "eacutes" not defined and no default entity
1	Bad value ajax_id_product_10 for attribute rel on element a: The string ajax_id_product_10 is not a registered keyword or absolute URL.
1	end tag for "steps" omitted, but OMITTAG NO was specified
1	Attribute ng-view not allowed on element div at this point.
1	Duplicate ID txtGigyaLoggedIn.
1	ID "system-message-container" already defined
1	Bad value false for attribute autocomplete on element form.
1	Bad value entry-content for attribute rel on element a: The string entry-content is not a registered keyword or absolute URL.
1	Bad value  for attribute autocomplete on element input.
1	there is no attribute "MEDIA"
1	Bad value 73% for attribute width on element img: Expected a digit but saw % instead.
1	Duplicate ID cm_530886.
1	Duplicate ID txtGigyaLoginProviders.
1	Bad value 89% for attribute width on element img: Expected a digit but saw % instead.
1	there is no attribute "data-translate"
1	there is no attribute "post"
1	reference to entity "channel_id" for which no system identifier could be generated
1	general entity "channel_id" not defined and no default entity
1	there is no attribute "data-cdate"
1	general entity "sub_campaign" not defined and no default entity
1	Bad value http://.www.amlanet.com for attribute href on element a: Host component did not meet the restrictions on DNS names.
1	Duplicate ID yw63.
1	Duplicate ID yw62.
1	there is no attribute "cdate"
1	element "stong" undefined
1	element "steps" undefined
1	general entity "offer_id" not defined and no default entity
1	there is no attribute "data-info2"
1	there is no attribute "data-info1"
1	there is no attribute "data-placeholder"
1	reference to entity "server" for which no system identifier could be generated
1	general entity "server" not defined and no default entity
1	there is no attribute "data-link"
1	general entity "site_id" not defined and no default entity
1	general entity "publisher_id" not defined and no default entity
1	Duplicate ID yw73.
1	Duplicate ID saddr.
1	Duplicate ID txtGigyaLoginContainer.
1	ID "win_cliente24" already defined
1	Duplicate ID yw75.
1	ID "win_cliente36" already defined
1	Duplicate ID yw76.
1	ID "win_cliente3" already defined
1	ID "win_cliente11" already defined
1	ID "win_cliente32" already defined
1	ID "win_cliente42" already defined
1	ID "win_cliente37" already defined
1	ID "win_cliente28" already defined
1	<p>
        Sorry, I am unable to validate this document because on line
        <strong>199</strong>
        it contained one or more bytes that I cannot interpret as
        <code>utf-8</code>
        (in other words, the bytes found are not valid values in the specified
        Character Encoding). Please check both the content of the file and the
        character encoding indication.
      </p>
<p>The error was: 
        utf8 "\xA9" does not map to Unicode

      </p>
1	ID "win_cliente30" already defined
1	ID "win_cliente35" already defined
1	ID "win_cliente38" already defined
1	ID "win_cliente39" already defined
1	<p>
        Sorry, I am unable to validate this document because on line
        <strong>196</strong>
        it contained one or more bytes that I cannot interpret as
        <code>utf-8</code>
        (in other words, the bytes found are not valid values in the specified
        Character Encoding). Please check both the content of the file and the
        character encoding indication.
      </p>
<p>The error was: 
        utf8 "\xA9" does not map to Unicode

      </p>
1	ID "win_cliente34" already defined
1	<p>
        Sorry, I am unable to validate this document because on line
        <strong>198</strong>
        it contained one or more bytes that I cannot interpret as
        <code>utf-8</code>
        (in other words, the bytes found are not valid values in the specified
        Character Encoding). Please check both the content of the file and the
        character encoding indication.
      </p>
<p>The error was: 
        utf8 "\xA9" does not map to Unicode

      </p>
1	ID "win_cliente7" already defined
1	ID "win_cliente31" already defined
1	ID "win_cliente22" already defined
1	ID "win_cliente2" already defined
1	Duplicate ID yw74.
1	end tag for "b.length" omitted, but OMITTAG NO was specified
1	end tag for "o" omitted, but OMITTAG NO was specified
1	reference to entity "ntildeados" for which no system identifier could be generated
1	reference to entity "Body" for which no system identifier could be generated
1	there is no attribute "widht"
1	Duplicate ID daddr.
1	Attribute cols not allowed on element input at this point.
1	Attribute rows not allowed on element input at this point.
1	general entity "Body" not defined and no default entity
1	end tag for "e.length" omitted, but OMITTAG NO was specified
1	<p>
        Sorry, I am unable to validate this document because on line
        <strong>12</strong>
        it contained one or more bytes that I cannot interpret as
        <code>utf-8</code>
        (in other words, the bytes found are not valid values in the specified
        Character Encoding). Please check both the content of the file and the
        character encoding indication.
      </p>
<p>The error was: 
        utf8 "\x96" does not map to Unicode

      </p>
1	ID "win_cliente41" already defined
1	ID "win_cliente8" already defined
1	ID "win_cliente6" already defined
1	Duplicate ID txtGigyaFacepile.
1	ID "win_cliente20" already defined
1	ID "win_cliente33" already defined
1	general entity "ntildeados" not defined and no default entity
1	Duplicate ID cm_530879.
1	The element embed must not appear as a descendant of the button element.
1	general entity "cat_prefixes" not defined and no default entity
1	Duplicate ID workshops.
1	Duplicate ID tar.
1	Duplicate ID benchmarking.
1	Duplicate ID process.
1	Duplicate ID events.
1	Element section not allowed as child of element hgroup in this context. (Suppressing further errors from this subtree.)
1	reference to entity "sqi" for which no system identifier could be generated
1	Bad value sections for attribute role on element nav.
1	general entity "ved" not defined and no default entity
1	Attribute maximum-scale not allowed on element meta at this point.
1	Duplicate ID bpr.
1	Duplicate ID main-search-submit.
1	Duplicate ID user-icon-button.
1	<p>
        Sorry, I am unable to validate this document because on line
        <strong>8</strong>
        it contained one or more bytes that I cannot interpret as
        <code>utf-8</code>
        (in other words, the bytes found are not valid values in the specified
        Character Encoding). Please check both the content of the file and the
        character encoding indication.
      </p>
<p>The error was: 
        utf8 "\xCC" does not map to Unicode

      </p>
1	Bad value true for attribute checked on element input.
1	Bad value li-comment-<a href='http://www.ellaysusexo.com/sexo-anal-caminos-alternos' rel='external nofollow' class='url'>Sexo Anal | Ella y Su Sexo</a> for attribute id on element li: An ID must not contain whitespace.
1	Duplicate ID user_remember_me.
1	style element between head and body.
1	Duplicate ID searchInput.
1	document type does not allow element "NOSCRIPT" here
1	Duplicate ID loginBtn.
1	general entity "sqi" not defined and no default entity
1	reference to entity "resnum" for which no system identifier could be generated
1	general entity "cp" not defined and no default entity
1	Duplicate ID nav1.
1	reference to entity "cp" for which no system identifier could be generated
1	Bad value on Monday July 08, 2013 @04:37PM for attribute datetime on element time: The literal did not satisfy the time-datetime format.
1	reference to entity "xhr" for which no system identifier could be generated
1	general entity "xhr" not defined and no default entity
1	Bad value on Monday July 08, 2013 @02:30PM for attribute datetime on element time: The literal did not satisfy the time-datetime format.
1	Bad value on Monday July 08, 2013 @03:05PM for attribute datetime on element time: The literal did not satisfy the time-datetime format.
1	Bad value on Monday July 08, 2013 @03:50PM for attribute datetime on element time: The literal did not satisfy the time-datetime format.
1	general entity "bL.k" not defined and no default entity
1	Bad value sections for attribute role on element ul.
1	Bad value data for attribute type on element script: Subtype missing.
1	reference to entity "bih" for which no system identifier could be generated
1	general entity "daddr" not defined and no default entity
1	reference to entity "daddr" for which no system identifier could be generated
1	general entity "resnum" not defined and no default entity
1	general entity "bih" not defined and no default entity
1	reference to entity "biw" for which no system identifier could be generated
1	general entity "bav" not defined and no default entity
1	reference to entity "bav" for which no system identifier could be generated
1	general entity "biw" not defined and no default entity
1	reference to entity "Pdf" for which no system identifier could be generated
1	Opening and ending tag mismatch: body line 283 and div
1	reference to entity "siteid" for which no system identifier could be generated
1	general entity "siteid" not defined and no default entity
1	reference to entity "forward" for which no system identifier could be generated
1	ID "errors-vendors" already defined
1	Bad value http://www.google.com, for attribute href on element a: Host component did not meet the restrictions on DNS names.
1	Bad value http:www.acornsuperlinks@yahoo.com for attribute href on element a: A component that is required by the scheme is missing.
1	ID "loc-rail" already defined
1	<p>
        Sorry, I am unable to validate this document because on line
        <strong>111</strong>
        it contained one or more bytes that I cannot interpret as
        <code>utf-8</code>
        (in other words, the bytes found are not valid values in the specified
        Character Encoding). Please check both the content of the file and the
        character encoding indication.
      </p>
<p>The error was: 
        utf8 "\x80" does not map to Unicode

      </p>
1	ID "servicios" already defined
1	Attribute height not allowed on element hr at this point.
1	general entity "forward" not defined and no default entity
1	end tag for "rq.length" omitted, but OMITTAG NO was specified
1	reference to entity "pageType" for which no system identifier could be generated
1	general entity "pageType" not defined and no default entity
1	there is no attribute "cssClass"
1	Bad value http://ww251.smartadserver.com/call/pubdirj/74127/1823967/sport.fussball.buli_index.bild.de.axelspringer/993x90/[timestamp]/no?[countgo] for attribute src on element script: Illegal character in path component.
1	ID "searchAttribs-rail" already defined
1	element "rq.length" undefined
1	end tag for "oli.length-2" omitted, but OMITTAG NO was specified
1	element "oli.length-2" undefined
1	ID "errors-rail" already defined
1	general entity "_suid" not defined and no default entity
1	reference to entity "_suid" for which no system identifier could be generated
1	Bad value Account Based for attribute id on element a: An ID must not contain whitespace.
1	Bad value #Account Based for attribute href on element a: Whitespace in fragment component. Use %20 in place of spaces.
1	Bad value 13-01-09 for attribute datetime on element time: The literal did not satisfy the time-datetime format.
1	Bad value 13-03-19 for attribute datetime on element time: The literal did not satisfy the time-datetime format.
1	Opening and ending tag mismatch: div line 331 and table
1	Bad value Account Based for attribute name on element a: An ID must not contain whitespace.
1	general entity "Pdf" not defined and no default entity
1	ID "ncode_imageresizer_container_1" already defined
1	Duplicate ID menu-main-menu-3.
1	Bad value 13-04-15 for attribute datetime on element time: The literal did not satisfy the time-datetime format.
1	Bad value globalsign-domain-verification for attribute name on XHTML element meta: Keyword globalsign-domain-verification is not registered.
1	there is no attribute "cope"
1	reference to entity "betr" for which no system identifier could be generated
1	general entity "betr" not defined and no default entity
1	ID "twitter_count" already defined
1	Couldn't find end of Start Tag td line 338
1	reference to entity "ved" for which no system identifier could be generated
1	Opening and ending tag mismatch: table line 332 and tbody
1	Opening and ending tag mismatch: tbody line 333 and tr
1	Opening and ending tag mismatch: tr line 337 and td
1	Bad value on Monday July 08, 2013 @02:18PM for attribute datetime on element time: The literal did not satisfy the time-datetime format.
1	Bad value on Monday July 08, 2013 @01:30PM for attribute datetime on element time: The literal did not satisfy the time-datetime format.
1	Bad value newsletters-embed88323 for attribute tabindex on element input: Expected a minus sign or a digit but saw n instead.
1	Bad value newsletters-embed88322 for attribute tabindex on element input: Expected a minus sign or a digit but saw n instead.
1	Bad value newsletters-embed74354 for attribute tabindex on element input: Expected a minus sign or a digit but saw n instead.
1	Bad value lightbox2884 for attribute rel on element a: The string lightbox2884 is not a registered keyword or absolute URL.
1	Bad value newsletters-embed88324 for attribute tabindex on element input: Expected a minus sign or a digit but saw n instead.
1	Bad value lightbox2882 for attribute rel on element a: The string lightbox2882 is not a registered keyword or absolute URL.
1	Attribute lbl not allowed on element h2 at this point.
1	Bad value de for attribute rel on element a: The string de is not a registered keyword or absolute URL.
1	Bad value es for attribute rel on element a: The string es is not a registered keyword or absolute URL.
1	Bad value en for attribute rel on element a: The string en is not a registered keyword or absolute URL.
1	Bad value lightbox2886 for attribute rel on element a: The string lightbox2886 is not a registered keyword or absolute URL.
1	Bad value lightbox2887 for attribute rel on element a: The string lightbox2887 is not a registered keyword or absolute URL.
1	ID "servicesbox" already defined
1	Bad value newsletters-embed47403 for attribute tabindex on element input: Expected a minus sign or a digit but saw n instead.
1	Bad value http://fonts.googleapis.com/css?family=Cantata One for attribute href on element link: Whitespace in query component. Use %20 in place of spaces.
1	Bad value newsletters-embed47402 for attribute tabindex on element input: Expected a minus sign or a digit but saw n instead.
1	Bad value lightbox929 for attribute rel on element a: The string lightbox929 is not a registered keyword or absolute URL.
1	Bad value lightbox863 for attribute rel on element a: The string lightbox863 is not a registered keyword or absolute URL.
1	Bad value newsletters-embed74353 for attribute tabindex on element input: Expected a minus sign or a digit but saw n instead.
1	Bad value newsletters-embed74352 for attribute tabindex on element input: Expected a minus sign or a digit but saw n instead.
1	Bad value newsletters-embed47404 for attribute tabindex on element input: Expected a minus sign or a digit but saw n instead.
1	Attribute lbl not allowed on element h3 at this point.
1	Duplicate ID nav2.
1	Bad value mailto:yourfriend@email.com?subject=Oculus Rift already has a Virtual Boy emulator&body=http://www.joystiq.com/2013/04/27/oculus-rift-already-has-a-virtual-boy-emulator/ for attribute href on element a: Whitespace in query component. Use %20 in place of spaces.
1	Bad value mailto:yourfriend@email.com?subject=Dust 514 launching May 14&body=http://www.joystiq.com/2013/04/27/dust-514-launching-may-14/ for attribute href on element a: Whitespace in query component. Use %20 in place of spaces.
1	Bad value mailto:yourfriend@email.com?subject=4X space strategy game StarDrive out now on Steam&body=http://www.joystiq.com/2013/04/27/4x-space-strategy-game-stardrive-out-now-on-steam/ for attribute href on element a: Whitespace in query component. Use %20 in place of spaces.
1	Bad value mailto:yourfriend@email.com?subject=Assassin's Creed 3 director Jamie Stowe joins 22cans&body=http://www.joystiq.com/2013/04/27/assassins-creed-3-director-jamie-stowe-joins-22cans/ for attribute href on element a: Whitespace in query component. Use %20 in place of spaces.
1	Bad value simple for attribute lang on element span: The language subtag simple is not a valid IANA language part of a language tag.
1	Bad value simple for attribute lang on element a: The language subtag simple is not a valid IANA language part of a language tag.
1	Bad value mailto:yourfriend@email.com?subject=Super Mario Crossover upgrades to version 3.0&body=http://www.joystiq.com/2013/04/28/super-mario-crossover-upgrades-to-version-3-0/ for attribute href on element a: Whitespace in query component. Use %20 in place of spaces.
1	Bad value mailto:yourfriend@email.com?subject=Get Injustice for $35 at Toys R Us until May 4&body=http://www.joystiq.com/2013/04/28/get-injustice-for-35-at-toys-r-us-until-may-4/ for attribute href on element a: Whitespace in query component. Use %20 in place of spaces.
1	Bad value simple for attribute hreflang on element a: The language subtag simple is not a valid IANA language part of a language tag.
1	Bad value mailto:yourfriend@email.com?subject=Metro: Last Light on Steam includes Metro 2033 e-book&body=http://www.joystiq.com/2013/04/27/metro-last-light-on-steam-includes-metro-2033-e-book/ for attribute href on element a: Whitespace in query component. Use %20 in place of spaces.
1	Bad value mailto:yourfriend@email.com?subject=WRUP: What's in the Xbox?&body=http://www.joystiq.com/2013/04/26/wrup-whats-in-the-xbox/ for attribute href on element a: Whitespace in query component. Use %20 in place of spaces.
1	Attribute lbl not allowed on element input at this point.
1	Bad value ./files/Yannick LEVIF - CV.pdf for attribute href on element a: Whitespace in path component. Use %20 in place of spaces.
1	<p>
        Sorry, I am unable to validate this document because on line
        <strong>2929</strong>
        it contained one or more bytes that I cannot interpret as
        <code>utf-8</code>
        (in other words, the bytes found are not valid values in the specified
        Character Encoding). Please check both the content of the file and the
        character encoding indication.
      </p>
<p>The error was: 
        utf8 "\x91" does not map to Unicode

      </p>
1	Duplicate ID nav3.
1	Bad value video for attribute rel on element a: The string video is not a registered keyword or absolute URL.
1	Bad value ResourceLoaderDynamicStyles for attribute name on element meta: Keyword resourceloaderdynamicstyles is not registered.
1	Element fb:activity not allowed as child of element div in this context. (Suppressing further errors from this subtree.)
1	Element fb:recommendations not allowed as child of element div in this context. (Suppressing further errors from this subtree.)
1	Unclosed element fb:recommendations.
1	Bad value newsletters-embed97954 for attribute tabindex on element input: Expected a minus sign or a digit but saw n instead.
1	Bad value newsletters-embed97953 for attribute tabindex on element input: Expected a minus sign or a digit but saw n instead.
1	Duplicate ID fh-pag-div.
1	Bad value on Monday July 08, 2013 @05:06AM for attribute datetime on element time: The literal did not satisfy the time-datetime format.
1	Bad value attachment wp-att-727688 for attribute rel on element a: The string attachment is not a registered keyword or absolute URL.
1	duplicate specification of attribute "NAME"
1	Duplicate ID fh-paginate.
1	Bad value firehose footer for attribute role on element nav.
1	Attribute youtube_height not allowed on element div at this point.
1	Attribute youtube_width not allowed on element div at this point.
1	<p>
        Sorry, I am unable to validate this document because on line
        <strong>556</strong>
        it contained one or more bytes that I cannot interpret as
        <code>gb2312</code>
        (in other words, the bytes found are not valid values in the specified
        Character Encoding). Please check both the content of the file and the
        character encoding indication.
      </p>
<p>The error was: 
        euc-cn "\xE9" does not map to Unicode

      </p>
1	Bad value footer for attribute role on element nav.
1	there is no attribute "DATA-BACKGROUND"
1	general entity "bsref" not defined and no default entity
1	Bad value on Monday July 08, 2013 @11:11AM for attribute datetime on element time: The literal did not satisfy the time-datetime format.
1	Bad value on Monday July 08, 2013 @11:55AM for attribute datetime on element time: The literal did not satisfy the time-datetime format.
1	Bad value on Monday July 08, 2013 @12:15PM for attribute datetime on element time: The literal did not satisfy the time-datetime format.
1	Bad value on Monday July 08, 2013 @12:42PM for attribute datetime on element time: The literal did not satisfy the time-datetime format.
1	Bad value on Monday July 08, 2013 @10:25AM for attribute datetime on element time: The literal did not satisfy the time-datetime format.
1	Bad value on Monday July 08, 2013 @09:38AM for attribute datetime on element time: The literal did not satisfy the time-datetime format.
1	Bad value on Monday July 08, 2013 @08:06AM for attribute datetime on element time: The literal did not satisfy the time-datetime format.
1	general entity "log" not defined and no default entity
1	Bad value on Monday July 08, 2013 @08:51AM for attribute datetime on element time: The literal did not satisfy the time-datetime format.
1	Bad value attachment wp-att-727687 for attribute rel on element a: The string attachment is not a registered keyword or absolute URL.
1	Attribute video_id not allowed on element div at this point.
1	document type does not allow element "th" here
1	end tag for element "th" which is not open
1	character "「" not allowed in attribute specification list
1	there is no attribute "selectedClass"
1	general entity "word" not defined and no default entity
1	required character (found h) (expected L)
1	Bad value newsletters-embed97952 for attribute tabindex on element input: Expected a minus sign or a digit but saw n instead.
1	Bad value http://pro-flughafen.ch/wp-content/uploads/pdf/vision 2011-3.pdf for attribute href on element a: Whitespace in path component. Use %20 in place of spaces.
1	Bad value http://pro-flughafen.ch/wp-content/uploads/pdf/12_SIL-Prozess_versch. Betriebsvarianten__UVEK_BAZL.pdf for attribute href on element a: Whitespace in path component. Use %20 in place of spaces.
1	there is no attribute "menuName"
1	Duplicate ID rgt_pnl.
1	Attribute a_href not allowed on element a at this point.
1	Attribute sid not allowed on element li at this point.
1	Attribute duedate not allowed on element span at this point.
1	Attribute maxfontsize not allowed on element div at this point.
1	Bad value http://blog.appannie.com/appannie- index-apps-march-2013 for attribute href on element a: Whitespace in path component. Use %20 in place of spaces.
1	Attribute galleryid not allowed on element div at this point.
1	Duplicate ID mid_bt_pnl.
1	Duplicate ID column-7.
1	Duplicate ID wrap.
1	there is no attribute "view"
1	element "Require" undefined
1	Attribute accents-coffee, not allowed on element meta at this point.
1	Row 4 of a row group established by a tbody element has no cells beginning on it.
1	Row 2 of a row group established by a tbody element has no cells beginning on it.
1	Stray end tag h3.
1	Attribute sans-serif?;? not allowed on element span at this point.
1	Attribute roman?;? not allowed on element span at this point.
1	Attribute now! not allowed on element meta at this point.
1	general entity "iVer" not defined and no default entity
1	Element brp not allowed as child of element span in this context. (Suppressing further errors from this subtree.)
1	general entity "sFlashXmlData" not defined and no default entity
1	<p>
        Sorry, I am unable to validate this document because on line
        <strong>6</strong>
        it contained one or more bytes that I cannot interpret as
        <code>utf-8</code>
        (in other words, the bytes found are not valid values in the specified
        Character Encoding). Please check both the content of the file and the
        character encoding indication.
      </p>
<p>The error was: 
        utf8 "\xED" does not map to Unicode

      </p>
1	end tag for "ol" omitted, but OMITTAG NO was specified
1	<p>
        Sorry, I am unable to validate this document because on line
        <strong>943</strong>
        it contained one or more bytes that I cannot interpret as
        <code>utf-8</code>
        (in other words, the bytes found are not valid values in the specified
        Character Encoding). Please check both the content of the file and the
        character encoding indication.
      </p>
<p>The error was: 
        utf8 "\xE9" does not map to Unicode

      </p>
1	Bad value location=yes,status=yes,resizable=yes,scrollbars=yes,width=560,height=500 for attribute rel on element a: The string location=yes,status=yes,resizable=yes,scrollbars=yes,width=560,height=500 is not a registered keyword or absolute URL.
1	Element fb:like not allowed as child of element li in this context. (Suppressing further errors from this subtree.)
1	Attribute nc:invokeaction not allowed on element input at this point.
1	general entity "show_count" not defined and no default entity
1	reference to entity "show_count" for which no system identifier could be generated
1	reference to entity "show_screen_name" for which no system identifier could be generated
1	general entity "show_screen_name" not defined and no default entity
1	<p>
        Sorry, I am unable to validate this document because on line
        <strong>4</strong>
        it contained one or more bytes that I cannot interpret as
        <code>utf-8</code>
        (in other words, the bytes found are not valid values in the specified
        Character Encoding). Please check both the content of the file and the
        character encoding indication.
      </p>
<p>The error was: 
        utf8 "\xF3" does not map to Unicode

      </p>
1	Attribute fashlets.com not allowed on element meta at this point.
1	there is no attribute "marco"
1	general entity "browser_path" not defined and no default entity
1	reference to entity "episode_id" for which no system identifier could be generated
1	Bad value X-Powered-By for attribute http-equiv on element meta.
1	general entity "episode_id" not defined and no default entity
1	general entity "position_list" not defined and no default entity
1	general entity "site_prefix" not defined and no default entity
1	general entity "P5_Language" not defined and no default entity
1	reference to entity "Lang" for which no system identifier could be generated
1	general entity "Lang" not defined and no default entity
1	Bad value CACHE-CONTROL for attribute http-equiv on element meta.
1	Row 10 of a row group established by a tbody element has no cells beginning on it.
1	Attribute your not allowed on element div at this point.
1	Attribute buy not allowed on element meta at this point.
1	Attribute manage not allowed on element div at this point.
1	Attribute 22" not allowed on element meta at this point.
1	Attribute day-to-day" not allowed on element div at this point.
1	Attribute prices, not allowed on element meta at this point.
1	Row 8 of a row group established by a tbody element has no cells beginning on it.
1	Row 6 of a row group established by a tbody element has no cells beginning on it.
1	Bad value https://www.geprueft.de/qualitatspartner/zahnaerztin-dr-bettinahowitz/↩NzI2Ng==?new_prospect=true for attribute href on element a: Control character in path component.
1	Attribute nc:invokeselector not allowed on element input at this point.
1	<p>
        Sorry, I am unable to validate this document because on line
        <strong>14</strong>
        it contained one or more bytes that I cannot interpret as
        <code>utf-8</code>
        (in other words, the bytes found are not valid values in the specified
        Character Encoding). Please check both the content of the file and the
        character encoding indication.
      </p>
<p>The error was: 
        utf8 "\xF1" does not map to Unicode

      </p>
1	Attribute accents-tan, not allowed on element meta at this point.
1	Attribute accents-tan? not allowed on element meta at this point.
1	there is no attribute "jQuery1348672049967"
1	Element b not allowed as child of element dl in this context. (Suppressing further errors from this subtree.)
1	there is no attribute "jQuery1328268448812"
1	there is no attribute "jQuery1328268198968"
1	<p>
        Sorry, I am unable to validate this document because on line
        <strong>5</strong>
        it contained one or more bytes that I cannot interpret as
        <code>utf-8</code>
        (in other words, the bytes found are not valid values in the specified
        Character Encoding). Please check both the content of the file and the
        character encoding indication.
      </p>
<p>The error was: 
        utf8 "\xF1" does not map to Unicode

      </p>
1	<p>
        Sorry, I am unable to validate this document because on line
        <strong>6</strong>
        it contained one or more bytes that I cannot interpret as
        <code>utf-8</code>
        (in other words, the bytes found are not valid values in the specified
        Character Encoding). Please check both the content of the file and the
        character encoding indication.
      </p>
<p>The error was: 
        utf8 "\xF1" does not map to Unicode

      </p>
1	there is no attribute "jQuery1348676508816"
1	<p>
        Sorry, I am unable to validate this document because on line
        <strong>8</strong>
        it contained one or more bytes that I cannot interpret as
        <code>utf-8</code>
        (in other words, the bytes found are not valid values in the specified
        Character Encoding). Please check both the content of the file and the
        character encoding indication.
      </p>
<p>The error was: 
        utf8 "\xF1" does not map to Unicode

      </p>
1	there is no attribute "jQuery1320308136257"
1	there is no attribute "jQuery1348673220356"
1	Duplicate ID _x0000_i1026.
1	Duplicate ID _x0000_i1027.
1	Duplicate ID _x0000_i1028.
1	Duplicate ID _x0000_i1029.
1	Duplicate ID _x0000_i1025.
1	Duplicate ID _x0000_t75.
1	there is no attribute "jQuery1321431613562"
1	Bad value http://cdn.sett.com/images/user/NixonsWatergateTestimony0a4d9[1]2f988d93fcf2bdcab8e8ee09412e3afa_t.jpg for attribute src on element img: Illegal character in path component.
1	"onblur" is not a member of a group specified for any attribute
1	there is no attribute "jQuery1328510469960"
1	there is no attribute "jQuery1348676142697"
1	Bad value /ec/search?q=%22Simple fractions%22 for attribute href on element a: Whitespace in query component. Use %20 in place of spaces.
1	Attribute accents-coffee? not allowed on element meta at this point.
1	Attribute accents-black, not allowed on element meta at this point.
1	Bad value /ec/search?q=%22Shapes (Geometry)%22 for attribute href on element a: Whitespace in query component. Use %20 in place of spaces.
1	Stray end tag ul<.
1	Duplicate ID cm_530969.
1	Attribute xmlns:nc not allowed here.
1	<p>
        Sorry, I am unable to validate this document because on line
        <strong>8</strong>
        it contained one or more bytes that I cannot interpret as
        <code>utf-8</code>
        (in other words, the bytes found are not valid values in the specified
        Character Encoding). Please check both the content of the file and the
        character encoding indication.
      </p>
<p>The error was: 
        utf8 "\xE1" does not map to Unicode

      </p>
1	<!DOCTYPE html PUBLIC "-//W3C//DTD XHTML 1.0 Transitiomal//EN" "http://www.w3.org/TR/xhtml1/DTD/xhtml1-transitional.dtd">
1	Bad value /ec/search?q=%22Place value%22 for attribute href on element a: Whitespace in query component. Use %20 in place of spaces.
1	Bad value /ec/search?q=%22Number operations%22 for attribute href on element a: Whitespace in query component. Use %20 in place of spaces.
1	Bad value /ec/search?q=%22Australian English%22 for attribute href on element a: Whitespace in query component. Use %20 in place of spaces.
1	Bad value /ec/search?q=%22Aboriginal history%22 for attribute href on element a: Whitespace in query component. Use %20 in place of spaces.
1	Attribute accents-black? not allowed on element meta at this point.
1	<p>
        Sorry, I am unable to validate this document because on line
        <strong>5</strong>
        it contained one or more bytes that I cannot interpret as
        <code>utf-8</code>
        (in other words, the bytes found are not valid values in the specified
        Character Encoding). Please check both the content of the file and the
        character encoding indication.
      </p>
<p>The error was: 
        utf8 "\xED" does not map to Unicode

      </p>
1	Bad value /ec/search?q=%22Australian history%22 for attribute href on element a: Whitespace in query component. Use %20 in place of spaces.
1	Bad value /ec/search?q=%22English language%22 for attribute href on element a: Whitespace in query component. Use %20 in place of spaces.
1	Bad value /ec/search?q=%22Number (Mathematics)%22 for attribute href on element a: Whitespace in query component. Use %20 in place of spaces.
1	Bad value /ec/search?q=%22Living things%22 for attribute href on element a: Whitespace in query component. Use %20 in place of spaces.
1	Bad value /ec/search?q=%22Forces and energy%22 for attribute href on element a: Whitespace in query component. Use %20 in place of spaces.
1	Attribute reasonable not allowed on element meta at this point.
1	Attribute sale not allowed on element meta at this point.
1	reference to entity "lm" for which no system identifier could be generated
1	general entity "lm" not defined and no default entity
1	general entity "defaultPath" not defined and no default entity
1	ID "snav2" already defined
1	Duplicate ID webnographer.
1	Duplicate ID how.
1	Duplicate ID remote.
1	Duplicate ID do.
1	Duplicate ID where.
1	Duplicate ID what.
1	ID "snav1" already defined
1	duplicate specification of attribute "ID"
1	Duplicate attribute sequins.
1	document type does not allow element "strong" here; assuming missing "li" start-tag
1	end tag for "dir" which is not finished
1	there is no attribute "vertical-align"
1	there is no attribute "access"
1	there is no attribute "level"
1	there is no attribute "SEARCHDATE"
1	Bad value http://www.onepricerentacar.com/images/one price logo.gif for attribute src on element img: Whitespace in path component. Use %20 in place of spaces.
1	Bad value text/html; charset=UTF-8; for attribute content on element meta: The legacy encoding contained ;, which is not a valid character in an encoding name.
1	Duplicate ID analytics.
1	Duplicate ID surveys.
1	element "ModulePrefs" undefined
1	there is no attribute "thumbnail"
1	there is no attribute "screenshot"
1	there is no attribute "title_url"
1	there is no attribute "messages"
1	there is no attribute "lang"
1	there is no attribute "feature"
1	there is no attribute "language_direction"
1	there is no attribute "country"
1	there is no attribute "category2"
1	there is no attribute "category"
1	element "Module" undefined
1	Duplicate ID blog.
1	Duplicate ID about.
1	Duplicate ID jobs.
1	there is no attribute "author_email"
1	there is no attribute "author_location"
1	there is no attribute "directory_title"
1	there is no attribute "author_link"
1	there is no attribute "author_photo"
1	ID "ankVideoDetail" already defined
1	ID "ClickIcon3" already defined
1	Bad value mailto: careers@logicserve.com?subject=Apply For The Post OF WEB Designer.(Please Attach Your Resume) for attribute href on element a: Whitespace in path component. Use %20 in place of spaces.
1	Bad value mailto: careers@logicserve.com?subject=Apply For The Post OF CRM Executive.(Please Attach Your Resume) for attribute href on element a: Whitespace in path component. Use %20 in place of spaces.
1	general entity "url_name" not defined and no default entity
1	Bad value mailto: careers@logicserve.com?subject=Apply For The Post OF Search Engine Optimization (SEO) Executive.(Please Attach Your Resume) for attribute href on element a: Whitespace in path component. Use %20 in place of spaces.
1	Bad value mailto: careers@logicserve.com?subject=Apply For The Post OF CONTENT Writer.(Please Attach Your Resume) for attribute href on element a: Whitespace in path component. Use %20 in place of spaces.
1	Bad value mailto: careers@logicserve.com?subject=Apply For The Post OF WEB Developer.(Please Attach Your Resume) for attribute href on element a: Whitespace in path component. Use %20 in place of spaces.
1	Bad value ja,en,zh for attribute lang on element html: The language subtag ja,en,zh is not a valid language subtag.
1	Bad value mailto: careers@logicserve.com?subject=Apply For The Post OF Social Media Marketing (SMM) Executive.(Please Attach Your Resume) for attribute href on element a: Whitespace in path component. Use %20 in place of spaces.
1	Duplicate attribute accented.
1	Bad value mailto: careers@logicserve.com?subject=Apply For The Post OF WEB Property Manager.(Please Attach Your Resume) for attribute href on element a: Whitespace in path component. Use %20 in place of spaces.
1	Bad value mailto: careers@logicserve.com?subject=Apply For The Post OF Search Engine Marketing (SEM) Executive.(Please Attach Your Resume) for attribute href on element a: Whitespace in path component. Use %20 in place of spaces.
1	required character (found m) (expected l)
1	Duplicate attribute bag.
1	reference to entity "P5_Language" for which no system identifier could be generated
1	Duplicate attribute luggage.
1	Duplicate attribute at.
1	Duplicate attribute duffel.
1	general entity "subdomain" not defined and no default entity
1	Duplicate attribute floral.
1	Duplicate attribute wheeled.
1	Duplicate attribute rolling.
1	element "kws.length" undefined
1	Bad value content-style-type for attribute http-equiv on element meta.
1	Bad value only screen and (-webkit-min-device-pixel-ratio: 2) for attribute media on element link: Expected a letter at start of a media feature part but saw - instead.
1	The version attribute on the html element is obsolete. You can safely omit it.
1	there is no attribute "DATA-TOGGLE"
1	<p>
        Sorry, I am unable to validate this document because on line
        <strong>59</strong>
        it contained one or more bytes that I cannot interpret as
        <code>utf-8</code>
        (in other words, the bytes found are not valid values in the specified
        Character Encoding). Please check both the content of the file and the
        character encoding indication.
      </p>
<p>The error was: 
        utf8 "\xED" does not map to Unicode

      </p>
1	ID "ui" already defined
1	Duplicate ID main-menu.
1	ID "ClickIcon2" already defined
1	ID "ClickIcon1" already defined
1	Duplicate ID linkcat-2.
1	<p>
        Sorry, I am unable to validate this document because on line
        <strong>121</strong>
        it contained one or more bytes that I cannot interpret as
        <code>utf-8</code>
        (in other words, the bytes found are not valid values in the specified
        Character Encoding). Please check both the content of the file and the
        character encoding indication.
      </p>
<p>The error was: 
        utf8 "\xED" does not map to Unicode

      </p>
1	<p>
        Sorry, I am unable to validate this document because on line
        <strong>165</strong>
        it contained one or more bytes that I cannot interpret as
        <code>utf-8</code>
        (in other words, the bytes found are not valid values in the specified
        Character Encoding). Please check both the content of the file and the
        character encoding indication.
      </p>
<p>The error was: 
        utf8 "\xF3" does not map to Unicode

      </p>
1	Bad value #genericModal for attribute rel on element a: The string #genericmodal is not a registered keyword or absolute URL.
1	Attribute re not allowed on element a at this point.
1	end tag for "kws.length" omitted, but OMITTAG NO was specified
1	Bad value content-script-type for attribute http-equiv on element meta.
1	Attribute onselectstart not allowed on element body at this point.
1	there is no attribute "data-cb-ad-id"
1	<p>
        Sorry, I am unable to validate this document because on line
        <strong>61</strong>
        it contained one or more bytes that I cannot interpret as
        <code>utf-8</code>
        (in other words, the bytes found are not valid values in the specified
        Character Encoding). Please check both the content of the file and the
        character encoding indication.
      </p>
<p>The error was: 
        utf8 "\xE9" does not map to Unicode

      </p>
1	Attribute clas not allowed on element span at this point.
1	Bad value ../newsletter/KFS Newsletter.January.February 2013.pdf?ref=newsletter for attribute href on element a: Whitespace in path component. Use %20 in place of spaces.
1	there is no attribute "direct_url"
1	Bad value http://www.facebook.com/sharer.php?u=http://www.yourlocalpaper.co.uk/sport/homemade-paste-pays-off-for-steve/&t=Homemade paste pays off for Steve for attribute href on element a: Whitespace in query component. Use %20 in place of spaces.
1	"Special" is not a member of a group specified for any attribute
1	reference to entity "n..." for which no system identifier could be generated
1	general entity "n..." not defined and no default entity
1	"Offers" is not a member of a group specified for any attribute
1	there is no attribute "data-step"
1	"Maintenance" is not a member of a group specified for any attribute
1	there is no attribute "data-suffix"
1	Duplicate ID Player_1639b5db-6412-412e-a119-173b89cff465.
1	Duplicate ID Player_505bcd9b-8ab0-4f8e-a386-f1cb30a2cec9.
1	there is no attribute "data-search-text-default"
1	reference to entity "nowosc_id" for which no system identifier could be generated
1	Duplicate ID site_search.
1	Duplicate ID search_suggestions.
1	Duplicate ID Player_eabca723-d2e2-402e-9784-434f68c1c5cf.
1	Duplicate ID Player_924b4591-8e28-4cf0-bed9-0538d3f764b5.
1	"Accessories" is not a member of a group specified for any attribute
1	Bad value http:/vision19.es/estilo/estilo-formulario-contacto.css for attribute href on element link: A component that is required by the scheme is missing.
1	general entity "pf_rd_s" not defined and no default entity
1	end tag for "min_num" omitted, but OMITTAG NO was specified
1	reference to entity "pf_rd_s" for which no system identifier could be generated
1	general entity "pf_rd_r" not defined and no default entity
1	general entity "pf_rd_t" not defined and no default entity
1	reference to entity "pf_rd_r" for which no system identifier could be generated
1	element "min_num" undefined
1	there is no attribute "buy"
1	Duplicate ID m_00000001.
1	Duplicate ID n00000001.
1	there is no attribute "adjkey"
1	there is no attribute "adjname"
1	there is no attribute "max_num"
1	there is no attribute "min_num"
1	there is no attribute "data-choice-autocomplete"
1	there is no attribute "data-google-worldwide-launch"
1	ID "otherssecondurl11203" already defined
1	ID "othersfirsturl11203" already defined
1	ID "otherssecondurl9775" already defined
1	ID "span_phone" already defined
1	ID "othersfirsturl11323" already defined
1	Attribute titre not allowed on element a at this point.
1	ID "otherssecondurl11323" already defined
1	ID "othersfirsturl9775" already defined
1	ID "otherssecondurl9757" already defined
1	ID "othersfirsturl10050" already defined
1	Bad value http://stat3.cybermonitor.com/inrocks_v?R=[article];&S=total;[] for attribute src on element img: Illegal character in query component.
1	ID "otherssecondurl10050" already defined
1	ID "othersfirsturl9757" already defined
1	Attribute titre" not allowed on element a at this point.
1	Bad value http://recherche.fnac.com/Search/SearchResult.aspx?Search=Sound City – Real to Reel (Original Soundtrack)&Scat=3!1&Origin=PA_INROCKS&sft=1 for attribute href on element a: Whitespace in query component. Use %20 in place of spaces.
1	Attribute chronique not allowed on element a at this point.
1	Attribute memories", not allowed on element a at this point.
1	there is no attribute "data-url-loader"
1	there is no attribute "data-lfgm-key"
1	general entity "nowosc_id" not defined and no default entity
1	there is no attribute "data-lfgm-language"
1	general entity "filters" not defined and no default entity
1	reference to entity "filters" for which no system identifier could be generated
1	Attribute content not allowed on element link at this point.
1	there is no attribute "data-back-to-top"
1	Attribute random not allowed on element a at this point.
1	Attribute access not allowed on element a at this point.
1	ID "selection_avail_0_0" already defined
1	ID "selection_avail_2_3" already defined
1	there is no attribute "data-test-facebook-url"
1	ID "selection_avail_2_5" already defined
1	reference to entity "pf_rd_t" for which no system identifier could be generated
1	general entity "pf_rd_p" not defined and no default entity
1	Bad value http://www.haibao.cn/fashion/海报推荐模特新人Top 10/ for attribute href on element a: Whitespace in path component. Use %20 in place of spaces.
1	Bad value http://www.haibao.cn/fashion/男孩风格·Tomboy Look/ for attribute href on element a: Whitespace in path component. Use %20 in place of spaces.
1	Bad value http://www.haibao.cn/fashion/Parsons School of Design/ for attribute href on element a: Whitespace in path component. Use %20 in place of spaces.
1	Bad value http://www.haibao.cn/fashion/2012 Holiday系列/ for attribute href on element a: Whitespace in path component. Use %20 in place of spaces.
1	Bad value http://www.haibao.cn/stars/Chiara Ferragni/ for attribute href on element a: Whitespace in path component. Use %20 in place of spaces.
1	general entity "mediaLayer" not defined and no default entity
1	reference to entity "mediaLayer" for which no system identifier could be generated
1	Bad value http://www.haibao.cn/fashion/Bling Bling/ for attribute href on element a: Whitespace in path component. Use %20 in place of spaces.
1	Bad value http://www.haibao.cn/fashion/It Girl/ for attribute href on element a: Whitespace in path component. Use %20 in place of spaces.
1	Bad value http://www.haibao.cn/accessory/Hobo Bag/ for attribute href on element a: Whitespace in path component. Use %20 in place of spaces.
1	Bad value http://www.haibao.cn/accessory/Go-go Boots/ for attribute href on element a: Whitespace in path component. Use %20 in place of spaces.
1	Bad value http://www.haibao.cn/fashion/Fashion Spy每周精选/ for attribute href on element a: Whitespace in path component. Use %20 in place of spaces.
1	duplicate specification of attribute "xmlns"
1	Bad value http://www.haibao.cn/fashion/一周明星Best Look/ for attribute href on element a: Whitespace in path component. Use %20 in place of spaces.
1	end tag for "mediaLayer.length" omitted, but OMITTAG NO was specified
1	element "mediaLayer.length" undefined
1	Bad value http://www.haibao.cn/stars/Kendra Spears/ for attribute href on element a: Whitespace in path component. Use %20 in place of spaces.
1	Bad value #video_overlay for attribute rel on element a: The string #video_overlay is not a registered keyword or absolute URL.
1	"-24" is not a member of a group specified for any attribute
1	Bad value images/colombia marca pais.jpg for attribute src on element img: Whitespace in path component. Use %20 in place of spaces.
1	Bad value images/blog/colombia marca pais.jpg for attribute src on element img: Whitespace in path component. Use %20 in place of spaces.
1	Element p" not allowed as child of element div in this context. (Suppressing further errors from this subtree.)
1	Unclosed element p".
1	"-8" is not a member of a group specified for any attribute
1	Bad value favourites icon for attribute rel on element link: The string favourites is not a registered keyword or absolute URL.
1	Bad value http://www.haibao.cn/diy/好玩杂货 (Zakka) / for attribute href on element a: Whitespace in path component. Use %20 in place of spaces.
1	Bad value http://www.haibao.cn/stars/Gossip Girl/ for attribute href on element a: Whitespace in path component. Use %20 in place of spaces.
1	Bad value http://www.haibao.cn/diy/Pop-up Store/ for attribute href on element a: Whitespace in path component. Use %20 in place of spaces.
1	Bad value http://www.haibao.cn/brands/Edition 10/ for attribute href on element a: Whitespace in path component. Use %20 in place of spaces.
1	Stray end tag footer.
1	there is no attribute "data-member-type"
1	Bad value http://www.haibao.cn/accessory/It Bag/ for attribute href on element a: Whitespace in path component. Use %20 in place of spaces.
1	Bad value http://www.haibao.cn/designer/Riccardo Tisci/ for attribute href on element a: Whitespace in path component. Use %20 in place of spaces.
1	general entity "rdid" not defined and no default entity
1	there is no attribute "bindevent"
1	Invalid resource URL
1	reference to entity "rdid" for which no system identifier could be generated
1	general entity "pps" not defined and no default entity
1	general entity "size_w" not defined and no default entity
1	reference to entity "pps" for which no system identifier could be generated
1	document type does not allow element "CAPTION" here
1	value of attribute "FOR" invalid: "2" cannot start a name
1	general entity "pf_rd_i" not defined and no default entity
1	reference to entity "pf_rd_p" for which no system identifier could be generated
1	reference to entity "pf_rd_i" for which no system identifier could be generated
1	required attribute "COLS" not specified
1	there is no attribute "data-category-location"
1	document type does not allow element "A" here; missing one of "TH", "TD" start-tag
1	reference to entity "size_w" for which no system identifier could be generated
1	general entity "size_h" not defined and no default entity
1	there is no attribute "data-country-code"
1	end tag for "respItem.length" omitted, but OMITTAG NO was specified
1	Bad value http://www.haibao.cn/zhuanti/MET Ball(Costume Institute Gala)/ for attribute href on element a: Whitespace in path component. Use %20 in place of spaces.
1	Bad value http://cdn0.hbimg.cn/store/moudlepic/172_module_images/1_z.8 dress 1 for attribute src on element img: Whitespace in path component. Use %20 in place of spaces.
1	there is no attribute "data-url-autocomplete"
1	Bad value http://cdn0.hbimg.cn/store/moudlepic/172_module_images/1_z.8 see-through for attribute src on element img: Whitespace in path component. Use %20 in place of spaces.
1	element "respItem.length" undefined
1	reference to entity "stru_travel" for which no system identifier could be generated
1	general entity "stru_phone" not defined and no default entity
1	reference to entity "size_h" for which no system identifier could be generated
1	reference to entity "stru_phone" for which no system identifier could be generated
1	general entity "stru_game" not defined and no default entity
1	general entity "stru_travel" not defined and no default entity
1	reference to entity "stru_game" for which no system identifier could be generated
1	Bad value %20http://www.lesinrocks.com/cinema/films-a-l-affiche/blue-valentine-lamour-en-mode-inde/ for attribute href on element a: Illegal character in scheme component.
1	ID "otherssecondurl10044" already defined
1	Bad value http://digg.com/submit?phase=2&url=http://www.onlineauctionlearningcenter.com/training/selling-niche-products-on-online-auction-sites/&title=Selling Niche Products on Online Auction Sites for attribute href on element a: Whitespace in query component. Use %20 in place of spaces.
1	Attribute hollywood not allowed on element a at this point.
1	Bad value http://del.icio.us/post?url=http://www.onlineauctionlearningcenter.com/training/selling-niche-products-on-online-auction-sites/&title=Selling Niche Products on Online Auction Sites for attribute href on element a: Whitespace in query component. Use %20 in place of spaces.
1	Bad value http://www.facebook.com/sharer.php?u=http://www.onlineauctionlearningcenter.com/training/how-to-manage-your-online-auction-business/&t=How to Manage Your Online Auction Business for attribute href on element a: Whitespace in query component. Use %20 in place of spaces.
1	Bad value http://del.icio.us/post?url=http://www.onlineauctionlearningcenter.com/training/how-to-manage-your-online-auction-business/&title=How to Manage Your Online Auction Business for attribute href on element a: Whitespace in query component. Use %20 in place of spaces.
1	Attribute explore not allowed on element a at this point.
1	Bad value http://digg.com/submit?phase=2&url=http://www.onlineauctionlearningcenter.com/training/how-to-manage-your-online-auction-business/&title=How to Manage Your Online Auction Business for attribute href on element a: Whitespace in query component. Use %20 in place of spaces.
1	Attribute à not allowed on element a at this point.
1	Bad value http://www.facebook.com/sharer.php?u=http://www.onlineauctionlearningcenter.com/training/selling-niche-products-on-online-auction-sites/&t=Selling Niche Products on Online Auction Sites for attribute href on element a: Whitespace in query component. Use %20 in place of spaces.
1	"895" is not a member of a group specified for any attribute
1	Bad value http://del.icio.us/post?url=http://www.onlineauctionlearningcenter.com/tips-tricks/wholesaling-online-auction-sites-go-hand-and-hand/&title=Wholesaling & Online Auction Sites Go Hand and Hand for attribute href on element a: Whitespace in query component. Use %20 in place of spaces.
1	"898" is not a member of a group specified for any attribute
1	Attribute z" not allowed on element a at this point.
1	Bad value http://del.icio.us/post?url=http://www.onlineauctionlearningcenter.com/tips-tricks/selling-stuff-on-the-internet-is-easier-than-you-think/&title=Selling Stuff on the Internet is Easier Than You Think for attribute href on element a: Whitespace in query component. Use %20 in place of spaces.
1	Bad value http://digg.com/submit?phase=2&url=http://www.onlineauctionlearningcenter.com/tips-tricks/wholesaling-online-auction-sites-go-hand-and-hand/&title=Wholesaling & Online Auction Sites Go Hand and Hand for attribute href on element a: Whitespace in query component. Use %20 in place of spaces.
1	Attribute documentaire not allowed on element a at this point.
1	Attribute stars": not allowed on element a at this point.
1	Attribute l'idéologie"" not allowed on element a at this point.
1	Attribute france not allowed on element a at this point.
1	Attribute en not allowed on element a at this point.
1	Bad value http://www.facebook.com/sharer.php?u=http://www.onlineauctionlearningcenter.com/training/7-reasons-to-sell-on-online-auction-sites-right-now/&t=7 Reasons to Sell on Online Auction Sites Right Now for attribute href on element a: Whitespace in query component. Use %20 in place of spaces.
1	Bad value http://del.icio.us/post?url=http://www.onlineauctionlearningcenter.com/training/7-reasons-to-sell-on-online-auction-sites-right-now/&title=7 Reasons to Sell on Online Auction Sites Right Now for attribute href on element a: Whitespace in query component. Use %20 in place of spaces.
1	Attribute confiance not allowed on element a at this point.
1	Attribute perd not allowed on element a at this point.
1	Attribute un not allowed on element a at this point.
1	Bad value http://stat3.cybermonitor.com/inrocks_v?R=[article];&S=total;[ACTU] for attribute src on element img: Illegal character in query component.
1	Attribute mythes not allowed on element a at this point.
1	Attribute an"" not allowed on element a at this point.
1	Attribute tva not allowed on element a at this point.
1	Attribute milliard not allowed on element a at this point.
1	Attribute d’euros not allowed on element a at this point.
1	"893" is not a member of a group specified for any attribute
1	Bad value http://www.facebook.com/sharer.php?u=http://www.onlineauctionlearningcenter.com/tips-tricks/wholesaling-online-auction-sites-go-hand-and-hand/&t=Wholesaling & Online Auction Sites Go Hand and Hand for attribute href on element a: Whitespace in query component. Use %20 in place of spaces.
1	<p>
        Sorry, I am unable to validate this document because on line
        <strong>7</strong>
        it contained one or more bytes that I cannot interpret as
        <code>windows-1255</code>
        (in other words, the bytes found are not valid values in the specified
        Character Encoding). Please check both the content of the file and the
        character encoding indication.
      </p>
<p>The error was: 
        cp1255 "\x9E" does not map to Unicode

      </p>
1	ID "id40722" already defined
1	Duplicate ID featured.
1	Bad value lightbox[4890] for attribute rel on element a: The string lightbox[4890] is not a registered keyword or absolute URL.
1	Bad value lightbox[4716] for attribute rel on element a: The string lightbox[4716] is not a registered keyword or absolute URL.
1	Bad value lightbox[4823] for attribute rel on element a: The string lightbox[4823] is not a registered keyword or absolute URL.
1	Bad value sr-RS-latin for attribute hreflang on element link: Bad variant subtag latin.
1	end tag for "H1" omitted, but its declaration does not permit this
1	document type does not allow element "LABEL" here
1	Bad value twitter:domain for attribute name on element meta: Keyword twitter:domain is not registered.
1	Bad value https://api.twitter.com/1/users/profile_image?screen_name=nicklevantis↩&size=bigger for attribute src on element img: Control character in query component.
1	Bad value twitter:image:src for attribute name on element meta: Keyword twitter:image:src is not registered.
1	there is no attribute "data-rowid"
1	general entity "dcpCode" not defined and no default entity
1	reference to entity "dcpCode" for which no system identifier could be generated
1	Bad value lightbox[4818] for attribute rel on element a: The string lightbox[4818] is not a registered keyword or absolute URL.
1	Bad value http://xn-- for attribute href on element a: BAD_IDN in host component.
1	general entity "使用教程" not defined and no default entity
1	reference to entity "使用教程" for which no system identifier could be generated
1	ID "avatar" already defined
1	Bad value http://digg.com/submit?phase=2&url=http://www.onlineauctionlearningcenter.com/tips-tricks/how-you-make-money-with-craigslist/&title=How You Make Money with Craigslist for attribute href on element a: Whitespace in query component. Use %20 in place of spaces.
1	ID "comment-186" already defined
1	ID "comment-187" already defined
1	general entity "使用教" not defined and no default entity
1	reference to entity "使用教" for which no system identifier could be generated
1	Garbage after </.
1	Bad value lightbox[4811] for attribute rel on element a: The string lightbox[4811] is not a registered keyword or absolute URL.
1	Bad value http://www.facebook.com/sharer.php?u=http://www.onlineauctionlearningcenter.com/tips-tricks/how-you-make-money-with-craigslist/&t=How You Make Money with Craigslist for attribute href on element a: Whitespace in query component. Use %20 in place of spaces.
1	end tag for "content" omitted, but OMITTAG NO was specified
1	element "content" undefined
1	Bad value http://del.icio.us/post?url=http://www.onlineauctionlearningcenter.com/tips-tricks/how-you-make-money-with-craigslist/&title=How You Make Money with Craigslist for attribute href on element a: Whitespace in query component. Use %20 in place of spaces.
1	Bad value http://digg.com/submit?phase=2&url=http://www.onlineauctionlearningcenter.com/training/7-reasons-to-sell-on-online-auction-sites-right-now/&title=7 Reasons to Sell on Online Auction Sites Right Now for attribute href on element a: Whitespace in query component. Use %20 in place of spaces.
1	Attribute eu not allowed on element a at this point.
1	Bad value http://share.renren.com/share/buttonshare.do?link=http://demo.guodin.com/?p=1&title=Hello world! for attribute href on element a: Whitespace in query component. Use %20 in place of spaces.
1	Bad value http://www.douban.com/recommend/?url=http://demo.guodin.com/?p=1&title=Hello world! for attribute href on element a: Whitespace in query component. Use %20 in place of spaces.
1	Bad value http://v.t.sina.com.cn/share/share.php?title=Hello world! for attribute href on element a: Whitespace in query component. Use %20 in place of spaces.
1	general entity "fvStreamURL" not defined and no default entity
1	general entity "fvMovieURL" not defined and no default entity
1	Attribute israélienne not allowed on element a at this point.
1	Attribute inspiré not allowed on element a at this point.
1	Attribute "homeland"" not allowed on element a at this point.
1	Attribute homeland" not allowed on element a at this point.
1	Attribute aussi not allowed on element a at this point.
1	Attribute bien?" not allowed on element a at this point.
1	Attribute toujours not allowed on element a at this point.
1	Attribute 2: not allowed on element a at this point.
1	there is no attribute "SCHEME"
1	Attribute saison not allowed on element a at this point.
1	general entity "fvImageURL" not defined and no default entity
1	Attribute hatufim", not allowed on element a at this point.
1	Attribute retrouvent not allowed on element a at this point.
1	Attribute pour not allowed on element a at this point.
1	Attribute se not allowed on element a at this point.
1	Attribute drive" not allowed on element a at this point.
1	ID "othersfirsturl10044" already defined
1	Bad value %20http://www.lesinrocks.com/cinema/films-a-l-affiche/gangster-squad/ for attribute href on element a: Illegal character in scheme component.
1	Attribute "only not allowed on element a at this point.
1	reference to entity "fvLink" for which no system identifier could be generated
1	Attribute forgives"" not allowed on element a at this point.
1	Duplicate ID playerArte.
1	Attribute god not allowed on element a at this point.
1	general entity "fvLinkURL" not defined and no default entity
1	general entity "fvLink" not defined and no default entity
1	reference to entity "fvLinkURL" for which no system identifier could be generated
1	Attribute pan not allowed on element a at this point.
1	Attribute am", not allowed on element a at this point.
1	Attribute victorienne" not allowed on element a at this point.
1	Attribute je not allowed on element a at this point.
1	there is no attribute "LANG"
1	Attribute l'angleterre not allowed on element a at this point.
1	Attribute dans not allowed on element a at this point.
1	Attribute histoires not allowed on element a at this point.
1	Attribute moeurs not allowed on element a at this point.
1	Attribute n'ai not allowed on element a at this point.
1	Bad value http://digg.com/submit?phase=2&url=http://www.onlineauctionlearningcenter.com/tips-tricks/online-auctions-vs-yard-salesgarage-sales/&title=Online Auctions vs. Yard Sales/Garage Sales? for attribute href on element a: Whitespace in query component. Use %20 in place of spaces.
1	Bad value http://del.icio.us/post?url=http://www.onlineauctionlearningcenter.com/tips-tricks/how-do-i-get-started-selling-on-online-auctions/&title=How Do I Get Started Selling on Online Auctions? for attribute href on element a: Whitespace in query component. Use %20 in place of spaces.
1	Bad value http://www.facebook.com/sharer.php?u=http://www.onlineauctionlearningcenter.com/tips-tricks/how-do-i-get-started-selling-on-online-auctions/&t=How Do I Get Started Selling on Online Auctions? for attribute href on element a: Whitespace in query component. Use %20 in place of spaces.
1	Bad value http://digg.com/submit?phase=2&url=http://www.onlineauctionlearningcenter.com/tips-tricks/how-do-i-get-started-selling-on-online-auctions/&title=How Do I Get Started Selling on Online Auctions? for attribute href on element a: Whitespace in query component. Use %20 in place of spaces.
1	Bad value http://www.facebook.com/sharer.php?u=http://www.onlineauctionlearningcenter.com/tips-tricks/online-auctions-vs-yard-salesgarage-sales/&t=Online Auctions vs. Yard Sales/Garage Sales? for attribute href on element a: Whitespace in query component. Use %20 in place of spaces.
1	Attribute jamais not allowed on element a at this point.
1	Bad value http://del.icio.us/post?url=http://www.onlineauctionlearningcenter.com/tips-tricks/online-auctions-vs-yard-salesgarage-sales/&title=Online Auctions vs. Yard Sales/Garage Sales? for attribute href on element a: Whitespace in query component. Use %20 in place of spaces.
1	Attribute sexe not allowed on element a at this point.
1	Attribute robinson": not allowed on element a at this point.
1	Attribute doll", not allowed on element a at this point.
1	Attribute ou not allowed on element a at this point.
1	Attribute prometteurs" not allowed on element a at this point.
1	Attribute débuts not allowed on element a at this point.
1	Attribute vintage not allowed on element a at this point.
1	Attribute aux not allowed on element a at this point.
1	Attribute le not allowed on element a at this point.
1	Attribute secret not allowed on element a at this point.
1	Attribute déchéance not allowed on element a at this point.
1	Attribute mrs not allowed on element a at this point.
1	Attribute maurier" not allowed on element a at this point.
1	Attribute du not allowed on element a at this point.
1	Attribute bisexualité not allowed on element a at this point.
1	Attribute daphné not allowed on element a at this point.
1	there is no attribute "mc:variant"
1	"mc:allowtext" is not a member of a group specified for any attribute
1	general entity "metric" not defined and no default entity
1	Attribute s not allowed on element div at this point.
1	Attribute headshot!c9bb500ab94d7d653a600d9eb2a8f366_s.jpg")' not allowed on element div at this point.
1	general entity "locCode" not defined and no default entity
1	reference to entity "locCode" for which no system identifier could be generated
1	Duplicate ID maintuses.
1	Duplicate ID author-1245805.
1	reference to entity "zipcode" for which no system identifier could be generated
1	general entity "zipcode" not defined and no default entity
1	there is no attribute "onclink"
1	ID "movie3" already defined
1	Bad value attachment wp-att-740488 for attribute rel on element a: The string attachment is not a registered keyword or absolute URL.
1	Duplicate ID author-4.
1	reference to entity "tStyle" for which no system identifier could be generated
1	general entity "tStyle" not defined and no default entity
1	Duplicate ID author-1243132.
1	ID "ERR_REQUIRED" already defined
1	Bad value distribution for attribute name on XHTML element meta: Keyword distribution is not registered.
1	Element info not allowed as child of element p in this context. (Suppressing further errors from this subtree.)
1	Bad value 2013-04-30 09:00:00 -0700 for attribute datetime on element time: The literal did not satisfy the time-datetime format.
1	<p>
        Sorry, I am unable to validate this document because on line
        <strong>20</strong>
        it contained one or more bytes that I cannot interpret as
        <code>utf-8</code>
        (in other words, the bytes found are not valid values in the specified
        Character Encoding). Please check both the content of the file and the
        character encoding indication.
      </p>
<p>The error was: 
        utf8 "\x94" does not map to Unicode

      </p>
1	<p>
        Sorry, I am unable to validate this document because on line
        <strong>7</strong>
        it contained one or more bytes that I cannot interpret as
        <code>utf-8</code>
        (in other words, the bytes found are not valid values in the specified
        Character Encoding). Please check both the content of the file and the
        character encoding indication.
      </p>
<p>The error was: 
        utf8 "\x95" does not map to Unicode

      </p>
1	<p>
        Sorry, I am unable to validate this document because on line
        <strong>19</strong>
        it contained one or more bytes that I cannot interpret as
        <code>utf-8</code>
        (in other words, the bytes found are not valid values in the specified
        Character Encoding). Please check both the content of the file and the
        character encoding indication.
      </p>
<p>The error was: 
        utf8 "\x94" does not map to Unicode

      </p>
1	Unclosed element info.
1	there is no attribute "data-sz"
1	Duplicate ID author-1244439.
1	"FIELDSET" not finished but containing element ended
1	end tag for "FIELDSET" omitted, but its declaration does not permit this
1	Duplicate ID author-1245712.
1	Element i not allowed as child of element ul in this context. (Suppressing further errors from this subtree.)
1	Duplicate ID author-1246119.
1	non SGML character number 27
1	Duplicate ID post-15001.
1	general entity "bonusID" not defined and no default entity
1	ID "lifestyle_subnav" already defined
1	Element article not allowed as child of element em in this context. (Suppressing further errors from this subtree.)
1	general entity "hnr" not defined and no default entity
1	Bad value attachment wp-att-743267 for attribute rel on element a: The string attachment is not a registered keyword or absolute URL.
1	Bad value attachment wp-att-741124 for attribute rel on element a: The string attachment is not a registered keyword or absolute URL.
1	there is no attribute "manifest"
1	Element footer not allowed as child of element em in this context. (Suppressing further errors from this subtree.)
1	<p>
        Sorry, I am unable to validate this document because on line
        <strong>1632</strong>
        it contained one or more bytes that I cannot interpret as
        <code>utf-8</code>
        (in other words, the bytes found are not valid values in the specified
        Character Encoding). Please check both the content of the file and the
        character encoding indication.
      </p>
<p>The error was: 
        utf8 "\xD0" does not map to Unicode

      </p>
1	Bad value 0290350    for attribute id on element a: An ID must not contain whitespace.
1	Bad value  for attribute id on element article: An ID must not be the empty string.
1	Stray end tag header.
1	Bad value uk_UA for attribute hreflang on element link: The language subtag uk_ua is not a valid language subtag.
1	general entity "bg" not defined and no default entity
1	general entity "sc" not defined and no default entity
1	"autofocus" is not a member of a group specified for any attribute
1	Bad value attachment wp-att-741123 for attribute rel on element a: The string attachment is not a registered keyword or absolute URL.
1	Duplicate ID cta1bar.
1	Bad value ”https://www.cpsa.co.uk/” for attribute href on element a: Illegal character in scheme component.
1	Bad value 15 May 2013 for attribute datetime on element time: The literal did not satisfy the time-datetime format.
1	Duplicate ID post-14783.
1	Duplicate ID post-14806.
1	there is no attribute "data-transition"
1	Duplicate ID field5-container.
1	Bad value May 14, 2013, 5:04 p.m. for attribute datetime on element time: The literal did not satisfy the time-datetime format.
1	Duplicate ID cm_545756.
1	Duplicate ID cm_545775.
1	ID "Ihome1_tab2" already defined
1	ID "Ihome2_tab1" already defined
1	Bad value May 4, 2013, 9:41 a.m. for attribute datetime on element time: The literal did not satisfy the time-datetime format.
1	Duplicate ID cm_545753.
1	Duplicate ID cm_545627.
1	there is no attribute "condition"
1	<p>
        Sorry, I am unable to validate this document because on line
        <strong>54</strong>
        it contained one or more bytes that I cannot interpret as
        <code>utf-8</code>
        (in other words, the bytes found are not valid values in the specified
        Character Encoding). Please check both the content of the file and the
        character encoding indication.
      </p>
<p>The error was: 
        utf8 "\xF3" does not map to Unicode

      </p>
1	Duplicate ID hocusfocus.
1	Element h4 not allowed as child of element a in this context. (Suppressing further errors from this subtree.)
1	Duplicate ID login-form.
1	Duplicate ID lesson-1.
1	Duplicate ID lesson-2.
1	<p>
        Sorry, I am unable to validate this document because on line
        <strong>650</strong>
        it contained one or more bytes that I cannot interpret as
        <code>gb2312</code>
        (in other words, the bytes found are not valid values in the specified
        Character Encoding). Please check both the content of the file and the
        character encoding indication.
      </p>
<p>The error was: 
        euc-cn "\xB3" does not map to Unicode

      </p>
1	reference to entity "embedded" for which no system identifier could be generated
1	general entity "embedded" not defined and no default entity
1	reference to entity "zoom" for which no system identifier could be generated
1	general entity "zoom" not defined and no default entity
1	Bad value http://www.seoland.net\\\\\\\" for attribute href on element a: Host component did not meet the restrictions on DNS names.
1	general entity "q1" not defined and no default entity
1	there is no attribute "data-show-border"
1	reference to entity "q1" for which no system identifier could be generated
1	Duplicate ID lesson-3.
1	End tag i violates nesting rules.
1	reference to entity "g.eventName" for which no system identifier could be generated
1	general entity "g.eventName" not defined and no default entity
1	there is no attribute "aria-live"
1	there is no attribute "aria-label"
1	there is no attribute "wuid"
1	duplicate attribute (found xmlns:fb)
1	reference to entity "p.splice" for which no system identifier could be generated
1	general entity "p.splice" not defined and no default entity
1	there is no attribute "if"
1	Bad value text  for attribute type on element input.
1	Stray end tag figcaption.
1	Attribute form not allowed on element form at this point.
1	Duplicate ID mobileHeader.
1	Stray end tag blockqoute.
1	reference to entity "lon" for which no system identifier could be generated
1	general entity "lon" not defined and no default entity
1	Opening and ending tag mismatch: body line 32 and center
1	Opening and ending tag mismatch: center line 34 and div
1	Opening and ending tag mismatch: div line 156 and p
1	Opening and ending tag mismatch: html line 4 and body
1	<p>
        Sorry, I am unable to validate this document because on line
        <strong>104</strong>
        it contained one or more bytes that I cannot interpret as
        <code>utf-8</code>
        (in other words, the bytes found are not valid values in the specified
        Character Encoding). Please check both the content of the file and the
        character encoding indication.
      </p>
<p>The error was: 
        utf8 "\x92" does not map to Unicode

      </p>
1	Attribute <div not allowed on element div at this point.
1	element "imhg" undefined
1	Opening and ending tag mismatch: p line 194 and a
1	Couldn't find end of Start Tag a line 195
1	ID "UserIndexForm" already defined
1	there is no attribute "text_exposed"
1	ID "id14001" already defined
1	there is no attribute "reload"
1	there is no attribute "c"
1	document type does not allow element "object" here
1	value of attribute "align" cannot be "LEFT"; must be one of "left", "center", "right", "justify"
1	there is no attribute "data-map-height"
1	general entity "CO" not defined and no default entity
1	general entity "Williams" not defined and no default entity
1	Attribute autosave not allowed on element input at this point.
1	Bad character @ after <. Probable cause: Unescaped <. Try escaping it as &lt;.
1	reference to entity "lat" for which no system identifier could be generated
1	general entity "lat" not defined and no default entity
1	<!DOCTYPE html PUBLIC "-//W3C//DTD HTML 4.0 Transitional//ES" "">
1	ID "id9896" already defined
1	there is no attribute "data-map-skin"
1	there is no attribute "data-map-width"
1	there is no attribute "data-map-iframe-url"
1	Duplicate ID options.
1	<p>
        Sorry, I am unable to validate this document because on line
        <strong>756</strong>
        it contained one or more bytes that I cannot interpret as
        <code>utf-8</code>
        (in other words, the bytes found are not valid values in the specified
        Character Encoding). Please check both the content of the file and the
        character encoding indication.
      </p>
<p>The error was: 
        utf8 "\xC3" does not map to Unicode

      </p>
1	Attribute data not allowed on element a at this point.
1	Element section not allowed as child of element strong in this context. (Suppressing further errors from this subtree.)
1	there is no attribute "ROWS"
1	Duplicate ID CouleursVersoF1.
1	Bad value language for attribute name on XHTML element meta: Keyword language is not registered.
1	The element h3 must not appear as a descendant of the th element.
1	Duplicate ID loadingImage.
1	Duplicate ID submit_fieldset.
1	Duplicate ID fullname.
1	Duplicate ID email_fieldset.
1	Attribute [^] not allowed on element div at this point.
1	Attribute [^] not allowed on element a at this point.
1	Duplicate ID entry-2342.
1	Bad value stripe-key for attribute name on element meta: Keyword stripe-key is not registered.
1	Duplicate ID entry-2348.
1	Duplicate ID entry-2336.
1	Attribute [^] not allowed on element img at this point.
1	Attribute scroll not allowed on element iframe at this point.
1	Duplicate ID fullname_fieldset.
1	Duplicate ID comment-form.
1	"144" is not a member of a group specified for any attribute
1	"168" is not a member of a group specified for any attribute
1	"155" is not a member of a group specified for any attribute
1	end tag for element "CONTACT" which is not open
1	end tag for element "EMAIL" which is not open
1	end tag for element "PASSWORD" which is not open
1	"157" is not a member of a group specified for any attribute
1	"149" is not a member of a group specified for any attribute
1	Bad value http://fonts.googleapis.com/css?family=Fjalla One for attribute href on element link: Whitespace in query component. Use %20 in place of spaces.
1	Bad value http://fonts.googleapis.com/css?family=Open Sans Condensed:300 for attribute href on element link: Whitespace in query component. Use %20 in place of spaces.
1	Bad value http://fonts.googleapis.com/css?family=Titillium Web:400,300 for attribute href on element link: Whitespace in query component. Use %20 in place of spaces.
1	<!DOCTYPE html PUBLIC "-//W3C//DTD XHTML 1.0 Transitional//ES" "http://www.w3.org/TR/xhtml1/DTD/xhtml1-transitional.dtd">
1	XHTML element section not allowed as child of XHTML element img in this context. (Suppressing further errors from this subtree.)
1	Attribute target not allowed on element i at this point.
1	Attribute ng-class not allowed on element body at this point.
1	Attribute ng-cloak not allowed on element body at this point.
1	Attribute shopid not allowed on element div at this point.
1	Attribute pageid not allowed on element div at this point.
1	Attribute isnew not allowed on element div at this point.
1	Attribute pagetype not allowed on element div at this point.
1	Attribute hidefocus not allowed on element span at this point.
1	Bad value microscope-data for attribute name on element meta: Keyword microscope-data is not registered.
1	Duplicate ID J_TokenField.
1	The hash-name reference in attribute usemap referred to DongTaiMap294-2, but there is no map element with a name attribute with that value.
1	element "document.images.length" undefined
1	there is no attribute "offset"
1	there is no attribute "mc:label"
1	general entity "check" not defined and no default entity
1	ID "top-pro-content" already defined
1	end tag for "document.images.length" omitted, but OMITTAG NO was specified
1	there is no attribute "storager"
1	Attribute ng-hide not allowed on element footer at this point.
1	Attribute ng-show not allowed on element p at this point.
1	Attribute relates not allowed on element link at this point.
1	Attribute ng-show not allowed on element ul at this point.
1	Attribute valid8 not allowed on element form at this point.
1	Bad value  for attribute method on element form.
1	Element ng-view not allowed as child of element body in this context. (Suppressing further errors from this subtree.)
1	Attribute ng-controller not allowed on element div at this point.
1	Attribute url-with-protocol not allowed on element input at this point.
1	Attribute ng-click not allowed on element button at this point.
1	Bad value yamm for attribute name on element meta: Keyword yamm is not registered.
1	Attribute ng-disabled not allowed on element button at this point.
1	Attribute relates not allowed on element style at this point.
1	Duplicate ID tab-blogs.
1	Duplicate ID tab-translate.
1	Duplicate ID tab-music.
1	end tag for "nav1.length" omitted, but OMITTAG NO was specified
1	element "nav1.length" undefined
1	general entity "sw" not defined and no default entity
1	Bad value mailto:info@liondev.com .mx for attribute href on element a: Whitespace in path component. Use %20 in place of spaces.
1	Attribute template not allowed on element meta at this point.
1	reference to entity "categoryNames" for which no system identifier could be generated
1	reference to entity "sw" for which no system identifier could be generated
1	reference to entity "sh" for which no system identifier could be generated
1	general entity "sh" not defined and no default entity
1	Attribute coming not allowed on element meta at this point.
1	document type does not allow element "u" here
1	Attribute studio not allowed on element meta at this point.
1	Attribute vivrocks not allowed on element meta at this point.
1	Attribute webresourcesdepot.com not allowed on element meta at this point.
1	Attribute designed not allowed on element meta at this point.
1	required character (found p) (expected i)
1	Attribute soon" not allowed on element meta at this point.
1	there is no attribute "ahref"
1	ID "paginacion" already defined
1	general entity "ud" not defined and no default entity
1	reference to entity "ud" for which no system identifier could be generated
1	reference to entity "access" for which no system identifier could be generated
1	general entity "access" not defined and no default entity
1	element "FRAMESET" undefined
1	"NORESIZE" is not a member of a group specified for any attribute
1	general entity "proxystylesheet" not defined and no default entity
1	reference to entity "proxystylesheet" for which no system identifier could be generated
1	general entity "categoryNames" not defined and no default entity
1	there is no attribute "onKeyPress"
1	reference to entity "proxycustom" for which no system identifier could be generated
1	general entity "proxycustom" not defined and no default entity
1	general entity "ip" not defined and no default entity
1	reference to entity "ip" for which no system identifier could be generated
1	Bad value images/Logo Graficos-04.png for attribute src on element img: Whitespace in path component. Use %20 in place of spaces.
1	The rev attribute on the a element is obsolete. Use the rel attribute instead, with a term having the opposite meaning.
1	general entity "errorViewName" not defined and no default entity
1	general entity "catEntryId" not defined and no default entity
1	general entity "quantity" not defined and no default entity
1	<p>
        Sorry, I am unable to validate this document because on line
        <strong>53</strong>
        it contained one or more bytes that I cannot interpret as
        <code>utf-8</code>
        (in other words, the bytes found are not valid values in the specified
        Character Encoding). Please check both the content of the file and the
        character encoding indication.
      </p>
<p>The error was: 
        utf8 "\x92" does not map to Unicode

      </p>
1	reference to entity "BuyURL" for which no system identifier could be generated
1	reference to entity "TrialURL" for which no system identifier could be generated
1	general entity "BuyURL" not defined and no default entity
1	general entity "wlsource" not defined and no default entity
1	reference to entity "wlsource" for which no system identifier could be generated
1	Redirect loop detected
1	there is no attribute "data-spic"
1	there is no attribute "subtype"
1	Stray start tag style.
1	there is no attribute "data-reveal-id"
1	Bad value swift-page-name for attribute name on element meta: Keyword swift-page-name is not registered.
1	general entity "TrialURL" not defined and no default entity
1	reference to entity "EmailID" for which no system identifier could be generated
1	character "！" is not allowed in the value of attribute "name"
1	general entity "CompanyName" not defined and no default entity
1	reference to entity "msppid" for which no system identifier could be generated
1	general entity "msppid" not defined and no default entity
1	Element hr not allowed as child of element small in this context. (Suppressing further errors from this subtree.)
1	there is no attribute "lowsrc"
1	reference to entity "CompanyName" for which no system identifier could be generated
1	general entity "AddressLine1" not defined and no default entity
1	reference to entity "CompanyURL" for which no system identifier could be generated
1	general entity "EmailID" not defined and no default entity
1	general entity "CompanyURL" not defined and no default entity
1	reference to entity "CompanyPhoneNumber" for which no system identifier could be generated
1	reference to entity "AddressLine1" for which no system identifier could be generated
1	general entity "CompanyPhoneNumber" not defined and no default entity
1	Bad value CONTACT_ADDR for attribute name on element meta: Keyword contact_addr is not registered.
1	The align attribute on the h1 element is obsolete. Use CSS instead.
1	Stray end tag code.
1	Element code" not allowed as child of element p in this context. (Suppressing further errors from this subtree.)
1	Bad value http://at&t/ for attribute href on element a: Host component did not meet the restrictions on DNS names.
1	Unclosed element code".
1	Stray end tag pre.
1	Bad value 2012-09-06T16:17 for attribute datetime on element ins: The literal did not satisfy the date format. The literal did not satisfy the datetime with timezone format.
1	Attribute align not allowed on element blockquote at this point.
1	Bad value http://findingcoins.com/<br />↩ for attribute href on element a: Whitespace in path component. Use %20 in place of spaces.
1	Attribute Лилия"" not allowed on element img at this point.
1	Bad value http://onebag.tk/?p=49&iframe=true&width=770&height=100% for attribute href on element a: Query component contains a percent sign that is not followed by two hexadecimal digits.
1	Bad value This case also highlights precisely why you should never use dofollow blog lists. for attribute cite on element blockquote: Whitespace in path component. Use %20 in place of spaces.
1	Bad value  for attribute rel on element a: The string Интерьерная is not a registered keyword or absolute URL.
1	Bad value  for attribute cite on element blockquote: Whitespace in path component. Use %20 in place of spaces.
1	Attribute src not allowed on element a at this point.
1	Attribute <img not allowed on element a at this point.
1	Bad value http://www.buzzfeed.com/jwherrman/the-new-most-popular-tweet-of-all-time? utm_campaign=socialflow&utm_source=twitter&utm_medium=buzzfeed for attribute href on element a: Whitespace in query component. Use %20 in place of spaces.
1	Element img[^ not allowed as child of element p in this context. (Suppressing further errors from this subtree.)
1	reference to entity "B-Rock" for which no system identifier could be generated
1	general entity "TTE" not defined and no default entity
1	general entity "B-Rock" not defined and no default entity
1	general entity "Go." not defined and no default entity
1	Unclosed element ol.
1	Element h4 not allowed as child of element ol in this context. (Suppressing further errors from this subtree.)
1	reference to entity "TTE" for which no system identifier could be generated
1	general entity "vidéo" not defined and no default entity
1	there is no attribute "menuid"
1	Duplicate ID obj_1366955199.
1	reference to entity "dopost" for which no system identifier could be generated
1	general entity "dopost" not defined and no default entity
1	reference to entity "vidéo" for which no system identifier could be generated
1	ID "ficheCabasseMt31Socoa" already defined
1	Bad character & after <. Probable cause: Unescaped <. Try escaping it as &lt;.
1	Bad value http://onebag.tk/?p=48&iframe=true&width=770&height=100% for attribute href on element a: Query component contains a percent sign that is not followed by two hexadecimal digits.
1	general entity "Array.isArray" not defined and no default entity
1	general entity "S" not defined and no default entity
1	general entity "S--" not defined and no default entity
1	general entity "scaleafter" not defined and no default entity
1	Bad value http://www.energebikes.com.. for attribute href on element a: Host component did not meet the restrictions on DNS names.
1	Element this.doclinks.length; not allowed as child of element code in this context. (Suppressing further errors from this subtree.)
1	general entity "backgroundcolor" not defined and no default entity
1	reference to entity "S--" for which no system identifier could be generated
1	general entity "aI.is" not defined and no default entity
1	Bad value Craig Killick for attribute cite on element blockquote: Whitespace in path component. Use %20 in place of spaces.
1	Unclosed element jennivazz@gmail.com.
1	Bad value  for attribute cite on element blockquote: Control character in path component.
1	Forbidden code point U+0097.
1	general entity "E--" not defined and no default entity
1	general entity "bH" not defined and no default entity
1	general entity "antialias" not defined and no default entity
1	reference to entity "fontsize" for which no system identifier could be generated
1	Bad value /~/media/QEOP/Images/Blocks/Venue Block/venue_orbit_PNG.ashx for attribute src on element img: Whitespace in path component. Use %20 in place of spaces.
1	Bad value /~/media/QEOP/Images/Blocks/Headline Image Block/Blue/EventBlockImage_PNGGeneralImages1.ashx for attribute src on element img: Whitespace in path component. Use %20 in place of spaces.
1	Bad value /~/media/QEOP/Images/Blocks/Headline Hero Image Block/Blue/EventBlockImagePNGHockeyTennis2.ashx for attribute src on element img: Whitespace in path component. Use %20 in place of spaces.
1	Bad value http://onebag.tk/?p=1&iframe=true&width=770&height=100% for attribute href on element a: Query component contains a percent sign that is not followed by two hexadecimal digits.
1	Bad value http://onebag.tk/?p=47&iframe=true&width=770&height=100% for attribute href on element a: Query component contains a percent sign that is not followed by two hexadecimal digits.
1	Bad value http://onebag.tk/?p=45&iframe=true&width=770&height=100% for attribute href on element a: Query component contains a percent sign that is not followed by two hexadecimal digits.
1	Bad value /~/media/QEOP/Images/Blocks/Venue Block/venue_copperbox_PNG.ashx for attribute src on element img: Whitespace in path component. Use %20 in place of spaces.
1	Bad value /~/media/QEOP/Images/Blocks/Infographic Block/OrbitInfographic.ashx for attribute src on element img: Whitespace in path component. Use %20 in place of spaces.
1	Bad value dr-netradio-launch nofollow for attribute rel on element a: The string dr-netradio-launch is not a registered keyword or absolute URL.
1	general entity "fontsize" not defined and no default entity
1	Stray end tag h1.
1	there is no attribute "SCROLLAMOUNT"
1	Bad value /~/media/QEOP/Images/Blocks/Headline Image Block/Blue/EventBlockImage_JPEG_Cycling.ashx for attribute src on element img: Whitespace in path component. Use %20 in place of spaces.
1	there is no attribute "DIRECTION"
1	general entity "play" not defined and no default entity
1	end tag for "Conception" omitted, but OMITTAG NO was specified
1	ID "topNavigation" already defined
1	Duplicate ID map.
1	general entity "shop_id" not defined and no default entity
1	element "fb:activity" undefined
1	there is no attribute "recommendations"
1	Bad value April 07, 2013 for attribute datetime on element time: The literal did not satisfy the time-datetime format.
1	element "ui:composition" undefined
1	ID "box_recommend" already defined
1	general entity "Conversion" not defined and no default entity
1	general entity "likesandcomments" not defined and no default entity
1	reference to entity "likesandcomments" for which no system identifier could be generated
1	reference to entity "imageurl" for which no system identifier could be generated
1	general entity "imageurl" not defined and no default entity
1	reference to entity "Conversion" for which no system identifier could be generated
1	general entity "info" not defined and no default entity
1	Bad value April 21, 2013 for attribute datetime on element time: The literal did not satisfy the time-datetime format.
1	Bad value May 09, 2013 for attribute datetime on element time: The literal did not satisfy the time-datetime format.
1	reference to entity "l.attributes" for which no system identifier could be generated
1	general entity "longUrl" not defined and no default entity
1	general entity "l.attributes" not defined and no default entity
1	reference to entity "shop_id" for which no system identifier could be generated
1	Bad value map for attribute role on element aside.
1	"sudo" is not a member of a group specified for any attribute
1	reference to entity "longUrl" for which no system identifier could be generated
1	general entity "version" not defined and no default entity
1	reference to entity "wptouch_redirect" for which no system identifier could be generated
1	end tag for element "php" which is not open
1	general entity "wptouch_redirect" not defined and no default entity
1	reference to entity "wptouch_redirect_nonce" for which no system identifier could be generated
1	reference to entity "version" for which no system identifier could be generated
1	general entity "wptouch_redirect_nonce" not defined and no default entity
1	general entity "thumbsize" not defined and no default entity
1	general entity "csid" not defined and no default entity
1	Bad value http://www.facebook.com/sharer.php?u=http://www.yourlocalpaper.co.uk/sport/champion-display-doubles-lynns-top-flight-total/&t=Champion display doubles Lynn’s top-flight total for attribute href on element a: Whitespace in query component. Use %20 in place of spaces.
1	Bad value http://www.facebook.com/sharer.php?u=http://www.yourlocalpaper.co.uk/sport/reserves-pay-off-in-fine-style/&t=Reserves pay off in fine style for attribute href on element a: Whitespace in query component. Use %20 in place of spaces.
1	there is no attribute "jotid"
1	Bad value http://www.facebook.com/sharer.php?u=http://www.yourlocalpaper.co.uk/sport/great-scott-strikes-win/&t=Great Scott strikes win for attribute href on element a: Whitespace in query component. Use %20 in place of spaces.
1	Bad value http://www.facebook.com/sharer.php?u=http://www.yourlocalpaper.co.uk/sport/race-to-victory-for-spivs/&t=Race to victory for Spivs for attribute href on element a: Whitespace in query component. Use %20 in place of spaces.
1	Bad value http://www.facebook.com/sharer.php?u=http://www.yourlocalpaper.co.uk/sport/terrington-and-maltings-celebrate/&t=Terrington and Maltings celebrate for attribute href on element a: Whitespace in query component. Use %20 in place of spaces.
1	Bad value http://www.facebook.com/sharer.php?u=http://www.yourlocalpaper.co.uk/sport/linnets-on-brink-of-glory/&t=Linnets on brink of glory for attribute href on element a: Whitespace in query component. Use %20 in place of spaces.
1	Element menuitem not allowed as child of element menu in this context. (Suppressing further errors from this subtree.)
1	Attribute icon not allowed on element menu at this point.
1	Duplicate ID __sse7938157.
1	element "Conception" undefined
1	reference to entity "USB" for which no system identifier could be generated
1	Bad value mailto: careers@branded3.com for attribute href on element a: Whitespace in path component. Use %20 in place of spaces.
1	general entity "USB" not defined and no default entity
1	ID "mod-search-searchword" already defined
1	Bad value http://www.facebook.com/sharer.php?u=http://www.yourlocalpaper.co.uk/sport/seal-delivers/&t=Seal delivers for attribute href on element a: Whitespace in query component. Use %20 in place of spaces.
1	Bad value http://www.facebook.com/sharer.php?u=http://www.yourlocalpaper.co.uk/sport/double-defeat-for-downham/&t=Double defeat for Downham for attribute href on element a: Whitespace in query component. Use %20 in place of spaces.
1	general entity "sso" not defined and no default entity
1	reference to entity "easy" for which no system identifier could be generated
1	reference to entity "sso" for which no system identifier could be generated
1	general entity "cbid" not defined and no default entity
1	reference to entity "thumbsize" for which no system identifier could be generated
1	Unauthorized ( The server requires authorization to fulfill the request. Access to the Web server is denied. Contact the server administrator.  )
1	general entity "easy" not defined and no default entity
1	reference to entity "sso_url" for which no system identifier could be generated
1	general entity "ut" not defined and no default entity
1	Bad value http://www.facebook.com/sharer.php?u=http://www.yourlocalpaper.co.uk/sport/cup-hopes-end/&t=Cup hopes end for attribute href on element a: Whitespace in query component. Use %20 in place of spaces.
1	general entity "at" not defined and no default entity
1	general entity "re" not defined and no default entity
1	general entity "sso_url" not defined and no default entity
1	general entity "cn" not defined and no default entity
1	general entity "bI" not defined and no default entity
1	Element jennivazz@gmail.com not allowed as child of element p in this context. (Suppressing further errors from this subtree.)
1	reference to entity "aI.unmousemove" for which no system identifier could be generated
1	general entity "bY" not defined and no default entity
1	reference to entity "bY" for which no system identifier could be generated
1	general entity "aI.unmousemove" not defined and no default entity
1	reference to entity "a8.splice" for which no system identifier could be generated
1	reference to entity "a8" for which no system identifier could be generated
1	general entity "a8.splice" not defined and no default entity
1	general entity "clearTimeout" not defined and no default entity
1	reference to entity "clearTimeout" for which no system identifier could be generated
1	element "bX" undefined
1	general entity "bH._run.call" not defined and no default entity
1	general entity "bH.rotate" not defined and no default entity
1	element "X" undefined
1	general entity "bM" not defined and no default entity
1	reference to entity "bM" for which no system identifier could be generated
1	Forbidden code point U+008d.
1	general entity "a8" not defined and no default entity
1	general entity "bq" not defined and no default entity
1	general entity "bJ.targetTouches.length" not defined and no default entity
1	reference to entity "U" for which no system identifier could be generated
1	general entity "U" not defined and no default entity
1	reference to entity "aa.namespaces.add" for which no system identifier could be generated
1	element "rvml:" undefined
1	reference to entity "bJ.targetTouches.length" for which no system identifier could be generated
1	general entity "b.move.call" not defined and no default entity
1	general entity "aI.mousemove" not defined and no default entity
1	reference to entity "aI.mousemove" for which no system identifier could be generated
1	general entity "R.call" not defined and no default entity
1	reference to entity "b.end.call" for which no system identifier could be generated
1	reference to entity "b.move.call" for which no system identifier could be generated
1	general entity "b.end.call" not defined and no default entity
1	reference to entity "bH._run.call" for which no system identifier could be generated
1	general entity "bH.translate" not defined and no default entity
1	reference to entity "X.splice" for which no system identifier could be generated
1	general entity "this.timeouts.length" not defined and no default entity
1	reference to entity "this.timeouts.length" for which no system identifier could be generated
1	general entity "X.splice" not defined and no default entity
1	element "X.length" undefined
1	general entity "bV" not defined and no default entity
1	reference to entity "bV" for which no system identifier could be generated
1	element "ii" undefined
1	general entity "bI.call" not defined and no default entity
1	reference to entity "S.face" for which no system identifier could be generated
1	general entity "bI.glyphs" not defined and no default entity
1	general entity "S.face" not defined and no default entity
1	reference to entity "this.items" for which no system identifier could be generated
1	reference to entity "bI.call" for which no system identifier could be generated
1	general entity "this.items" not defined and no default entity
1	reference to entity "bf.test" for which no system identifier could be generated
1	general entity "bf.test" not defined and no default entity
1	reference to entity "bH.paper.safari" for which no system identifier could be generated
1	general entity "setTimeout" not defined and no default entity
1	general entity "bH.paper.safari" not defined and no default entity
1	reference to entity "bH.paper" for which no system identifier could be generated
1	reference to entity "bH.translate" for which no system identifier could be generated
1	general entity "bH.paper" not defined and no default entity
1	general entity "i.call" not defined and no default entity
1	reference to entity "i.call" for which no system identifier could be generated
1	general entity "bJ" not defined and no default entity
1	reference to entity "bJ" for which no system identifier could be generated
1	element "bZ" undefined
1	element "bU" undefined
1	general entity "i.constructor" not defined and no default entity
1	reference to entity "i.constructor" for which no system identifier could be generated
1	general entity "aa.namespaces.add" not defined and no default entity
1	reference to entity "this.Group.parentNode" for which no system identifier could be generated
1	general entity "ab" not defined and no default entity
1	general entity "bh" not defined and no default entity
1	element "bH.y" undefined
1	general entity "bN.type" not defined and no default entity
1	reference to entity "bV.parentNode.removeChild" for which no system identifier could be generated
1	reference to entity "bN.clip.parentNode.parentNode.removeChild" for which no system identifier could be generated
1	general entity "bV.parentNode.removeChild" not defined and no default entity
1	general entity "this.hide" not defined and no default entity
1	reference to entity "this.hide" for which no system identifier could be generated
1	general entity "al" not defined and no default entity
1	general entity "d.canvas" not defined and no default entity
1	general entity "this.attrs.gradient" not defined and no default entity
1	general entity "this.attrs.fill" not defined and no default entity
1	general entity "bI.fill" not defined and no default entity
1	reference to entity "bI.fill" for which no system identifier could be generated
1	general entity "bN.clip.parentNode.parentNode.removeChild" not defined and no default entity
1	general entity "bP" not defined and no default entity
1	general entity "bU" not defined and no default entity
1	reference to entity "bU" for which no system identifier could be generated
1	general entity "bT" not defined and no default entity
1	general entity "bL" not defined and no default entity
1	reference to entity "bI" for which no system identifier could be generated
1	element "b0" undefined
1	general entity "bO" not defined and no default entity
1	general entity "i.canvas" not defined and no default entity
1	general entity "bN.rotate" not defined and no default entity
1	Bad value http://(www.ryandesignstudio.com) for attribute href on element a: Host component did not meet the restrictions on DNS names.
1	Bad value ...BlogStorm is likely to attract links from<br />↩webmaster forums and people who blog about blogging or internet<br />↩marketing related topics but is very unlikely to get a link from the BBC... for attribute cite on element blockquote: Control character in path component.
1	reference to entity "b.defs.removeChild" for which no system identifier could be generated
1	reference to entity "i.canvas" for which no system identifier could be generated
1	general entity "b.defs.removeChild" not defined and no default entity
1	general entity "e.canvas" not defined and no default entity
1	general entity "i.container" not defined and no default entity
1	general entity "this.shape.style" not defined and no default entity
1	reference to entity "this.shape.style" for which no system identifier could be generated
1	general entity "this.shape.parentNode.removeChild" not defined and no default entity
1	element "bJ" undefined
1	reference to entity "b.appendChild" for which no system identifier could be generated
1	end tag for element "g" which is not open
1	general entity "b.appendChild" not defined and no default entity
1	reference to entity "this.shape.parentNode.removeChild" for which no system identifier could be generated
1	general entity "S.fill" not defined and no default entity
1	reference to entity "this.setBox" for which no system identifier could be generated
1	general entity "this.Group.parentNode" not defined and no default entity
1	general entity "this.setBox" not defined and no default entity
1	reference to entity "this.type" for which no system identifier could be generated
1	reference to entity "S.fill" for which no system identifier could be generated
1	general entity "this.type" not defined and no default entity
1	general entity "bK" not defined and no default entity
1	general entity "bQ.stroke" not defined and no default entity
1	general entity "bJ.blur" not defined and no default entity
1	reference to entity "bJ.blur" for which no system identifier could be generated
1	general entity "bJ.type" not defined and no default entity
1	reference to entity "this.canvas.parentNode.removeChild" for which no system identifier could be generated
1	reference to entity "i.container" for which no system identifier could be generated
1	general entity "this.canvas.parentNode.removeChild" not defined and no default entity
1	general entity "bQ.src" not defined and no default entity
1	reference to entity "bQ.src" for which no system identifier could be generated
1	reference to entity "bQ.fill" for which no system identifier could be generated
1	general entity "bN" not defined and no default entity
1	general entity "bQ.fill" not defined and no default entity
1	general entity "bN.getElementsByTagName" not defined and no default entity
1	general entity "bQ.opacity" not defined and no default entity
1	reference to entity "bQ.opacity" for which no system identifier could be generated
1	Bad value newsletter for attribute role on element nav.
1	Bad value image for attribute role on element aside.
1	Bad value attachment wp-att-2042 for attribute rel on element a: The string attachment is not a registered keyword or absolute URL.
1	Bad value attachment wp-att-2050 for attribute rel on element a: The string attachment is not a registered keyword or absolute URL.
1	Bad value attachment wp-att-2040 for attribute rel on element a: The string attachment is not a registered keyword or absolute URL.
1	Bad value attachment wp-att-2044 for attribute rel on element a: The string attachment is not a registered keyword or absolute URL.
1	Bad value attachment wp-att-2045 for attribute rel on element a: The string attachment is not a registered keyword or absolute URL.
1	Bad value http://twitter.com/?status=No Pasaran : La bande-dessinée%20http://wp.me/pzLrI-wf%20via @nithou for attribute href on element a: Whitespace in query component. Use %20 in place of spaces.
1	Bad value attachment wp-att-2048 for attribute rel on element a: The string attachment is not a registered keyword or absolute URL.
1	Bad value attachment wp-att-2039 for attribute rel on element a: The string attachment is not a registered keyword or absolute URL.
1	Bad value attachment wp-att-2031 for attribute rel on element a: The string attachment is not a registered keyword or absolute URL.
1	Bad value http://www.facebook.com/sharer.php?u=http://www.nithou.net/billets/vieduweb/reseaux-sociaux-et-vie-privee&t=Réseaux sociaux et vie privée for attribute href on element a: Whitespace in query component. Use %20 in place of spaces.
1	Bad value http://twitter.com/?status=Réseaux sociaux et vie privée%20http://wp.me/pzLrI-vC%20via @nithou for attribute href on element a: Whitespace in query component. Use %20 in place of spaces.
1	Bad value http://www.linkedin.com/shareArticle?mini=true&url=http://www.nithou.net/billets/vieduweb/reseaux-sociaux-et-vie-privee&title=Réseaux sociaux et vie privée for attribute href on element a: Whitespace in query component. Use %20 in place of spaces.
1	Bad value http://twitter.com/?status=Google Reader : le roi est mort vive le roi%20http://wp.me/pzLrI-wD%20via @nithou for attribute href on element a: Whitespace in query component. Use %20 in place of spaces.
1	Bad value http://www.linkedin.com/shareArticle?mini=true&url=http://www.nithou.net/billets/vieduweb/google-reader-le-roi-est-mort-vive-le-roi&title=Google Reader : le roi est mort vive le roi for attribute href on element a: Whitespace in query component. Use %20 in place of spaces.
1	Bad value http://www.facebook.com/sharer.php?u=http://www.nithou.net/billets/vieduweb/google-reader-le-roi-est-mort-vive-le-roi&t=Google Reader : le roi est mort vive le roi for attribute href on element a: Whitespace in query component. Use %20 in place of spaces.
1	Bad value http://www.facebook.com/sharer.php?u=http://www.nithou.net/billets/critiques/livresetbd/no-pasaran-le-jeu&t=No Pasaran : La bande-dessinée for attribute href on element a: Whitespace in query component. Use %20 in place of spaces.
1	Bad value http://www.linkedin.com/shareArticle?mini=true&url=http://www.nithou.net/billets/critiques/livresetbd/no-pasaran-le-jeu&title=No Pasaran : La bande-dessinée for attribute href on element a: Whitespace in query component. Use %20 in place of spaces.
1	Bad value http://firmen.wko.at/Web/DetailsKontakt.aspx?FirmaID=335c1855-ae25-45c5-↩bb9a-88826bbd49a1&StandortID=28&StandortName=1180&Suchbegriff=ing.+Günther↩+schranz&Page=1 for attribute href on element a: Control character in query component.
1	Duplicate ID additional.
1	Bad value attachment wp-att-219 for attribute rel on element a: The string attachment is not a registered keyword or absolute URL.
1	Bad value attachment wp-att-221 for attribute rel on element a: The string attachment is not a registered keyword or absolute URL.
1	Bad value attachment wp-att-223 for attribute rel on element a: The string attachment is not a registered keyword or absolute URL.
1	Bad value attachment wp-att-222 for attribute rel on element a: The string attachment is not a registered keyword or absolute URL.
1	there is no attribute "DATA-PREVIEW"
1	document type does not allow element "script" here; assuming missing "head" start-tag
1	general entity "newId" not defined and no default entity
1	Bad value attachment wp-att-2001 for attribute rel on element a: The string attachment is not a registered keyword or absolute URL.
1	general entity "gameId" not defined and no default entity
1	general entity "gameid" not defined and no default entity
1	there is no attribute "spellcheck"
1	end tag for element "boucle_news" which is not open
1	Bad value attachment wp-att-1879 for attribute rel on element a: The string attachment is not a registered keyword or absolute URL.
1	Bad value attachment wp-att-1878 for attribute rel on element a: The string attachment is not a registered keyword or absolute URL.
1	Attribute abomination not allowed on element meta at this point.
1	Attribute une not allowed on element meta at this point.
1	Attribute ainsi not allowed on element meta at this point.
1	there is no attribute "data-description"
1	Attribute nom, not allowed on element meta at this point.
1	there is no attribute "data-image-url"
1	Attribute et not allowed on element meta at this point.
1	Attribute est not allowed on element meta at this point.
1	Attribute sans not allowed on element meta at this point.
1	Duplicate attribute que.
1	Duplicate attribute sans.
1	Attribute communément not allowed on element meta at this point.
1	Attribute admis" not allowed on element meta at this point.
1	Attribute comic not allowed on element meta at this point.
1	Attribute que not allowed on element meta at this point.
1	there is no attribute "data-product-models"
1	there is no attribute "data-product-id"
1	Bad value http://twitter.com/?status=Black Mirror : intrigante série%20http://wp.me/pzLrI-ug%20via @nithou for attribute href on element a: Whitespace in query component. Use %20 in place of spaces.
1	Bad value http://www.linkedin.com/shareArticle?mini=true&url=http://www.nithou.net/promoted/le-monde-fantastique-doz&title=Le monde fantastique d’Oz for attribute href on element a: Whitespace in query component. Use %20 in place of spaces.
1	Bad value http://www.facebook.com/sharer.php?u=http://www.nithou.net/billets/critiques/filmsetseries/black-mirror-intrigante-serie&t=Black Mirror : intrigante série for attribute href on element a: Whitespace in query component. Use %20 in place of spaces.
1	there is no attribute "data-domain"
1	Bad value http://www.linkedin.com/shareArticle?mini=true&url=http://www.nithou.net/billets/critiques/filmsetseries/black-mirror-intrigante-serie&title=Black Mirror : intrigante série for attribute href on element a: Whitespace in query component. Use %20 in place of spaces.
1	there is no attribute "data-appkey"
1	Bad value http://www.facebook.com/sharer.php?u=http://www.nithou.net/promoted/le-monde-fantastique-doz&t=Le monde fantastique d’Oz for attribute href on element a: Whitespace in query component. Use %20 in place of spaces.
1	Bad value http://twitter.com/?status=Le monde fantastique d’Oz%20http://wp.me/pzLrI-x9%20via @nithou for attribute href on element a: Whitespace in query component. Use %20 in place of spaces.
1	Attribute auteur not allowed on element meta at this point.
1	Attribute son not allowed on element meta at this point.
1	Attribute [...]" not allowed on element meta at this point.
1	Bad value http://twitter.com/?status=Comic Sans, c’est hype%20http://wp.me/pzLrI-xm%20via @nithou for attribute href on element a: Whitespace in query component. Use %20 in place of spaces.
1	Bad value http://www.linkedin.com/shareArticle?mini=true&url=http://www.nithou.net/billets/vieduweb/comic-sans-cest-hype&title=Comic Sans, c’est hype for attribute href on element a: Whitespace in query component. Use %20 in place of spaces.
1	Bad value http://www.facebook.com/sharer.php?u=http://www.nithou.net/billets/vieduweb/comic-sans-cest-hype&t=Comic Sans, c’est hype for attribute href on element a: Whitespace in query component. Use %20 in place of spaces.
1	Bad value attachment wp-att-218 for attribute rel on element a: The string attachment is not a registered keyword or absolute URL.
1	Bad value gallery-1708 for attribute rel on element a: The string gallery-1708 is not a registered keyword or absolute URL.
1	element "BASE" undefined
1	end tag for "BASE" omitted, but OMITTAG NO was specified
1	document type does not allow element "q" here; missing one of "p", "h1", "h2", "h3", "h4", "h5", "h6", "div", "pre", "address", "fieldset", "ins", "del" start-tag
1	Element nobr not allowed as child of element a in this context. (Suppressing further errors from this subtree.)
1	Bad value mailto:?subject=I found this job on Indeed.com&body=http://www.indeed.com/viewjob?jk=d134b93ac55dbc52 for attribute href on element a: Whitespace in query component. Use %20 in place of spaces.
1	element "HTML" undefined
1	Bad value mailto:?subject=I found this job on Indeed.com&body=http://www.indeed.com/viewjob?jk=a0e2de2307bb2ad9 for attribute href on element a: Whitespace in query component. Use %20 in place of spaces.
1	document type does not allow element "cite" here; missing one of "p", "h1", "h2", "h3", "h4", "h5", "h6", "div", "pre", "address", "fieldset", "ins", "del" start-tag
1	there is no attribute "data-close"
1	Bad value nach oben for attribute name on element a: An ID must not contain whitespace.
1	there is no attribute "onorientationchange"
1	Bad value Optimiert für Smartphones, Tablets, Mac OS + PC for attribute name on element a: An ID must not contain whitespace.
1	Forbidden code point U+0096.
1	ID "livechat-bottom" already defined
1	Bad value http:// for attribute href on element a: A component that is required by the scheme is missing.
1	Bad value mailto:?subject=I found this job on Indeed.com&body=http://www.indeed.com/viewjob?jk=e596406b1ab65cc2 for attribute href on element a: Whitespace in query component. Use %20 in place of spaces.
1	element "HEAD" undefined
1	Duplicate ID acr.
1	Bad value rb_Salary Estimate for attribute id on element div: An ID must not contain whitespace.
1	Bad value slb[slb_79] for attribute rel on element a: The string slb[slb_79] is not a registered keyword or absolute URL.
1	Bad value slb[slb_74] for attribute rel on element a: The string slb[slb_74] is not a registered keyword or absolute URL.
1	Bad value pics-Label for attribute http-equiv on element meta.
1	Bad value slb[slb_76] for attribute rel on element a: The string slb[slb_76] is not a registered keyword or absolute URL.
1	Bad value rb_Job Type for attribute id on element div: An ID must not contain whitespace.
1	Bad value mailto:?subject=I found this job on Indeed.com&body=http://www.indeed.com/viewjob?jk=91bab26ab96b8fff for attribute href on element a: Whitespace in query component. Use %20 in place of spaces.
1	Bad value mailto:?subject=I found this job on Indeed.com&body=http://www.indeed.com/viewjob?jk=d6e1054f20792c5b for attribute href on element a: Whitespace in query component. Use %20 in place of spaces.
1	Bad value mailto:?subject=I found this job on Indeed.com&body=http://www.indeed.com/viewjob?jk=4bd4b04fae1a2773 for attribute href on element a: Whitespace in query component. Use %20 in place of spaces.
1	Bad value mailto:?subject=I found this job on Indeed.com&body=http://www.indeed.com/viewjob?jk=9fb5f259a241f4eb for attribute href on element a: Whitespace in query component. Use %20 in place of spaces.
1	Bad value mailto:?subject=I found this job on Indeed.com&body=http://www.indeed.com/viewjob?jk=f4a2e1814e6cc290 for attribute href on element a: Whitespace in query component. Use %20 in place of spaces.
1	Bad value mailto:?subject=I found this job on Indeed.com&body=http://www.indeed.com/viewjob?jk=403e49a313ae6939 for attribute href on element a: Whitespace in query component. Use %20 in place of spaces.
1	Bad value mailto:?subject=I found this job on Indeed.com&body=http://www.indeed.com/viewjob?jk=341c66837d41cfd4 for attribute href on element a: Whitespace in query component. Use %20 in place of spaces.
1	general entity "icid" not defined and no default entity
1	<p>
        Sorry, I am unable to validate this document because on line
        <strong>630</strong>
        it contained one or more bytes that I cannot interpret as
        <code>utf-8</code>
        (in other words, the bytes found are not valid values in the specified
        Character Encoding). Please check both the content of the file and the
        character encoding indication.
      </p>
<p>The error was: 
        utf8 "\xD3" does not map to Unicode

      </p>
1	Bad value http://www.facebook.com/sharer.php?u=http://onemore.fr/blog/pourquoi-avoir-cree-onemore/&t=Pourquoi avoir créé Onemore? for attribute href on element a: Whitespace in query component. Use %20 in place of spaces.
1	Bad value https://plusone.google.com/_/+1/confirm?url=http://onemore.fr/blog/notre-parcours-pour-creer-ce-site-webou-dautres/ - Notre parcours pour créer ce site web, ou d’autres for attribute href on element a: Whitespace in query component. Use %20 in place of spaces.
1	Bad value http://twitter.com/?status=http://onemore.fr/blog/notre-parcours-pour-creer-ce-site-webou-dautres/ - Notre parcours pour créer ce site web, ou d’autres (via @onemore) for attribute href on element a: Whitespace in query component. Use %20 in place of spaces.
1	Bad value http://twitter.com/?status=http://onemore.fr/blog/pourquoi-avoir-cree-onemore/ - Pourquoi avoir créé Onemore? (via @onemore) for attribute href on element a: Whitespace in query component. Use %20 in place of spaces.
1	Bad value https://plusone.google.com/_/+1/confirm?url=http://onemore.fr/blog/pourquoi-avoir-cree-onemore/ - Pourquoi avoir créé Onemore? for attribute href on element a: Whitespace in query component. Use %20 in place of spaces.
1	"sportlichen" is not a member of a group specified for any attribute
1	Bad value sitemap for attribute rel on element link: The string sitemap is not a registered keyword or absolute URL.
1	Bad value http://www.facebook.com/sharer.php?u=http://onemore.fr/blog/notre-parcours-pour-creer-ce-site-webou-dautres/&t=Notre parcours pour créer ce site web, ou d’autres for attribute href on element a: Whitespace in query component. Use %20 in place of spaces.
1	Bad value https://plusone.google.com/_/+1/confirm?url=http://onemore.fr/blog/si-on-parlait-technique-le-svg/ - Si on parlait technique? Le SVG. for attribute href on element a: Whitespace in query component. Use %20 in place of spaces.
1	Attribute role not allowed on element label at this point.
1	Bad value attachment wp-att-217 for attribute rel on element a: The string attachment is not a registered keyword or absolute URL.
1	"." is not a member of a group specified for any attribute
1	Duplicate ID postcard.
1	Bad value http://twitter.com/?status=http://onemore.fr/blog/si-on-parlait-technique-le-svg/ - Si on parlait technique? Le SVG. (via @onemore) for attribute href on element a: Whitespace in query component. Use %20 in place of spaces.
1	Bad value http://www.facebook.com/sharer.php?u=http://onemore.fr/blog/si-on-parlait-technique-le-svg/&t=Si on parlait technique? Le SVG. for attribute href on element a: Whitespace in query component. Use %20 in place of spaces.
1	"des" is not a member of a group specified for any attribute
1	"Zukunft" is not a member of a group specified for any attribute
1	general entity "fuzzy" not defined and no default entity
1	reference to entity "fuzzy" for which no system identifier could be generated
1	reference to entity "pret_min" for which no system identifier could be generated
1	general entity "pret_min" not defined and no default entity
1	general entity "ibid" not defined and no default entity
1	Unclosed element bactu.
1	there is no attribute "catid"
1	value of attribute "disabled" cannot be "disbled"; must be one of "disabled"
1	Duplicate attribute lang.
1	"Die" is not a member of a group specified for any attribute
1	<p>
        Sorry, I am unable to validate this document because on line
        <strong>2324</strong>
        it contained one or more bytes that I cannot interpret as
        <code>gb2312</code>
        (in other words, the bytes found are not valid values in the specified
        Character Encoding). Please check both the content of the file and the
        character encoding indication.
      </p>
<p>The error was: 
        euc-cn "\x8C" does not map to Unicode

      </p>
1	reference to entity "t_rid" for which no system identifier could be generated
1	Element bactu not allowed as child of element div in this context. (Suppressing further errors from this subtree.)
1	general entity "t_rid" not defined and no default entity
1	Bad value http://www.linkedin.com/shareArticle?mini=true&url=http://www.nithou.net/billets/vieduweb/ceci-nest-pas-du-responsive&title=Ceci n’est pas du responsive for attribute href on element a: Whitespace in query component. Use %20 in place of spaces.
1	there is no attribute "data-bread-crumbs"
1	element "originalEmailList.length" undefined
1	end tag for "originalEmailList.length" omitted, but OMITTAG NO was specified
1	Bad value archimade_idsite for attribute name on element meta: Keyword archimade_idsite is not registered.
1	end tag for element "HTML" which is not open
1	"HTML" not finished but containing element ended
1	<!DOCTYPE html SYSTEM "about:legacy-compat">
1	Duplicate ID hireme-pdf.
1	Bad value archimade_token for attribute name on element meta: Keyword archimade_token is not registered.
1	there is no attribute "variable"
1	Duplicate ID inner-content.
1	Bad value /uploads/articles/LUART000350/pictures/9782296108929r- le voyage en glaçon.jpg for attribute src on element img: Whitespace in path component. Use %20 in place of spaces.
1	Stray end tag wrapper.
1	Bad value 34px for attribute height on element img: Expected a digit but saw p instead.
1	there is no attribute "g:plusone:href"
1	Bad value search_image for attribute name on element meta: Keyword search_image is not registered.
1	Bad value  for attribute target on element form: Browsing context name must be at least one character long.
1	Stray start tag a.
1	Bad value maps-contact for attribute usemap on element img: A hash-name reference must start with #.
1	Duplicate ID y2010.
1	Duplicate attribute src.
1	Bad value http://twitter.com/?status=Ghost : le retour du blog%20http://wp.me/pzLrI-xG%20via @nithou for attribute href on element a: Whitespace in query component. Use %20 in place of spaces.
1	Bad value http://www.linkedin.com/shareArticle?mini=true&url=http://www.nithou.net/billets/vieduweb/ghost-le-retour-du-blog&title=Ghost : le retour du blog for attribute href on element a: Whitespace in query component. Use %20 in place of spaces.
1	Bad value http://www.facebook.com/sharer.php?u=http://www.nithou.net/billets/vieduweb/ghost-le-retour-du-blog&t=Ghost : le retour du blog for attribute href on element a: Whitespace in query component. Use %20 in place of spaces.
1	Bad value reply-to for attribute name on element meta: Keyword reply-to is not registered.
1	Bad value [email]info[at]les-argonautes[dot]com for attribute href on XHTML element a: Illegal character in path component.
1	Duplicate ID field_512cca71b261f.
1	Duplicate ID field_512cca71b2121.
1	Duplicate ID field_512cca71b5632.
1	Duplicate ID field_512cca71b261e.
1	Attribute arguments not allowed on element script at this point.
1	Bad value detectify-verification for attribute name on XHTML element meta: Keyword detectify-verification is not registered.
1	Attribute page not allowed on element a at this point.
1	ID "mainContent" already defined
1	general entity "button" not defined and no default entity
1	reference to entity "button" for which no system identifier could be generated
1	there is no attribute "data-scayt_word"
1	there is no attribute "tabIndex"
1	there is no attribute "x-webkit-airplay"
1	ID "form_add_comment" already defined
1	"autoplay" is not a member of a group specified for any attribute
1	there is no attribute "data-scaytid"
1	Duplicate attribute border.
1	element "pun_status" undefined
1	end tag for "pun_status" omitted, but OMITTAG NO was specified
1	Bad value shoplinks for attribute role on element aside.
1	Bad value content for attribute role on element section.
1	ID "slide-text" already defined
1	Bad value lightbox[imageGlow] for attribute rel on element a: The string lightbox[imageglow] is not a registered keyword or absolute URL.
1	"preload" is not a member of a group specified for any attribute
1	general entity "selratarticle168" not defined and no default entity
1	reference to entity "clientSn" for which no system identifier could be generated
1	general entity "memberType" not defined and no default entity
1	ID "slider" already defined
1	Bad value og:title for attribute name on element meta: Keyword og:title is not registered.
1	general entity "clientSn" not defined and no default entity
1	Attribute href not allowed on element strong at this point.
1	reference to entity "memberType" for which no system identifier could be generated
1	reference to entity "selratarticle207" for which no system identifier could be generated
1	general entity "selratarticle203" not defined and no default entity
1	reference to entity "selratarticle168" for which no system identifier could be generated
1	reference to entity "selratarticle203" for which no system identifier could be generated
1	general entity "selratarticle213" not defined and no default entity
1	general entity "selratarticle207" not defined and no default entity
1	reference to entity "selratarticle213" for which no system identifier could be generated
1	Bad value attachment wp-att-2090 for attribute rel on element a: The string attachment is not a registered keyword or absolute URL.
1	Bad value attachment wp-att-2094 for attribute rel on element a: The string attachment is not a registered keyword or absolute URL.
1	Attribute complètement not allowed on element meta at this point.
1	Attribute semblent not allowed on element meta at this point.
1	Attribute malheureusement, not allowed on element meta at this point.
1	Attribute allumés not allowed on element meta at this point.
1	Attribute ou not allowed on element meta at this point.
1	Bad value red for attribute rel on XHTML element a: The string red is not a registered keyword or absolute URL.
1	Bad value : http://lifestyle.de.msn.com/maenner/traumfrauen/models-stars-und-sternchen-hautnah-die-heissesten-twitter-bilder for attribute href on XHTML element a: Scheme component is empty.
1	Attribute d'autres, not allowed on element meta at this point.
1	Attribute intéressants, not allowed on element meta at this point.
1	Attribute d'internet not allowed on element meta at this point.
1	ID "DOWMN_FOCUS" already defined
1	Attribute explorer...). not allowed on element meta at this point.
1	Attribute certains not allowed on element meta at this point.
1	Attribute très not allowed on element meta at this point.
1	Attribute sont not allowed on element meta at this point.
1	Bad value pics-label for attribute http-equiv on XHTML element meta.
1	Attribute se not allowed on element meta at this point.
1	Attribute complètement." not allowed on element meta at this point.
1	Bad value Услуги. 3D панорамы, виртуальные туры :: Sphered for attribute itemprop on element meta: Not an absolute IRI.
1	Bad value http://twitter.com/?status=Ceci n’est pas du responsive%20http://wp.me/pzLrI-xs%20via @nithou for attribute href on element a: Whitespace in query component. Use %20 in place of spaces.
1	Bad value http://www.facebook.com/sharer.php?u=http://www.nithou.net/billets/vieduweb/ceci-nest-pas-du-responsive&t=Ceci n’est pas du responsive for attribute href on element a: Whitespace in query component. Use %20 in place of spaces.
1	Bad value 3D панорамы, виртуальные туры :: Sphered for attribute itemprop on element meta: Scheme component is empty.
1	Bad value 3D панорами, віртуальні тури :: Sphered for attribute itemprop on element meta: Scheme component is empty.
1	Bad value Галерея виртуальных 3D туров и панорам :: Sphered for attribute itemprop on element meta: Scheme component is empty.
1	Attribute fourvoient not allowed on element meta at this point.
1	Bad value Послуги. 3D панорами, віртуальні тури :: Sphered for attribute itemprop on element meta: Not an absolute IRI.
1	Bad value Галерея віртуальних 3D турів і панорам :: Sphered for attribute itemprop on element meta: Scheme component is empty.
1	Bad value Презентационный зал SkillUP. 3D тур :: Sphered for attribute itemprop on element meta: Not an absolute IRI.
1	Bad value Контакты. 3D панорамы, виртуальные туры :: Sphered for attribute itemprop on element meta: Not an absolute IRI.
1	Bad value Цены. 3D панорамы, виртуальные туры :: Sphered for attribute itemprop on element meta: Not an absolute IRI.
1	Bad value Вопросы и ответы. 3D панорамы, виртуальные туры :: Sphered for attribute itemprop on element meta: Not an absolute IRI.
1	Attribute parle not allowed on element meta at this point.
1	Attribute quand not allowed on element meta at this point.
1	Attribute webdesign not allowed on element meta at this point.
1	Attribute du not allowed on element meta at this point.
1	Attribute domaine not allowed on element meta at this point.
1	Attribute (oui, not allowed on element meta at this point.
1	Attribute étrangement not allowed on element meta at this point.
1	Attribute ne not allowed on element meta at this point.
1	Attribute je not allowed on element meta at this point.
1	Attribute dans not allowed on element meta at this point.
1	Attribute tendances" not allowed on element meta at this point.
1	Bad value attachment wp-att-2092 for attribute rel on element a: The string attachment is not a registered keyword or absolute URL.
1	Bad value attachment wp-att-2091 for attribute rel on element a: The string attachment is not a registered keyword or absolute URL.
1	Bad value http://twitter.com/?status=Iceber.gs le moodboard moderne%20http://wp.me/pzLrI-xz%20via @nithou for attribute href on element a: Whitespace in query component. Use %20 in place of spaces.
1	Bad value http://www.facebook.com/sharer.php?u=http://www.nithou.net/billets/vieduweb/iceber-gs-le-moodboard-moderne&t=Iceber.gs le moodboard moderne for attribute href on element a: Whitespace in query component. Use %20 in place of spaces.
1	Bad value attachment wp-att-2083 for attribute rel on element a: The string attachment is not a registered keyword or absolute URL.
1	Bad value http://www.linkedin.com/shareArticle?mini=true&url=http://www.nithou.net/billets/vieduweb/iceber-gs-le-moodboard-moderne&title=Iceber.gs le moodboard moderne for attribute href on element a: Whitespace in query component. Use %20 in place of spaces.
1	Attribute tiens not allowed on element meta at this point.
1	Attribute pas not allowed on element meta at this point.
1	general entity "kflist" not defined and no default entity
1	reference to entity "kflist" for which no system identifier could be generated
1	ID "ANDROID" already defined
1	ID "IPHONE" already defined
1	Attribute que, not allowed on element meta at this point.
1	Attribute quoi not allowed on element meta at this point.
1	Attribute _hot not allowed on element button at this point.
1	Bad value navigation sitemap for attribute role on element div.
1	Attribute au not allowed on element meta at this point.
1	Attribute trop not allowed on element meta at this point.
1	Attribute courant not allowed on element meta at this point.
1	Attribute des not allowed on element meta at this point.
1	Attribute boucheries... not allowed on element meta at this point.
1	Attribute tendances not allowed on element meta at this point.
1	reference to entity "bI.glyphs" for which no system identifier could be generated
1	element "data.length" undefined
1	Attribute id declares a duplicate ID value main-content.
1	<!DOCTYPE html PUBLIC "-//W3C//DTD HTML+RDFa 1.1//EN" "">
1	value of attribute "TYPE" cannot be "SEARCH"; must be one of "BUTTON", "SUBMIT", "RESET"
1	end tag for element "cc1:TextBoxWatermarkExtender" which is not open
1	document type does not allow element "table" here; assuming missing "body" start-tag
1	there is no attribute "Text"
1	there is no attribute "CausesValidation"
1	Bad value DC.Type for attribute name on element meta: Keyword dc.type is not registered.
1	Bad value AGLS.Availability for attribute name on element meta: Keyword agls.availability is not registered.
1	Bad value DC.Identifier for attribute name on element meta: Keyword dc.identifier is not registered.
1	Bad value DC.Title for attribute name on element meta: Keyword dc.title is not registered.
1	Duplicate ID C0.
1	Bad value COPYRIGHT for attribute name on element meta: Keyword copyright is not registered.
1	general entity "goback" not defined and no default entity
1	reference to entity "goback" for which no system identifier could be generated
1	reference to entity "calcid" for which no system identifier could be generated
1	general entity "calcid" not defined and no default entity
1	reference to entity "calpgid" for which no system identifier could be generated
1	general entity "add_id" not defined and no default entity
1	Bad value xxxxxxxxxxxxxxxxxxxxxxxxxxxxxxxxxxxxxxxxxxxxxxxxxxxxxxxxxxxxxxxxxxxxxxxxxxxxxxxxxxxxxxxxxxxxxxxxxxxx for attribute name on element meta: Keyword xxxxxxxxxxxxxxxxxxxxxxxxxxxxxxxxxxxxxxxxxxxxxxxxxxxxxxxxxxxxxxxxxxxxxxxxxxxxxxxxxxxxxxxxxxxxxxxxxxxx is not registered.
1	Bad value SUBJECT for attribute name on element meta: Keyword subject is not registered.
1	Bad value ABSTRACT for attribute name on element meta: Keyword abstract is not registered.
1	Bad value REVISIT for attribute name on element meta: Keyword revisit is not registered.
1	Bad value classification for attribute name on element meta: Keyword classification is not registered.
1	Bad value DC.Format for attribute name on element meta: Keyword dc.format is not registered.
1	Bad value AGLS.Function for attribute name on element meta: Keyword agls.function is not registered.
1	"Internet" is not a member of a group specified for any attribute
1	"3G" is not a member of a group specified for any attribute
1	"Forfait" is not a member of a group specified for any attribute
1	ID "idcbt" already defined
1	general entity "promoCode" not defined and no default entity
1	"24" is not a member of a group specified for any attribute
1	general entity "categid" not defined and no default entity
1	Bad value https://www.facebook.com/plugins/registration?client_id=233090433490336&fb_only=true&redirect_uri=http://www.valuepetsupplies.co.uk/fbshopreg/fbform.php&fields=[{'name':'name'},{'name':'title','description':'Title','type':'select','options':{'None':'','Mr':'Mr','Ms':'Ms','Miss':'Miss'}, 'default':'None'},{'name':'first_name'},{'name':'last_name'},{'name':'email'}] for attribute src on element iframe: Illegal character in query component.
1	reference to entity "souscategid" for which no system identifier could be generated
1	general entity "souscategid" not defined and no default entity
1	reference to entity "categid" for which no system identifier could be generated
1	general entity "productOPId" not defined and no default entity
1	general entity "productTerminalId" not defined and no default entity
1	Bad value DC.Date.Modified for attribute name on element meta: Keyword dc.date.modified is not registered.
1	Bad value DC.Date.Valid for attribute name on element meta: Keyword dc.date.valid is not registered.
1	Bad value DC.Date.Created for attribute name on element meta: Keyword dc.date.created is not registered.
1	Bad value DC.Coverage for attribute name on element meta: Keyword dc.coverage is not registered.
1	Bad value AGLS.Audience for attribute name on element meta: Keyword agls.audience is not registered.
1	Attribute <safa not allowed on element span at this point.
1	Attribute website not allowed on element span at this point.
1	reference to entity "grave" for which no system identifier could be generated
1	general entity "grave" not defined and no default entity
1	end tag for "ids.length" omitted, but OMITTAG NO was specified
1	element "ids.length" undefined
1	general entity "calpgid" not defined and no default entity
1	reference to entity "crid" for which no system identifier could be generated
1	Stray end tag sapn.
1	Duplicate ID aboutteam.
1	Bad value gambar/articlePondok Naya Ubud.png for attribute src on element img: Whitespace in path component. Use %20 in place of spaces.
1	Bad value gambar/articleAbout - Adhek Sport Fishing.png for attribute src on element img: Whitespace in path component. Use %20 in place of spaces.
1	Bad value gambar/articleAbdi Nusa.png for attribute src on element img: Whitespace in path component. Use %20 in place of spaces.
1	ID "qty_'+x+'_'+i+'" already defined
1	Bad value attachment wp-att-1204 for attribute rel on element a: Whitespace in path component. Use %20 in place of spaces. The string attachment is not a registered keyword or absolute URL.
1	reference to entity "gn" for which no system identifier could be generated
1	general entity "gn" not defined and no default entity
1	there is no attribute "longDesc"
1	Bad value http://idon'thave for attribute href on element a: Host component did not meet the restrictions on DNS names.
1	Bad value gambar/articleMeazza Futsal.png for attribute src on element img: Whitespace in path component. Use %20 in place of spaces.
1	Bad value gambar/articleSeruni Transport.png for attribute src on element img: Whitespace in path component. Use %20 in place of spaces.
1	<p>
        Sorry, I am unable to validate this document because on line
        <strong>8</strong>
        it contained one or more bytes that I cannot interpret as
        <code>windows-1252</code>
        (in other words, the bytes found are not valid values in the specified
        Character Encoding). Please check both the content of the file and the
        character encoding indication.
      </p>
<p>The error was: 
        cp1252 "\x81" does not map to Unicode

      </p>
1	<p>
        Sorry, I am unable to validate this document because on line
        <strong>150</strong>
        it contained one or more bytes that I cannot interpret as
        <code>windows-1252</code>
        (in other words, the bytes found are not valid values in the specified
        Character Encoding). Please check both the content of the file and the
        character encoding indication.
      </p>
<p>The error was: 
        cp1252 "\x81" does not map to Unicode

      </p>
1	Bad value http://twitter.com/home?status=Currently reading  for attribute href on element a: Whitespace in query component. Use %20 in place of spaces.
1	Attribute idobj not allowed on element div at this point.
1	Attribute typeobj not allowed on element div at this point.
1	<p>
        Sorry, I am unable to validate this document because on line
        <strong>126</strong>
        it contained one or more bytes that I cannot interpret as
        <code>windows-1252</code>
        (in other words, the bytes found are not valid values in the specified
        Character Encoding). Please check both the content of the file and the
        character encoding indication.
      </p>
<p>The error was: 
        cp1252 "\x81" does not map to Unicode

      </p>
1	<p>
        Sorry, I am unable to validate this document because on line
        <strong>137</strong>
        it contained one or more bytes that I cannot interpret as
        <code>windows-1252</code>
        (in other words, the bytes found are not valid values in the specified
        Character Encoding). Please check both the content of the file and the
        character encoding indication.
      </p>
<p>The error was: 
        cp1252 "\x81" does not map to Unicode

      </p>
1	Bad value css/skin 4/style.css for attribute href on element link: Whitespace in path component. Use %20 in place of spaces.
1	general entity "msid" not defined and no default entity
1	value of attribute "dir" cannot be "RTL"; must be one of "ltr", "rtl"
1	<p>
        Sorry, I am unable to validate this document because on line
        <strong>140</strong>
        it contained one or more bytes that I cannot interpret as
        <code>windows-1252</code>
        (in other words, the bytes found are not valid values in the specified
        Character Encoding). Please check both the content of the file and the
        character encoding indication.
      </p>
<p>The error was: 
        cp1252 "\x81" does not map to Unicode

      </p>
1	general entity "xc" not defined and no default entity
1	reference to entity "xc" for which no system identifier could be generated
1	unused
1	element "Td" undefined
1	<p>
        Sorry, I am unable to validate this document because on line
        <strong>872</strong>
        it contained one or more bytes that I cannot interpret as
        <code>utf-8</code>
        (in other words, the bytes found are not valid values in the specified
        Character Encoding). Please check both the content of the file and the
        character encoding indication.
      </p>
<p>The error was: 
        utf8 "\xC4" does not map to Unicode

      </p>
1	Attribute killer"" not allowed on element a at this point.
1	Duplicate ID pageContent.
1	end tag for "Td" omitted, but OMITTAG NO was specified
1	general entity "pgid" not defined and no default entity
1	general entity "crid" not defined and no default entity
1	reference to entity "ecid" for which no system identifier could be generated
1	general entity "ecid" not defined and no default entity
1	reference to entity "pgid" for which no system identifier could be generated
1	Attribute fxstep not allowed on element div at this point.
1	Attribute fxdirection not allowed on element div at this point.
1	reference to entity "idsite" for which no system identifier could be generated
1	general entity "idsite" not defined and no default entity
1	<!DOCTYPE html PUBLIC "-//WAPFORUM//DTD XHTML Mobile 1.0//EN" "http://www.wapforum.org/DTD/xhtml-mobile10.dtd">
1	there is no attribute "cellpadding"
1	general entity "idzone" not defined and no default entity
1	reference to entity "idzone" for which no system identifier could be generated
1	Attribute fx not allowed on element div at this point.
1	<!DOCTYPE html PUBLIC "-//w3c//dtd xhtml 1.0 strict//en" "http://www.w3.org/tr/xhtml1/dtd/xhtml1-strict.dtd">
1	Attribute target not allowed on element img at this point.
1	Bad value http://maps.google.com/maps?f=q&
						source=s_q&
						hl=en&
						geocode=&
						q=103,Triq+L-Arcisqof,+Valletta,+Malta&
						aq=&
						sll=35.899532,14.513905&
						sspn=0.004693,0.009602&
						vpsrc=6&ie=UTF8&
						hq=&hnear=103+Triq+L-Arcisqof,+Valletta+VLT+1446,+Malta&
						t=m&
						ll=35.900731,14.515171&
						spn=0.007822,0.017145&
						z=17&
						iwloc=A&output=embed for attribute src on element iframe: Control character in query component.
1	general entity "fowardURL" not defined and no default entity
1	reference to entity "fowardURL" for which no system identifier could be generated
1	<p>
        Sorry, I am unable to validate this document because on line
        <strong>202</strong>
        it contained one or more bytes that I cannot interpret as
        <code>utf-8</code>
        (in other words, the bytes found are not valid values in the specified
        Character Encoding). Please check both the content of the file and the
        character encoding indication.
      </p>
<p>The error was: 
        utf8 "\x91" does not map to Unicode

      </p>
1	there is no attribute "data-current"
1	<p>
        Sorry, I am unable to validate this document because on line
        <strong>201</strong>
        it contained one or more bytes that I cannot interpret as
        <code>utf-8</code>
        (in other words, the bytes found are not valid values in the specified
        Character Encoding). Please check both the content of the file and the
        character encoding indication.
      </p>
<p>The error was: 
        utf8 "\x91" does not map to Unicode

      </p>
1	<p>
        Sorry, I am unable to validate this document because on line
        <strong>198</strong>
        it contained one or more bytes that I cannot interpret as
        <code>utf-8</code>
        (in other words, the bytes found are not valid values in the specified
        Character Encoding). Please check both the content of the file and the
        character encoding indication.
      </p>
<p>The error was: 
        utf8 "\x91" does not map to Unicode

      </p>
1	<p>
        Sorry, I am unable to validate this document because on line
        <strong>200</strong>
        it contained one or more bytes that I cannot interpret as
        <code>utf-8</code>
        (in other words, the bytes found are not valid values in the specified
        Character Encoding). Please check both the content of the file and the
        character encoding indication.
      </p>
<p>The error was: 
        utf8 "\x91" does not map to Unicode

      </p>
1	element "spen" undefined
1	end tag for "spen" omitted, but OMITTAG NO was specified
1	reference to entity "sub_cat" for which no system identifier could be generated
1	general entity "sub_cat" not defined and no default entity
1	there is no attribute "data-index"
1	general entity "filter" not defined and no default entity
1	there is no attribute "onfocus"
1	reference to entity "emv_pagename" for which no system identifier could be generated
1	ID "button" already defined
1	general entity "partnerID" not defined and no default entity
1	end tag for "gy.length" omitted, but OMITTAG NO was specified
1	"margin:0px" is not a member of a group specified for any attribute
1	"5px" is not a member of a group specified for any attribute
1	reference to entity "partnerID" for which no system identifier could be generated
1	general entity "request_type" not defined and no default entity
1	general entity "emv_pagename" not defined and no default entity
1	reference to entity "emv_conversionflag" for which no system identifier could be generated
1	general entity "emv_conversionflag" not defined and no default entity
1	reference to entity "request_type" for which no system identifier could be generated
1	there is no attribute "delayimg"
1	<p>
        Sorry, I am unable to validate this document because on line
        <strong>36</strong>
        it contained one or more bytes that I cannot interpret as
        <code>utf-8</code>
        (in other words, the bytes found are not valid values in the specified
        Character Encoding). Please check both the content of the file and the
        character encoding indication.
      </p>
<p>The error was: 
        utf8 "\xC4" does not map to Unicode

      </p>
1	ID "searchsubmit" already defined
1	<p>
        Sorry, I am unable to validate this document because on line
        <strong>268</strong>
        it contained one or more bytes that I cannot interpret as
        <code>gb2312</code>
        (in other words, the bytes found are not valid values in the specified
        Character Encoding). Please check both the content of the file and the
        character encoding indication.
      </p>
<p>The error was: 
        euc-cn "\x9C" does not map to Unicode

      </p>
1	ID "mba_01" already defined
1	ID "mba02" already defined
1	ID "mba01" already defined
1	general entity "doamin" not defined and no default entity
1	reference to entity "doamin" for which no system identifier could be generated
1	reference to entity "AFF_ACTION" for which no system identifier could be generated
1	general entity "AFF_ACTION" not defined and no default entity
1	reference to entity "SHID" for which no system identifier could be generated
1	general entity "SHID" not defined and no default entity
1	ID "mba_mebu" already defined
1	reference to entity "password" for which no system identifier could be generated
1	ID "phno" already defined
1	ID "contactemail" already defined
1	ID "contactname" already defined
1	ID "contact" already defined
1	<p>
        Sorry, I am unable to validate this document because on line
        <strong>35</strong>
        it contained one or more bytes that I cannot interpret as
        <code>utf-8</code>
        (in other words, the bytes found are not valid values in the specified
        Character Encoding). Please check both the content of the file and the
        character encoding indication.
      </p>
<p>The error was: 
        utf8 "\xC4" does not map to Unicode

      </p>
1	ID "comments" already defined
1	ID "reset" already defined
1	general entity "password" not defined and no default entity
1	there is no attribute "data-val-regex-pattern"
1	there is no attribute "data-val-regex"
1	ID "cover-bg" already defined
1	"padding:0px" is not a member of a group specified for any attribute
1	"height:35px" is not a member of a group specified for any attribute
1	general entity "rF" not defined and no default entity
1	reference to entity "rF" for which no system identifier could be generated
1	reference to entity "cD" for which no system identifier could be generated
1	general entity "cD" not defined and no default entity
1	ID "ft" already defined
1	general entity "iType" not defined and no default entity
1	reference to entity "iType" for which no system identifier could be generated
1	general entity "adir" not defined and no default entity
1	there is no attribute "DATA-ORIGINAL"
1	reference to entity "domainname" for which no system identifier could be generated
1	general entity "domainname" not defined and no default entity
1	there is no attribute "data-cfstyle"
1	there is no attribute "data-cfsrc"
1	Bad value Pragma for attribute http-equiv on XHTML element meta.
1	Bad value Cache-Control for attribute http-equiv on XHTML element meta.
1	<p>
        Sorry, I am unable to validate this document because on line
        <strong>1055</strong>
        it contained one or more bytes that I cannot interpret as
        <code>gb2312</code>
        (in other words, the bytes found are not valid values in the specified
        Character Encoding). Please check both the content of the file and the
        character encoding indication.
      </p>
<p>The error was: 
        euc-cn "\x8C" does not map to Unicode

      </p>
1	Attribute position not allowed on element img at this point.
1	Attribute position not allowed on element div at this point.
1	Attribute max-age not allowed on XHTML element meta at this point.
1	Bad value Expires for attribute http-equiv on XHTML element meta.
1	required character (found d) (expected i)
1	Attribute hidefocus not allowed on XHTML element a at this point.
1	XHTML element style not allowed as child of XHTML element html in this context. (Suppressing further errors from this subtree.)
1	Bad value version for attribute name on XHTML element meta: Keyword version is not registered.
1	reference to entity "adir" for which no system identifier could be generated
1	general entity "wy" not defined and no default entity
1	Bad value attachment wp-att-4549 for attribute rel on element a: Whitespace in path component. Use %20 in place of spaces. The string attachment is not a registered keyword or absolute URL.
1	Bad value attachment wp-att-4550 for attribute rel on element a: Whitespace in path component. Use %20 in place of spaces. The string attachment is not a registered keyword or absolute URL.
1	Bad value attachment wp-att-4548 for attribute rel on element a: Whitespace in path component. Use %20 in place of spaces. The string attachment is not a registered keyword or absolute URL.
1	Bad value attachment wp-att-4547 for attribute rel on element a: Whitespace in path component. Use %20 in place of spaces. The string attachment is not a registered keyword or absolute URL.
1	Bad value attachment wp-att-4546 for attribute rel on element a: Whitespace in path component. Use %20 in place of spaces. The string attachment is not a registered keyword or absolute URL.
1	Bad value attachment wp-att-4551 for attribute rel on element a: Whitespace in path component. Use %20 in place of spaces. The string attachment is not a registered keyword or absolute URL.
1	Bad value attachment wp-att-4552 for attribute rel on element a: Whitespace in path component. Use %20 in place of spaces. The string attachment is not a registered keyword or absolute URL.
1	"width:100" is not a member of a group specified for any attribute
1	element "gy.length" undefined
1	Bad value attachment wp-att-4554 for attribute rel on element a: Whitespace in path component. Use %20 in place of spaces. The string attachment is not a registered keyword or absolute URL.
1	Bad value attachment wp-att-4553 for attribute rel on element a: Whitespace in path component. Use %20 in place of spaces. The string attachment is not a registered keyword or absolute URL.
1	Bad value attachment wp-att-4545 for attribute rel on element a: Whitespace in path component. Use %20 in place of spaces. The string attachment is not a registered keyword or absolute URL.
1	Bad value attachment wp-att-4544 for attribute rel on element a: Whitespace in path component. Use %20 in place of spaces. The string attachment is not a registered keyword or absolute URL.
1	Bad value attachment wp-att-4537 for attribute rel on element a: Whitespace in path component. Use %20 in place of spaces. The string attachment is not a registered keyword or absolute URL.
1	Bad value attachment wp-att-4536 for attribute rel on element a: Whitespace in path component. Use %20 in place of spaces. The string attachment is not a registered keyword or absolute URL.
1	Bad value attachment wp-att-4535 for attribute rel on element a: Whitespace in path component. Use %20 in place of spaces. The string attachment is not a registered keyword or absolute URL.
1	reference to entity "wy" for which no system identifier could be generated
1	Bad value attachment wp-att-4538 for attribute rel on element a: Whitespace in path component. Use %20 in place of spaces. The string attachment is not a registered keyword or absolute URL.
1	Bad value attachment wp-att-4539 for attribute rel on element a: Whitespace in path component. Use %20 in place of spaces. The string attachment is not a registered keyword or absolute URL.
1	Bad value attachment wp-att-4543 for attribute rel on element a: Whitespace in path component. Use %20 in place of spaces. The string attachment is not a registered keyword or absolute URL.
1	Bad value attachment wp-att-4542 for attribute rel on element a: Whitespace in path component. Use %20 in place of spaces. The string attachment is not a registered keyword or absolute URL.
1	Bad value attachment wp-att-4541 for attribute rel on element a: Whitespace in path component. Use %20 in place of spaces. The string attachment is not a registered keyword or absolute URL.
1	Bad value attachment wp-att-4540 for attribute rel on element a: Whitespace in path component. Use %20 in place of spaces. The string attachment is not a registered keyword or absolute URL.
1	Bad value http://www.facebook.com/sharer.php?u=http://www.tvtrip.com/paris-hotels/hotel-sezz&t=Sezz Paris Paris, Hotel France.  Limited Time Offer! for attribute href on element a: Whitespace in query component. Use %20 in place of spaces.
1	Bad value og:video:height for attribute name on element meta: Keyword og:video:height is not registered.
1	Attribute 9a923ad3829352f5d400f61e5b9403e7?s not allowed on element img at this point.
1	Attribute 202fea57a2c980e441fc7215a3fc73c3?s not allowed on element img at this point.
1	Attribute 1.gravatar.com not allowed on element img at this point.
1	Attribute ebb625e3fe877062fb0ff1199f856526?s not allowed on element img at this point.
1	Attribute 09b78cd04a630219b6d52b6c9c987ecc?s not allowed on element img at this point.
1	ID "HeaderDiv" already defined
1	there is no attribute "base"
1	reference to entity "no_cache" for which no system identifier could be generated
1	general entity "no_cache" not defined and no default entity
1	reference to entity "data_source" for which no system identifier could be generated
1	general entity "data_source" not defined and no default entity
1	Duplicate ID muo_ad_top.
1	Attribute 2f2e374e16306c5c131ec59a18e1cb51?s not allowed on element img at this point.
1	general entity "__VIEWSTATE" not defined and no default entity
1	reference to entity "__VIEWSTATE" for which no system identifier could be generated
1	reference to entity "__CALLBACKPARAM" for which no system identifier could be generated
1	general entity "__CALLBACKPARAM" not defined and no default entity
1	reference to entity "bylocation" for which no system identifier could be generated
1	Bad value 255378887008215040 external nofollow for attribute rel on element a: The string 255378887008215040 is not a registered keyword or absolute URL. Whitespace in path component. Use %20 in place of spaces.
1	Bad value 257538284157296640 external nofollow for attribute rel on element a: Whitespace in path component. Use %20 in place of spaces. The string 257538284157296640 is not a registered keyword or absolute URL.
1	Attribute 828c9d983142e97af03d11a25187f69d?s not allowed on element img at this point.
1	Bad start tag in a in head.
1	Bad value 257782906108399617 external nofollow for attribute rel on element a: Whitespace in path component. Use %20 in place of spaces. The string 257782906108399617 is not a registered keyword or absolute URL.
1	Bad value 257540226665287680 external nofollow for attribute rel on element a: The string 257540226665287680 is not a registered keyword or absolute URL. Whitespace in path component. Use %20 in place of spaces.
1	ID "TopNavDiv" already defined
1	ID "FooterDiv" already defined
1	Duplicate ID IDCommentPostInfoTitle129.
1	Duplicate ID IDCommentPostInfoTime129.
1	Duplicate ID IDCommentPostInfoPermalink129.
1	Duplicate ID IDCommentPostInfoGuid248.
1	Duplicate ID IDCommentPostInfoAuthor248.
1	Duplicate ID IDCommentPostInfoAuthor129.
1	Duplicate ID IDCommentPostInfoGuid129.
1	Duplicate ID IDCommentPostInfoAuthor382.
1	Duplicate ID IDCommentPostInfoTime382.
1	Duplicate ID IDCommentPostInfoTitle382.
1	Duplicate ID IDCommentPostInfoPermalink382.
1	Duplicate ID IDCommentPostInfoTime248.
1	Duplicate ID IDCommentPostInfoTitle248.
1	Bad value http://pinterest.com/pin/create/button/?url=http%3A%2F%2Fsantaibanget.com%2Fmenyimpan-data-pribadi-di-berkas-com-cloud-storage-indonesia%2F&media=http%3A%2F%2Fsantaibanget.com%2Fwp-content%2Fuploads%2F2013%2F01%2Fberkas.png&description=Menyimpan Data Pribadi di Berkas.com, Cloud Storage Indonesia for attribute href on element a: Whitespace in query component. Use %20 in place of spaces.
1	Bad value lightbox[555] for attribute rel on element a: Illegal character in path component. The string lightbox[555] is not a registered keyword or absolute URL.
1	Duplicate ID cnn_mc2_large1.
1	Duplicate ID cnn_ipadappbanner.
1	Bad value 1800;url=http://edition.cnn.com/?refresh=1 for attribute content on element meta: Expected a space character, but saw u instead.
1	Duplicate ID IDCommentPostInfoPermalink555.
1	Duplicate ID IDCommentPostInfoTitle555.
1	Duplicate ID IDCommentPostInfoPermalink248.
1	Duplicate ID IDCommentPostInfoGuid555.
1	Duplicate ID IDCommentPostInfoAuthor555.
1	Duplicate ID IDCommentPostInfoTime555.
1	general entity "bylocation" not defined and no default entity
1	there is no attribute "max_age"
1	general entity "sf" not defined and no default entity
1	general entity "sd" not defined and no default entity
1	"promoting" is not a member of a group specified for any attribute
1	"Spring" is not a member of a group specified for any attribute
1	"Arab" is not a member of a group specified for any attribute
1	general entity "vs" not defined and no default entity
1	general entity "ind" not defined and no default entity
1	general entity "WebSiteId" not defined and no default entity
1	general entity "websiteid" not defined and no default entity
1	there is no attribute "data-button"
1	general entity "responseEncoding" not defined and no default entity
1	reference to entity "lng" for which no system identifier could be generated
1	general entity "lng" not defined and no default entity
1	Duplicate ID youtube_icon.
1	Duplicate ID pinterest_icon.
1	Duplicate ID twitter_icon.
1	Duplicate ID facebook_icon.
1	there is no attribute "heigth"
1	Duplicate ID gplus_icon.
1	Duplicate ID button-cart.
1	there is no attribute "LINE-HEIGHT:"
1	"NORMAL" is not a member of a group specified for any attribute
1	reference to entity "RAILWAY" for which no system identifier could be generated
1	general entity "RAILWAY" not defined and no default entity
1	general entity "ThemeName" not defined and no default entity
1	general entity "Culture" not defined and no default entity
1	general entity "VD" not defined and no default entity
1	reference to entity "VD" for which no system identifier could be generated
1	general entity "viewKey" not defined and no default entity
1	general entity "logoUrl" not defined and no default entity
1	general entity "flvUrl" not defined and no default entity
1	general entity "VL" not defined and no default entity
1	reference to entity "VL" for which no system identifier could be generated
1	reference to entity "SubID" for which no system identifier could be generated
1	general entity "SubID" not defined and no default entity
1	reference to entity "VFL" for which no system identifier could be generated
1	general entity "VFL" not defined and no default entity
1	general entity "updated" not defined and no default entity
1	general entity "selector" not defined and no default entity
1	general entity "region" not defined and no default entity
1	there is no attribute "dbut"
1	general entity "ReturnRoles" not defined and no default entity
1	general entity "ReturnURL" not defined and no default entity
1	there is no attribute "tabid"
1	general entity "CityID" not defined and no default entity
1	general entity "tourid" not defined and no default entity
1	general entity "newsregion" not defined and no default entity
1	there is no attribute "herf"
1	reference to entity "CityID" for which no system identifier could be generated
1	Duplicate ID IDCommentPostInfoGuid382.
1	Duplicate ID IDCommentPostInfoPermalink230.
1	Bad value http://www.facebook.com/sharer.php?u=http://www.handmadecharlotte.com/way-to-go-big-murph/&locale=en_US&t=Way To Go, Big Murph! for attribute href on element a: Whitespace in query component. Use %20 in place of spaces.
1	Bad value http://pinterest.com/pin/create/button/?url=http://www.handmadecharlotte.com/way-to-go-big-murph/&media=http://www.handmadecharlotte.com/wp-content/uploads/2012/09/1-big-murph.jpg&description=Way To Go, Big Murph! for attribute href on element a: Whitespace in query component. Use %20 in place of spaces.
1	Bad value http://pinterest.com/pin/create/button/?url=http://www.handmadecharlotte.com/etsy-finds-stationery-for-kids/&media=http://www.handmadecharlotte.com/wp-content/uploads/2012/09/1-kids-stationery.jpg&description=Seriously Cool Paper Goods for attribute href on element a: Whitespace in query component. Use %20 in place of spaces.
1	Bad value http://www.facebook.com/sharer.php?u=http://www.handmadecharlotte.com/etsy-finds-stationery-for-kids/&locale=en_US&t=Seriously Cool Paper Goods for attribute href on element a: Whitespace in query component. Use %20 in place of spaces.
1	Bad value http://pinterest.com/pin/create/button/?url=http://www.handmadecharlotte.com/design-a-bag-win-ten-10k/&media=http://www.handmadecharlotte.com/wp-content/uploads/2012/09/2-design-contest.jpg&description=Design A Bag, Win $10K for attribute href on element a: Whitespace in query component. Use %20 in place of spaces.
1	Bad value http://www.facebook.com/sharer.php?u=http://www.handmadecharlotte.com/win-a-50k-grant-for-your-school/&locale=en_US&t=Win A $50k Grant For Your Child's School for attribute href on element a: Whitespace in query component. Use %20 in place of spaces.
1	Bad value http://pinterest.com/pin/create/button/?url=http://www.handmadecharlotte.com/win-a-50k-grant-for-your-school/&media=http://www.handmadecharlotte.com/wp-content/uploads/2012/09/1-atlanta-institute.jpg&description=Win A $50k Grant For Your Child's School for attribute href on element a: Whitespace in query component. Use %20 in place of spaces.
1	general entity "CustomerVideo" not defined and no default entity
1	end tag for "cmt" omitted, but OMITTAG NO was specified
1	element "cmt" undefined
1	ID "fut" already defined
1	Bad value http://www.facebook.com/sharer.php?u=http://www.handmadecharlotte.com/design-a-bag-win-ten-10k/&locale=en_US&t=Design A Bag, Win $10K for attribute href on element a: Whitespace in query component. Use %20 in place of spaces.
1	Bad value http://pinterest.com/pin/create/button/?url=http://www.handmadecharlotte.com/diy-printable-birthday-party-checklist/&media=http://www.handmadecharlotte.com/wp-content/uploads/2012/08/party-2.jpg&description=DIY Printable Birthday Party Checklist for attribute href on element a: Whitespace in query component. Use %20 in place of spaces.
1	Bad value http://pinterest.com/pin/create/button/?url=http://www.handmadecharlotte.com/diy-party-in-a-box/&media=http://www.handmadecharlotte.com/wp-content/uploads/2013/01/party-in-a-box-1.jpg&description=DIY Party-In-A-Box for attribute href on element a: Whitespace in query component. Use %20 in place of spaces.
1	Bad value http://www.facebook.com/sharer.php?u=http://www.handmadecharlotte.com/head-school-navy/&locale=en_US&t=Old Navy Back-To-School Sale & Giveaway for attribute href on element a: Whitespace in query component. Use %20 in place of spaces.
1	Bad value http://www.facebook.com/sharer.php?u=http://www.handmadecharlotte.com/diy-party-in-a-box/&locale=en_US&t=DIY Party-In-A-Box for attribute href on element a: Whitespace in query component. Use %20 in place of spaces.
1	Bad value http://pinterest.com/pin/create/button/?url=http://www.handmadecharlotte.com/geometric-printables-for-valentines-day/&media=http://www.handmadecharlotte.com/wp-content/uploads/2013/01/geometric-diy-hearts.jpg&description=Geometric Printables for Valentine's Day for attribute href on element a: Whitespace in query component. Use %20 in place of spaces.
1	Bad value http://www.facebook.com/sharer.php?u=http://www.handmadecharlotte.com/geometric-printables-for-valentines-day/&locale=en_US&t=Geometric Printables for Valentine's Day for attribute href on element a: Whitespace in query component. Use %20 in place of spaces.
1	Bad value http://pinterest.com/pin/create/button/?url=http://www.handmadecharlotte.com/head-school-navy/&media=http://www.handmadecharlotte.com/wp-content/uploads/2012/08/2-old-navy-school-style.jpg&description=Old Navy Back-To-School Sale & Giveaway for attribute href on element a: Whitespace in query component. Use %20 in place of spaces.
1	Bad value http://www.facebook.com/sharer.php?u=http://www.handmadecharlotte.com/diy-cookie-party-invites/&locale=en_US&t=DIY Printable Cookie Invititations for attribute href on element a: Whitespace in query component. Use %20 in place of spaces.
1	Bad value http://www.facebook.com/sharer.php?u=http://www.handmadecharlotte.com/diy-printable-birthday-party-checklist/&locale=en_US&t=DIY Printable Birthday Party Checklist for attribute href on element a: Whitespace in query component. Use %20 in place of spaces.
1	Bad value http://pinterest.com/pin/create/button/?url=http://www.handmadecharlotte.com/giveaway-stock-your-fridge-with-double-duty-foods/&media=http://www.handmadecharlotte.com/wp-content/uploads/2012/07/lg-fridge.jpg&description=GIVEAWAY: Stock Your Fridge with Double-Duty Foods for attribute href on element a: Whitespace in query component. Use %20 in place of spaces.
1	Bad value http://www.facebook.com/sharer.php?u=http://www.handmadecharlotte.com/giveaway-stock-your-fridge-with-double-duty-foods/&locale=en_US&t=GIVEAWAY: Stock Your Fridge with Double-Duty Foods for attribute href on element a: Whitespace in query component. Use %20 in place of spaces.
1	Bad value http://pinterest.com/pin/create/button/?url=http://www.handmadecharlotte.com/diy-cookie-party-invites/&media=http://www.handmadecharlotte.com/wp-content/uploads/2012/08/1-printable-cookie-invitation.jpg&description=DIY Printable Cookie Invititations for attribute href on element a: Whitespace in query component. Use %20 in place of spaces.
1	reference to entity "CustomerVideo" for which no system identifier could be generated
1	general entity "PlayerSkin" not defined and no default entity
1	Bad value X-Wix-Application-Instance-Id for attribute http-equiv on element meta.
1	Bad value X-Wix-Published-Version for attribute http-equiv on element meta.
1	Bad value X-Wix-Meta-Site-Id for attribute http-equiv on element meta.
1	Bad value X-Wix-Renderer-Server for attribute http-equiv on element meta.
1	Bad value fb_admins_meta_tag for attribute name on element meta: Keyword fb_admins_meta_tag is not registered.
1	Bad value etag for attribute http-equiv on element meta.
1	Attribute comp not allowed on element div at this point.
1	Bad value og:video:width for attribute name on element meta: Keyword og:video:width is not registered.
1	Bad value og:video:type for attribute name on element meta: Keyword og:video:type is not registered.
1	Bad value og:video for attribute name on element meta: Keyword og:video is not registered.
1	Attribute skin not allowed on element div at this point.
1	reference to entity "xres" for which no system identifier could be generated
1	general entity "xres" not defined and no default entity
1	general entity "PlayerPlays" not defined and no default entity
1	reference to entity "PlayerPlays" for which no system identifier could be generated
1	reference to entity "PlayerWidth" for which no system identifier could be generated
1	general entity "PlayerWidth" not defined and no default entity
1	reference to entity "PlayerSkin" for which no system identifier could be generated
1	general entity "PlayerTitles" not defined and no default entity
1	reference to entity "PlayerTitles" for which no system identifier could be generated
1	reference to entity "teamnum" for which no system identifier could be generated
1	general entity "teamnum" not defined and no default entity
1	general entity "afsid" not defined and no default entity
1	general entity "zs" not defined and no default entity
1	Bad value http://pinterest.com/pin/create/button/?url=http://www.handmadecharlotte.com/bauhaus-blocks-when-typography-meets-toy-design/&media=http://www.handmadecharlotte.com/wp-content/uploads/2013/01/Bauhaus-Blocks-4.jpg&description=Bauhaus Blocks: Typography Meets Toy Design for attribute href on element a: Whitespace in query component. Use %20 in place of spaces.
1	Bad value http://www.facebook.com/sharer.php?u=http://www.handmadecharlotte.com/bauhaus-blocks-when-typography-meets-toy-design/&locale=en_US&t=Bauhaus Blocks: Typography Meets Toy Design for attribute href on element a: Whitespace in query component. Use %20 in place of spaces.
1	ID "templatemo_main" already defined
1	general entity "nbdigits" not defined and no default entity
1	there is no attribute "linktarget"
1	reference to entity "idcon" for which no system identifier could be generated
1	general entity "idcon" not defined and no default entity
1	reference to entity "nbdigits" for which no system identifier could be generated
1	general entity "initCount" not defined and no default entity
1	general entity "bundleSku" not defined and no default entity
1	ID "social" already defined
1	ID "templatemo_sidebarHEADER" already defined
1	reference to entity "initCount" for which no system identifier could be generated
1	general entity "idbib" not defined and no default entity
1	general entity "idart" not defined and no default entity
1	Duplicate ID IDCommentPostInfoGuid230.
1	general entity "concelho" not defined and no default entity
1	Duplicate ID IDCommentPostInfoAuthor230.
1	Duplicate ID IDCommentPostInfoTime230.
1	Duplicate ID IDCommentPostInfoTitle230.
1	reference to entity "concelho" for which no system identifier could be generated
1	end tag for "LINK" omitted, but OMITTAG NO was specified
1	general entity "cat" not defined and no default entity
1	general entity "iddest" not defined and no default entity
1	general entity "idaut" not defined and no default entity
1	general entity "idt" not defined and no default entity
1	there is no attribute "longdesc"
1	"screen" is not a member of a group specified for any attribute
1	Bad value http://www.facebook.com/sharer.php?u=http://www.handmadecharlotte.com/a-boys-room-in-belgium/&locale=en_US&t=A Boy's Room in Belgium for attribute href on element a: Whitespace in query component. Use %20 in place of spaces.
1	Bad value http://pinterest.com/pin/create/button/?url=http://www.handmadecharlotte.com/a-boys-room-in-belgium/&media=http://www.handmadecharlotte.com/wp-content/uploads/2013/02/3-boys-room-loft-bed.jpg&description=A Boy's Room in Belgium for attribute href on element a: Whitespace in query component. Use %20 in place of spaces.
1	Bad value http://pinterest.com/pin/create/button/?url=http://www.handmadecharlotte.com/a-the-tools-of-the-trade/&media=http://www.handmadecharlotte.com/wp-content/uploads/2013/02/3-cool-kids-design.jpg&description=Tools Of The Trade for attribute href on element a: Whitespace in query component. Use %20 in place of spaces.
1	Bad value http://www.facebook.com/sharer.php?u=http://www.handmadecharlotte.com/a-the-tools-of-the-trade/&locale=en_US&t=Tools Of The Trade for attribute href on element a: Whitespace in query component. Use %20 in place of spaces.
1	Bad value http://pinterest.com/pin/create/button/?url=http://www.handmadecharlotte.com/coolest-valentine-ever/&media=http://www.handmadecharlotte.com/wp-content/uploads/2013/02/1-misako-valentine-card4.jpg&description=Handmade Valentine With A Hidden Surprise for attribute href on element a: Whitespace in query component. Use %20 in place of spaces.
1	Bad value http://www.facebook.com/sharer.php?u=http://www.handmadecharlotte.com/diy-bear-kiddo-tee/&locale=en_US&t=DIY Bear Kiddo Tee for attribute href on element a: Whitespace in query component. Use %20 in place of spaces.
1	Bad value http://pinterest.com/pin/create/button/?url=http://www.handmadecharlotte.com/diy-bear-kiddo-tee/&media=http://www.handmadecharlotte.com/wp-content/uploads/2013/02/1-diy-kids-shirt.jpg&description=DIY Bear Kiddo Tee for attribute href on element a: Whitespace in query component. Use %20 in place of spaces.
1	Bad value http://pinterest.com/pin/create/button/?url=http://www.handmadecharlotte.com/gorgeous-handmade-decor-for-kids-rooms/&media=http://www.handmadecharlotte.com/wp-content/uploads/2013/02/1-wool-fabrique.jpg&description=Gorgeous Handmade Decor For Kid's Rooms for attribute href on element a: Whitespace in query component. Use %20 in place of spaces.
1	Bad value http://www.facebook.com/sharer.php?u=http://www.handmadecharlotte.com/gorgeous-handmade-decor-for-kids-rooms/&locale=en_US&t=Gorgeous Handmade Decor For Kid's Rooms for attribute href on element a: Whitespace in query component. Use %20 in place of spaces.
1	Bad value http://pinterest.com/pin/create/button/?url=http://www.handmadecharlotte.com/diy-paper-city-carry-paris-in-your-pocket/&media=http://www.handmadecharlotte.com/wp-content/uploads/2013/02/made-by-joel-printable.jpg&description=DIY Paper City: Carry Paris In Your Pocket! for attribute href on element a: Whitespace in query component. Use %20 in place of spaces.
1	Bad value http://www.facebook.com/sharer.php?u=http://www.handmadecharlotte.com/diy-paper-city-carry-paris-in-your-pocket/&locale=en_US&t=DIY Paper City: Carry Paris In Your Pocket! for attribute href on element a: Whitespace in query component. Use %20 in place of spaces.
1	Bad value http://www.facebook.com/sharer.php?u=http://www.handmadecharlotte.com/coolest-valentine-ever/&locale=en_US&t=Handmade Valentine With A Hidden Surprise for attribute href on element a: Whitespace in query component. Use %20 in place of spaces.
1	Bad value http://pinterest.com/pin/create/button/?url=http://www.handmadecharlotte.com/best-father-son-moment-ever/&media=http://www.handmadecharlotte.com/wp-content/uploads/2013/02/father-son-photo.jpg&description=Best Father & Son Moment Ever for attribute href on element a: Whitespace in query component. Use %20 in place of spaces.
1	"One" is not a member of a group specified for any attribute
1	"HTC" is not a member of a group specified for any attribute
1	"Glass" is not a member of a group specified for any attribute
1	"Gorilla" is not a member of a group specified for any attribute
1	"SV" is not a member of a group specified for any attribute
1	ID "vha-mod-rhs-contextual-link" already defined
1	Bad value http://www.facebook.com/sharer.php?u=http://www.handmadecharlotte.com/best-father-son-moment-ever/&locale=en_US&t=Best Father & Son Moment Ever for attribute href on element a: Whitespace in query component. Use %20 in place of spaces.
1	Bad value http://www.isw.info/content/algemeen/Banners/banner 2012-2013/groep8.gif for attribute src on element img: Whitespace in path component. Use %20 in place of spaces.
1	Bad value http://www.isw.info/content/algemeen/Banners/banner 2012-2013/meest-gestelde-vragen.gif for attribute src on element img: Whitespace in path component. Use %20 in place of spaces.
1	XHTML element META not allowed as child of XHTML element head in this context. (Suppressing further errors from this subtree.)
1	general entity "PAGE_URL" not defined and no default entity
1	reference to entity "PAGE_URL" for which no system identifier could be generated
1	end tag for "gNumBoxes18106" omitted, but OMITTAG NO was specified
1	"Baldwinson" is not a member of a group specified for any attribute
1	element "gNumBoxes18106" undefined
1	ID "playerlist1_81958" already defined
1	"Watkins" is not a member of a group specified for any attribute
1	"Blake" is not a member of a group specified for any attribute
1	"Briscoe" is not a member of a group specified for any attribute
1	"Halifihi" is not a member of a group specified for any attribute
1	"Foster" is not a member of a group specified for any attribute
1	"Duckworth" is not a member of a group specified for any attribute
1	"Chisholm" is not a member of a group specified for any attribute
1	ID "playerlist1_97040" already defined
1	ID "playerlist1_109263" already defined
1	"Moon" is not a member of a group specified for any attribute
1	ID "playerlist1_105504" already defined
1	ID "playerlist1_81967" already defined
1	"McShane" is not a member of a group specified for any attribute
1	ID "playerlist1_81347" already defined
1	"Moore" is not a member of a group specified for any attribute
1	ID "playerlist1_73674" already defined
1	ID "playerlist1_81418" already defined
1	"Sinfield" is not a member of a group specified for any attribute
1	ID "playerlist1_81387" already defined
1	"Peacock" is not a member of a group specified for any attribute
1	"Handley" is not a member of a group specified for any attribute
1	"Harper" is not a member of a group specified for any attribute
1	there is no attribute "thedata"
1	general entity "value" not defined and no default entity
1	ID "buscador" already defined
1	there is no attribute "span"
1	"White" is not a member of a group specified for any attribute
1	there is no attribute "ad-data"
1	general entity "psid" not defined and no default entity
1	there is no attribute "suda-uatrack"
1	reference to entity "wbVersion" for which no system identifier could be generated
1	general entity "wbVersion" not defined and no default entity
1	reference to entity "psid" for which no system identifier could be generated
1	"Watson" is not a member of a group specified for any attribute
1	"Tonks" is not a member of a group specified for any attribute
1	"Milton" is not a member of a group specified for any attribute
1	"Minchella" is not a member of a group specified for any attribute
1	"McAvoy" is not a member of a group specified for any attribute
1	"Lee" is not a member of a group specified for any attribute
1	"Hudson" is not a member of a group specified for any attribute
1	"Minns" is not a member of a group specified for any attribute
1	"Mulhern" is not a member of a group specified for any attribute
1	"Sutcliffe" is not a member of a group specified for any attribute
1	"Sunley" is not a member of a group specified for any attribute
1	"Stableford" is not a member of a group specified for any attribute
1	"Robson" is not a member of a group specified for any attribute
1	"McGuire" is not a member of a group specified for any attribute
1	ID "playerlist1_81326" already defined
1	reference to entity "_register_WAR_ena2010personalspaceportlet_redirect" for which no system identifier could be generated
1	general entity "_my_space_login_struts_action" not defined and no default entity
1	general entity "_register_WAR_ena2010personalspaceportlet_redirect" not defined and no default entity
1	there is no attribute "portletid"
1	there is no attribute "classname"
1	reference to entity "_my_space_login_struts_action" for which no system identifier could be generated
1	element "gNumBoxes18088" undefined
1	ID "playerlist1_81153" already defined
1	"Ablett" is not a member of a group specified for any attribute
1	general entity "campid" not defined and no default entity
1	end tag for "gNumBoxes18088" omitted, but OMITTAG NO was specified
1	there is no attribute "headercss"
1	general entity "_my_space_login_redirect" not defined and no default entity
1	element "checkj" undefined
1	end tag for "checkj" omitted, but OMITTAG NO was specified
1	element "checkoldj" undefined
1	element "arr1.length" undefined
1	reference to entity "clickType" for which no system identifier could be generated
1	end tag for "checkoldj" omitted, but OMITTAG NO was specified
1	end tag for "arr1.length" omitted, but OMITTAG NO was specified
1	ID "column-3" already defined
1	general entity "languageId" not defined and no default entity
1	general entity "_82_redirect" not defined and no default entity
1	character "$" is not allowed in the value of attribute "target"
1	ID "playerlist1_108520" already defined
1	"Bailey" is not a member of a group specified for any attribute
1	"Jones-Bishop" is not a member of a group specified for any attribute
1	ID "playerlist1_81959" already defined
1	ID "playerlist1_83012" already defined
1	"Hood" is not a member of a group specified for any attribute
1	ID "playerlist1_98966" already defined
1	"Jones-Buchanan" is not a member of a group specified for any attribute
1	ID "playerlist1_81313" already defined
1	"Leuluai" is not a member of a group specified for any attribute
1	ID "playerlist1_81318" already defined
1	"Kirke" is not a member of a group specified for any attribute
1	ID "playerlist1_102780" already defined
1	"Hardaker" is not a member of a group specified for any attribute
1	ID "playerlist1_81280" already defined
1	"Clarkson" is not a member of a group specified for any attribute
1	ID "playerlist1_81187" already defined
1	"Burrow" is not a member of a group specified for any attribute
1	ID "playerlist1_81162" already defined
1	ID "playerlist1_83003" already defined
1	"Delaney" is not a member of a group specified for any attribute
1	"Hall" is not a member of a group specified for any attribute
1	ID "playerlist1_81273" already defined
1	"Griffin" is not a member of a group specified for any attribute
1	ID "playerlist1_94689" already defined
1	there is no attribute "action-data"
1	general entity "mpid" not defined and no default entity
1	Duplicate ID Campaign_ID.
1	Duplicate ID member_status-label.
1	Duplicate ID Campaign_ID-element.
1	Duplicate ID Campaign_ID-label.
1	Duplicate ID submitButton-element.
1	Duplicate ID member_status-element.
1	Duplicate ID member_status.
1	reference to entity "focus" for which no system identifier could be generated
1	general entity "focus" not defined and no default entity
1	there is no attribute "data-vfAjaxParams"
1	Bad value //googleads.g.doubleclick.net/pagead/viewthroughconversion/1024448116/?value=0&label=KtwH
    CLTX3wMQ9Ky_6AM&guid=ON&script=0 for attribute src on element img: Control character in query component.
1	Duplicate ID submitButton-label.
1	Duplicate ID formId.
1	Duplicate ID title-element.
1	Duplicate ID company-label.
1	Duplicate ID title-label.
1	Duplicate ID last_name-element.
1	Duplicate ID last_name-label.
1	Duplicate ID company-element.
1	Duplicate ID company.
1	Duplicate ID formId-element.
1	Duplicate ID formId-label.
1	Duplicate ID phone-element.
1	Duplicate ID phone-label.
1	general entity "static" not defined and no default entity
1	reference to entity "static" for which no system identifier could be generated
1	reference to entity "SUB_TOPIC_NAME" for which no system identifier could be generated
1	ID "videoURL" already defined
1	general entity "SUB_TOPIC_NAME" not defined and no default entity
1	general entity "NAVIGATION_TOPIC_ID" not defined and no default entity
1	reference to entity "browseType" for which no system identifier could be generated
1	ID "sendVideoURL" already defined
1	Bad value {'name' : 'emailFriend', 'dim': {'width': 772, 'height': 550}} for attribute rel on element a: Illegal character in scheme component. The string {'name' is not a registered keyword or absolute URL.
1	Unclosed element description.
1	Element description not allowed as child of element p in this context. (Suppressing further errors from this subtree.)
1	Bad value {'name':'reviewsPopup', 'dim':{'width':'790', 'height':560}} for attribute rel on element a: Illegal character in scheme component. The string {'name':'reviewspopup', is not a registered keyword or absolute URL.
1	Bad value {'dim': {'width': 650, 'height': 700}} for attribute rel on element a: Illegal character in scheme component. The string {'dim': is not a registered keyword or absolute URL.
1	general entity "browseType" not defined and no default entity
1	reference to entity "hidefindbar" for which no system identifier could be generated
1	general entity "LEVEL_ID" not defined and no default entity
1	general entity "FEATURE_TOP_ID" not defined and no default entity
1	general entity "Product.Mobile.Voice.Tariff" not defined and no default entity
1	general entity "Product.Mobile.Vorteilspaket" not defined and no default entity
1	general entity "Product.Landline.Net.DSL.Bandwidth" not defined and no default entity
1	general entity "HANDLERMODE" not defined and no default entity
1	general entity "FOLLOW" not defined and no default entity
1	general entity "hidefindbar" not defined and no default entity
1	reference to entity "shopid" for which no system identifier could be generated
1	general entity "shopid" not defined and no default entity
1	reference to entity "FOLLOW" for which no system identifier could be generated
1	Duplicate ID first_name-element.
1	Duplicate ID first_name-label.
1	reference to entity "this.onToday" for which no system identifier could be generated
1	general entity "this.IsSame" not defined and no default entity
1	general entity "this.onToday" not defined and no default entity
1	element "els.length" undefined
1	document type does not allow element "h1" here; assuming missing "li" start-tag
1	reference to entity "this.IsSame" for which no system identifier could be generated
1	general entity "this.onSelectDay" not defined and no default entity
1	general entity "b.getDate" not defined and no default entity
1	reference to entity "b.getMonth" for which no system identifier could be generated
1	general entity "b.getMonth" not defined and no default entity
1	reference to entity "this.onSelectDay" for which no system identifier could be generated
1	general entity "camid" not defined and no default entity
1	general entity "advid" not defined and no default entity
1	general entity "wvr" not defined and no default entity
1	general entity "bottomnav" not defined and no default entity
1	reference to entity "display" for which no system identifier could be generated
1	general entity "display" not defined and no default entity
1	reference to entity "mpid" for which no system identifier could be generated
1	reference to entity "bottomnav" for which no system identifier could be generated
1	general entity "_a" not defined and no default entity
1	end tag for "clen" omitted, but OMITTAG NO was specified
1	element "clen" undefined
1	reference to entity "els" for which no system identifier could be generated
1	general entity "els" not defined and no default entity
1	reference to entity "b.getDate" for which no system identifier could be generated
1	end tag for "els.length" omitted, but OMITTAG NO was specified
1	general entity "t_cate" not defined and no default entity
1	character "？" is not allowed in the value of attribute "target"
1	reference to entity "f_cate" for which no system identifier could be generated
1	general entity "f_cate" not defined and no default entity
1	general entity "fee" not defined and no default entity
1	general entity "local" not defined and no default entity
1	reference to entity "local" for which no system identifier could be generated
1	Duplicate ID oid.
1	Duplicate ID oid-element.
1	Duplicate ID oid-label.
1	Bad value x-tabletattribute for attribute name on element meta: Keyword x-tabletattribute is not registered.
1	general entity "o_type" not defined and no default entity
1	reference to entity "cus" for which no system identifier could be generated
1	general entity "ds" not defined and no default entity
1	general entity "cs" not defined and no default entity
1	end tag for "c.length" omitted, but OMITTAG NO was specified
1	element "c.length" undefined
1	general entity "wl" not defined and no default entity
1	reference to entity "wl" for which no system identifier could be generated
1	general entity "cus" not defined and no default entity
1	general entity "db" not defined and no default entity
1	reference to entity "rf" for which no system identifier could be generated
1	general entity "rf" not defined and no default entity
1	general entity "clickType" not defined and no default entity
1	there is no attribute "fragmentId"
1	Attribute onpaste not allowed on element input at this point.
1	Bad value 76px for attribute height on element img: Expected a digit but saw p instead.
1	Attribute target not allowed on element span at this point.
1	Bad value url for attribute itemscope on element a.
1	Bad value git@github.com:tapir-dream/berserkJS.git for attribute href on element a: Illegal character in scheme component.
1	there is no attribute "w:cur"
1	there is no attribute "hideFocus"
1	general entity "cat_id" not defined and no default entity
1	Duplicate ID footer.
1	Bad value  for attribute id on element textarea: An ID must not be the empty string.
1	there is no attribute "w:tf"
1	Attribute icon_class not allowed on element a at this point.
1	Bad value permalink for attribute rel on element link: Not an absolute IRI. The string permalink is not a registered keyword or absolute URL.
1	Duplicate ID rating_5020_2.
1	ID "staffpicture" already defined
1	Duplicate ID rating_5020_1.
1	Duplicate ID post-ratings-5020.
1	Duplicate ID rating_5025_2.
1	ID "staffdescription" already defined
1	Duplicate ID item-4fd606fa24ace0ef758bef99.
1	Stray end tag aspan.
1	Bad value //ajax.googleapis.com/ajax/libs/jquery/1.9.1/jquery.min. js for attribute src on element script: Whitespace in path component. Use %20 in place of spaces.
1	Duplicate ID item-4fd64d5dc4aab8a0a53c4e51.
1	Duplicate ID item-4fd6070a84aefc97b18aa1dd.
1	general entity "id_str" not defined and no default entity
1	reference to entity "id_str" for which no system identifier could be generated
1	general entity "qnum" not defined and no default entity
1	reference to entity "qnum" for which no system identifier could be generated
1	there is no attribute "data-month"
1	there is no attribute "data-postfix"
1	there is no attribute "data-discount"
1	general entity "head" not defined and no default entity
1	reference to entity "head" for which no system identifier could be generated
1	reference to entity "PartialRenderControlList" for which no system identifier could be generated
1	general entity "PartialRenderControlList" not defined and no default entity
1	end tag for "fieldset" omitted, but OMITTAG NO was specified
1	there is no attribute "tartget"
1	there is no attribute "data-tab-active"
1	there is no attribute "data-tab-id"
1	there is no attribute "data-style"
1	there is no attribute "data-for"
1	there is no attribute "data-query"
1	reference to entity "server_name" for which no system identifier could be generated
1	general entity "server_name" not defined and no default entity
1	there is no attribute "data-detect-oninput"
1	there is no attribute "data-qcbox-placeholder"
1	there is no attribute "data-tab"
1	there is no attribute "data-qcbox-hotcity"
1	there is no attribute "data-qcbox-suggest"
1	there is no attribute "data-qcbox-prefix"
1	Duplicate ID rating_5025_1.
1	Duplicate ID post-ratings-5025.
1	general entity "h.maxwidth" not defined and no default entity
1	general entity "e.css" not defined and no default entity
1	there is no attribute "onmousemove"
1	ID "tabcap" already defined
1	Bad value /images/stories/0 cartelfuncionvirgendelrosario2010.jpg for attribute src on element img: Whitespace in path component. Use %20 in place of spaces.
1	document type does not allow element "q" here
1	general entity "e.hover" not defined and no default entity
1	general entity "c.hover" not defined and no default entity
1	reference to entity "l.hover" for which no system identifier could be generated
1	general entity "l.hover" not defined and no default entity
1	reference to entity "e.hover" for which no system identifier could be generated
1	Bad value /images/stories/0 aaacarreraoficial.jpg for attribute src on element img: Whitespace in path component. Use %20 in place of spaces.
1	Bad value /images/stories/0 aula experiencia.jpg for attribute src on element img: Whitespace in path component. Use %20 in place of spaces.
1	<p>
        Sorry, I am unable to validate this document because on line
        <strong>78</strong>
        it contained one or more bytes that I cannot interpret as
        <code>gb2312</code>
        (in other words, the bytes found are not valid values in the specified
        Character Encoding). Please check both the content of the file and the
        character encoding indication.
      </p>
<p>The error was: 
        euc-cn "\xA8" does not map to Unicode

      </p>
1	there is no attribute "appkey"
1	Attribute length not allowed on element img at this point.
1	Attribute mce_href not allowed on element link at this point.
1	Unnamespaced element style not allowed in this context. (Suppressing further errors from this subtree.)
1	element "wb:share-button" undefined
1	general entity "wm_l" not defined and no default entity
1	<p>
        Sorry, I am unable to validate this document because on line
        <strong>435</strong>
        it contained one or more bytes that I cannot interpret as
        <code>utf-8</code>
        (in other words, the bytes found are not valid values in the specified
        Character Encoding). Please check both the content of the file and the
        character encoding indication.
      </p>
<p>The error was: 
        utf8 "\xF1" does not map to Unicode

      </p>
1	<p>
        Sorry, I am unable to validate this document because on line
        <strong>445</strong>
        it contained one or more bytes that I cannot interpret as
        <code>utf-8</code>
        (in other words, the bytes found are not valid values in the specified
        Character Encoding). Please check both the content of the file and the
        character encoding indication.
      </p>
<p>The error was: 
        utf8 "\xF1" does not map to Unicode

      </p>
1	<p>
        Sorry, I am unable to validate this document because on line
        <strong>390</strong>
        it contained one or more bytes that I cannot interpret as
        <code>utf-8</code>
        (in other words, the bytes found are not valid values in the specified
        Character Encoding). Please check both the content of the file and the
        character encoding indication.
      </p>
<p>The error was: 
        utf8 "\xF1" does not map to Unicode

      </p>
1	reference to entity "wm_l" for which no system identifier could be generated
1	reference to entity "c.hover" for which no system identifier could be generated
1	end tag for "q" omitted, but OMITTAG NO was specified
1	Duplicate ID mid.
1	Element h3 not allowed as child of element a in this context. (Suppressing further errors from this subtree.)
1	<p>
        Sorry, I am unable to validate this document because on line
        <strong>1874</strong>
        it contained one or more bytes that I cannot interpret as
        <code>utf-8</code>
        (in other words, the bytes found are not valid values in the specified
        Character Encoding). Please check both the content of the file and the
        character encoding indication.
      </p>
<p>The error was: 
        utf8 "\xE9" does not map to Unicode

      </p>
1	there is no attribute "mens"
1	there is no attribute "republic"
1	Duplicate ID post-ratings-5039.
1	Duplicate ID rating_5039_1.
1	Duplicate ID rating_5031_2.
1	Duplicate ID rating_5031_1.
1	Duplicate ID post-ratings-5031.
1	Duplicate ID rating_5039_2.
1	there is no attribute "democratic"
1	there is no attribute "ivoire"
1	Attribute colspan not allowed on element table at this point.
1	Attribute href not allowed on element h3 at this point.
1	Duplicate ID player1.
1	Attribute ;font-weight:700 not allowed on element a at this point.
1	"ID" is not allowed as a reserved name here
1	Couldn't find end of Start Tag input line 164
1	ID "fixturerow0" already defined
1	element "noembed" undefined
1	there is no attribute "swliveconnect"
1	Couldn't find end of Start Tag input line 192
1	general entity "widget_marketsource" not defined and no default entity
1	reference to entity "widget_marketsource" for which no system identifier could be generated
1	ID "cms_fragment_3085_2_title" already defined
1	ID "cms_fragment_3085_3_title" already defined
1	ID "cms_fragment_3085_1_title" already defined
1	ID "cms_fragment_3085_ul" already defined
1	ID "cms_fragment_3085" already defined
1	ID "cms_fragment_3085_4_title" already defined
1	ID "cms_fragment_3085_5_title" already defined
1	general entity "jobID" not defined and no default entity
1	ID "cms_fragment_90_3_title" already defined
1	ID "cms_fragment_90_2_title" already defined
1	ID "cms_fragment_90_1_title" already defined
1	ID "cms_control_3086" already defined
1	ID "cms_fragment_276_3_title" already defined
1	ID "cms_fragment_76_7_title" already defined
1	ID "cms_fragment_76_8_title" already defined
1	ID "cms_fragment_76_6_title" already defined
1	ID "cms_fragment_76_5_title" already defined
1	ID "cms_fragment_76_4_title" already defined
1	ID "cms_fragment_76_9_title" already defined
1	ID "cms_fragment_2727_1_title" already defined
1	ID "cms_fragment_276_2_title" already defined
1	ID "cms_fragment_276_1_title" already defined
1	ID "cms_fragment_2727_3_title" already defined
1	ID "cms_fragment_2727_2_title" already defined
1	reference to entity "jobID" for which no system identifier could be generated
1	general entity "newsID" not defined and no default entity
1	ID "cms_fragment_167_3_title" already defined
1	ID "cms_fragment_167_4_title" already defined
1	ID "cms_fragment_167_2_title" already defined
1	ID "cms_fragment_167_1_title" already defined
1	general entity "flxx_id" not defined and no default entity
1	ID "cms_fragment_167_5_title" already defined
1	ID "cms_fragment_167_6_title" already defined
1	reference to entity "SubItem" for which no system identifier could be generated
1	general entity "SubItem" not defined and no default entity
1	general entity "Part" not defined and no default entity
1	there is no attribute "columnnbr"
1	general entity "category_name2" not defined and no default entity
1	ID "cms_fragment_291_3_title" already defined
1	ID "cms_fragment_285_3_title" already defined
1	ID "cms_control_366" already defined
1	ID "cms_fragment_285_2_title" already defined
1	ID "cms_fragment_285_1_title" already defined
1	reference to entity "newsID" for which no system identifier could be generated
1	ID "cms_fragment_407_ul" already defined
1	ID "cms_fragment_407_1_title" already defined
1	ID "cms_fragment_291_2_title" already defined
1	ID "cms_fragment_291_1_title" already defined
1	ID "cms_fragment_407_3_title" already defined
1	ID "cms_fragment_407_2_title" already defined
1	ID "cms_fragment_76_3_title" already defined
1	ID "cms_fragment_76_2_title" already defined
1	there is no attribute "isfavor"
1	there is no attribute "groupid"
1	there is no attribute "fragmenturl"
1	there is no attribute "fragmentid"
1	there is no attribute "ftype"
1	there is no attribute "templatename"
1	there is no attribute "parmamter"
1	there is no attribute "eventtype"
1	there is no attribute "fragmentparmater"
1	there is no attribute "fragmenttag"
1	there is no attribute "dyfragment_static_data"
1	Wrong xmlns attribute for element html. The value should be: http://www.w3.org/1999/xhtml
1	value of fixed attribute "xmlns" not equal to default
1	Bad value attachment wp-att-1162 for attribute rel on element a: Whitespace in path component. Use %20 in place of spaces. The string attachment is not a registered keyword or absolute URL.
1	Bad value attachment wp-att-1161 for attribute rel on element a: Whitespace in path component. Use %20 in place of spaces. The string attachment is not a registered keyword or absolute URL.
1	"first-team-fixtures" is not a member of a group specified for any attribute
1	reference to entity "jsoncallback" for which no system identifier could be generated
1	general entity "jsoncallback" not defined and no default entity
1	Bad value attachment wp-att-1103 for attribute rel on element a: Whitespace in path component. Use %20 in place of spaces. The string attachment is not a registered keyword or absolute URL.
1	Bad value attachment wp-att-1102 for attribute rel on element a: Whitespace in path component. Use %20 in place of spaces. The string attachment is not a registered keyword or absolute URL.
1	Duplicate ID white_color_underline.
1	Bad value attachment wp-att-1000 for attribute rel on element a: Whitespace in path component. Use %20 in place of spaces. The string attachment is not a registered keyword or absolute URL.
1	Bad value attachment wp-att-1006 for attribute rel on element a: Whitespace in path component. Use %20 in place of spaces. The string attachment is not a registered keyword or absolute URL.
1	Bad value attachment wp-att-1101 for attribute rel on element a: Whitespace in path component. Use %20 in place of spaces. The string attachment is not a registered keyword or absolute URL.
1	there is no attribute "ctype"
1	there is no attribute "order"
1	ID "cms_fragment_343_2_title" already defined
1	ID "cms_fragment_230_1_title" already defined
1	ID "cms_fragment_343_1_title" already defined
1	ID "cms_nav_1118" already defined
1	reference to entity "idarticle" for which no system identifier could be generated
1	ID "cms_fragment_230_2_title" already defined
1	ID "cms_fragment_230_3_title" already defined
1	ID "cms_fragment_76_1_title" already defined
1	ID "cms_fragment_243_3_title" already defined
1	ID "cms_fragment_243_2_title" already defined
1	ID "cms_fragment_243_1_title" already defined
1	general entity "idarticle" not defined and no default entity
1	ID "cms_fragment_78_3_title" already defined
1	reference to entity "linkurl" for which no system identifier could be generated
1	general entity "linkurl" not defined and no default entity
1	reference to entity "backurl" for which no system identifier could be generated
1	general entity "backurl" not defined and no default entity
1	general entity "articleId" not defined and no default entity
1	general entity "qy" not defined and no default entity
1	ID "cms_fragment_78_2_title" already defined
1	ID "cms_fragment_78_1_title" already defined
1	reference to entity "rn" for which no system identifier could be generated
1	general entity "rn" not defined and no default entity
1	reference to entity "sec_hash" for which no system identifier could be generated
1	general entity "sec_hash" not defined and no default entity
1	Duplicate ID 954.
1	Bad value attachment wp-att-943 for attribute rel on element a: Whitespace in path component. Use %20 in place of spaces. The string attachment is not a registered keyword or absolute URL.
1	there is no attribute "Name"
1	value of attribute "METHOD" cannot be "LINK"; must be one of "GET", "POST"
1	there is no attribute "G:PLUSONE:SIZE"
1	Bad value attachment wp-att-944 for attribute rel on element a: Whitespace in path component. Use %20 in place of spaces. The string attachment is not a registered keyword or absolute URL.
1	Bad value attachment wp-att-945 for attribute rel on element a: Whitespace in path component. Use %20 in place of spaces. The string attachment is not a registered keyword or absolute URL.
1	Bad value attachment wp-att-951 for attribute rel on element a: Whitespace in path component. Use %20 in place of spaces. The string attachment is not a registered keyword or absolute URL.
1	Bad value attachment wp-att-948 for attribute rel on element a: Whitespace in path component. Use %20 in place of spaces. The string attachment is not a registered keyword or absolute URL.
1	Bad value attachment wp-att-947 for attribute rel on element a: Whitespace in path component. Use %20 in place of spaces. The string attachment is not a registered keyword or absolute URL.
1	Bad value attachment wp-att-946 for attribute rel on element a: Whitespace in path component. Use %20 in place of spaces. The string attachment is not a registered keyword or absolute URL.
1	<p>
        Sorry, I am unable to validate this document because on line
        <strong>1990</strong>
        it contained one or more bytes that I cannot interpret as
        <code>utf-8</code>
        (in other words, the bytes found are not valid values in the specified
        Character Encoding). Please check both the content of the file and the
        character encoding indication.
      </p>
<p>The error was: 
        utf8 "\x9C" does not map to Unicode

      </p>
1	Duplicate ID triangle.
1	<p>
        Sorry, I am unable to validate this document because on line
        <strong>352</strong>
        it contained one or more bytes that I cannot interpret as
        <code>utf-8</code>
        (in other words, the bytes found are not valid values in the specified
        Character Encoding). Please check both the content of the file and the
        character encoding indication.
      </p>
<p>The error was: 
        utf8 "\xBA" does not map to Unicode

      </p>
1	FORBIDDEN
1	<p>
        Sorry, I am unable to validate this document because on line
        <strong>339</strong>
        it contained one or more bytes that I cannot interpret as
        <code>utf-8</code>
        (in other words, the bytes found are not valid values in the specified
        Character Encoding). Please check both the content of the file and the
        character encoding indication.
      </p>
<p>The error was: 
        utf8 "\xBA" does not map to Unicode

      </p>
1	Bad value itis for attribute rel on element a: Not an absolute IRI. The string itis is not a registered keyword or absolute URL.
1	ID "top-a" already defined
1	<p>
        Sorry, I am unable to validate this document because on line
        <strong>12</strong>
        it contained one or more bytes that I cannot interpret as
        <code>utf-8</code>
        (in other words, the bytes found are not valid values in the specified
        Character Encoding). Please check both the content of the file and the
        character encoding indication.
      </p>
<p>The error was: 
        utf8 "\xAB" does not map to Unicode

      </p>
1	Text not allowed in element figure in this context.
1	Bad value #overlay_presse for attribute rel on element a: Not an absolute IRI. The string #overlay_presse is not a registered keyword or absolute URL.
1	<p>
        Sorry, I am unable to validate this document because on line
        <strong>342</strong>
        it contained one or more bytes that I cannot interpret as
        <code>utf-8</code>
        (in other words, the bytes found are not valid values in the specified
        Character Encoding). Please check both the content of the file and the
        character encoding indication.
      </p>
<p>The error was: 
        utf8 "\xBA" does not map to Unicode

      </p>
1	Duplicate ID wpzmr.
1	Attribute terget not allowed on element a at this point.
1	Bad value attachment wp-att-950 for attribute rel on element a: Whitespace in path component. Use %20 in place of spaces. The string attachment is not a registered keyword or absolute URL.
1	Bad value attachment wp-att-952 for attribute rel on element a: Whitespace in path component. Use %20 in place of spaces. The string attachment is not a registered keyword or absolute URL.
1	there is no attribute "data-num"
1	general entity "ls" not defined and no default entity
1	Bad value images/freelinked in.png for attribute src on element img: Whitespace in path component. Use %20 in place of spaces.
1	<p>
        Sorry, I am unable to validate this document because on line
        <strong>313</strong>
        it contained one or more bytes that I cannot interpret as
        <code>utf-8</code>
        (in other words, the bytes found are not valid values in the specified
        Character Encoding). Please check both the content of the file and the
        character encoding indication.
      </p>
<p>The error was: 
        utf8 "\xF4" does not map to Unicode

      </p>
1	there is no attribute "p"
1	DNS lookup failure resolving resource domain name
1	Authorization Required
1	Bad value http://wplift.com/30-unusual-fresh-and- creative-wordpress-site-designs-10 for attribute href on element a: Whitespace in path component. Use %20 in place of spaces.
1	Bad value http://wplift.com/30-unusual-fresh-and- creative-wordpress-site-designs-6 for attribute href on element a: Whitespace in path component. Use %20 in place of spaces.
1	Bad value http://wplift.com/30-unusual-fresh-and-creative-wordpress-blog- designs-3/ for attribute href on element a: Whitespace in path component. Use %20 in place of spaces.
1	Bad value http://wplift.com/30- unusual-fresh-and-creative-wordpress-blog-designs-2 for attribute href on element a: Whitespace in path component. Use %20 in place of spaces.
1	XHTML element title not allowed as child of XHTML element head in this context. (Suppressing further errors from this subtree.)
1	Element src not allowed as child of element body in this context. (Suppressing further errors from this subtree.)
1	Duplicate ID 70.
1	Duplicate ID 66.
1	Duplicate ID 83.
1	Duplicate ID 86.
1	Duplicate ID 942.
1	Duplicate ID 55.
1	Duplicate ID 53.
1	Duplicate ID curtain.
1	Bad value http://leadback.advertising.com/adcedge/lb?site=695501&betr=godaddy_cs=[+]1[720],3[8760]%20<http://leadback.advertising.com/adcedge/lb?site=695501&betr=godaddy_cs=%5b+%5d1%5b720%5d,3%5b8760%5d> for attribute src on element img: Illegal character in query component.
1	Duplicate ID magicBoxContent.
1	<p>
        Sorry, I am unable to validate this document because on line
        <strong>9</strong>
        it contained one or more bytes that I cannot interpret as
        <code>utf-8</code>
        (in other words, the bytes found are not valid values in the specified
        Character Encoding). Please check both the content of the file and the
        character encoding indication.
      </p>
<p>The error was: 
        utf8 "\xE9" does not map to Unicode

      </p>
1	reference to entity "iwloc" for which no system identifier could be generated
1	general entity "iwloc" not defined and no default entity
1	Opening and ending tag mismatch: div line 183 and a
1	Couldn't find end of Start Tag a line 212
1	Couldn't find end of Start Tag a line 210
1	Opening and ending tag mismatch: div line 202 and a
1	Couldn't find end of Start Tag a line 208
1	Couldn't find end of Start Tag a line 251
1	Opening and ending tag mismatch: div line 248 and a
1	Couldn't find end of Start Tag a line 257
1	Couldn't find end of Start Tag a line 255
1	Opening and ending tag mismatch: div line 247 and a
1	Couldn't find end of Start Tag a line 253
1	Opening and ending tag mismatch: div line 203 and a
1	Couldn't find end of Start Tag a line 206
1	Couldn't find end of Start Tag a line 594
1	Couldn't find end of Start Tag a line 217
1	Opening and ending tag mismatch: div line 565 and a
1	Couldn't find end of Start Tag a line 592
1	Opening and ending tag mismatch: div line 584 and a
1	Opening and ending tag mismatch: div line 214 and a
1	Couldn't find end of Start Tag a line 219
1	Couldn't find end of Start Tag a line 223
1	Opening and ending tag mismatch: div line 194 and a
1	Couldn't find end of Start Tag a line 221
1	Opening and ending tag mismatch: div line 213 and a
1	Couldn't find end of Start Tag a line 232
1	Opening and ending tag mismatch: div line 229 and a
1	ID "comment-6a00e54fb013da883401538f9aa01e970b-content" already defined
1	required character (found  ) (expected ;)
1	End tag h5 seen, but there were open elements.
1	<!DOCTYPE html PUBLIC "-//W3C//DTD HTML 4.01 Transitional//EN" "">
1	general entity "res" not defined and no default entity
1	Bad value 2012-05-27 19:05:00 -0700 for attribute datetime on element time: The literal did not satisfy the time-datetime format.
1	Bad value 2012-04-13 17:49:52 -0700 for attribute datetime on element time: The literal did not satisfy the time-datetime format.
1	<p>
        Sorry, I am unable to validate this document because on line
        <strong>173</strong>
        it contained one or more bytes that I cannot interpret as
        <code>utf-8</code>
        (in other words, the bytes found are not valid values in the specified
        Character Encoding). Please check both the content of the file and the
        character encoding indication.
      </p>
<p>The error was: 
        utf8 "\xA0" does not map to Unicode

      </p>
1	general entity "bn" not defined and no default entity
1	Forbidden
1	Bad value 2012-04-12 11:00:00 -0700 for attribute datetime on element time: The literal did not satisfy the time-datetime format.
1	general entity "rls" not defined and no default entity
1	Couldn't find end of Start Tag a line 230
1	Couldn't find end of Start Tag a line 238
1	Opening and ending tag mismatch: div line 209 and a
1	Couldn't find end of Start Tag a line 236
1	Couldn't find end of Start Tag a line 234
1	Couldn't find end of Start Tag a line 224
1	Opening and ending tag mismatch: div line 221 and a
1	Opening and ending tag mismatch: div line 201 and a
1	Couldn't find end of Start Tag a line 228
1	Opening and ending tag mismatch: div line 220 and a
1	Couldn't find end of Start Tag a line 226
1	Bad value http://wplift.com/30-unusual-fresh- creative-wordpress-site-designs-14 for attribute href on element a: Whitespace in path component. Use %20 in place of spaces.
1	Redirect loop deteted
1	"offer" is not a member of a group specified for any attribute
1	"customer" is not a member of a group specified for any attribute
1	"knowingly" is not a member of a group specified for any attribute
1	"never" is not a member of a group specified for any attribute
1	"will" is not a member of a group specified for any attribute
1	"any" is not a member of a group specified for any attribute
1	"product" is not a member of a group specified for any attribute
1	"not" is not a member of a group specified for any attribute
1	"is" is not a member of a group specified for any attribute
1	"service" is not a member of a group specified for any attribute
1	"or" is not a member of a group specified for any attribute
1	"We" is not a member of a group specified for any attribute
1	NOT FOUND
1	general entity "wh" not defined and no default entity
1	general entity "px" not defined and no default entity
1	general entity "im" not defined and no default entity
1	reference to entity "host" for which no system identifier could be generated
1	general entity "host" not defined and no default entity
1	element "Форбс.Ру" undefined
1	end tag for "Форбс.Ру" omitted, but OMITTAG NO was specified
1	reference to entity "Aです" for which no system identifier could be generated
1	general entity "Aです" not defined and no default entity
1	ID "present" already defined
1	Attribute validationgroup not allowed on element a at this point.
1	"XMLNS" is not a reserved name
1	<p>
        Sorry, I am unable to validate this document because on line
        <strong>184</strong>
        it contained one or more bytes that I cannot interpret as
        <code>utf-8</code>
        (in other words, the bytes found are not valid values in the specified
        Character Encoding). Please check both the content of the file and the
        character encoding indication.
      </p>
<p>The error was: 
        utf8 "\xA3" does not map to Unicode

      </p>
1	general entity "sP" not defined and no default entity
1	general entity "sF" not defined and no default entity
1	general entity "vF" not defined and no default entity
1	general entity "vP" not defined and no default entity
1	Attribute notice not allowed on element input at this point.
1	general entity "vWd" not defined and no default entity
1	general entity "vHt" not defined and no default entity
1	general entity "aPl" not defined and no default entity
1	general entity "sAH" not defined and no default entity
1	general entity "vY" not defined and no default entity
1	general entity "vX" not defined and no default entity
1	Attribute format not allowed on element input at this point.
1	Attribute fid not allowed on element div at this point.
1	Bad value  for attribute id on element body: An ID must not be the empty string.
1	Duplicate ID myMarker.
1	reference to entity "nacute" for which no system identifier could be generated
1	general entity "nacute" not defined and no default entity
1	<p>
        Sorry, I am unable to validate this document because on line
        <strong>174</strong>
        it contained one or more bytes that I cannot interpret as
        <code>utf-8</code>
        (in other words, the bytes found are not valid values in the specified
        Character Encoding). Please check both the content of the file and the
        character encoding indication.
      </p>
<p>The error was: 
        utf8 "\xA3" does not map to Unicode

      </p>
1	Bad value 2012-12-2 for attribute datetime on element time: The literal did not satisfy the time-datetime format.
1	Duplicate ID comment-nav.
1	Attribute keyword not allowed on element div at this point.
1	Attribute brandurl not allowed on element div at this point.
1	Attribute caturl not allowed on element div at this point.
1	Attribute category not allowed on element div at this point.
1	<p>
        Sorry, I am unable to validate this document because on line
        <strong>935</strong>
        it contained one or more bytes that I cannot interpret as
        <code>utf-8</code>
        (in other words, the bytes found are not valid values in the specified
        Character Encoding). Please check both the content of the file and the
        character encoding indication.
      </p>
<p>The error was: 
        utf8 "\xBA" does not map to Unicode

      </p>
1	<p>
        Sorry, I am unable to validate this document because on line
        <strong>197</strong>
        it contained one or more bytes that I cannot interpret as
        <code>utf-8</code>
        (in other words, the bytes found are not valid values in the specified
        Character Encoding). Please check both the content of the file and the
        character encoding indication.
      </p>
<p>The error was: 
        utf8 "\xA3" does not map to Unicode

      </p>
1	general entity "NAMEofProduct" not defined and no default entity
1	general entity "offset" not defined and no default entity
1	"data-mosaic-loadmore" is not a member of a group specified for any attribute
1	"data-headlines-previous" is not a member of a group specified for any attribute
1	"data-headlines-next" is not a member of a group specified for any attribute
1	Timeout reached retrieving resource
1	Bad value lightbox[1465] for attribute rel on element a: Illegal character in path component. The string lightbox[1465] is not a registered keyword or absolute URL.
1	Bad value mailto:?subject=El día después del «Gong»&body=http://www.lavozdegalicia.es/noticia/amarina/2013/01/21/dia-despues-gong/0003_201301X21C3995.htm for attribute href on element a: Whitespace in query component. Use %20 in place of spaces.
1	<p>
        Sorry, I am unable to validate this document because on line
        <strong>18</strong>
        it contained one or more bytes that I cannot interpret as
        <code>utf-8</code>
        (in other words, the bytes found are not valid values in the specified
        Character Encoding). Please check both the content of the file and the
        character encoding indication.
      </p>
<p>The error was: 
        utf8 "\x96" does not map to Unicode

      </p>
1	<p>
        Sorry, I am unable to validate this document because on line
        <strong>7</strong>
        it contained one or more bytes that I cannot interpret as
        <code>utf-8</code>
        (in other words, the bytes found are not valid values in the specified
        Character Encoding). Please check both the content of the file and the
        character encoding indication.
      </p>
<p>The error was: 
        utf8 "\x92" does not map to Unicode

      </p>
1	Bad value lightbox[119] for attribute rel on element a: The string lightbox[119] is not a registered keyword or absolute URL. Illegal character in path component.
1	there is no attribute "data-headlines"
1	"data-tabs-panel" is not a member of a group specified for any attribute
1	there is no attribute "data-showcase-pagination"
1	there is no attribute "data-mosaic"
1	"data-showcase-previous" is not a member of a group specified for any attribute
1	"data-showcase-next" is not a member of a group specified for any attribute
1	there is no attribute "data-showcase"
1	there is no attribute "data-mosaic-filterby"
1	there is no attribute "data-mosaic-orderby"
1	"data-tabs-navigation" is not a member of a group specified for any attribute
1	there is no attribute "data-tabs"
1	there is no attribute "data-mosaic-order-date"
1	there is no attribute "data-mosaic-order-title"
1	Bad value mailto:?subject=El arroz con berberechos fue la tapa más pedida en la fiesta de Foz&body=http://www.lavozdegalicia.es/noticia/amarina/2013/01/21/arroz-berberechos-tapa-pedida-fiesta-foz/0003_201301X21C29914.htm for attribute href on element a: Whitespace in query component. Use %20 in place of spaces.
1	Bad value mailto:?subject=La plataforma atendió 70 casos de abusos eléctricos en 3 meses&body=http://www.lavozdegalicia.es/noticia/amarina/2013/01/20/plataforma-atendio-70-casos-abusos-electricos-3-meses/0003_201301X20C49919.htm for attribute href on element a: Whitespace in query component. Use %20 in place of spaces.
1	value of attribute "type" cannot be "search"; must be one of "text", "password", "checkbox", "radio", "submit", "reset", "file", "hidden", "image", "button"
1	there is no attribute "results"
1	general entity "partnerref" not defined and no default entity
1	<p>
        Sorry, I am unable to validate this document because on line
        <strong>206</strong>
        it contained one or more bytes that I cannot interpret as
        <code>utf-8</code>
        (in other words, the bytes found are not valid values in the specified
        Character Encoding). Please check both the content of the file and the
        character encoding indication.
      </p>
<p>The error was: 
        utf8 "\x92" does not map to Unicode

      </p>
1	general entity "group" not defined and no default entity
1	general entity "elementid" not defined and no default entity
1	Duplicate ID post-13406.
1	<p>
        Sorry, I am unable to validate this document because on line
        <strong>182</strong>
        it contained one or more bytes that I cannot interpret as
        <code>utf-8</code>
        (in other words, the bytes found are not valid values in the specified
        Character Encoding). Please check both the content of the file and the
        character encoding indication.
      </p>
<p>The error was: 
        utf8 "\x92" does not map to Unicode

      </p>
1	<p>
        Sorry, I am unable to validate this document because on line
        <strong>171</strong>
        it contained one or more bytes that I cannot interpret as
        <code>utf-8</code>
        (in other words, the bytes found are not valid values in the specified
        Character Encoding). Please check both the content of the file and the
        character encoding indication.
      </p>
<p>The error was: 
        utf8 "\x92" does not map to Unicode

      </p>
1	<p>
        Sorry, I am unable to validate this document because on line
        <strong>165</strong>
        it contained one or more bytes that I cannot interpret as
        <code>utf-8</code>
        (in other words, the bytes found are not valid values in the specified
        Character Encoding). Please check both the content of the file and the
        character encoding indication.
      </p>
<p>The error was: 
        utf8 "\x93" does not map to Unicode

      </p>
1	<p>
        Sorry, I am unable to validate this document because on line
        <strong>222</strong>
        it contained one or more bytes that I cannot interpret as
        <code>utf-8</code>
        (in other words, the bytes found are not valid values in the specified
        Character Encoding). Please check both the content of the file and the
        character encoding indication.
      </p>
<p>The error was: 
        utf8 "\xA3" does not map to Unicode

      </p>
1	<p>
        Sorry, I am unable to validate this document because on line
        <strong>114</strong>
        it contained one or more bytes that I cannot interpret as
        <code>utf-8</code>
        (in other words, the bytes found are not valid values in the specified
        Character Encoding). Please check both the content of the file and the
        character encoding indication.
      </p>
<p>The error was: 
        utf8 "\x92" does not map to Unicode

      </p>
1	ID "id73242" already defined
1	Bad value 54px;  for attribute height on element img: Expected a digit but saw p instead.
1	<p>
        Sorry, I am unable to validate this document because on line
        <strong>2022</strong>
        it contained one or more bytes that I cannot interpret as
        <code>utf-8</code>
        (in other words, the bytes found are not valid values in the specified
        Character Encoding). Please check both the content of the file and the
        character encoding indication.
      </p>
<p>The error was: 
        utf8 "\x9C" does not map to Unicode

      </p>
1	ID "topcol" already defined
1	Bad value mailto:?subject=Trece colectivos mariñanos recibirán apoyo económico de la Diputación para «reactivar a economía»&body=http://www.lavozdegalicia.es/noticia/amarina/2013/01/21/trece-colectivos-marinanos-recibiran-apoyo-economico-diputacion-reactivar-economia/0003_201301X21C29918.htm for attribute href on element a: Whitespace in query component. Use %20 in place of spaces.
1	Bad value 263px;  for attribute width on element img: Expected a digit but saw p instead.
1	Element your not allowed as child of element kbd in this context. (Suppressing further errors from this subtree.)
1	Attribute codecs not allowed on element source at this point.
1	<p>
        Sorry, I am unable to validate this document because on line
        <strong>4</strong>
        it contained one or more bytes that I cannot interpret as
        <code>utf-8</code>
        (in other words, the bytes found are not valid values in the specified
        Character Encoding). Please check both the content of the file and the
        character encoding indication.
      </p>
<p>The error was: 
        utf8 "\xD6" does not map to Unicode

      </p>
1	Unclosed element your.
1	End tag kbd seen, but there were open elements.
1	Couldn't find end of Start Tag a line 590
1	Opening and ending tag mismatch: div line 585 and a
1	Bad value shadowbox;height=586;width=686; for attribute rel on element a: Not an absolute IRI. The string shadowbox;height=586;width=686; is not a registered keyword or absolute URL.
1	<p>
        Sorry, I am unable to validate this document because on line
        <strong>224</strong>
        it contained one or more bytes that I cannot interpret as
        <code>utf-8</code>
        (in other words, the bytes found are not valid values in the specified
        Character Encoding). Please check both the content of the file and the
        character encoding indication.
      </p>
<p>The error was: 
        utf8 "\xD0" does not map to Unicode

      </p>
1	Bad value 5015 for attribute rel on element a: Not an absolute IRI. The string 5015 is not a registered keyword or absolute URL.
1	Bad value 4425 for attribute rel on element a: Not an absolute IRI. The string 4425 is not a registered keyword or absolute URL.
1	Bad value 3835 for attribute rel on element a: Not an absolute IRI. The string 3835 is not a registered keyword or absolute URL.
1	<!DOCTYPE html PUBLIC "-//W3C//DTD XHTML+RDFa 1.0//EN" "http://www.w3.org/MarkUp/DTD/xhtml-rdfa-1.dtd">
1	Element bt not allowed as child of element p in this context. (Suppressing further errors from this subtree.)
1	reference to entity "apos" for which no system identifier could be generated
1	general entity "apos" not defined and no default entity
1	<p>
        Sorry, I am unable to validate this document because on line
        <strong>1974</strong>
        it contained one or more bytes that I cannot interpret as
        <code>utf-8</code>
        (in other words, the bytes found are not valid values in the specified
        Character Encoding). Please check both the content of the file and the
        character encoding indication.
      </p>
<p>The error was: 
        utf8 "\x9C" does not map to Unicode

      </p>
1	Unclosed element bt.
1	Bad value 3245 for attribute rel on element a: Not an absolute IRI. The string 3245 is not a registered keyword or absolute URL.
1	Bad value 2655 for attribute rel on element a: Not an absolute IRI. The string 2655 is not a registered keyword or absolute URL.
1	reference to entity "autoPlay" for which no system identifier could be generated
1	general entity "defaultVolume" not defined and no default entity
1	general entity "autoPlay" not defined and no default entity
1	reference to entity "mediaPath" for which no system identifier could be generated
1	general entity "mediaPath" not defined and no default entity
1	reference to entity "defaultVolume" for which no system identifier could be generated
1	<!DOCTYPE html PUBLIC "-//w3c//dtd html 4.01 transitional//en" "">
1	Bad value 2065 for attribute rel on element a: Not an absolute IRI. The string 2065 is not a registered keyword or absolute URL.
1	Bad value 1475 for attribute rel on element a: Not an absolute IRI. The string 1475 is not a registered keyword or absolute URL.
1	Bad value 885 for attribute rel on element a: Not an absolute IRI. The string 885 is not a registered keyword or absolute URL.
1	Bad value 295 for attribute rel on element a: Not an absolute IRI. The string 295 is not a registered keyword or absolute URL.
1	Bad value post-3059 for attribute rel on element a: Not an absolute IRI. The string post-3059 is not a registered keyword or absolute URL.
1	Bad value post-3054 for attribute rel on element a: Not an absolute IRI. The string post-3054 is not a registered keyword or absolute URL.
1	Attribute x not allowed on element meta at this point.
1	Attribute 4 not allowed on element meta at this point.
1	Duplicate attribute for.
1	Duplicate attribute up.
1	Duplicate attribute refund.
1	Attribute 3 not allowed on element meta at this point.
1	Attribute 8ths" not allowed on element meta at this point.
1	Attribute 73mm). not allowed on element meta at this point.
1	Attribute 111mm not allowed on element meta at this point.
1	Attribute (111mm not allowed on element meta at this point.
1	Attribute 7 not allowed on element meta at this point.
1	Duplicate attribute will.
1	Duplicate attribute money.
1	No doctype
1	Duplicate attribute 3.
1	Bad value post-2407 for attribute rel on element a: Not an absolute IRI. The string post-2407 is not a registered keyword or absolute URL.
1	Bad value post-43 for attribute rel on element a: Not an absolute IRI. The string post-43 is not a registered keyword or absolute URL.
1	Bad value post-2406 for attribute rel on element a: Not an absolute IRI. The string post-2406 is not a registered keyword or absolute URL.
1	Duplicate attribute 8ths".
1	Duplicate attribute 1.
1	Duplicate attribute and.
1	Duplicate attribute back.
1	Duplicate attribute words.
1	Duplicate attribute own.
1	reference to entity "showStroke" for which no system identifier could be generated
1	general entity "showStroke" not defined and no default entity
1	Bad value lightbox[362] for attribute rel on element a: Illegal character in path component. The string lightbox[362] is not a registered keyword or absolute URL.
1	Bad value lightbox[346] for attribute rel on element a: Illegal character in path component. The string lightbox[346] is not a registered keyword or absolute URL.
1	Bad value /actualites/ubuntu-for-mobile-debarque-sur-nos-smartphones/?amp;utm_campaign=ubuntu-for-mobile-debarque-sur-nos-smartphones&&PHPSESSID=7ve16qa5boavim6r047am89b65#038;utm_medium=rss&utm_source=rss&replytocom=52#respond for attribute href on element a: Illegal character in fragment component.
1	Bad value /actualites/ubuntu-for-mobile-debarque-sur-nos-smartphones/?amp;utm_campaign=ubuntu-for-mobile-debarque-sur-nos-smartphones&&PHPSESSID=7ve16qa5boavim6r047am89b65#038;utm_medium=rss&utm_source=rss&replytocom=51#respond for attribute href on element a: Illegal character in fragment component.
1	Bad value /actualites/ubuntu-for-mobile-debarque-sur-nos-smartphones/?amp;utm_campaign=ubuntu-for-mobile-debarque-sur-nos-smartphones&&PHPSESSID=7ve16qa5boavim6r047am89b65#038;utm_medium=rss&utm_source=rss&replytocom=49#respond for attribute href on element a: Illegal character in fragment component.
1	Bad value attachment wp-att-319 for attribute rel on element a: Whitespace in path component. Use %20 in place of spaces. The string attachment is not a registered keyword or absolute URL.
1	Bad value attachment wp-att-310 for attribute rel on element a: Whitespace in path component. Use %20 in place of spaces. The string attachment is not a registered keyword or absolute URL.
1	Bad value /developpement/cms/installer-configurer-drupal/?amp;utm_campaign=installer-configurer-drupal&&PHPSESSID=dlu5pdp74e94sndln1crki6i30#038;utm_medium=rss&utm_source=rss&replytocom=48#respond for attribute href on element a: Illegal character in fragment component.
1	Bad value lightbox[73] for attribute rel on element a: The string lightbox[73] is not a registered keyword or absolute URL. Illegal character in path component.
1	Bad value /actualites/blogger-integre-google-plus/?amp;utm_campaign=blogger-integre-google-plus&&PHPSESSID=01f9og7ebiachpfu9c78i6uf04#038;utm_medium=rss&utm_source=rss&replytocom=43#respond for attribute href on element a: Illegal character in fragment component.
1	Bad value lightbox[299] for attribute rel on element a: Illegal character in path component. The string lightbox[299] is not a registered keyword or absolute URL.
1	Bad value /actualites/attente-google-nexus/?amp;utm_campaign=attente-google-nexus&&PHPSESSID=l1kauot4pn2hkco4n009allvj4#038;utm_medium=rss&utm_source=rss&replytocom=53#respond for attribute href on element a: Illegal character in fragment component.
1	Bad value attachment wp-att-409 for attribute rel on element a: Whitespace in path component. Use %20 in place of spaces. The string attachment is not a registered keyword or absolute URL.
1	Bad value schema.DC for attribute rel on element link: Not an absolute IRI. The string schema.dc is not a registered keyword or absolute URL.
1	Bad value PICS-Label for attribute http-equiv on element meta.
1	invalid comment declaration: found delimiter "(" outside comment but inside comment declaration
1	Not Found
1	Internal Server Error
1	Bad value attachment wp-att-441 for attribute rel on element a: Whitespace in path component. Use %20 in place of spaces. The string attachment is not a registered keyword or absolute URL.
1	Bad value attachment wp-att-440 for attribute rel on element a: Whitespace in path component. Use %20 in place of spaces. The string attachment is not a registered keyword or absolute URL.
1	Bad value /webmarketing/reseaux-sociaux/pourquoi-comment-utiliser-twitter/?amp;utm_campaign=pourquoi-comment-utiliser-twitter&&PHPSESSID=7qupftdajmivsnc7r7o7tjjvp7#038;utm_medium=rss&utm_source=rss&replytocom=59#respond for attribute href on element a: Illegal character in fragment component.
1	Bad value /webmarketing/reseaux-sociaux/pourquoi-comment-utiliser-twitter/?amp;utm_campaign=pourquoi-comment-utiliser-twitter&&PHPSESSID=7qupftdajmivsnc7r7o7tjjvp7#038;utm_medium=rss&utm_source=rss&replytocom=58#respond for attribute href on element a: Illegal character in fragment component.
1	Bad value lightbox[399] for attribute rel on element a: The string lightbox[399] is not a registered keyword or absolute URL. Illegal character in path component.
1	Bad value attachment wp-att-439 for attribute rel on element a: Whitespace in path component. Use %20 in place of spaces. The string attachment is not a registered keyword or absolute URL.
1	Bad value /developpement/cms/installer-configurer-drupal/?amp;utm_campaign=installer-configurer-drupal&&PHPSESSID=dlu5pdp74e94sndln1crki6i30#038;utm_medium=rss&utm_source=rss&replytocom=50#respond for attribute href on element a: Illegal character in fragment component.
1	Bad value lightbox[164] for attribute rel on element a: Illegal character in path component. The string lightbox[164] is not a registered keyword or absolute URL.
1	<p>
        Sorry, I am unable to validate this document because on line
        <strong>385</strong>
        it contained one or more bytes that I cannot interpret as
        <code>utf-8</code>
        (in other words, the bytes found are not valid values in the specified
        Character Encoding). Please check both the content of the file and the
        character encoding indication.
      </p>
<p>The error was: 
        utf8 "\xBA" does not map to Unicode

      </p>
1	<p>
        Sorry, I am unable to validate this document because on line
        <strong>338</strong>
        it contained one or more bytes that I cannot interpret as
        <code>utf-8</code>
        (in other words, the bytes found are not valid values in the specified
        Character Encoding). Please check both the content of the file and the
        character encoding indication.
      </p>
<p>The error was: 
        utf8 "\xBA" does not map to Unicode

      </p>
1	<p>
        Sorry, I am unable to validate this document because on line
        <strong>315</strong>
        it contained one or more bytes that I cannot interpret as
        <code>utf-8</code>
        (in other words, the bytes found are not valid values in the specified
        Character Encoding). Please check both the content of the file and the
        character encoding indication.
      </p>
<p>The error was: 
        utf8 "\xBA" does not map to Unicode

      </p>
1	<p>
        Sorry, I am unable to validate this document because on line
        <strong>201</strong>
        it contained one or more bytes that I cannot interpret as
        <code>utf-8</code>
        (in other words, the bytes found are not valid values in the specified
        Character Encoding). Please check both the content of the file and the
        character encoding indication.
      </p>
<p>The error was: 
        utf8 "\xBA" does not map to Unicode

      </p>
1	<p>
        Sorry, I am unable to validate this document because on line
        <strong>334</strong>
        it contained one or more bytes that I cannot interpret as
        <code>utf-8</code>
        (in other words, the bytes found are not valid values in the specified
        Character Encoding). Please check both the content of the file and the
        character encoding indication.
      </p>
<p>The error was: 
        utf8 "\xBA" does not map to Unicode

      </p>
1	<p>
        Sorry, I am unable to validate this document because on line
        <strong>350</strong>
        it contained one or more bytes that I cannot interpret as
        <code>utf-8</code>
        (in other words, the bytes found are not valid values in the specified
        Character Encoding). Please check both the content of the file and the
        character encoding indication.
      </p>
<p>The error was: 
        utf8 "\xBA" does not map to Unicode

      </p>
1	Attribute width not allowed on element blockquote at this point.
1	reference to entity "secondColor" for which no system identifier could be generated
1	general entity "secondColor" not defined and no default entity
1	<!DOCTYPE html PUBLIC "-/W3C/DTD XHTML 1.0 Transitional/EN" "http://www.w3.org/TR/xhtml1/DTD/xhtml1-transitional.dtd">
1	document type "html" already defined
1	<p>
        Sorry, I am unable to validate this document because on line
        <strong>305</strong>
        it contained one or more bytes that I cannot interpret as
        <code>utf-8</code>
        (in other words, the bytes found are not valid values in the specified
        Character Encoding). Please check both the content of the file and the
        character encoding indication.
      </p>
<p>The error was: 
        utf8 "\xBA" does not map to Unicode

      </p>
1	<p>
        Sorry, I am unable to validate this document because on line
        <strong>504</strong>
        it contained one or more bytes that I cannot interpret as
        <code>utf-8</code>
        (in other words, the bytes found are not valid values in the specified
        Character Encoding). Please check both the content of the file and the
        character encoding indication.
      </p>
<p>The error was: 
        utf8 "\xBA" does not map to Unicode

      </p>
1	Opening and ending tag mismatch: div line 88 and a
1	Couldn't find end of Start Tag a line 91
1	Bad value /actualites/ouverture-du-blog-nyini/?amp;utm_campaign=ouverture-du-blog-nyini&&PHPSESSID=k11sjba4e6dk9v2gr5khmng4e7#038;utm_medium=rss&utm_source=rss&replytocom=32#respond for attribute href on element a: Illegal character in fragment component.
1	Bad value /actualites/ouverture-du-blog-nyini/?amp;utm_campaign=ouverture-du-blog-nyini&&PHPSESSID=k11sjba4e6dk9v2gr5khmng4e7#038;utm_medium=rss&utm_source=rss&replytocom=31#respond for attribute href on element a: Illegal character in fragment component.
1	Opening and ending tag mismatch: body line 35 and div
1	Bad value all for attribute rel on element a: Not an absolute IRI. The string all is not a registered keyword or absolute URL.
1	<p>
        Sorry, I am unable to validate this document because on line
        <strong>316</strong>
        it contained one or more bytes that I cannot interpret as
        <code>utf-8</code>
        (in other words, the bytes found are not valid values in the specified
        Character Encoding). Please check both the content of the file and the
        character encoding indication.
      </p>
<p>The error was: 
        utf8 "\xBA" does not map to Unicode

      </p>
1	<p>
        Sorry, I am unable to validate this document because on line
        <strong>225</strong>
        it contained one or more bytes that I cannot interpret as
        <code>utf-8</code>
        (in other words, the bytes found are not valid values in the specified
        Character Encoding). Please check both the content of the file and the
        character encoding indication.
      </p>
<p>The error was: 
        utf8 "\xBA" does not map to Unicode

      </p>
1	Bad value app for attribute rel on element a: Not an absolute IRI. The string app is not a registered keyword or absolute URL.
1	Bad value web for attribute rel on element a: Not an absolute IRI. The string web is not a registered keyword or absolute URL.
1	Attribute inside not allowed on element meta at this point.
1	Attribute drawers not allowed on element meta at this point.
1	Attribute derivative not allowed on element meta at this point.
1	Attribute sparkfun's not allowed on element meta at this point.
1	Attribute breakout not allowed on element meta at this point.
1	Attribute schematic not allowed on element meta at this point.
1	Attribute outputthe not allowed on element meta at this point.
1	Attribute version, not allowed on element meta at this point.
1	Attribute board not allowed on element meta at this point.
1	Attribute our not allowed on element meta at this point.
1	Attribute redesign.as not allowed on element meta at this point.
1	Attribute ground not allowed on element meta at this point.
1	Attribute being not allowed on element meta at this point.
1	Attribute compatible not allowed on element meta at this point.
1	Attribute connectorbreadboard not allowed on element meta at this point.
1	Attribute even not allowed on element meta at this point.
1	Attribute return not allowed on element meta at this point.
1	Attribute shipping. not allowed on element meta at this point.
1	Attribute including not allowed on element meta at this point.
1	Attribute refund not allowed on element meta at this point.
1	Attribute amount not allowed on element meta at this point.
1	Attribute original not allowed on element meta at this point.
1	Attribute pitch not allowed on element meta at this point.
1	Duplicate attribute is.
1	Duplicate attribute breakout.
1	Attribute shipping." not allowed on element meta at this point.
1	Attribute items, not allowed on element meta at this point.
1	Attribute l6470 not allowed on element meta at this point.
1	<p>
        Sorry, I am unable to validate this document because on line
        <strong>221</strong>
        it contained one or more bytes that I cannot interpret as
        <code>utf-8</code>
        (in other words, the bytes found are not valid values in the specified
        Character Encoding). Please check both the content of the file and the
        character encoding indication.
      </p>
<p>The error was: 
        utf8 "\xBA" does not map to Unicode

      </p>
1	<p>
        Sorry, I am unable to validate this document because on line
        <strong>320</strong>
        it contained one or more bytes that I cannot interpret as
        <code>utf-8</code>
        (in other words, the bytes found are not valid values in the specified
        Character Encoding). Please check both the content of the file and the
        character encoding indication.
      </p>
<p>The error was: 
        utf8 "\xBA" does not map to Unicode

      </p>
1	character "(" is not allowed in the value of attribute "name"
1	ID "post-581" already defined
1	ID "post-596" already defined
1	<p>
        Sorry, I am unable to validate this document because on line
        <strong>500</strong>
        it contained one or more bytes that I cannot interpret as
        <code>utf-8</code>
        (in other words, the bytes found are not valid values in the specified
        Character Encoding). Please check both the content of the file and the
        character encoding indication.
      </p>
<p>The error was: 
        utf8 "\xBA" does not map to Unicode

      </p>
1	<p>
        Sorry, I am unable to validate this document because on line
        <strong>307</strong>
        it contained one or more bytes that I cannot interpret as
        <code>utf-8</code>
        (in other words, the bytes found are not valid values in the specified
        Character Encoding). Please check both the content of the file and the
        character encoding indication.
      </p>
<p>The error was: 
        utf8 "\xBA" does not map to Unicode

      </p>
1	Couldn't find end of Start Tag a line 588
1	Couldn't find end of Start Tag body line 66
1	<p>
        Sorry, I am unable to validate this document because on line
        <strong>351</strong>
        it contained one or more bytes that I cannot interpret as
        <code>utf-8</code>
        (in other words, the bytes found are not valid values in the specified
        Character Encoding). Please check both the content of the file and the
        character encoding indication.
      </p>
<p>The error was: 
        utf8 "\xBA" does not map to Unicode

      </p>
1	<p>
        Sorry, I am unable to validate this document because on line
        <strong>205</strong>
        it contained one or more bytes that I cannot interpret as
        <code>utf-8</code>
        (in other words, the bytes found are not valid values in the specified
        Character Encoding). Please check both the content of the file and the
        character encoding indication.
      </p>
<p>The error was: 
        utf8 "\xBA" does not map to Unicode

      </p>
1	ID "post-616" already defined
1	ID "post-668" already defined
1	<!DOCTYPE html PUBLIC "-//W3C//DTD HTML 4.0 Transitional//EN" "">
1	ID "post-712" already defined
1	Attribute hardware." not allowed on element meta at this point.
1	Attribute open not allowed on element meta at this point.
1	Attribute proudly not allowed on element meta at this point.
1	ID "post-717" already defined
1	ID "post-706" already defined
1	"ul" not finished but document ended
1	ID "post-669" already defined
1	ID "post-673" already defined
1	ID "post-689" already defined
1	Attribute send not allowed on element meta at this point.
1	Attribute reason, not allowed on element meta at this point.
1	Attribute defaults not allowed on element meta at this point.
1	Attribute words not allowed on element meta at this point.
1	Attribute word. not allowed on element meta at this point.
1	Attribute one not allowed on element meta at this point.
1	Attribute drawer not allowed on element meta at this point.
1	Attribute dreams, not allowed on element meta at this point.
1	Attribute insights, not allowed on element meta at this point.
1	Attribute hopes, not allowed on element meta at this point.
1	Attribute love, not allowed on element meta at this point.
1	Attribute secrets, not allowed on element meta at this point.
1	Attribute nonsense, not allowed on element meta at this point.
1	Attribute nonsenseeach not allowed on element meta at this point.
1	Attribute own not allowed on element meta at this point.
1	Attribute 5 not allowed on element meta at this point.
1	Attribute 15ths not allowed on element meta at this point.
1	Attribute 2 not allowed on element meta at this point.
1	Attribute 16ths" not allowed on element meta at this point.
1	Attribute 15 not allowed on element meta at this point.
1	Attribute 1 not allowed on element meta at this point.
1	Attribute 16th" not allowed on element meta at this point.
1	Attribute 28mm).choose not allowed on element meta at this point.
1	Attribute 59mm not allowed on element meta at this point.
1	Attribute mm not allowed on element meta at this point.
1	Attribute (24 not allowed on element meta at this point.
1	Attribute plans, not allowed on element meta at this point.
1	Attribute crushes not allowed on element meta at this point.
1	Attribute 100% not allowed on element meta at this point.
1	Attribute customer not allowed on element meta at this point.
1	Attribute committed not allowed on element meta at this point.
1	Attribute am not allowed on element meta at this point.
1	Attribute guaranteei not allowed on element meta at this point.
1	Attribute satisfaction. not allowed on element meta at this point.
1	Attribute unhappy not allowed on element meta at this point.
1	Attribute any not allowed on element meta at this point.
1	Attribute products not allowed on element meta at this point.
1	Attribute cut not allowed on element meta at this point.
1	Attribute laser not allowed on element meta at this point.
1	Attribute money not allowed on element meta at this point.
1	Attribute font.100% not allowed on element meta at this point.
1	Attribute characters not allowed on element meta at this point.
1	Attribute 8 not allowed on element meta at this point.
1	Attribute specify not allowed on element meta at this point.
1	Attribute ideas. not allowed on element meta at this point.
1	Attribute each not allowed on element meta at this point.
1	Attribute comments not allowed on element meta at this point.
1	Attribute script not allowed on element meta at this point.
1	Attribute choose not allowed on element meta at this point.
1	Attribute also not allowed on element meta at this point.
1	Attribute seller. not allowed on element meta at this point.
1	general entity "aRw" not defined and no default entity
1	general entity "bgC" not defined and no default entity
1	reference to entity "fullsize_url" for which no system identifier could be generated
1	ID "bottom" already defined
1	general entity "fullsize_url" not defined and no default entity
1	reference to entity "slideshow_title" for which no system identifier could be generated
1	general entity "slideshow_title" not defined and no default entity
1	ID "view-all" already defined
1	Bad value http://s11.flagcounter.com/map/e9mv/size_s/txt_000000/border_CCCCCC/pageviews_0/viewers_NewVision Vip Online/flags_1/ for attribute src on element img: Whitespace in path component. Use %20 in place of spaces.
1	Bad value showtext('</a><a href= for attribute onmouseover on element a: unterminated string literal
1	Duplicate attribute onmouseover.
1	Bad value showtext('10 Reasons Why Long-distance Relationships Just Don't Work') for attribute onmouseover on element a: missing ) after argument list
1	Bad value showtext('Why dogs are known as man's best friend') for attribute onmouseover on element a: missing ) after argument list
1	reference to entity "config_url" for which no system identifier could be generated
1	general entity "config_url" not defined and no default entity
1	there is no attribute "top"
1	there is no attribute "right"
1	ID "calcsubmit" already defined
1	ID "phone" already defined
1	ID "send-contact" already defined
1	"text-align:" is not a member of a group specified for any attribute
1	"12pt" is not a member of a group specified for any attribute
1	there is no attribute "scale"
1	ID "left" already defined
1	Duplicate ID business.
1	Duplicate ID textInput.
1	Attribute newvision2012.weebly.com not allowed on element a at this point.
1	Attribute top-ten-signs-that-you-may-be-undead.html" not allowed on element a at this point.
1	The bgcolor attribute on the th element is obsolete. Use CSS instead.
1	general entity "Action" not defined and no default entity
1	Attribute " not allowed on element th at this point.
1	Attribute wsite-image-border-thin not allowed on element a at this point.
1	Attribute wsite-image not allowed on element a at this point.
1	reference to entity "Action" for which no system identifier could be generated
1	end tag for element "option" which is not open
1	element "y" undefined
1	"lucida" is not a member of a group specified for any attribute
1	general entity "ad_type_id" not defined and no default entity
1	end tag for element "select" which is not open
1	Bad value http://www.</a></p> </div>



</div>

<div><div class= for attribute href on element a: Host component did not meet the restrictions on DNS names.
1	Duplicate ID tabledescription.
1	Bad value showtext('The World's Luckiest People') for attribute onmouseover on element a: missing ) after argument list
1	Bad value showtext('World's Oldest Living Tree -- 9550 Years Old') for attribute onmouseover on element a: missing ) after argument list
1	Bad value showtext('6 of the World's Greatest Missing Treasures') for attribute onmouseover on element a: missing ) after argument list
1	Bad value showtext('Amazing Things You Didn't Know About Your Pet') for attribute onmouseover on element a: missing ) after argument list
1	Attribute ()" not allowed on element a at this point.
1	Bad value http://newvision2012.weebly.com/top-ten submarines.html for attribute href on element a: Whitespace in path component. Use %20 in place of spaces.
1	Element divid="tabledescription< not allowed as child of element div in this context. (Suppressing further errors from this subtree.)
1	Bad value showtext('Strange Things You Likely Didn't Know ???') for attribute onmouseover on element a: missing ) after argument list
1	Duplicate ID coolmenu.
1	Element style not allowed as child of element a in this context. (Suppressing further errors from this subtree.)
1	Unclosed element divid="tabledescription<.
1	ID "apply-now" already defined
1	there is no attribute "data-nr"
1	Bad value /schedule-service-coupon/?coupon=$40 Off - A/C or Heating Tune-up for attribute href on element a: Whitespace in query component. Use %20 in place of spaces.
1	Bad value /schedule-service-coupon/?coupon=$50 Off Any A/C or Heating Repair for attribute href on element a: Whitespace in query component. Use %20 in place of spaces.
1	general entity "color2" not defined and no default entity
1	general entity "color1" not defined and no default entity
1	"1" is not a member of a group specified for any attribute
1	Bad value /schedule-service-coupon/?coupon=$45 Off Water Heater Replacement for attribute href on element a: Whitespace in query component. Use %20 in place of spaces.
1	Bad value /schedule-service-coupon/?coupon=$35 Off Any Plumbing or Electrical Repair for attribute href on element a: Whitespace in query component. Use %20 in place of spaces.
1	Bad value /schedule-service-coupon/?coupon=Whole-House Surge Protector - 30% Off for attribute href on element a: Whitespace in query component. Use %20 in place of spaces.
1	Bad value /schedule-service-coupon/?coupon=10% Off Any Lighting Installation for attribute href on element a: Whitespace in query component. Use %20 in place of spaces.
1	Bad value /schedule-service-coupon/?coupon=$25 Off Any Ceiling Fan Install for attribute href on element a: Whitespace in query component. Use %20 in place of spaces.
1	Bad value /schedule-service-coupon/?coupon=Free In-home Water Consultation for attribute href on element a: Whitespace in query component. Use %20 in place of spaces.
1	"3" is not a member of a group specified for any attribute
1	there is no attribute "data-direction"
1	reference to entity "_voyageurs::Dispositions_reglementaires__FIMO_FCO_MARCHANDISES" for which no system identifier could be generated
1	general entity "_voyageurs::fimo_fco_-_marchandises_" not defined and no default entity
1	general entity "_voyageurs::Dispositions_reglementaires__FIMO_FCO_MARCHANDISES" not defined and no default entity
1	document type does not allow element "noframes" here
1	value of attribute "scrolling" cannot be "Yes"; must be one of "yes", "no", "auto"
1	reference to entity "_voyageurs::fimo_fco_-_marchandises_" for which no system identifier could be generated
1	general entity "_voyageurs::ECOPILOTE_:_le_" not defined and no default entity
1	<!DOCTYPE html PUBLIC "-//w3c//dtd xhtml 1.0 transitional//en" "http://www.w3.org/tr/xhtml1/dtd/xhtml1-transitional.dtd">
1	reference to entity "_VOYAGEURS" for which no system identifier could be generated
1	general entity "_VOYAGEURS" not defined and no default entity
1	reference to entity "_voyageurs::ECOPILOTE_:_le_" for which no system identifier could be generated
1	<p>
        Sorry, I am unable to validate this document because on line
        <strong>395</strong>
        it contained one or more bytes that I cannot interpret as
        <code>utf-8</code>
        (in other words, the bytes found are not valid values in the specified
        Character Encoding). Please check both the content of the file and the
        character encoding indication.
      </p>
<p>The error was: 
        utf8 "\xE2" does not map to Unicode

      </p>
1	there is no attribute "srch"
1	<p>
        Sorry, I am unable to validate this document because on line
        <strong>568</strong>
        it contained one or more bytes that I cannot interpret as
        <code>utf-8</code>
        (in other words, the bytes found are not valid values in the specified
        Character Encoding). Please check both the content of the file and the
        character encoding indication.
      </p>
<p>The error was: 
        utf8 "\xA9" does not map to Unicode

      </p>
1	<p>
        Sorry, I am unable to validate this document because on line
        <strong>525</strong>
        it contained one or more bytes that I cannot interpret as
        <code>utf-8</code>
        (in other words, the bytes found are not valid values in the specified
        Character Encoding). Please check both the content of the file and the
        character encoding indication.
      </p>
<p>The error was: 
        utf8 "\xA9" does not map to Unicode

      </p>
1	<p>
        Sorry, I am unable to validate this document because on line
        <strong>493</strong>
        it contained one or more bytes that I cannot interpret as
        <code>utf-8</code>
        (in other words, the bytes found are not valid values in the specified
        Character Encoding). Please check both the content of the file and the
        character encoding indication.
      </p>
<p>The error was: 
        utf8 "\xA9" does not map to Unicode

      </p>
1	Bad value 34em for attribute height on element object: Expected a digit but saw e instead.
1	Bad value 125em for attribute width on element object: Expected a digit but saw e instead.
1	<p>
        Sorry, I am unable to validate this document because on line
        <strong>522</strong>
        it contained one or more bytes that I cannot interpret as
        <code>utf-8</code>
        (in other words, the bytes found are not valid values in the specified
        Character Encoding). Please check both the content of the file and the
        character encoding indication.
      </p>
<p>The error was: 
        utf8 "\xA9" does not map to Unicode

      </p>
1	<p>
        Sorry, I am unable to validate this document because on line
        <strong>527</strong>
        it contained one or more bytes that I cannot interpret as
        <code>utf-8</code>
        (in other words, the bytes found are not valid values in the specified
        Character Encoding). Please check both the content of the file and the
        character encoding indication.
      </p>
<p>The error was: 
        utf8 "\xA9" does not map to Unicode

      </p>
1	<p>
        Sorry, I am unable to validate this document because on line
        <strong>526</strong>
        it contained one or more bytes that I cannot interpret as
        <code>utf-8</code>
        (in other words, the bytes found are not valid values in the specified
        Character Encoding). Please check both the content of the file and the
        character encoding indication.
      </p>
<p>The error was: 
        utf8 "\xA9" does not map to Unicode

      </p>
1	<p>
        Sorry, I am unable to validate this document because on line
        <strong>529</strong>
        it contained one or more bytes that I cannot interpret as
        <code>utf-8</code>
        (in other words, the bytes found are not valid values in the specified
        Character Encoding). Please check both the content of the file and the
        character encoding indication.
      </p>
<p>The error was: 
        utf8 "\xA9" does not map to Unicode

      </p>
1	<p>
        Sorry, I am unable to validate this document because on line
        <strong>521</strong>
        it contained one or more bytes that I cannot interpret as
        <code>utf-8</code>
        (in other words, the bytes found are not valid values in the specified
        Character Encoding). Please check both the content of the file and the
        character encoding indication.
      </p>
<p>The error was: 
        utf8 "\xA9" does not map to Unicode

      </p>
1	<p>
        Sorry, I am unable to validate this document because on line
        <strong>523</strong>
        it contained one or more bytes that I cannot interpret as
        <code>utf-8</code>
        (in other words, the bytes found are not valid values in the specified
        Character Encoding). Please check both the content of the file and the
        character encoding indication.
      </p>
<p>The error was: 
        utf8 "\xA9" does not map to Unicode

      </p>
1	Bad value key words for attribute name on element meta: Keyword key words is not registered.
1	<p>
        Sorry, I am unable to validate this document because on line
        <strong>69</strong>
        it contained one or more bytes that I cannot interpret as
        <code>utf-8</code>
        (in other words, the bytes found are not valid values in the specified
        Character Encoding). Please check both the content of the file and the
        character encoding indication.
      </p>
<p>The error was: 
        utf8 "\xE9" does not map to Unicode

      </p>
1	Attribute xname not allowed on element a at this point.
1	general entity "YOU." not defined and no default entity
1	there is no attribute "xtclb"
1	general entity "You" not defined and no default entity
1	Element marquee not allowed as child of element fieldset in this context. (Suppressing further errors from this subtree.)
1	Duplicate ID Header1.
1	Bad value  for attribute id on element object: An ID must not be the empty string.
1	Bad value 140px for attribute height on element iframe: Expected a digit but saw p instead.
1	Duplicate ID Blog1.
1	Duplicate ID header-inner.
1	end tag for "y" omitted, but OMITTAG NO was specified
1	there is no attribute "ex:role"
1	Bad value http://p30download.com/fa/mobile/tag/halfbrick studios for attribute href on element a: Whitespace in path component. Use %20 in place of spaces.
1	Element div not allowed as child of element object in this context. (Suppressing further errors from this subtree.)
1	Bad value http://p30download.com/fa/mobile/tag/electronic arts for attribute href on element a: Whitespace in path component. Use %20 in place of spaces.
1	Bad value http://p30download.com/fa/mobile/tag/windows phone 7 for attribute href on element a: Whitespace in path component. Use %20 in place of spaces.
1	Bad value http://p30download.com/fa/mobile/tag/windows mobile for attribute href on element a: Whitespace in path component. Use %20 in place of spaces.
1	Bad value http://p30download.com/tag/32 بیتی for attribute href on element a: Whitespace in path component. Use %20 in place of spaces.
1	Bad value http://p30download.com/tag/64 بیتی for attribute href on element a: Whitespace in path component. Use %20 in place of spaces.
1	Bad value http://p30download.com/tag/Android 2.2 for attribute href on element a: Whitespace in path component. Use %20 in place of spaces.
1	Bad value http://p30download.com/tag/Android 2.1 for attribute href on element a: Whitespace in path component. Use %20 in place of spaces.
1	Bad value http://p30download.com/tag/Android 1.6 for attribute href on element a: Whitespace in path component. Use %20 in place of spaces.
1	Bad value http://p30download.com/tag/Android 1.5 for attribute href on element a: Whitespace in path component. Use %20 in place of spaces.
1	Bad value http://p30download.com/fa/mobile/tag/sony ericsson for attribute href on element a: Whitespace in path component. Use %20 in place of spaces.
1	Bad value sitemap for attribute rel on element link: Not an absolute IRI. The string sitemap is not a registered keyword or absolute URL.
1	Bad value git-rev for attribute name on element meta: Keyword git-rev is not registered.
1	Bad value host for attribute name on element meta: Keyword host is not registered.
1	there is no attribute "ex:showAll"
1	there is no attribute "ex:border"
1	there is no attribute "ex:rowStyler"
1	document type does not allow element "link" here; assuming missing "head" start-tag
1	there is no attribute "ttitle"
1	Element aside1 not allowed as child of element div in this context. (Suppressing further errors from this subtree.)
1	Element h11 not allowed as child of element div in this context. (Suppressing further errors from this subtree.)
1	there is no attribute "defaulttext"
1	"Search" is not a member of a group specified for any attribute
1	Bad value http://p30download.com/tag/Android Market for attribute href on element a: Whitespace in path component. Use %20 in place of spaces.
1	Bad value http://p30download.com/tag/Google Play for attribute href on element a: Whitespace in path component. Use %20 in place of spaces.
1	Bad value http://p30download.com/tag/تصاویر پس زمینه for attribute href on element a: Whitespace in path component. Use %20 in place of spaces.
1	Bad value http://p30download.com/tag/سه بعدی for attribute href on element a: Whitespace in path component. Use %20 in place of spaces.
1	Bad value http://p30download.com/tag/تصاویر با کیفیت for attribute href on element a: Whitespace in path component. Use %20 in place of spaces.
1	Bad value http://p30download.com/tag/اچ تی سی for attribute href on element a: Whitespace in path component. Use %20 in place of spaces.
1	Bad value http://p30download.com/tag/اسکرین سیور for attribute href on element a: Whitespace in path component. Use %20 in place of spaces.
1	Bad value http://p30download.com/tag/سونی اریکسون for attribute href on element a: Whitespace in path component. Use %20 in place of spaces.
1	Bad value http://p30download.com/tag/ویرایشگر تصویر for attribute href on element a: Whitespace in path component. Use %20 in place of spaces.
1	<p>
        Sorry, I am unable to validate this document because on line
        <strong>71</strong>
        it contained one or more bytes that I cannot interpret as
        <code>utf-8</code>
        (in other words, the bytes found are not valid values in the specified
        Character Encoding). Please check both the content of the file and the
        character encoding indication.
      </p>
<p>The error was: 
        utf8 "\xC5" does not map to Unicode

      </p>
1	reference to undeclared general entity copy
1	Attribute gapi_processed not allowed on element script at this point.
1	Bad value http://p30download.com/tag/پس زمینه for attribute href on element a: Whitespace in path component. Use %20 in place of spaces.
1	Bad value http://p30download.com/tag/ابزار فتوشاپ for attribute href on element a: Whitespace in path component. Use %20 in place of spaces.
1	Bad value http://p30download.com/tag/آیپاد تاچ for attribute href on element a: Whitespace in path component. Use %20 in place of spaces.
1	Bad value http://p30download.com/tag/iPhone 4S for attribute href on element a: Whitespace in path component. Use %20 in place of spaces.
1	Bad value http://p30download.com/tag/iPhone 5 for attribute href on element a: Whitespace in path component. Use %20 in place of spaces.
1	Bad value http://p30download.com/tag/iPhone 4 for attribute href on element a: Whitespace in path component. Use %20 in place of spaces.
1	Bad value http://p30download.com/tag/iPhone 3GS for attribute href on element a: Whitespace in path component. Use %20 in place of spaces.
1	Bad value http://p30download.com/tag/iOS 3.x for attribute href on element a: Whitespace in path component. Use %20 in place of spaces.
1	Bad value http://p30download.com/tag/iPod Touch for attribute href on element a: Whitespace in path component. Use %20 in place of spaces.
1	Bad value http://p30download.com/tag/iPod touch (3rd generation) for attribute href on element a: Whitespace in path component. Use %20 in place of spaces.
1	Bad value http://p30download.com/tag/آی او اس for attribute href on element a: Whitespace in path component. Use %20 in place of spaces.
1	Bad value http://p30download.com/tag/Sony Ericsson for attribute href on element a: Whitespace in path component. Use %20 in place of spaces.
1	Bad value http://p30download.com/tag/iPod touch (5th generation) for attribute href on element a: Whitespace in path component. Use %20 in place of spaces.
1	Bad value http://p30download.com/tag/iPod touch (4th generation) for attribute href on element a: Whitespace in path component. Use %20 in place of spaces.
1	there is no attribute "ex:columnFormats"
1	there is no attribute "ex:columnLabels"
1	there is no attribute "ex:color"
1	there is no attribute "ex:href-subcontent"
1	there is no attribute "ex:icon"
1	there is no attribute "ex:coderClass"
1	there is no attribute "ex:itemTypes"
1	there is no attribute "ex:viewClass"
1	there is no attribute "ex:viewLabel"
1	there is no attribute "ex:zoom"
1	there is no attribute "ex:center"
1	there is no attribute "ex:size"
1	there is no attribute "ex:mapHeight"
1	there is no attribute "ex:histogram"
1	there is no attribute "ex:precision"
1	there is no attribute "ex:expression"
1	there is no attribute "ex:scroll"
1	there is no attribute "ex:facetLabel"
1	there is no attribute "ex:collectionID"
1	there is no attribute "ex:facetClass"
1	there is no attribute "ex:showMissing"
1	there is no attribute "ex:missingLabel"
1	there is no attribute "ex:horizontal"
1	there is no attribute "ex:height"
1	there is no attribute "ex:sortDirection"
1	there is no attribute "ex:fixedOrder"
1	there is no attribute "ex:latlngOrder"
1	there is no attribute "ex:latlngPairSeparator"
1	there is no attribute "ex:eventLabel"
1	there is no attribute "ex:configuration"
1	there is no attribute "ex:start"
1	there is no attribute "ex:showToolbox"
1	there is no attribute "ex:mapConstructor"
1	there is no attribute "ex:iconCoder"
1	there is no attribute "ex:iconKey"
1	there is no attribute "ex:sortAscending"
1	there is no attribute "ex:columns"
1	there is no attribute "ex:formats"
1	there is no attribute "ex:topBandIntervalPixels"
1	there is no attribute "ex:showFooter"
1	there is no attribute "ex:showSummary"
1	there is no attribute "ex:borderOpacity"
1	there is no attribute "ex:borderWidth"
1	there is no attribute "ex:polyline"
1	there is no attribute "ex:latlng"
1	there is no attribute "ex:selectCoordinator"
1	there is no attribute "ex:colorCoder"
1	there is no attribute "ex:showHeader"
1	there is no attribute "ex:shapewidth"
1	there is no attribute "ex:shapeheight"
1	there is no attribute "ex:colorKey"
1	reference to entity "nonce" for which no system identifier could be generated
1	general entity "nonce" not defined and no default entity
1	general entity "operbr" not defined and no default entity
1	reference to entity "operbr" for which no system identifier could be generated
1	element "layer" undefined
1	element "ilayer" undefined
1	character "ï" not allowed in prolog
1	ID "iens6div" already defined
1	general entity "r.status" not defined and no default entity
1	element "m.length" undefined
1	reference to entity "r.msg" for which no system identifier could be generated
1	general entity "r.msg" not defined and no default entity
1	reference to entity "r.status" for which no system identifier could be generated
1	<p>
        Sorry, I am unable to validate this document because on line
        <strong>3722</strong>
        it contained one or more bytes that I cannot interpret as
        <code>gb2312</code>
        (in other words, the bytes found are not valid values in the specified
        Character Encoding). Please check both the content of the file and the
        character encoding indication.
      </p>
<p>The error was: 
        euc-cn "\x8B" does not map to Unicode

      </p>
1	there is no attribute "data-player-complete"
1	reference to entity "glb.assets" for which no system identifier could be generated
1	general entity "glb.assets.deferred" not defined and no default entity
1	general entity "glb.assets" not defined and no default entity
1	reference to entity "backgroundColor" for which no system identifier could be generated
1	general entity "backgroundColor" not defined and no default entity
1	reference to entity "glb.assets.deferred" for which no system identifier could be generated
1	there is no attribute "data-player-videoURL"
1	there is no attribute "data-player-onPlay"
1	there is no attribute "data-player-width"
1	there is no attribute "data-player-height"
1	there is no attribute "data-player-sitePage"
1	end tag for "m.length" omitted, but OMITTAG NO was specified
1	general entity "nb" not defined and no default entity
1	<p>
        Sorry, I am unable to validate this document because on line
        <strong>1767</strong>
        it contained one or more bytes that I cannot interpret as
        <code>gb2312</code>
        (in other words, the bytes found are not valid values in the specified
        Character Encoding). Please check both the content of the file and the
        character encoding indication.
      </p>
<p>The error was: 
        euc-cn "\x87" does not map to Unicode

      </p>
1	<p>
        Sorry, I am unable to validate this document because on line
        <strong>1755</strong>
        it contained one or more bytes that I cannot interpret as
        <code>gb2312</code>
        (in other words, the bytes found are not valid values in the specified
        Character Encoding). Please check both the content of the file and the
        character encoding indication.
      </p>
<p>The error was: 
        euc-cn "\x87" does not map to Unicode

      </p>
1	<p>
        Sorry, I am unable to validate this document because on line
        <strong>1815</strong>
        it contained one or more bytes that I cannot interpret as
        <code>gb2312</code>
        (in other words, the bytes found are not valid values in the specified
        Character Encoding). Please check both the content of the file and the
        character encoding indication.
      </p>
<p>The error was: 
        euc-cn "\x87" does not map to Unicode

      </p>
1	<p>
        Sorry, I am unable to validate this document because on line
        <strong>1584</strong>
        it contained one or more bytes that I cannot interpret as
        <code>gb2312</code>
        (in other words, the bytes found are not valid values in the specified
        Character Encoding). Please check both the content of the file and the
        character encoding indication.
      </p>
<p>The error was: 
        euc-cn "\x87" does not map to Unicode

      </p>
1	<p>
        Sorry, I am unable to validate this document because on line
        <strong>1769</strong>
        it contained one or more bytes that I cannot interpret as
        <code>gb2312</code>
        (in other words, the bytes found are not valid values in the specified
        Character Encoding). Please check both the content of the file and the
        character encoding indication.
      </p>
<p>The error was: 
        euc-cn "\x87" does not map to Unicode

      </p>
1	<p>
        Sorry, I am unable to validate this document because on line
        <strong>1823</strong>
        it contained one or more bytes that I cannot interpret as
        <code>gb2312</code>
        (in other words, the bytes found are not valid values in the specified
        Character Encoding). Please check both the content of the file and the
        character encoding indication.
      </p>
<p>The error was: 
        euc-cn "\x87" does not map to Unicode

      </p>
1	there is no attribute "rightmargin"
1	end tag for "variableslide.length" omitted, but OMITTAG NO was specified
1	element "variableslide.length" undefined
1	general entity "tmp" not defined and no default entity
1	there is no attribute "bottommargin"
1	<p>
        Sorry, I am unable to validate this document because on line
        <strong>1589</strong>
        it contained one or more bytes that I cannot interpret as
        <code>gb2312</code>
        (in other words, the bytes found are not valid values in the specified
        Character Encoding). Please check both the content of the file and the
        character encoding indication.
      </p>
<p>The error was: 
        euc-cn "\x87" does not map to Unicode

      </p>
1	<p>
        Sorry, I am unable to validate this document because on line
        <strong>1590</strong>
        it contained one or more bytes that I cannot interpret as
        <code>gb2312</code>
        (in other words, the bytes found are not valid values in the specified
        Character Encoding). Please check both the content of the file and the
        character encoding indication.
      </p>
<p>The error was: 
        euc-cn "\x87" does not map to Unicode

      </p>
1	Duplicate ID submitbtn.
1	ID "searchmod-surround" already defined
1	Element div not allowed as child of element time in this context. (Suppressing further errors from this subtree.)
1	Bad value revisit for attribute name on element meta: Keyword revisit is not registered.
1	reference to entity "nb" for which no system identifier could be generated
1	ID "searchmod" already defined
1	element "tweetUsersdarkbeige.length" undefined
1	Duplicate ID ytplayer.
1	end tag for "tweetUsersdarkbeige.length" omitted, but OMITTAG NO was specified
1	reference to entity "rpp" for which no system identifier could be generated
1	general entity "rpp" not defined and no default entity
1	Bad value 300px for attribute height on element iframe: Expected a digit but saw p instead.
1	end tag for "atpos" omitted, but OMITTAG NO was specified
1	reference to entity "o.hasClass" for which no system identifier could be generated
1	general entity "l.select" not defined and no default entity
1	general entity "o.hasClass" not defined and no default entity
1	reference to entity "l.hasClass" for which no system identifier could be generated
1	general entity "l.hasClass" not defined and no default entity
1	reference to entity "l.select" for which no system identifier could be generated
1	there is no attribute "data-context"
1	general entity "sscat" not defined and no default entity
1	reference to entity "Ch" for which no system identifier could be generated
1	general entity "Ch" not defined and no default entity
1	<p>
        Sorry, I am unable to validate this document because on line
        <strong>581</strong>
        it contained one or more bytes that I cannot interpret as
        <code>utf-8</code>
        (in other words, the bytes found are not valid values in the specified
        Character Encoding). Please check both the content of the file and the
        character encoding indication.
      </p>
<p>The error was: 
        utf8 "\x99" does not map to Unicode

      </p>
1	Attribute div not allowed on element img at this point.
1	Attribute < not allowed on element img at this point.
1	document type does not allow element "h1" here
1	Bad value WP-Flybox at http://njarb.com/2012/08/wp-flybox/ for attribute id on element div: An ID must not contain whitespace.
1	general entity "isSelfContained" not defined and no default entity
1	general entity "lTC" not defined and no default entity
1	general entity "dmA" not defined and no default entity
1	Unauthorized
1	general entity "realty-type" not defined and no default entity
1	Bad value 500px for attribute height on element iframe: Expected a digit but saw p instead.
1	Bad value 173px for attribute width on element iframe: Expected a digit but saw p instead.
1	ID "metro-" + id + "" already defined
1	there is no attribute "for"
1	reference to entity "sscat" for which no system identifier could be generated
1	general entity "ScriptureBookA" not defined and no default entity
1	there is no attribute "data-tags"
1	<!DOCTYPE html PUBLIC "-//W3C//DTD XHTML 1.0 Transitional//DE" "http://www.w3.org/TR/xhtml1/DTD/xhtml1-transitional.dtd">
1	there is no attribute "temp_src"
1	Bad value 520px for attribute height on element iframe: Expected a digit but saw p instead.
1	Bad value 1000px for attribute width on element iframe: Expected a digit but saw p instead.
1	Bad value George Bataille for attribute cite on element blockquote: Whitespace in path component. Use %20 in place of spaces.
1	Bad value Apostelgeschichte 20, 24 for attribute cite on element blockquote: Whitespace in path component. Use %20 in place of spaces.
1	element "atpos" undefined
1	there is no attribute "aria-expanded"
1	there is no attribute "wb_screen_name"
1	<!DOCTYPE html PUBLIC "-//W3C//DTD HTML 4.0 Transitional//EN" "http://www.w3.org/TR/REC-html40/loose.dtd">
1	Bad value tel:+86 186 102 99233 for attribute href on element a: Whitespace in path component. Use %20 in place of spaces.
1	<p>
        Sorry, I am unable to validate this document because on line
        <strong>197</strong>
        it contained one or more bytes that I cannot interpret as
        <code>utf-8</code>
        (in other words, the bytes found are not valid values in the specified
        Character Encoding). Please check both the content of the file and the
        character encoding indication.
      </p>
<p>The error was: 
        utf8 "\xA9" does not map to Unicode

      </p>
1	general entity "TopicID" not defined and no default entity
1	reference to entity "ScriptureVerse" for which no system identifier could be generated
1	general entity "ScriptureVerse" not defined and no default entity
1	reference to entity "ScriptureBookA" for which no system identifier could be generated
1	reference to entity "TopicID" for which no system identifier could be generated
1	<p>
        Sorry, I am unable to validate this document because on line
        <strong>1847</strong>
        it contained one or more bytes that I cannot interpret as
        <code>utf-8</code>
        (in other words, the bytes found are not valid values in the specified
        Character Encoding). Please check both the content of the file and the
        character encoding indication.
      </p>
<p>The error was: 
        utf8 "\xE9" does not map to Unicode

      </p>
1	ID "cargarmas" already defined
1	<p>
        Sorry, I am unable to validate this document because on line
        <strong>202</strong>
        it contained one or more bytes that I cannot interpret as
        <code>utf-8</code>
        (in other words, the bytes found are not valid values in the specified
        Character Encoding). Please check both the content of the file and the
        character encoding indication.
      </p>
<p>The error was: 
        utf8 "\xC3" does not map to Unicode

      </p>
1	<p>
        Sorry, I am unable to validate this document because on line
        <strong>28</strong>
        it contained one or more bytes that I cannot interpret as
        <code>utf-8</code>
        (in other words, the bytes found are not valid values in the specified
        Character Encoding). Please check both the content of the file and the
        character encoding indication.
      </p>
<p>The error was: 
        utf8 "\xE0" does not map to Unicode

      </p>
1	<p>
        Sorry, I am unable to validate this document because on line
        <strong>29</strong>
        it contained one or more bytes that I cannot interpret as
        <code>utf-8</code>
        (in other words, the bytes found are not valid values in the specified
        Character Encoding). Please check both the content of the file and the
        character encoding indication.
      </p>
<p>The error was: 
        utf8 "\xE0" does not map to Unicode

      </p>
1	end tag for "TBODY" omitted, but OMITTAG NO was specified
1	end tag for element "TBODY" which is not open
1	general entity "streamer" not defined and no default entity
1	reference to entity "streamer" for which no system identifier could be generated
1	reference to entity "provider" for which no system identifier could be generated
1	general entity "provider" not defined and no default entity
1	reference to entity "screencolor" for which no system identifier could be generated
1	general entity "mediaid" not defined and no default entity
1	reference to entity "mediaid" for which no system identifier could be generated
1	reference to entity "modes" for which no system identifier could be generated
1	general entity "modes" not defined and no default entity
1	reference to entity "creator" for which no system identifier could be generated
1	general entity "creator" not defined and no default entity
1	general entity "screencolor" not defined and no default entity
1	reference to entity "lightcolor" for which no system identifier could be generated
1	reference to entity "hd.state" for which no system identifier could be generated
1	general entity "volume" not defined and no default entity
1	general entity "hd.state" not defined and no default entity
1	reference to entity "hd.fullscreen" for which no system identifier could be generated
1	general entity "hd.fullscreen" not defined and no default entity
1	reference to entity "volume" for which no system identifier could be generated
1	general entity "backcolor" not defined and no default entity
1	general entity "lightcolor" not defined and no default entity
1	reference to entity "frontcolor" for which no system identifier could be generated
1	general entity "frontcolor" not defined and no default entity
1	reference to entity "backcolor" for which no system identifier could be generated
1	general entity "flexible" not defined and no default entity
1	reference to entity "flexible" for which no system identifier could be generated
1	Bad value /clients/shawconstruction3/cache/com_zoo/images/760 long_c6ba10942d61590ce30a01177f8ae632.jpg for attribute src on element img: Whitespace in path component. Use %20 in place of spaces.
1	Bad value /clients/shawconstruction3/cache/com_zoo/images/alpine long_23d09581898006862148f8a8da6e8e09.jpg for attribute src on element img: Whitespace in path component. Use %20 in place of spaces.
1	Bad value /clients/shawconstruction3/cache/com_zoo/images/r rocks long_8ffa5a9cbd0fba2bf3a1e7ded1a66902.jpg for attribute src on element img: Whitespace in path component. Use %20 in place of spaces.
1	Bad value /clients/shawconstruction3/cache/com_zoo/images/pace long_a1c6af936b517ba9da4114c39bc610eb.jpg for attribute src on element img: Whitespace in path component. Use %20 in place of spaces.
1	Bad value /clients/shawconstruction3/cache/com_zoo/images/hyatt long_a753de3f247a5e099c65bc3c7783d1c4.jpg for attribute src on element img: Whitespace in path component. Use %20 in place of spaces.
1	Bad value /clients/shawconstruction3/cache/com_zoo/images/chaffee park long_6de9c7aaf737e5d3d51370f45f508786.jpg for attribute src on element img: Whitespace in path component. Use %20 in place of spaces.
1	Bad value /clients/shawconstruction3/cache/com_zoo/images/folsom  long_1391fe2317fdcefcdee41cd50a028bd2.jpg for attribute src on element img: Whitespace in path component. Use %20 in place of spaces.
1	character "," is not allowed in the value of attribute "for"
1	Element style not allowed as child of element center in this context. (Suppressing further errors from this subtree.)
1	Bad Gateway
1	Service Unavailable
1	Bad value /clients/shawconstruction3/cache/com_zoo/images/grand asp long_148f9c9db38236ad42b968d9cad5aa1a.jpg for attribute src on element img: Whitespace in path component. Use %20 in place of spaces.
1	Bad value /clients/shawconstruction3/cache/com_zoo/images/folsom  long_e132032c05ea627083eff78442fd9f24.jpg for attribute src on element img: Whitespace in path component. Use %20 in place of spaces.
1	"loop" is not a member of a group specified for any attribute
1	Bad value /clients/shawconstruction3/cache/com_zoo/images/grand asp long_6902b2b0023a18a855feb9836a3674d1.jpg for attribute src on element img: Whitespace in path component. Use %20 in place of spaces.
1	ID "bluebanner" already defined
1	reference to entity "skip" for which no system identifier could be generated
1	general entity "skip" not defined and no default entity
1	Bad value /clients/shawconstruction3/cache/com_zoo/images/hyatt long_f41fe9feacc0958b27bb4168feb9bcd3.jpg for attribute src on element img: Whitespace in path component. Use %20 in place of spaces.
1	Bad value /clients/shawconstruction3/cache/com_zoo/images/pace long_4c6e6aef890a79acfba37ea6826c9fe5.jpg for attribute src on element img: Whitespace in path component. Use %20 in place of spaces.
1	Bad value /clients/shawconstruction3/cache/com_zoo/images/chaffee park long_dd7e0eb37d1527deb80354c8abf42963.jpg for attribute src on element img: Whitespace in path component. Use %20 in place of spaces.
1	Bad value /clients/shawconstruction3/cache/com_zoo/images/alpine long_4a687b484753ad4a590b58b5ea2bd251.jpg for attribute src on element img: Whitespace in path component. Use %20 in place of spaces.
1	Bad value /clients/shawconstruction3/cache/com_zoo/images/760 long_682eb29dc423ac2631984520543ab922.jpg for attribute src on element img: Whitespace in path component. Use %20 in place of spaces.
1	Bad value /clients/shawconstruction3/cache/com_zoo/images/r rocks long_98d6bcfa70c59251dee97b54e30329ff.jpg for attribute src on element img: Whitespace in path component. Use %20 in place of spaces.
1	reference to entity "plugins" for which no system identifier could be generated
1	general entity "plugins" not defined and no default entity
1	document type does not allow element "NOFRAMES" here
1	XHTML element title not allowed as child of XHTML element base in this context. (Suppressing further errors from this subtree.)
1	reference to entity "ORIGEM" for which no system identifier could be generated
1	general entity "ORIGEM" not defined and no default entity
1	<!DOCTYPE html PUBLIC "-//W3C//DTD HTML 4.01 
Transitional//EN" "">
1	required character (found h) (expected b)
1	general entity "logo.file" not defined and no default entity
1	general entity "logo.linktarget" not defined and no default entity
1	reference to entity "logo.link" for which no system identifier could be generated
1	general entity "logo.link" not defined and no default entity
1	reference to entity "logo.file" for which no system identifier could be generated
1	Element fb:comments-count not allowed as child of element span in this context. (Suppressing further errors from this subtree.)
1	element "SCR" undefined
1	general entity "isAuto" not defined and no default entity
1	reference to entity "isAuto" for which no system identifier could be generated
1	reference to entity "isCustom" for which no system identifier could be generated
1	general entity "isCustom" not defined and no default entity
1	ID "mainbarItemTab1" already defined
1	general entity "isLogo" not defined and no default entity
1	reference to entity "isLogo" for which no system identifier could be generated
1	reference to entity "isResult" for which no system identifier could be generated
1	general entity "isResult" not defined and no default entity
1	reference to entity "pad" for which no system identifier could be generated
1	general entity "pad" not defined and no default entity
1	reference to entity "logo.linktarget" for which no system identifier could be generated
1	general entity "controlbar" not defined and no default entity
1	general entity "smoothing" not defined and no default entity
1	reference to entity "smoothing" for which no system identifier could be generated
1	reference to entity "bufferlength" for which no system identifier could be generated
1	general entity "bufferlength" not defined and no default entity
1	reference to entity "shuffle" for which no system identifier could be generated
1	general entity "stretching" not defined and no default entity
1	reference to entity "stretching" for which no system identifier could be generated
1	reference to entity "fbit.link" for which no system identifier could be generated
1	general entity "fbit.link" not defined and no default entity
1	reference to entity "mute" for which no system identifier could be generated
1	general entity "mute" not defined and no default entity
1	general entity "shuffle" not defined and no default entity
1	reference to entity "repeat" for which no system identifier could be generated
1	general entity "icons" not defined and no default entity
1	reference to entity "dock" for which no system identifier could be generated
1	general entity "dock" not defined and no default entity
1	reference to entity "controlbar" for which no system identifier could be generated
1	reference to entity "icons" for which no system identifier could be generated
1	general entity "playlist.position" not defined and no default entity
1	general entity "repeat" not defined and no default entity
1	reference to entity "playlistsize" for which no system identifier could be generated
1	general entity "playlistsize" not defined and no default entity
1	reference to entity "playlist.position" for which no system identifier could be generated
1	Duplicate ID BVFrame.
1	Bad value attachment wp-att-1926 for attribute rel on element a: Whitespace in path component. Use %20 in place of spaces. The string attachment is not a registered keyword or absolute URL.
1	Duplicate ID owl.
1	Bad value 53px for attribute height on element img: Expected a digit but saw p instead.
1	Bad value mars 11, 2013 for attribute datetime on element time: The literal did not satisfy the time-datetime format.
1	Bad value mars 28, 2013 for attribute datetime on element time: The literal did not satisfy the time-datetime format.
1	ID "Keyword" already defined
1	Bad value 63px for attribute width on element img: Expected a digit but saw p instead.
1	<p>
        Sorry, I am unable to validate this document because on line
        <strong>109</strong>
        it contained one or more bytes that I cannot interpret as
        <code>utf-8</code>
        (in other words, the bytes found are not valid values in the specified
        Character Encoding). Please check both the content of the file and the
        character encoding indication.
      </p>
<p>The error was: 
        utf8 "\x99" does not map to Unicode

      </p>
1	<p>
        Sorry, I am unable to validate this document because on line
        <strong>6</strong>
        it contained one or more bytes that I cannot interpret as
        <code>utf-8</code>
        (in other words, the bytes found are not valid values in the specified
        Character Encoding). Please check both the content of the file and the
        character encoding indication.
      </p>
<p>The error was: 
        utf8 "\x92" does not map to Unicode

      </p>
1	reference to entity "Review" for which no system identifier could be generated
1	general entity "Review" not defined and no default entity
1	document type does not allow element "table" here; assuming missing "object" start-tag
1	ID "rdemo2r" already defined
1	ID "rdemo1r" already defined
1	general entity "app" not defined and no default entity
1	there is no attribute "useMap"
1	general entity "wd" not defined and no default entity
1	ID "txtContent" already defined
1	reference to entity "qsPriceB" for which no system identifier could be generated
1	element "MAP" undefined
1	there is no attribute "shape"
1	ID "rindemor" already defined
1	ID "rdemor" already defined
1	<!DOCTYPE html PUBLIC "-//W3C//dtD XHTML 1.0 Transitional//EN" "http://www.w3.org/TR/xhtml1/dtD/xhtml1-transitional.dtd">
1	there is no attribute "coords"
1	<p>
        Sorry, I am unable to validate this document because on line
        <strong>95</strong>
        it contained one or more bytes that I cannot interpret as
        <code>utf-8</code>
        (in other words, the bytes found are not valid values in the specified
        Character Encoding). Please check both the content of the file and the
        character encoding indication.
      </p>
<p>The error was: 
        utf8 "\x93" does not map to Unicode

      </p>
1	Bad value prettyPhoto[] for attribute rel on element a: Illegal character in path component. The string prettyphoto[] is not a registered keyword or absolute URL.
1	general entity "x4" not defined and no default entity
1	reference to entity "x4" for which no system identifier could be generated
1	reference to entity "x3" for which no system identifier could be generated
1	general entity "x3" not defined and no default entity
1	reference to entity "x2" for which no system identifier could be generated
1	general entity "x6" not defined and no default entity
1	reference to entity "x6" for which no system identifier could be generated
1	reference to entity "np" for which no system identifier could be generated
1	general entity "np" not defined and no default entity
1	reference to entity "mc" for which no system identifier could be generated
1	general entity "mc" not defined and no default entity
1	general entity "x2" not defined and no default entity
1	reference to entity "x1" for which no system identifier could be generated
1	Duplicate ID item-503eb70584ae804c2a1db293.
1	Duplicate ID item-503eb8d5e4b01fd887a42cad.
1	Duplicate ID item-503eb658e4b0c2054a88bd27.
1	Duplicate ID item-503eb54bc4aa6453d4570d50.
1	Duplicate ID item-503eb081c4aa6453d457031a.
1	Duplicate ID item-503ec5d0e4b01fd887a4440c.
1	Duplicate ID item-509635e4e4b0a9a19990983a.
1	general entity "x1" not defined and no default entity
1	reference to entity "scrx" for which no system identifier could be generated
1	general entity "scrx" not defined and no default entity
1	Attribute disabled not allowed on element div at this point.
1	general entity "qsPriceB" not defined and no default entity
1	general entity "qsAvgB" not defined and no default entity
1	end tag for element "CODE" which is not open
1	element "CAPTION" undefined
1	end tag for "CODE" omitted, but OMITTAG NO was specified
1	element "CODE" undefined
1	end tag for "FONT" omitted, but OMITTAG NO was specified
1	"x:str" is not a member of a group specified for any attribute
1	there is no attribute "x:num"
1	reference to entity "iframed" for which no system identifier could be generated
1	general entity "iframed" not defined and no default entity
1	Attribute 66" not allowed on element img at this point.
1	there is no attribute "x:fmla"
1	there is no attribute "fc_href"
1	ID "BugEvents" already defined
1	Bad value DC.TITLE for attribute name on element meta: Keyword dc.title is not registered.
1	Bad value http://pinit-cdn.pinterest.com/pinit.html?url=http://www.toolmarklets.com/x-icon-editor/&media=http://www.toolmarklets.com/wp-content/uploads/2013/01/x-icon-466x351.png&description=X-Icon Editor&layout=vertical&ref=http://www.toolmarklets.com/x-icon-editor/ for attribute src on element iframe: Whitespace in query component. Use %20 in place of spaces.
1	Bad value DC.SUBJECT for attribute name on element meta: Keyword dc.subject is not registered.
1	<!DOCTYPE html PUBLIC "-//W3C//DTD XHTML 1.0 Transitional//FR" "http://w3.org/TR/xhtml1/DTD/xhtml1-transitional.dtd">
1	reference to entity "_nicholsons_1.jpg" for which no system identifier could be generated
1	Bad value http://pinit-cdn.pinterest.com/pinit.html?url=http://www.toolmarklets.com/kraken-image-optimizer/&media=http://www.toolmarklets.com/wp-content/uploads/2013/01/kraken-466x351.png&description=Kraken Image Optimizer&layout=vertical&ref=http://www.toolmarklets.com/kraken-image-optimizer/ for attribute src on element iframe: Whitespace in query component. Use %20 in place of spaces.
1	Bad value http://pinit-cdn.pinterest.com/pinit.html?url=http://www.toolmarklets.com/font/&media=http://www.toolmarklets.com/wp-content/uploads/2013/01/whatfontis-466x351.jpg&description=What Font is&layout=vertical&ref=http://www.toolmarklets.com/font/ for attribute src on element iframe: Whitespace in query component. Use %20 in place of spaces.
1	document type does not allow element "strike" here
1	"p" is not a member of a group specified for any attribute
1	there is no attribute "borderColorDark"
1	there is no attribute "borderColorLight"
1	there is no attribute "METHOD"
1	there is no attribute "ONSUBMIT"
1	end tag for "Div" omitted, but OMITTAG NO was specified
1	end tag for element "Div" which is not open
1	end tag for "TR" omitted, but OMITTAG NO was specified
1	end tag for "TD" omitted, but OMITTAG NO was specified
1	ID "money" already defined
1	general entity "fromuid" not defined and no default entity
1	general entity "ptid" not defined and no default entity
1	ID "myTab2_Content1" already defined
1	ID "myTab2_Content0" already defined
1	ID "myTab2" already defined
1	general entity "pian" not defined and no default entity
1	ID "address" already defined
1	ID "housearea" already defined
1	general entity "消费返利回馈" not defined and no default entity
1	reference to entity "mcode" for which no system identifier could be generated
1	general entity "mcode" not defined and no default entity
1	general entity "scs-article" not defined and no default entity
1	reference to entity "消费返利回馈" for which no system identifier could be generated
1	Bad value Expires for attribute name on element meta: Keyword expires is not registered.
1	Bad value http://ogloszenia.wp.pl/wyniki_drobne.html?S[kat]=5585 for attribute href on element a: Illegal character in query component.
1	Bad value http://ogloszenia.wp.pl/osobowe_/Renault/Megane/2002/?S[mrk]=4&S[mdl]=632058&S[yf]=2002&S[yt]=2002 for attribute href on element a: Illegal character in query component.
1	Bad value http://ogloszenia.wp.pl/osobowe_/Audi/Q7/2010/?S[mrk]=6&S[mdl]=627694&S[yf]=2010&S[yt]=2010 for attribute href on element a: Illegal character in query component.
1	Bad value http://finanse.wp.pl/gid,15442604,galeria.html?T[page]=1 for attribute href on element a: Illegal character in query component.
1	general entity "an" not defined and no default entity
1	reference to entity "an" for which no system identifier could be generated
1	Attribute about not allowed on element span at this point.
1	ID "textSlider" already defined
1	When the attribute xml:lang in no namespace is specified, the element must also have the attribute lang present with the same value.
1	The element header must not appear as a descendant of the footer element.
1	<p>
        Sorry, I am unable to validate this document because on line
        <strong>126</strong>
        it contained one or more bytes that I cannot interpret as
        <code>utf-8</code>
        (in other words, the bytes found are not valid values in the specified
        Character Encoding). Please check both the content of the file and the
        character encoding indication.
      </p>
<p>The error was: 
        utf8 "\xE1" does not map to Unicode

      </p>
1	ID "calendario" already defined
1	ID "title-mais-left2" already defined
1	reference to entity "Bath" for which no system identifier could be generated
1	general entity "Bath" not defined and no default entity
1	Attribute meta not allowed on element div at this point.
1	ID "title-mais-right2" already defined
1	there is no attribute "QTLID_ALT"
1	there is no attribute "QTLID_TITLE"
1	ID "twitter" already defined
1	<p>
        Sorry, I am unable to validate this document because on line
        <strong>10</strong>
        it contained one or more bytes that I cannot interpret as
        <code>utf-8</code>
        (in other words, the bytes found are not valid values in the specified
        Character Encoding). Please check both the content of the file and the
        character encoding indication.
      </p>
<p>The error was: 
        utf8 "\xE1" does not map to Unicode

      </p>
1	ID "yahoo" already defined
1	general entity "handler" not defined and no default entity
1	reference to entity "zoneid" for which no system identifier could be generated
1	<!DOCTYPE html PUBLIC "-//W3C//Dtd HTML 4.01 Transitional//EN" "">
1	Duplicate ID menu-brokers.
1	there is no attribute "QTLID_ACTION"
1	ID "DOMSFORMCONTAINER" already defined
1	ID "ODLINE_INDEX" already defined
1	"DENNIS" is not a member of a group specified for any attribute
1	ID "anchorBoxId_360" already defined
1	Duplicate ID collapseSix.
1	Bad value subcategory for attribute name on element meta: Keyword subcategory is not registered.
1	Bad value subsubcategory for attribute name on element meta: Keyword subsubcategory is not registered.
1	Bad value category for attribute name on element meta: Keyword category is not registered.
1	Bad value studioid for attribute name on element meta: Keyword studioid is not registered.
1	Bad value pagetype for attribute name on element meta: Keyword pagetype is not registered.
1	Duplicate ID captchaContainer.
1	document type does not allow element "HR" here; missing one of "APPLET", "OBJECT", "MAP", "IFRAME", "BUTTON" start-tag
1	general entity "aacutenea" not defined and no default entity
1	reference to entity "aacutetica" for which no system identifier could be generated
1	general entity "aacutetica" not defined and no default entity
1	<p>
        Sorry, I am unable to validate this document because on line
        <strong>5</strong>
        it contained one or more bytes that I cannot interpret as
        <code>utf-8</code>
        (in other words, the bytes found are not valid values in the specified
        Character Encoding). Please check both the content of the file and the
        character encoding indication.
      </p>
<p>The error was: 
        utf8 "\xE1" does not map to Unicode

      </p>
1	Bad value wa_lid for attribute name on element meta: Keyword wa_lid is not registered.
1	Bad value wa_lr for attribute name on element meta: Keyword wa_lr is not registered.
1	general entity "fecha_out" not defined and no default entity
1	reference to entity "fecha_out" for which no system identifier could be generated
1	there is no attribute "regimen"
1	there is no attribute "anyo"
1	there is no attribute "mes"
1	"19px" is not a member of a group specified for any attribute
1	general entity "promocode" not defined and no default entity
1	"2013旅游预测报告" is not a member of a group specified for any attribute
1	document type does not allow element "font" here
1	value of attribute "type" cannot be "input"; must be one of "text", "password", "checkbox", "radio", "submit", "reset", "file", "hidden", "image", "button"
1	reference to entity "promocode" for which no system identifier could be generated
1	general entity "zoneid" not defined and no default entity
1	reference to entity "refererid" for which no system identifier could be generated
1	general entity "theme_color" not defined and no default entity
1	general entity "dado1" not defined and no default entity
1	ID "right_other" already defined
1	ID "goods_box_buy_button" already defined
1	ID "goods_box_other_color" already defined
1	Element gcse:search not allowed as child of element div in this context. (Suppressing further errors from this subtree.)
1	Duplicate ID attachment_160.
1	end tag for ":987" omitted, but OMITTAG NO was specified
1	element ":987" undefined
1	element "frameset" undefined
1	there is no attribute "rows"
1	ID "goods_box_item_ref" already defined
1	ID "goods_box_img" already defined
1	The hash-name reference in attribute usemap referred to teaser-image, but there is no map element with a name attribute with that value.
1	ID "goods_box_name" already defined
1	<p>
        Sorry, I am unable to validate this document because on line
        <strong>1017</strong>
        it contained one or more bytes that I cannot interpret as
        <code>utf-8</code>
        (in other words, the bytes found are not valid values in the specified
        Character Encoding). Please check both the content of the file and the
        character encoding indication.
      </p>
<p>The error was: 
        utf8 "\x80" does not map to Unicode

      </p>
1	Bad value 0, 0, 490, 455 for attribute coords on element area: Expected a minus sign or a digit but saw   instead.
1	Bad value 490, 0, 981, 455 for attribute coords on element area: Expected a minus sign or a digit but saw   instead.
1	ID "goods_box_color" already defined
1	ID "goods_box_default_sell_q" already defined
1	ID "goods_box_more_info" already defined
1	ID "goods_box_price_sum" already defined
1	ID "goods_box_price" already defined
1	ID "goods_box_price_sale" already defined
1	general entity "lmhhir" not defined and no default entity
1	reference to entity "lmhhir" for which no system identifier could be generated
1	general entity "LExt" not defined and no default entity
1	general entity "leagueid" not defined and no default entity
1	ID "tenbet-plus" already defined
1	ID "centerBonusWideContainer" already defined
1	reference to entity "channel" for which no system identifier could be generated
1	general entity "leg" not defined and no default entity
1	general entity "bsid" not defined and no default entity
1	general entity "refererid" not defined and no default entity
1	general entity "affTrackingCode" not defined and no default entity
1	general entity "banId" not defined and no default entity
1	general entity "wm" not defined and no default entity
1	general entity "channel" not defined and no default entity
1	there is no attribute "odds_style"
1	reference to entity "tgskC" for which no system identifier could be generated
1	general entity "tgskC" not defined and no default entity
1	reference to entity "wsw" for which no system identifier could be generated
1	general entity "wsw" not defined and no default entity
1	<p>
      Checking the Document Type of this document requires the help of an external tool which was either not enabled
      in this validator, or is currently unavailable. Check in the validator's system configuration 
      that HTML5 Validator is enabled and functional.
    </p>
<p>
      The error encountered was:
      <code>500 read timeout</code>
    </p>
1	general entity "where" not defined and no default entity
1	reference to entity "ic" for which no system identifier could be generated
1	general entity "ic" not defined and no default entity
1	reference to entity "digits" for which no system identifier could be generated
1	general entity "digits" not defined and no default entity
1	general entity "_nicholsons_1.jpg" not defined and no default entity
1	ID "id11599" already defined
1	Bad value gb2312 for attribute charset on element script: gb2312 is not a valid character encoding name.
1	there is no attribute "Action"
1	Attribute pop not allowed on element input at this point.
1	Attribute pop not allowed on element span at this point.
1	reference to entity "デザイン総合ポータルサイト" for which no system identifier could be generated
1	there is no attribute "widtth"
1	there is no attribute "colspwn"
1	<p>
        Sorry, I am unable to validate this document because on line
        <strong>140</strong>
        it contained one or more bytes that I cannot interpret as
        <code>utf-8</code>
        (in other words, the bytes found are not valid values in the specified
        Character Encoding). Please check both the content of the file and the
        character encoding indication.
      </p>
<p>The error was: 
        utf8 "\xE1" does not map to Unicode

      </p>
1	Bad value 首页/about us.html for attribute href on element a: Whitespace in path component. Use %20 in place of spaces.
1	Bad value kh.html#global#list for attribute href on element a: Illegal character in fragment component.
1	Bad value kh.html#global#text for attribute href on element a: Illegal character in fragment component.
1	general entity "デザイン総合ポータルサイト" not defined and no default entity
1	ID "main_font1" already defined
1	general entity "PS" not defined and no default entity
1	general entity "utmi_p" not defined and no default entity
1	general entity "fq" not defined and no default entity
1	there is no attribute "data-imagem"
1	there is no attribute "data-skin"
1	there is no attribute "data-apikey"
1	Bad value http:///edition.cnn.com/china for attribute href on element a: A component that is required by the scheme is missing.
1	Duplicate ID hreview-wpcr-vcard.
1	Duplicate ID hreview-wpcr-aggregate.
1	Attribute s' not allowed on element a at this point.
1	End of file reached when inside an attribute value. Ignoring tag.
1	general entity "sensor" not defined and no default entity
1	reference to entity "sensor" for which no system identifier could be generated
1	ID "search_leftbox" already defined
1	general entity "area_name" not defined and no default entity
1	general entity "record_id" not defined and no default entity
1	end tag for "this.minHeigth" omitted, but OMITTAG NO was specified
1	element "this.minHeigth" undefined
1	general entity "classb_id" not defined and no default entity
1	reference to entity "classb_id" for which no system identifier could be generated
1	general entity "currentlang" not defined and no default entity
1	general entity "operacion" not defined and no default entity
1	element "lu" undefined
1	ID "ifr" already defined
1	invalid comment declaration: found character ")" outside comment but inside comment declaration
1	end tag for element "Html" which is not open
1	end tag for "SELECT" which is not finished
1	Element fb:comments not allowed as child of element section in this context. (Suppressing further errors from this subtree.)
1	document type does not allow element "ul" here; missing one of "button", "map", "object", "ins", "del", "noscript" start-tag
1	there is no attribute "onchange"
1	ID "end" already defined
1	element "Title" undefined
1	end tag for element "title" which is not open
1	end tag for element "Body" which is not open
1	there is no attribute "Language"
1	element "Form" undefined
1	end tag for "Title" omitted, but OMITTAG NO was specified
1	general entity "utmi_cp" not defined and no default entity
1	general entity "utmi_pc" not defined and no default entity
1	Bad value https://pinterest.com/pin/create/button/?url=http://jhosuepardo.com/software-libre/ssh/&media=http://jhosuepardo.com/wp-content/uploads/2012/08/EstudianteLinux1-125x125.gif&description=Conexión remota segura con SSH for attribute href on element a: Whitespace in query component. Use %20 in place of spaces.
1	Bad value https://pinterest.com/pin/create/button/?url=http://jhosuepardo.com/software-libre/easystroke-manejar-el-escritorio-con-gestos-de-raton/&media=http://jhosuepardo.com/wp-content/uploads/2012/08/EstudianteLinux1-125x125.gif&description=Easystroke, manejar el escritorio con gestos de ratón for attribute href on element a: Whitespace in query component. Use %20 in place of spaces.
1	Bad value https://pinterest.com/pin/create/button/?url=http://jhosuepardo.com/ubuntu-linux/de-donde-descargo-ubuntu/&media=http://jhosuepardo.com/wp-content/uploads/2012/08/LogoUbuntu1-125x125.png&description=¿De dónde descargo ubuntu? for attribute href on element a: Whitespace in query component. Use %20 in place of spaces.
1	Bad value https://pinterest.com/pin/create/button/?url=http://jhosuepardo.com/software-libre/hacer-copias-de-seguridad-antes-de-instalar/&media=http://jhosuepardo.com/wp-content/uploads/2012/08/EstudianteLinux1-125x125.gif&description=Hacer copias de seguridad antes de instalar for attribute href on element a: Whitespace in query component. Use %20 in place of spaces.
1	Bad value https://pinterest.com/pin/create/button/?url=http://jhosuepardo.com/software-libre/gedit-editor-de-texto-para-programadores/&media=http://jhosuepardo.com/wp-content/uploads/2012/08/EstudianteLinux1-125x125.gif&description=Gedit, editor de texto para programadores for attribute href on element a: Whitespace in query component. Use %20 in place of spaces.
1	Bad value https://pinterest.com/pin/create/button/?url=http://jhosuepardo.com/software-libre/terminando-de-configurar-ubuntu-con-ubuntu-tweak/&media=http://jhosuepardo.com/wp-content/uploads/2012/08/LogoUbuntu1-125x125.png&description=Terminando de configurar Ubuntu con Ubuntu-tweak for attribute href on element a: Whitespace in query component. Use %20 in place of spaces.
1	Bad value https://pinterest.com/pin/create/button/?url=http://jhosuepardo.com/diseno-web/xhtml-y-html/&media=http://jhosuepardo.com/wp-content/uploads/2012/08/DiseñoWeb1-125x93.jpg&description=XHTML y HTML for attribute href on element a: Whitespace in query component. Use %20 in place of spaces.
1	Attribute av not allowed on element aside at this point.
1	Attribute searchtype not allowed on element a at this point.
1	Attribute analytics not allowed on element a at this point.
1	Bad value text/html; charset=ISO-8859-1 for attribute content on element meta: iso-8859-1 is not a valid character encoding name.
1	Bad value https://pinterest.com/pin/create/button/?url=http://jhosuepardo.com/ubuntu-linux/matar-un-programa-en-linux/&media=http://jhosuepardo.com/wp-content/uploads/2012/08/EstudianteLinux1-125x125.gif&description=Matar un programa en Linux for attribute href on element a: Whitespace in query component. Use %20 in place of spaces.
1	Bad value 35% for attribute width on element img: Expected a digit but saw % instead.
1	general entity "classtype" not defined and no default entity
1	general entity "status" not defined and no default entity
1	"iG" is not a member of a group specified for any attribute
1	"VS" is not a member of a group specified for any attribute
1	"时空战线" is not a member of a group specified for any attribute
1	"带你走进" is not a member of a group specified for any attribute
1	"吃货必备手游" is not a member of a group specified for any attribute
1	there is no attribute "nolazyload"
1	end tag for element "STYLE" which is not open
1	"Live" is not a member of a group specified for any attribute
1	there is no attribute "nodeIndex"
1	<p>
        Sorry, I am unable to validate this document because on line
        <strong>36</strong>
        it contained one or more bytes that I cannot interpret as
        <code>utf-8</code>
        (in other words, the bytes found are not valid values in the specified
        Character Encoding). Please check both the content of the file and the
        character encoding indication.
      </p>
<p>The error was: 
        utf8 "\xC9" does not map to Unicode

      </p>
1	Attribute data_url not allowed on element h1 at this point.
1	there is no attribute "depcity"
1	general entity "hotelid" not defined and no default entity
1	there is no attribute "arrcity"
1	there is no attribute "depdate"
1	ID "form_xianlu" already defined
1	general entity "fm" not defined and no default entity
1	reference to entity "fm" for which no system identifier could be generated
1	there is no attribute "data-remote"
1	"adstream_nx.ads" is not a member of a group specified for any attribute
1	"click_nx.ads" is not a member of a group specified for any attribute
1	general entity "subNum" not defined and no default entity
1	general entity "cityid" not defined and no default entity
1	general entity "juli" not defined and no default entity
1	value of attribute "type" cannot be "number"; must be one of "text", "password", "checkbox", "radio", "submit", "reset", "file", "hidden", "image", "button"
1	there is no attribute "data-product_variations"
1	<p>
        Sorry, I am unable to validate this document because on line
        <strong>638</strong>
        it contained one or more bytes that I cannot interpret as
        <code>utf-8</code>
        (in other words, the bytes found are not valid values in the specified
        Character Encoding). Please check both the content of the file and the
        character encoding indication.
      </p>
<p>The error was: 
        utf8 "\xC3" does not map to Unicode

      </p>
1	<p>
        Sorry, I am unable to validate this document because on line
        <strong>678</strong>
        it contained one or more bytes that I cannot interpret as
        <code>utf-8</code>
        (in other words, the bytes found are not valid values in the specified
        Character Encoding). Please check both the content of the file and the
        character encoding indication.
      </p>
<p>The error was: 
        utf8 "\xC3" does not map to Unicode

      </p>
1	there is no attribute "step"
1	there is no attribute "min"
1	value of attribute "FOR" invalid: "6" cannot start a name
1	value of attribute "ID" invalid: "6" cannot start a name
1	there is no attribute "DATA-LANG"
1	XHTML element title not allowed as child of XHTML element link in this context. (Suppressing further errors from this subtree.)
1	ID "occidente" already defined
1	Bad value lightbox[2841687811] for attribute rel on element a: The string lightbox[2841687811] is not a registered keyword or absolute URL. Illegal character in path component.
1	Bad value /~/media/Images/Kampagne Spot Billeder/medlem copy.gif for attribute src on element img: Whitespace in path component. Use %20 in place of spaces.
1	Attribute &haschildren not allowed on element a at this point.
1	Bad value /~/media/Images/Forside Kundebilleder/AndreAndSteve3.jpg for attribute src on element img: Whitespace in path component. Use %20 in place of spaces.
1	Bad value /~/media/Images/Forside Kundebilleder/KRIFA3.jpg for attribute src on element img: Whitespace in path component. Use %20 in place of spaces.
1	Bad value /~/media/Images/Forside Kundebilleder/forca.jpg for attribute src on element img: Whitespace in path component. Use %20 in place of spaces.
1	document type does not allow element "UL" here; missing one of "APPLET", "OBJECT", "MAP", "IFRAME", "BUTTON" start-tag
1	ID "HEAD-DA39A3EE5E6B4B0D3255BFEF95601890AFD80709" already defined
1	Attribute bx-path not allowed on element div at this point.
1	Attribute bx-name not allowed on element div at this point.
1	Bad value spm-id for attribute name on element meta: Keyword spm-id is not registered.
1	ID "HEAD-DA39A3EE5E6B4B0D3255BFEF95601890AFD80709-2" already defined
1	Bad value /~/media/Images/Forside Kundebilleder/testemonial_nina.jpg for attribute src on element img: Whitespace in path component. Use %20 in place of spaces.
1	Bad value /~/media/Images/Forside Kundebilleder/Michala_954x255.jpg for attribute src on element img: Whitespace in path component. Use %20 in place of spaces.
1	Duplicate ID sharing-facebook-284.
1	Duplicate ID sharing-twitter-284.
1	Bad value 15 stycznia 2012 for attribute datetime on element time: The literal did not satisfy the time-datetime format.
1	Duplicate ID sharing-google-277.
1	Duplicate ID sharing-twitter-277.
1	Duplicate ID sharing-google-284.
1	Bad value zh_CN for attribute lang on element html: The language subtag zh_cn is not a valid language subtag.
1	Bad value /Application Management Center/Application Management Center.aspx for attribute href on element a: Whitespace in path component. Use %20 in place of spaces.
1	Attribute ref not allowed on element link at this point.
1	Bad value ”canonical” for attribute rel on element link: Not an absolute IRI. The string ”canonical” is not a registered keyword or absolute URL.
1	Bad value eng-gb for attribute lang on element html: The language subtag eng is not a valid ISO language part of a language tag.
1	Bad value nvzhuang for attribute rel on element a: Not an absolute IRI. The string nvzhuang is not a registered keyword or absolute URL.
1	Bad value neiyi for attribute rel on element a: Not an absolute IRI. The string neiyi is not a registered keyword or absolute URL.
1	ID "id44628" already defined
1	ID "id7163" already defined
1	ID "id54886" already defined
1	ID "id3344" already defined
1	<p>
        Sorry, I am unable to validate this document because on line
        <strong>714</strong>
        it contained one or more bytes that I cannot interpret as
        <code>utf-8</code>
        (in other words, the bytes found are not valid values in the specified
        Character Encoding). Please check both the content of the file and the
        character encoding indication.
      </p>
<p>The error was: 
        utf8 "\xC3" does not map to Unicode

      </p>
1	ID "id91016" already defined
1	ID "internal-source-marker_0.8766948150005192" already defined
1	ID "internal-source-marker_0.3219882221892476" already defined
1	ID "id57287" already defined
1	ID "id71140" already defined
1	ID "id5947" already defined
1	reference to entity "a_1.jpg" for which no system identifier could be generated
1	general entity "a_1.jpg" not defined and no default entity
1	Bad value nvxie for attribute rel on element a: Not an absolute IRI. The string nvxie is not a registered keyword or absolute URL.
1	Bad value ertong for attribute rel on element a: Not an absolute IRI. The string ertong is not a registered keyword or absolute URL.
1	Bad value baihuo for attribute rel on element a: Not an absolute IRI. The string baihuo is not a registered keyword or absolute URL.
1	Bad value peishi for attribute rel on element a: Not an absolute IRI. The string peishi is not a registered keyword or absolute URL.
1	Bad value nanzhuang for attribute rel on element a: Not an absolute IRI. The string nanzhuang is not a registered keyword or absolute URL.
1	Bad value hufu for attribute rel on element a: Not an absolute IRI. The string hufu is not a registered keyword or absolute URL.
1	Bad value altername for attribute rel on element link: Not an absolute IRI. The string altername is not a registered keyword or absolute URL.
1	ID "id51473" already defined
1	Bad value  for attribute src on element script: Must be non-empty.
1	Bad value ”utf-8″ for attribute charset on element script: Value contained ”, which is not a valid character in an encoding name.
1	Bad value ”text/javascript” for attribute type on element script: Expected a token character but saw ” instead.
1	Duplicate ID sharing-facebook-277.
1	Bad value 10 stycznia 2012 for attribute datetime on element time: The literal did not satisfy the time-datetime format.
1	ID "internal-source-marker_0.827143139205873" already defined
1	ID "dropdown_fullwidth_item6" already defined
1	there is no attribute "ts:mixgroup"
1	ID "item" already defined
1	reference to entity "promo" for which no system identifier could be generated
1	<p>
        Sorry, I am unable to validate this document because on line
        <strong>15</strong>
        it contained one or more bytes that I cannot interpret as
        <code>utf-8</code>
        (in other words, the bytes found are not valid values in the specified
        Character Encoding). Please check both the content of the file and the
        character encoding indication.
      </p>
<p>The error was: 
        utf8 "\xF1" does not map to Unicode

      </p>
1	Bad value 10 listopada 2011 for attribute datetime on element time: The literal did not satisfy the time-datetime format.
1	Bad value 14 listopada 2011 for attribute datetime on element time: The literal did not satisfy the time-datetime format.
1	Duplicate ID sharing-google-80.
1	Duplicate ID sharing-twitter-80.
1	Duplicate ID sharing-facebook-80.
1	general entity "promo" not defined and no default entity
1	ID "tiscali-top-bar-weather-close-left" already defined
1	Bad value text / javascript for attribute type on element script: Expected a token character or / but saw   instead.
1	Bad value lightbox[5053617411] for attribute rel on element a: Illegal character in path component. The string lightbox[5053617411] is not a registered keyword or absolute URL.
1	Bad value lightbox[2810745011] for attribute rel on element a: Illegal character in path component. The string lightbox[2810745011] is not a registered keyword or absolute URL.
1	Bad value lightbox[2810739811] for attribute rel on element a: The string lightbox[2810739811] is not a registered keyword or absolute URL. Illegal character in path component.
1	Bad value lightbox[2810737011] for attribute rel on element a: The string lightbox[2810737011] is not a registered keyword or absolute URL. Illegal character in path component.
1	Bad value http://antoniogutiga@hotmail.com for attribute href on element a: PROHIBITED_COMPONENT_PRESENT in user component.
1	Bad value lightbox[5756120111] for attribute rel on element a: The string lightbox[5756120111] is not a registered keyword or absolute URL. Illegal character in path component.
1	there is no attribute "ts:gacategory"
1	Bad value lightbox[5748908011] for attribute rel on element a: Illegal character in path component. The string lightbox[5748908011] is not a registered keyword or absolute URL.
1	Unclosed element sup.
1	Bad value lightbox[5756506211] for attribute rel on element a: Illegal character in path component. The string lightbox[5756506211] is not a registered keyword or absolute URL.
1	Duplicate ID sharing-facebook-101.
1	Duplicate ID sharing-twitter-101.
1	Duplicate ID sharing-google-229.
1	Duplicate ID sharing-facebook-233.
1	Duplicate ID sharing-twitter-229.
1	Duplicate ID sharing-facebook-229.
1	Bad value 2 stycznia 2012 for attribute datetime on element time: The literal did not satisfy the time-datetime format.
1	Duplicate ID sharing-twitter-233.
1	Duplicate ID sharing-google-233.
1	Duplicate ID sharing-google-266.
1	Duplicate ID sharing-twitter-266.
1	Duplicate ID sharing-facebook-266.
1	Bad value 9 stycznia 2012 for attribute datetime on element time: The literal did not satisfy the time-datetime format.
1	Duplicate ID sharing-google-228.
1	Duplicate ID sharing-twitter-228.
1	Duplicate ID sharing-twitter-174.
1	Duplicate ID sharing-facebook-174.
1	Bad value 11 grudnia 2011 for attribute datetime on element time: The literal did not satisfy the time-datetime format.
1	Duplicate ID sharing-google-101.
1	Duplicate ID sharing-google-174.
1	Bad value 15 grudnia 2011 for attribute datetime on element time: The literal did not satisfy the time-datetime format.
1	Duplicate ID sharing-facebook-228.
1	Duplicate ID sharing-google-190.
1	Duplicate ID sharing-twitter-190.
1	Duplicate ID sharing-facebook-190.
1	reference to entity "aacutenea" for which no system identifier could be generated
1	<p>
        Sorry, I am unable to validate this document because on line
        <strong>5</strong>
        it contained one or more bytes that I cannot interpret as
        <code>utf-8</code>
        (in other words, the bytes found are not valid values in the specified
        Character Encoding). Please check both the content of the file and the
        character encoding indication.
      </p>
<p>The error was: 
        utf8 "\xF3" does not map to Unicode

      </p>
1	Bad value _gaq.push(['_trackEvent', 'ar Top Navigation', 'Click', 'أفلام- الليلة على -Jackie Chan's First Strike']); for attribute onclick on element a: missing ] after element list
1	Bad value /ar/stage/0/carouselItems/08/thumbnailBinary/3957e9f098e766a031c809eb3e1bc70dcd8d1d8a/nancy small.jpg for attribute src on element img: Whitespace in path component. Use %20 in place of spaces.
1	Bad value _gaq.push(['_trackEvent', 'ar Top Navigation', 'Click', 'برامج-أجنبي-Hell's Kitchen US']); for attribute onclick on element a: missing ] after element list
1	Attribute data-26000 not allowed on element g at this point.
1	Attribute data-25000 not allowed on element g at this point.
1	Attribute قبلة not allowed on element a at this point.
1	Attribute النور" not allowed on element a at this point.
1	Attribute الأربعاء" not allowed on element a at this point.
1	Attribute سهرة not allowed on element a at this point.
1	Attribute mbc1 not allowed on element a at this point.
1	Attribute على not allowed on element a at this point.
1	Attribute data--300 not allowed on element path at this point.
1	Attribute data-50 not allowed on element path at this point.
1	Bad value 322012763985686528 external nofollow for attribute rel on element a: The string 322012763985686528 is not a registered keyword or absolute URL.
1	Bad value 322039273400459264 external nofollow for attribute rel on element a: The string 322039273400459264 is not a registered keyword or absolute URL.
1	Bad value 321995111368110080 external nofollow for attribute rel on element a: The string 321995111368110080 is not a registered keyword or absolute URL.
1	Bad value 322040639283929088 external nofollow for attribute rel on element a: The string 322040639283929088 is not a registered keyword or absolute URL.
1	Bad value 321993375085629440 external nofollow for attribute rel on element a: The string 321993375085629440 is not a registered keyword or absolute URL.
1	Bad value 322039901669437441 external nofollow for attribute rel on element a: The string 322039901669437441 is not a registered keyword or absolute URL.
1	Bad value 322045692715618305 external nofollow for attribute rel on element a: The string 322045692715618305 is not a registered keyword or absolute URL.
1	Attribute data-400 not allowed on element svg at this point.
1	Duplicate attribute data-400.
1	Bad value attachment wp-att-307259 for attribute rel on element a: The string attachment is not a registered keyword or absolute URL.
1	Bad value attachment wp-att-717336 for attribute rel on element a: The string attachment is not a registered keyword or absolute URL.
1	Attribute حملة not allowed on element a at this point.
1	Attribute لا not allowed on element a at this point.
1	Attribute كيف not allowed on element a at this point.
1	Attribute ذلك" not allowed on element a at this point.
1	Attribute حياة".. not allowed on element a at this point.
1	Attribute ؟" not allowed on element a at this point.
1	Attribute الحمراء" not allowed on element a at this point.
1	Attribute نور not allowed on element img at this point.
1	Attribute نصراوي not allowed on element img at this point.
1	Bad value /.imaging/stk/mbc/width-300/website/contentpool/ar/2013/4/17/مواليد-الشتاء-أكثر-مناعة-من-مواليد-الصيف-/mainImageBinary/e2291d0278d331221816fcb38e73fd244a462faf/مولود جديد.jpg for attribute src on element img: Whitespace in path component. Use %20 in place of spaces.
1	Bad value /.imaging/stk/mbc/width-300/media/Photos/2013/April/Week-3/002/هيكل-من-الشمع-لنيكول-كيدمان/original/3bd5f95914a378566fa0ea61e65577945dbd5364/هيكل من الشمع لنيكول كيدمان.jpg for attribute src on element img: Whitespace in path component. Use %20 in place of spaces.
1	Attribute الموسم.jpg not allowed on element img at this point.
1	Attribute هذا not allowed on element img at this point.
1	Attribute السجادة not allowed on element a at this point.
1	Attribute ملكة not allowed on element a at this point.
1	Attribute الصدارة not allowed on element a at this point.
1	Attribute و"غزو not allowed on element a at this point.
1	Attribute 42" not allowed on element a at this point.
1	Duplicate attribute في.
1	Attribute للتعصب"" not allowed on element a at this point.
1	Attribute البيت not allowed on element a at this point.
1	Attribute الأبيض" not allowed on element a at this point.
1	Attribute بأمريكا" not allowed on element a at this point.
1	Attribute التذاكر not allowed on element a at this point.
1	Attribute شباك not allowed on element a at this point.
1	Attribute يترنح not allowed on element a at this point.
1	Duplicate ID maplink_rue_fest.
1	Duplicate ID maplink_verkaufsoffener_sonntag.
1	general entity "pageIndex" not defined and no default entity
1	general entity "tUrl" not defined and no default entity
1	general entity "catName" not defined and no default entity
1	general entity "trail" not defined and no default entity
1	general entity "qfh_rct" not defined and no default entity
1	general entity "ignt" not defined and no default entity
1	general entity "minPrice" not defined and no default entity
1	reference to entity "oci" for which no system identifier could be generated
1	general entity "oci" not defined and no default entity
1	general entity "showOutOfStockItems" not defined and no default entity
1	general entity "maxPrice" not defined and no default entity
1	general entity "qfh_ft" not defined and no default entity
1	general entity "_i" not defined and no default entity
1	reference to entity "stock" for which no system identifier could be generated
1	general entity "verify" not defined and no default entity
1	general entity "stock" not defined and no default entity
1	reference to entity "carriage" for which no system identifier could be generated
1	general entity "carriage" not defined and no default entity
1	reference to entity "verify" for which no system identifier could be generated
1	ID "hyFrames" already defined
1	general entity "ccmMultilingualCurrentPageID" not defined and no default entity
1	reference to entity "bID" for which no system identifier could be generated
1	general entity "bID" not defined and no default entity
1	invalid comment declaration: found character "}" outside comment but inside comment declaration
1	ID "campaign004-1020" already defined
1	ID "campaign004-0063" already defined
1	ID "campaign004-6520" already defined
1	ID "campaign004-6518" already defined
1	ID "campaign132-2284" already defined
1	ID "campaign598-7701" already defined
1	ID "campaign004-3128" already defined
1	ID "campaign117-2220" already defined
1	ID "campaign117-1450" already defined
1	Duplicate ID maplink_marktkirche.
1	<p>
        Sorry, I am unable to validate this document because on line
        <strong>1718</strong>
        it contained one or more bytes that I cannot interpret as
        <code>gb2312</code>
        (in other words, the bytes found are not valid values in the specified
        Character Encoding). Please check both the content of the file and the
        character encoding indication.
      </p>
<p>The error was: 
        euc-cn "\x8B" does not map to Unicode

      </p>
1	<p>
        Sorry, I am unable to validate this document because on line
        <strong>7</strong>
        it contained one or more bytes that I cannot interpret as
        <code>utf-8</code>
        (in other words, the bytes found are not valid values in the specified
        Character Encoding). Please check both the content of the file and the
        character encoding indication.
      </p>
<p>The error was: 
        utf8 "\xCE" does not map to Unicode

      </p>
1	ID "campaign117-1006" already defined
1	ID "campaign123-6601" already defined
1	ID "campaign004-5749" already defined
1	ID "campaign161-0005" already defined
1	ID "campaign190-0071" already defined
1	ID "campaign025-9620" already defined
1	ID "campaign025-9621" already defined
1	ID "campaign161-8035" already defined
1	ID "campaign367-8054" already defined
1	ID "campaign004-5536" already defined
1	ID "campaign025-2049" already defined
1	ID "campaign168-0063" already defined
1	ID "campaign367-6021" already defined
1	Bad value /.imaging/stk/mbc/width-300/media/Photos/2012/december/22/الرجاء-المغربي/original/70bc8118bd796f200fe8b3d65bd371b7a279d4d5/الرجاء المغربي.jpg for attribute src on element img: Whitespace in path component. Use %20 in place of spaces.
1	Bad value /.imaging/stk/mbc/width-300/media/Photos/2013/february/13/أنجيلوس-خاريستياس/original/a4a7ab0241f1cce0ec3b164e215c73a2fcd19a08/أنجيلوس خاريستياس.jpg for attribute src on element img: Whitespace in path component. Use %20 in place of spaces.
1	general entity "printNo" not defined and no default entity
1	reference to entity "printNo" for which no system identifier could be generated
1	reference to entity "officeId" for which no system identifier could be generated
1	general entity "officeId" not defined and no default entity
1	reference to entity "publishDate" for which no system identifier could be generated
1	general entity "publishType" not defined and no default entity
1	reference to entity "publishType" for which no system identifier could be generated
1	there is no attribute "ITEMTYPE"
1	"ITEMSCOPE" is not a member of a group specified for any attribute
1	Bad value mobile-agent for attribute http-equiv on element meta.
1	Attribute dropeffect not allowed on element html at this point.
1	general entity "publishDate" not defined and no default entity
1	reference to entity "printCount" for which no system identifier could be generated
1	reference to entity "field_name" for which no system identifier could be generated
1	Bad value http://img.genbetadev.com/2013/04/650_1000_Captura de pantalla 2013-04-21 a la(s) 15.19.28.png for attribute src on element img: Whitespace in path component. Use %20 in place of spaces.
1	general entity "field_name" not defined and no default entity
1	<p>
        Sorry, I am unable to validate this document because on line
        <strong>54</strong>
        it contained one or more bytes that I cannot interpret as
        <code>utf-8</code>
        (in other words, the bytes found are not valid values in the specified
        Character Encoding). Please check both the content of the file and the
        character encoding indication.
      </p>
<p>The error was: 
        utf8 "\xED" does not map to Unicode

      </p>
1	XHTML element link not allowed as child of XHTML element link in this context. (Suppressing further errors from this subtree.)
1	Duplicate attribute type.
1	Attribute qriusfeed not allowed on element div at this point.
1	general entity "printCount" not defined and no default entity
1	reference to entity "editNo" for which no system identifier could be generated
1	general entity "editNo" not defined and no default entity
1	Attribute qriustitle not allowed on element div at this point.
1	document type does not allow element "TABLE" here
1	there is no attribute "DATA-WIDGET-ID"
1	ID "anchorBoxId_10" already defined
1	ID "btn_preview_listmain10" already defined
1	ID "btn_preview_listmain27" already defined
1	ID "anchorBoxId_27" already defined
1	ID "btn_preview_listmain28" already defined
1	Bad value attachment wp-att-241840 for attribute rel on element a: The string attachment is not a registered keyword or absolute URL.
1	Bad value attachment wp-att-20548 for attribute rel on element a: The string attachment is not a registered keyword or absolute URL.
1	Bad value attachment wp-att-20542 for attribute rel on element a: The string attachment is not a registered keyword or absolute URL.
1	Bad value attachment wp-att-20541 for attribute rel on element a: The string attachment is not a registered keyword or absolute URL.
1	Bad value attachment wp-att-20540 for attribute rel on element a: The string attachment is not a registered keyword or absolute URL.
1	Bad value attachment wp-att-20539 for attribute rel on element a: The string attachment is not a registered keyword or absolute URL.
1	ID "anchorBoxId_28" already defined
1	ID "btn_preview_listmain29" already defined
1	end tag for "CENTER" omitted, but its declaration does not permit this
1	ID "anchorBoxId_32" already defined
1	there is no attribute "DATA-SIZE"
1	end tag for element "CENTER" which is not open
1	general entity "quot" not defined and no default entity
1	ID "btn_preview_listmain32" already defined
1	ID "anchorBoxId_31" already defined
1	ID "anchorBoxId_29" already defined
1	ID "btn_preview_listmain30" already defined
1	ID "anchorBoxId_30" already defined
1	ID "btn_preview_listmain31" already defined
1	Bad value BRANKIC_THEME for attribute name on XHTML element meta: Keyword brankic_theme is not registered.
1	Bad value BRANKIC_VAR_PREFIX for attribute name on XHTML element meta: Keyword brankic_var_prefix is not registered.
1	Attribute unselectable not allowed on element li at this point.
1	Bad character 越 after <. Probable cause: Unescaped <. Try escaping it as &lt;.
1	Duplicate attribute autocomplete.
1	Attribute servertime not allowed on element p at this point.
1	Attribute starttime not allowed on element p at this point.
1	Duplicate ID J_HS_Form.
1	<p>
        Sorry, I am unable to validate this document because on line
        <strong>1731</strong>
        it contained one or more bytes that I cannot interpret as
        <code>gb2312</code>
        (in other words, the bytes found are not valid values in the specified
        Character Encoding). Please check both the content of the file and the
        character encoding indication.
      </p>
<p>The error was: 
        euc-cn "\xAC" does not map to Unicode

      </p>
1	general entity "familyIds" not defined and no default entity
1	document type does not allow element "input" here; missing one of "dt", "dd" start-tag
1	reference to entity "cert" for which no system identifier could be generated
1	general entity "cert" not defined and no default entity
1	Bad value 360-site-verification for attribute name on element meta: Keyword 360-site-verification is not registered.
1	Bad value http://strolen.com/viewing/##0 for attribute href on element a: Illegal character in fragment component.
1	<p>
        Sorry, I am unable to validate this document because on line
        <strong>187</strong>
        it contained one or more bytes that I cannot interpret as
        <code>utf-8</code>
        (in other words, the bytes found are not valid values in the specified
        Character Encoding). Please check both the content of the file and the
        character encoding indication.
      </p>
<p>The error was: 
        utf8 "\xF3" does not map to Unicode

      </p>
1	<p>
        Sorry, I am unable to validate this document because on line
        <strong>120</strong>
        it contained one or more bytes that I cannot interpret as
        <code>utf-8</code>
        (in other words, the bytes found are not valid values in the specified
        Character Encoding). Please check both the content of the file and the
        character encoding indication.
      </p>
<p>The error was: 
        utf8 "\xED" does not map to Unicode

      </p>
1	<p>
        Sorry, I am unable to validate this document because on line
        <strong>20</strong>
        it contained one or more bytes that I cannot interpret as
        <code>utf-8</code>
        (in other words, the bytes found are not valid values in the specified
        Character Encoding). Please check both the content of the file and the
        character encoding indication.
      </p>
<p>The error was: 
        utf8 "\xF1" does not map to Unicode

      </p>
1	<p>
        Sorry, I am unable to validate this document because on line
        <strong>58</strong>
        it contained one or more bytes that I cannot interpret as
        <code>utf-8</code>
        (in other words, the bytes found are not valid values in the specified
        Character Encoding). Please check both the content of the file and the
        character encoding indication.
      </p>
<p>The error was: 
        utf8 "\xE9" does not map to Unicode

      </p>
1	<p>
        Sorry, I am unable to validate this document because on line
        <strong>28</strong>
        it contained one or more bytes that I cannot interpret as
        <code>utf-8</code>
        (in other words, the bytes found are not valid values in the specified
        Character Encoding). Please check both the content of the file and the
        character encoding indication.
      </p>
<p>The error was: 
        utf8 "\xF1" does not map to Unicode

      </p>
1	<p>
        Sorry, I am unable to validate this document because on line
        <strong>58</strong>
        it contained one or more bytes that I cannot interpret as
        <code>utf-8</code>
        (in other words, the bytes found are not valid values in the specified
        Character Encoding). Please check both the content of the file and the
        character encoding indication.
      </p>
<p>The error was: 
        utf8 "\xED" does not map to Unicode

      </p>
1	ID "GRANDEAZUL" already defined
1	<p>
        Sorry, I am unable to validate this document because on line
        <strong>788</strong>
        it contained one or more bytes that I cannot interpret as
        <code>utf-8</code>
        (in other words, the bytes found are not valid values in the specified
        Character Encoding). Please check both the content of the file and the
        character encoding indication.
      </p>
<p>The error was: 
        utf8 "\xA0" does not map to Unicode

      </p>
1	<p>
        Sorry, I am unable to validate this document because on line
        <strong>1511</strong>
        it contained one or more bytes that I cannot interpret as
        <code>utf-8</code>
        (in other words, the bytes found are not valid values in the specified
        Character Encoding). Please check both the content of the file and the
        character encoding indication.
      </p>
<p>The error was: 
        utf8 "\xE9" does not map to Unicode

      </p>
1	there is no attribute "data-thumb"
1	<p>
        Sorry, I am unable to validate this document because on line
        <strong>17</strong>
        it contained one or more bytes that I cannot interpret as
        <code>utf-8</code>
        (in other words, the bytes found are not valid values in the specified
        Character Encoding). Please check both the content of the file and the
        character encoding indication.
      </p>
<p>The error was: 
        utf8 "\xF1" does not map to Unicode

      </p>
1	general entity "targetUrl" not defined and no default entity
1	reference to entity "targetUrl" for which no system identifier could be generated
1	<p>
        Sorry, I am unable to validate this document because on line
        <strong>792</strong>
        it contained one or more bytes that I cannot interpret as
        <code>utf-8</code>
        (in other words, the bytes found are not valid values in the specified
        Character Encoding). Please check both the content of the file and the
        character encoding indication.
      </p>
<p>The error was: 
        utf8 "\xA0" does not map to Unicode

      </p>
1	ID "content_centered" already defined
1	reference to entity "http:" for which no system identifier could be generated
1	general entity "http:" not defined and no default entity
1	reference to entity "null" for which no system identifier could be generated
1	there is no attribute "data-liquidslider-ref"
1	ID "new_patient" already defined
1	ID "actions" already defined
1	ID "doctor_email" already defined
1	ID "patient_email" already defined
1	ID "inputs" already defined
1	general entity "null" not defined and no default entity
1	<p>
        Sorry, I am unable to validate this document because on line
        <strong>6</strong>
        it contained one or more bytes that I cannot interpret as
        <code>utf-8</code>
        (in other words, the bytes found are not valid values in the specified
        Character Encoding). Please check both the content of the file and the
        character encoding indication.
      </p>
<p>The error was: 
        utf8 "\xE9" does not map to Unicode

      </p>
1	there is no attribute "data-final-left"
1	there is no attribute "data-initial-top"
1	there is no attribute "data-initial-left"
1	there is no attribute "data-text-id"
1	there is no attribute "data-final-top"
1	there is no attribute "data-duration"
1	"PUBliC" is not a reserved name
1	expected '"' or "'" (found U)
1	there is no attribute "data-delay"
1	there is no attribute "data-fade-start"
1	reference to entity "unit" for which no system identifier could be generated
1	general entity "unit" not defined and no default entity
1	ID "id29714" already defined
1	ID "user_email" already defined
1	ID "id63734" already defined
1	ID "id72333" already defined
1	ID "id76506" already defined
1	ID "user_password" already defined
1	<p>
        Sorry, I am unable to validate this document because on line
        <strong>47</strong>
        it contained one or more bytes that I cannot interpret as
        <code>gb2312</code>
        (in other words, the bytes found are not valid values in the specified
        Character Encoding). Please check both the content of the file and the
        character encoding indication.
      </p>
<p>The error was: 
        euc-cn "\xC4" does not map to Unicode

      </p>
1	general entity "valeur" not defined and no default entity
1	reference to entity "P" for which no system identifier could be generated
1	general entity "P" not defined and no default entity
1	Duplicate ID download-for-ubuntu.
1	ID "id15343" already defined
1	ID "id98044" already defined
1	Bad value http://digg.com/submit?phase=2&url=http://karyawijayacomp-on.blogspot.de/2013/04/yahoo-mail.html&title=Yahoo mail for attribute href on element a: Whitespace in query component. Use %20 in place of spaces.
1	Bad value http://reddit.com/submit?url=http://karyawijayacomp-on.blogspot.de/2013/04/yahoo-mail.html&title=Yahoo mail for attribute href on element a: Whitespace in query component. Use %20 in place of spaces.
1	Bad value http://www.stumbleupon.com/refer.php?url=http://karyawijayacomp-on.blogspot.de/2013/04/yahoo-mail.html&title=Yahoo mail for attribute href on element a: Whitespace in query component. Use %20 in place of spaces.
1	Bad value http://twitter.com/share?url=http://karyawijayacomp-on.blogspot.de/2013/04/yahoo-mail.html&title=Yahoo mail for attribute href on element a: Whitespace in query component. Use %20 in place of spaces.
1	Bad value http://www.facebook.com/sharer.php?u=http://karyawijayacomp-on.blogspot.de/2013/04/yahoo-mail.html&title=Yahoo mail for attribute href on element a: Whitespace in query component. Use %20 in place of spaces.
1	Bad value http://myweb2.search.yahoo.com/myresults/bookmarklet?t=http://karyawijayacomp-on.blogspot.de/2013/04/yahoo-mail.html&title=Yahoo mail for attribute href on element a: Whitespace in query component. Use %20 in place of spaces.
1	Bad value http://delicious.com/post?url=http://karyawijayacomp-on.blogspot.de/2013/04/yahoo-mail.html&title=Yahoo mail for attribute href on element a: Whitespace in query component. Use %20 in place of spaces.
1	ID "id61714" already defined
1	ID "id96794" already defined
1	ID "id47284" already defined
1	ID "id61628" already defined
1	Duplicate ID chat_button_image.
1	Duplicate ID livezilla_tracking.
1	Bad value http://northwaysolutions.com/blog/?json=get_category_posts&category_slug=Quality Assurance&exclude=comments,excerpt,content&page=1&count=10&callback=renderBlock_749 for attribute src on element script: Whitespace in query component. Use %20 in place of spaces.
1	Bad value http://northwaysolutions.com/blog/?json=get_category_posts&category_slug=Functional Testing and Automation&exclude=comments,excerpt,content&page=1&count=10&callback=renderBlock_754 for attribute src on element script: Whitespace in query component. Use %20 in place of spaces.
1	Bad value 318754783886454785 external nofollow for attribute rel on element a: The string 318754783886454785 is not a registered keyword or absolute URL.
1	Bad value 319479552445399040 external nofollow for attribute rel on element a: The string 319479552445399040 is not a registered keyword or absolute URL.
1	Bad value 320666089551982592 external nofollow for attribute rel on element a: The string 320666089551982592 is not a registered keyword or absolute URL.
1	Bad value http://northwaysolutions.com/blog/?json=get_category_posts&category_slug=Performance Testing and Automation&exclude=comments,excerpt,content&page=1&count=10&callback=renderBlock_744 for attribute src on element script: Whitespace in query component. Use %20 in place of spaces.
1	name character invalid: only minimum literal and parameter separators are allowed
1	Attribute ll not allowed on element img at this point.
1	Bad value http://www.flickr.com/photos/tiseb/26519426/ http:// for attribute href on element a: Whitespace in path component. Use %20 in place of spaces.
1	Duplicate ID post-13400.
1	Duplicate ID post-13923.
1	Bad value 320589117643710466 external nofollow for attribute rel on element a: The string 320589117643710466 is not a registered keyword or absolute URL.
1	Bad value 320666318372220928 external nofollow for attribute rel on element a: The string 320666318372220928 is not a registered keyword or absolute URL.
1	<p>
        Sorry, I am unable to validate this document because on line
        <strong>166</strong>
        it contained one or more bytes that I cannot interpret as
        <code>utf-8</code>
        (in other words, the bytes found are not valid values in the specified
        Character Encoding). Please check both the content of the file and the
        character encoding indication.
      </p>
<p>The error was: 
        utf8 "\x97" does not map to Unicode

      </p>
1	<p>
        Sorry, I am unable to validate this document because on line
        <strong>204</strong>
        it contained one or more bytes that I cannot interpret as
        <code>utf-8</code>
        (in other words, the bytes found are not valid values in the specified
        Character Encoding). Please check both the content of the file and the
        character encoding indication.
      </p>
<p>The error was: 
        utf8 "\x92" does not map to Unicode

      </p>
1	Bad value 2013-01-23 08:00:00 -0800 for attribute datetime on element time: The literal did not satisfy the time-datetime format.
1	Bad value 2013-02-18 00:10:01 -0800 for attribute datetime on element time: The literal did not satisfy the time-datetime format.
1	Bad value 2013-03-13 10:00:00 -0700 for attribute datetime on element time: The literal did not satisfy the time-datetime format.
1	Bad value 320196562770870272 external nofollow for attribute rel on element a: The string 320196562770870272 is not a registered keyword or absolute URL.
1	Bad value 320198200608817154 external nofollow for attribute rel on element a: The string 320198200608817154 is not a registered keyword or absolute URL.
1	Bad value 320227703590617088 external nofollow for attribute rel on element a: The string 320227703590617088 is not a registered keyword or absolute URL.
1	Bad value 320212752792682497 external nofollow for attribute rel on element a: The string 320212752792682497 is not a registered keyword or absolute URL.
1	Bad value 320212449989120001 external nofollow for attribute rel on element a: The string 320212449989120001 is not a registered keyword or absolute URL.
1	Bad value 320208659722412032 external nofollow for attribute rel on element a: The string 320208659722412032 is not a registered keyword or absolute URL.
1	required character (found [) (expected >)
1	reference to entity "qid" for which no system identifier could be generated
1	there is no attribute "index"
1	ID "sld'+i+'" already defined
1	end tag for "this.length" omitted, but OMITTAG NO was specified
1	end tag for "allItemCount" omitted, but OMITTAG NO was specified
1	end tag for "allItemCount-1" omitted, but OMITTAG NO was specified
1	ID "adId'+i+'" already defined
1	ID "adSubImg"+i+"" already defined
1	reference to entity "document.defaultView.getComputedStyle" for which no system identifier could be generated
1	general entity "document.defaultView.getComputedStyle" not defined and no default entity
1	there is no attribute "endSeconds"
1	there is no attribute "startSeconds"
1	element "allItemCount-1" undefined
1	element "allItemCount" undefined
1	there is no attribute "MENU"
1	<p>
        Sorry, I am unable to validate this document because on line
        <strong>6</strong>
        it contained one or more bytes that I cannot interpret as
        <code>utf-8</code>
        (in other words, the bytes found are not valid values in the specified
        Character Encoding). Please check both the content of the file and the
        character encoding indication.
      </p>
<p>The error was: 
        utf8 "\xE1" does not map to Unicode

      </p>
1	document type does not allow element "TABLE" here; missing one of "APPLET", "OBJECT", "MAP", "IFRAME", "BUTTON" start-tag
1	end tag for element "BR" which is not open
1	document type does not allow element "A" here; assuming missing "CAPTION" start-tag
1	ID "glUserName" already defined
1	element "this.length" undefined
1	reference to entity "result_type" for which no system identifier could be generated
1	general entity "result_type" not defined and no default entity
1	reference to entity "location.pathname" for which no system identifier could be generated
1	general entity "location.pathname" not defined and no default entity
1	general entity "UE" not defined and no default entity
1	reference to entity "UE" for which no system identifier could be generated
1	reference to entity "ACCESS_TOKEN" for which no system identifier could be generated
1	general entity "THIRDPARTY_ID" not defined and no default entity
1	general entity "ACCESS_TOKEN" not defined and no default entity
1	reference to entity "MARKET_ID" for which no system identifier could be generated
1	general entity "MARKET_ID" not defined and no default entity
1	reference to entity "THIRDPARTY_ID" for which no system identifier could be generated
1	"s" is not a member of a group specified for any attribute
1	general entity "qid" not defined and no default entity
1	<p>
        Sorry, I am unable to validate this document because on line
        <strong>14</strong>
        it contained one or more bytes that I cannot interpret as
        <code>utf-8</code>
        (in other words, the bytes found are not valid values in the specified
        Character Encoding). Please check both the content of the file and the
        character encoding indication.
      </p>
<p>The error was: 
        utf8 "\x82" does not map to Unicode

      </p>
1	<p>
        Sorry, I am unable to validate this document because on line
        <strong>11</strong>
        it contained one or more bytes that I cannot interpret as
        <code>utf-8</code>
        (in other words, the bytes found are not valid values in the specified
        Character Encoding). Please check both the content of the file and the
        character encoding indication.
      </p>
<p>The error was: 
        utf8 "\x82" does not map to Unicode

      </p>
1	element "image" undefined
1	reference to entity "NICKNAME" for which no system identifier could be generated
1	general entity "NICKNAME" not defined and no default entity
1	element "this.dotObjArr.length" undefined
1	reference to entity "thisMove" for which no system identifier could be generated
1	general entity "thisMove" not defined and no default entity
1	element "pages" undefined
1	end tag for "this.dotObjArr.length" omitted, but OMITTAG NO was specified
1	end tag for "pages" omitted, but OMITTAG NO was specified
1	reference to entity "DEFAULT_REGIST" for which no system identifier could be generated
1	general entity "DEFAULT_REGIST" not defined and no default entity
1	reference to entity "EXPIRE_TYPE" for which no system identifier could be generated
1	general entity "EXPIRE_TYPE" not defined and no default entity
1	Attribute never not allowed on element img at this point.
1	Attribute troll not allowed on element img at this point.
1	Attribute peter not allowed on element div at this point.
1	Attribute principle" not allowed on element div at this point.
1	Attribute the not allowed on element div at this point.
1	reference to entity "sitesearch" for which no system identifier could be generated
1	general entity "sitesearch" not defined and no default entity
1	Attribute and not allowed on element div at this point.
1	Attribute other not allowed on element div at this point.
1	Attribute before not allowed on element div at this point.
1	Attribute twice not allowed on element div at this point.
1	Attribute think not allowed on element div at this point.
1	Attribute reasons not allowed on element div at this point.
1	general entity "PHPSESSID" not defined and no default entity
1	ID "comment-1937" already defined
1	Bad value http://appliext.insa-rennes.fr/OffreFormation/main?action=formationrecherche&rechTexte=&filiere=0&domaine=C&departement=SRC&iframe=true&width=100%&height=100% for attribute href on element a: Query component contains a percent sign that is not followed by two hexadecimal digits.
1	Bad value http://appliext.insa-rennes.fr/OffreFormation/main?action=formationrecherche&rechTexte=&filiere=0&domaine=C&departement=GCU&iframe=true&width=100%&height=100% for attribute href on element a: Query component contains a percent sign that is not followed by two hexadecimal digits.
1	Bad value http://appliext.insa-rennes.fr/OffreFormation/main?action=formationrecherche&rechTexte=&filiere=0&domaine=C&departement=INFO&iframe=true&width=100%&height=100% for attribute href on element a: Query component contains a percent sign that is not followed by two hexadecimal digits.
1	Bad value http://appliext.insa-rennes.fr/OffreFormation/main?action=formationrecherche&rechTexte=&filiere=0&domaine=C&departement=EII&iframe=true&width=100%&height=100% for attribute href on element a: Query component contains a percent sign that is not followed by two hexadecimal digits.
1	Bad value fileadmin/ressources/Rubriques/07-Campus/scolarite/Calendrier/calendrier_conges_2012_2013.pdf?iframe=true&width=100%&height=100% for attribute href on element a: Query component contains a percent sign that is not followed by two hexadecimal digits.
1	Bad value http://appliext.insa-rennes.fr/OffreFormation/main?action=formationrecherche&rechTexte=&filiere=0&domaine=C&departement=GMA&iframe=true&width=100%&height=100% for attribute href on element a: Query component contains a percent sign that is not followed by two hexadecimal digits.
1	Bad value http://appliext.insa-rennes.fr/OffreFormation/main?action=formationrecherche&rechTexte=&filiere=0&domaine=C&departement=MNT&iframe=true&width=100%&height=100% for attribute href on element a: Query component contains a percent sign that is not followed by two hexadecimal digits.
1	general entity "showLogin" not defined and no default entity
1	there is no attribute "data-ev-hover-ocid"
1	there is no attribute "data-ev-hover-pid"
1	<p>
        Sorry, I am unable to validate this document because on line
        <strong>1216</strong>
        it contained one or more bytes that I cannot interpret as
        <code>gb2312</code>
        (in other words, the bytes found are not valid values in the specified
        Character Encoding). Please check both the content of the file and the
        character encoding indication.
      </p>
<p>The error was: 
        euc-cn "\x8C" does not map to Unicode

      </p>
1	Attribute accepting not allowed on element div at this point.
1	Attribute a not allowed on element div at this point.
1	general entity "istime" not defined and no default entity
1	reference to entity "istime" for which no system identifier could be generated
1	end tag for "FocusPic_01.htmlData.length" omitted, but OMITTAG NO was specified
1	element "FocusPic_01.htmlData.length" undefined
1	Bad value http://cdn.arstechnica.net/wp-content/uploads/authors/  Nate-Anderson-sq.jpg for attribute src on element img: Whitespace in path component. Use %20 in place of spaces.
1	general entity "goodsid" not defined and no default entity
1	reference to entity "goodsid" for which no system identifier could be generated
1	reference to entity "goodsurl" for which no system identifier could be generated
1	general entity "goodsurl" not defined and no default entity
1	reference to entity "goodsname" for which no system identifier could be generated
1	general entity "goodsname" not defined and no default entity
1	Bad value "https://en.wikipedia.org/wiki/Hypergolic_fuel for attribute href on element a: Illegal character in scheme component.
1	Bad value Smoke Brush by Falln-stock for attribute href on element a: Whitespace in path component. Use %20 in place of spaces.
1	Element link is missing one or more of the following attributes: href, itemprop, property, rel.
1	Bad value dc:title for attribute name on element meta: Keyword dc:title is not registered.
1	Bad value http:// www.orsidr.com for attribute href on element a: Whitespace in host component. Use %20 in place of spaces.
1	Attribute promotion" not allowed on element div at this point.
1	Attribute new not allowed on element div at this point.
1	Bad value dc.source for attribute name on element meta: Keyword dc.source is not registered.
1	Bad value dc.keywords for attribute name on element meta: Keyword dc.keywords is not registered.
1	Unclosed element button.
1	Element title not allowed as child of element section in this context. (Suppressing further errors from this subtree.)
1	Stray start tag head.
1	Element h7 not allowed as child of element div in this context. (Suppressing further errors from this subtree.)
1	Bad value fileadmin/ressources/Rubriques/07-Campus/scolarite/Calendrier/calendrier_enseignement-2012-2013.pdf?iframe=true&width=100%&height=100% for attribute href on element a: Query component contains a percent sign that is not followed by two hexadecimal digits.
1	Bad value lightbox[inline] for attribute rel on element a: The string lightbox[inline] is not a registered keyword or absolute URL.
1	ID "immigration" already defined
1	general entity "cntry" not defined and no default entity
1	ID "healthcare" already defined
1	reference to entity "pl" for which no system identifier could be generated
1	general entity "pl" not defined and no default entity
1	reference to entity "cntry" for which no system identifier could be generated
1	Duplicate ID infrastructure.
1	Attribute cellspaccing not allowed on element table at this point.
1	there is no attribute "unselectable"
1	general entity "CC" not defined and no default entity
1	Duplicate attribute action.
1	reference to entity "fw" for which no system identifier could be generated
1	general entity "fw" not defined and no default entity
1	Bad value shadowbox;height=586;width=686; for attribute rel on element a: The string shadowbox;height=586;width=686; is not a registered keyword or absolute URL.
1	character "“" is not allowed in the value of attribute "name"
1	Bad value http://cdn.sett.com/images/user/me and honig23115efe6899a19366b189258a96d188_t.jpg for attribute src on element img: Whitespace in path component. Use %20 in place of spaces.
1	ID "Image24" already defined
1	Attribute alone' not allowed on element img at this point.
1	character "”" is not allowed in the value of attribute "name"
1	ID "internal-source-marker_0.40244064456783235" already defined
1	reference to entity "fh" for which no system identifier could be generated
1	general entity "fh" not defined and no default entity
1	<p>
        Sorry, I am unable to validate this document because on line
        <strong>787</strong>
        it contained one or more bytes that I cannot interpret as
        <code>utf-8</code>
        (in other words, the bytes found are not valid values in the specified
        Character Encoding). Please check both the content of the file and the
        character encoding indication.
      </p>
<p>The error was: 
        utf8 "\xA0" does not map to Unicode

      </p>
1	<p>
        Sorry, I am unable to validate this document because on line
        <strong>1510</strong>
        it contained one or more bytes that I cannot interpret as
        <code>utf-8</code>
        (in other words, the bytes found are not valid values in the specified
        Character Encoding). Please check both the content of the file and the
        character encoding indication.
      </p>
<p>The error was: 
        utf8 "\xE9" does not map to Unicode

      </p>
1	"Griha" is not a member of a group specified for any attribute
1	"Aadhar" is not a member of a group specified for any attribute
1	general entity "locate" not defined and no default entity
1	reference to entity "locate" for which no system identifier could be generated
1	Attribute heigth not allowed on element img at this point.
1	Attribute promotion" not allowed on element a at this point.
1	Attribute new not allowed on element a at this point.
1	Attribute color:#0000ff;text-align:left" not allowed on element a at this point.
1	Proxy Error
1	Duplicate ID c1061.
1	Duplicate ID c923.
1	Element table not allowed as child of element ul in this context. (Suppressing further errors from this subtree.)
1	Element blockquote not allowed as child of element ul in this context. (Suppressing further errors from this subtree.)
1	Attribute accepting not allowed on element a at this point.
1	Attribute before not allowed on element a at this point.
1	Attribute principle" not allowed on element a at this point.
1	Attribute peter not allowed on element a at this point.
1	Bad value http:// www.ovalsquare.com for attribute href on element a: Whitespace in host component. Use %20 in place of spaces.
1	"factually" is not a member of a group specified for any attribute
1	Attribute and not allowed on element a at this point.
1	Attribute other not allowed on element a at this point.
1	Attribute twice not allowed on element a at this point.
1	Attribute think not allowed on element a at this point.
1	Attribute to not allowed on element a at this point.
1	Attribute reasons not allowed on element a at this point.
1	"亮亮1V3守包经典时刻" is not a member of a group specified for any attribute
1	"无止境" is not a member of a group specified for any attribute
1	Bad value sublist-331 for attribute rel on element a: Not an absolute IRI. The string sublist-331 is not a registered keyword or absolute URL.
1	Duplicate ID li-1.
1	page not found
1	Duplicate ID quantity_wanted.
1	Bad value sublist-37 for attribute rel on element a: Not an absolute IRI. The string sublist-37 is not a registered keyword or absolute URL.
1	Duplicate ID li-6.
1	Duplicate ID li-10.
1	Duplicate ID li-9.
1	Duplicate ID li-26.
1	Duplicate ID li-25.
1	Duplicate ID li-24.
1	Bad value sublist-1076 for attribute rel on element a: Not an absolute IRI. The string sublist-1076 is not a registered keyword or absolute URL.
1	Bad value "autofocus" for attribute autofocus on element input.
1	reference to entity "statfrom" for which no system identifier could be generated
1	general entity "mod" not defined and no default entity
1	general entity "statfrom" not defined and no default entity
1	reference to entity "redirect_url" for which no system identifier could be generated
1	general entity "redirect_url" not defined and no default entity
1	reference to entity "mod" for which no system identifier could be generated
1	ID "titulo-1" already defined
1	Bad value x-pjax-version for attribute http-equiv on element meta.
1	Bad value include_mode for attribute name on element meta: Keyword include_mode is not registered.
1	Bad value og: http://ogp.me/ns# fb: http://ogp.me/ns/fb# 2490221586: http://ogp.me/ns/fb/2490221586# for attribute prefix on element head.
1	ID "texto-4" already defined
1	Duplicate ID li-7.
1	Duplicate ID li-12.
1	Bad value post-20271 media-20271 for attribute id on element figure: An ID must not contain whitespace.
1	Bad value post-20272 media-20272 for attribute id on element figure: An ID must not contain whitespace.
1	Bad value post-20270 media-20270 for attribute id on element figure: An ID must not contain whitespace.
1	Bad value post-20269 media-20269 for attribute id on element figure: An ID must not contain whitespace.
1	Bad value post-20268 media-20268 for attribute id on element figure: An ID must not contain whitespace.
1	Bad value post-20249 media-20249 for attribute id on element figure: An ID must not contain whitespace.
1	Bad value post-20236 media-20236 for attribute id on element figure: An ID must not contain whitespace.
1	Bad value post-20211 media-20211 for attribute id on element figure: An ID must not contain whitespace.
1	Bad value post-20217 media-20217 for attribute id on element figure: An ID must not contain whitespace.
1	Bad value post-20231 media-20231 for attribute id on element figure: An ID must not contain whitespace.
1	Bad value post-20237 media-20237 for attribute id on element figure: An ID must not contain whitespace.
1	Bad value post-20298 media-20298 for attribute id on element figure: An ID must not contain whitespace.
1	Bad value post-20297 media-20297 for attribute id on element figure: An ID must not contain whitespace.
1	Duplicate ID li-2.
1	Bad value post-20341 media-20341 for attribute id on element figure: An ID must not contain whitespace.
1	Duplicate ID li-31.
1	Duplicate ID li-8.
1	Duplicate ID li-21.
1	Bad value post-20342 media-20342 for attribute id on element figure: An ID must not contain whitespace.
1	Bad value post-20343 media-20343 for attribute id on element figure: An ID must not contain whitespace.
1	Bad value post-20351 media-20351 for attribute id on element figure: An ID must not contain whitespace.
1	Bad value post-20346 media-20346 for attribute id on element figure: An ID must not contain whitespace.
1	Bad value post-20345 media-20345 for attribute id on element figure: An ID must not contain whitespace.
1	Bad value post-20344 media-20344 for attribute id on element figure: An ID must not contain whitespace.
1	there is no attribute "xSrc"
1	there is no attribute "maxLength"
1	Bad value 269px for attribute width on element iframe: Expected a digit but saw p instead.
1	Bad value 269px for attribute height on element iframe: Expected a digit but saw p instead.
1	general entity "J钻石旗舰店" not defined and no default entity
1	there is no attribute "release-time"
1	reference to entity "郭玉良演绎浪..." for which no system identifier could be generated
1	Element dl not allowed as child of element h2 in this context. (Suppressing further errors from this subtree.)
1	Duplicate ID hotGame.
1	Attribute " not allowed on element li at this point.
1	Attribute stimer not allowed on element div at this point.
1	Element dd not allowed as child of element div in this context. (Suppressing further errors from this subtree.)
1	<p>
        Sorry, I am unable to validate this document because on line
        <strong>48</strong>
        it contained one or more bytes that I cannot interpret as
        <code>utf-8</code>
        (in other words, the bytes found are not valid values in the specified
        Character Encoding). Please check both the content of the file and the
        character encoding indication.
      </p>
<p>The error was: 
        utf8 "\xA9" does not map to Unicode

      </p>
1	general entity "郭玉良演绎浪..." not defined and no default entity
1	there is no attribute "favId"
1	reference to entity "Lock" for which no system identifier could be generated
1	<p>
        Sorry, I am unable to validate this document because on line
        <strong>373</strong>
        it contained one or more bytes that I cannot interpret as
        <code>gb2312</code>
        (in other words, the bytes found are not valid values in the specified
        Character Encoding). Please check both the content of the file and the
        character encoding indication.
      </p>
<p>The error was: 
        euc-cn "\xB5" does not map to Unicode

      </p>
1	general entity "Lock" not defined and no default entity
1	<p>
        Sorry, I am unable to validate this document because on line
        <strong>165</strong>
        it contained one or more bytes that I cannot interpret as
        <code>gb2312</code>
        (in other words, the bytes found are not valid values in the specified
        Character Encoding). Please check both the content of the file and the
        character encoding indication.
      </p>
<p>The error was: 
        euc-cn "\x8C" does not map to Unicode

      </p>
1	general entity "preUrl" not defined and no default entity
1	<p>
        Sorry, I am unable to validate this document because on line
        <strong>100</strong>
        it contained one or more bytes that I cannot interpret as
        <code>gb2312</code>
        (in other words, the bytes found are not valid values in the specified
        Character Encoding). Please check both the content of the file and the
        character encoding indication.
      </p>
<p>The error was: 
        euc-cn "\x86" does not map to Unicode

      </p>
1	there is no attribute "note"
1	there is no attribute "timestamp"
1	there is no attribute "nodetype"
1	there is no attribute "shareid"
1	there is no attribute "stepid"
1	Attribute monkey not allowed on element dt at this point.
1	Attribute monkey not allowed on element ul at this point.
1	element "h" undefined
1	general entity "iid" not defined and no default entity
1	reference to entity "refurl" for which no system identifier could be generated
1	general entity "refurl" not defined and no default entity
1	general entity "rid" not defined and no default entity
1	general entity "pfg" not defined and no default entity
1	Duplicate ID product_list.
1	<p>
        Sorry, I am unable to validate this document because on line
        <strong>278</strong>
        it contained one or more bytes that I cannot interpret as
        <code>gb2312</code>
        (in other words, the bytes found are not valid values in the specified
        Character Encoding). Please check both the content of the file and the
        character encoding indication.
      </p>
<p>The error was: 
        euc-cn "\x95" does not map to Unicode

      </p>
1	<p>
        Sorry, I am unable to validate this document because on line
        <strong>3838</strong>
        it contained one or more bytes that I cannot interpret as
        <code>gb2312</code>
        (in other words, the bytes found are not valid values in the specified
        Character Encoding). Please check both the content of the file and the
        character encoding indication.
      </p>
<p>The error was: 
        euc-cn "\x8C" does not map to Unicode

      </p>
1	there is no attribute "MULTIPLE"
1	there is no attribute "DATA"
1	reference to entity "proof_type" for which no system identifier could be generated
1	general entity "proof_type" not defined and no default entity
1	there is no attribute "appname"
1	there is no attribute "ex_url"
1	<p>
        Sorry, I am unable to validate this document because on line
        <strong>52</strong>
        it contained one or more bytes that I cannot interpret as
        <code>utf-8</code>
        (in other words, the bytes found are not valid values in the specified
        Character Encoding). Please check both the content of the file and the
        character encoding indication.
      </p>
<p>The error was: 
        utf8 "\xA9" does not map to Unicode

      </p>
1	Duplicate ID js_sug-params.
1	there is no attribute "asistanturlid"
1	there is no attribute "asistanturl"
1	reference to entity "f_version" for which no system identifier could be generated
1	general entity "f_version" not defined and no default entity
1	reference to entity "f_name" for which no system identifier could be generated
1	general entity "f_name" not defined and no default entity
1	Duplicate ID 367.
1	Duplicate ID 362.
1	Bad value https://facebook.com/sharer.php?u=http://sphered.com.ua/ukr/main&t=Sphered - створення віртуальних 3D турів і панорам. Тотальна інформативність вашого бізнесу for attribute href on element a: Whitespace in query component. Use %20 in place of spaces.
1	Bad value https://twitter.com/share?url=http://sphered.com.ua/ukr/main&text=Sphered - створення віртуальних 3D турів і панорам. Тотальна інформативність вашого бізнесу for attribute href on element a: Whitespace in query component. Use %20 in place of spaces.
1	Bad value http://vk.com/share.php?url=http://sphered.com.ua/ukr/main&title=Sphered - створення віртуальних 3D турів і панорам. Тотальна інформативність вашого бізнесу for attribute href on element a: Whitespace in query component. Use %20 in place of spaces.
1	Bad value http://my.ya.ru/posts_add_link.xml?URL=http://sphered.com.ua/&title=Sphered - создание виртуальных 3D туров и панорам. Тотальная информативность вашего бизнеса for attribute href on element a: Whitespace in query component. Use %20 in place of spaces.
1	Bad value http://odnoklassniki.ru/dk?st.cmd=addShare&st._surl=http://sphered.com.ua/&title=Sphered - создание виртуальных 3D туров и панорам. Тотальная информативность вашего бизнеса for attribute href on element a: Whitespace in query component. Use %20 in place of spaces.
1	Bad value http://odnoklassniki.ru/dk?st.cmd=addShare&st._surl=http://sphered.com.ua/ukr/main&title=Sphered - створення віртуальних 3D турів і панорам. Тотальна інформативність вашого бізнесу for attribute href on element a: Whitespace in query component. Use %20 in place of spaces.
1	Bad value http://my.ya.ru/posts_add_link.xml?URL=http://sphered.com.ua/ukr/main&title=Sphered - створення віртуальних 3D турів і панорам. Тотальна інформативність вашого бізнесу for attribute href on element a: Whitespace in query component. Use %20 in place of spaces.
1	Bad value http://odnoklassniki.ru/dk?st.cmd=addShare&st._surl=http://sphered.com.ua/services&title=Услуги :: Sphered - создание виртуальных 3D туров и панорам. Тотальная информативность вашего бизнеса for attribute href on element a: Whitespace in query component. Use %20 in place of spaces.
1	Bad value https://twitter.com/share?url=http://sphered.com.ua/services&text=Услуги :: Sphered - создание виртуальных 3D туров и панорам. Тотальная информативность вашего бизнеса for attribute href on element a: Whitespace in query component. Use %20 in place of spaces.
1	Bad value https://facebook.com/sharer.php?u=http://sphered.com.ua/services&t=Услуги :: Sphered - создание виртуальных 3D туров и панорам. Тотальная информативность вашего бизнеса for attribute href on element a: Whitespace in query component. Use %20 in place of spaces.
1	Bad value http://vk.com/share.php?url=http://sphered.com.ua/services&title=Услуги :: Sphered - создание виртуальных 3D туров и панорам. Тотальная информативность вашего бизнеса for attribute href on element a: Whitespace in query component. Use %20 in place of spaces.
1	Bad value https://twitter.com/share?url=http://sphered.com.ua/&text=Sphered - создание виртуальных 3D туров и панорам. Тотальная информативность вашего бизнеса for attribute href on element a: Whitespace in query component. Use %20 in place of spaces.
1	Bad value https://facebook.com/sharer.php?u=http://sphered.com.ua/&t=Sphered - создание виртуальных 3D туров и панорам. Тотальная информативность вашего бизнеса for attribute href on element a: Whitespace in query component. Use %20 in place of spaces.
1	Attribute alt not allowed on element span at this point.
1	there is no attribute "bigvisual"
1	Attribute product-price not allowed on element span at this point.
1	Attribute product-title not allowed on element div at this point.
1	Attribute product-image not allowed on element div at this point.
1	there is no attribute "smallvisual"
1	there is no attribute "teaserlink"
1	Bad value http://vk.com/share.php?url=http://sphered.com.ua/&title=Sphered - создание виртуальных 3D туров и панорам. Тотальная информативность вашего бизнеса for attribute href on element a: Whitespace in query component. Use %20 in place of spaces.
1	reference to entity "off" for which no system identifier could be generated
1	general entity "off" not defined and no default entity
1	element "xmenu" undefined
1	Bad value http://my.ya.ru/posts_add_link.xml?URL=http://sphered.com.ua/services&title=Услуги :: Sphered - создание виртуальных 3D туров и панорам. Тотальная информативность вашего бизнеса for attribute href on element a: Whitespace in query component. Use %20 in place of spaces.
1	Bad value http://vk.com/share.php?url=http://sphered.com.ua/gallery&title=Галерея :: Sphered - создание виртуальных 3D туров и панорам. Тотальная информативность вашего бизнеса for attribute href on element a: Whitespace in query component. Use %20 in place of spaces.
1	Bad value https://twitter.com/share?url=http://sphered.com.ua/contacts&text=Контакты :: Sphered - создание виртуальных 3D туров и панорам. Тотальная информативность вашего бизнеса for attribute href on element a: Whitespace in query component. Use %20 in place of spaces.
1	Bad value http://odnoklassniki.ru/dk?st.cmd=addShare&st._surl=http://sphered.com.ua/contacts&title=Контакты :: Sphered - создание виртуальных 3D туров и панорам. Тотальная информативность вашего бизнеса for attribute href on element a: Whitespace in query component. Use %20 in place of spaces.
1	Bad value https://facebook.com/sharer.php?u=http://sphered.com.ua/contacts&t=Контакты :: Sphered - создание виртуальных 3D туров и панорам. Тотальная информативность вашего бизнеса for attribute href on element a: Whitespace in query component. Use %20 in place of spaces.
1	Bad value http://vk.com/share.php?url=http://sphered.com.ua/contacts&title=Контакты :: Sphered - создание виртуальных 3D туров и панорам. Тотальная информативность вашего бизнеса for attribute href on element a: Whitespace in query component. Use %20 in place of spaces.
1	Bad value http://my.ya.ru/posts_add_link.xml?URL=http://sphered.com.ua/faq&title=Вопросы :: Sphered - создание виртуальных 3D туров и панорам. Тотальная информативность вашего бизнеса for attribute href on element a: Whitespace in query component. Use %20 in place of spaces.
1	Bad value http://my.ya.ru/posts_add_link.xml?URL=http://sphered.com.ua/contacts&title=Контакты :: Sphered - создание виртуальных 3D туров и панорам. Тотальная информативность вашего бизнеса for attribute href on element a: Whitespace in query component. Use %20 in place of spaces.
1	Bad value http://vk.com/share.php?url=http://sphered.com.ua/v/ntuu-kpi-campus-7-view&title=КПИ. Корпус 7. 3D панорама. :: Sphered - создание виртуальных 3D туров и панорам. Тотальная информативность вашего бизнеса for attribute href on element a: Whitespace in query component. Use %20 in place of spaces.
1	Bad value http://my.ya.ru/posts_add_link.xml?URL=http://sphered.com.ua/v/ntuu-kpi-campus-7-view&title=КПИ. Корпус 7. 3D панорама. :: Sphered - создание виртуальных 3D туров и панорам. Тотальная информативность вашего бизнеса for attribute href on element a: Whitespace in query component. Use %20 in place of spaces.
1	Bad value http://odnoklassniki.ru/dk?st.cmd=addShare&st._surl=http://sphered.com.ua/v/ntuu-kpi-campus-7-view&title=КПИ. Корпус 7. 3D панорама. :: Sphered - создание виртуальных 3D туров и панорам. Тотальная информативность вашего бизнеса for attribute href on element a: Whitespace in query component. Use %20 in place of spaces.
1	Bad value https://twitter.com/share?url=http://sphered.com.ua/v/ntuu-kpi-campus-7-view&text=КПИ. Корпус 7. 3D панорама. :: Sphered - создание виртуальных 3D туров и панорам. Тотальная информативность вашего бизнеса for attribute href on element a: Whitespace in query component. Use %20 in place of spaces.
1	Bad value https://facebook.com/sharer.php?u=http://sphered.com.ua/v/ntuu-kpi-campus-7-view&t=КПИ. Корпус 7. 3D панорама. :: Sphered - создание виртуальных 3D туров и панорам. Тотальная информативность вашего бизнеса for attribute href on element a: Whitespace in query component. Use %20 in place of spaces.
1	Bad value http://odnoklassniki.ru/dk?st.cmd=addShare&st._surl=http://sphered.com.ua/faq&title=Вопросы :: Sphered - создание виртуальных 3D туров и панорам. Тотальная информативность вашего бизнеса for attribute href on element a: Whitespace in query component. Use %20 in place of spaces.
1	Bad value https://twitter.com/share?url=http://sphered.com.ua/faq&text=Вопросы :: Sphered - создание виртуальных 3D туров и панорам. Тотальная информативность вашего бизнеса for attribute href on element a: Whitespace in query component. Use %20 in place of spaces.
1	Bad value http://my.ya.ru/posts_add_link.xml?URL=http://sphered.com.ua/gallery&title=Галерея :: Sphered - создание виртуальных 3D туров и панорам. Тотальная информативность вашего бизнеса for attribute href on element a: Whitespace in query component. Use %20 in place of spaces.
1	Bad value http://vk.com/share.php?url=http://sphered.com.ua/prices&title=Цены :: Sphered - создание виртуальных 3D туров и панорам. Тотальная информативность вашего бизнеса for attribute href on element a: Whitespace in query component. Use %20 in place of spaces.
1	Bad value http://odnoklassniki.ru/dk?st.cmd=addShare&st._surl=http://sphered.com.ua/gallery&title=Галерея :: Sphered - создание виртуальных 3D туров и панорам. Тотальная информативность вашего бизнеса for attribute href on element a: Whitespace in query component. Use %20 in place of spaces.
1	Bad value https://twitter.com/share?url=http://sphered.com.ua/gallery&text=Галерея :: Sphered - создание виртуальных 3D туров и панорам. Тотальная информативность вашего бизнеса for attribute href on element a: Whitespace in query component. Use %20 in place of spaces.
1	Bad value https://facebook.com/sharer.php?u=http://sphered.com.ua/gallery&t=Галерея :: Sphered - создание виртуальных 3D туров и панорам. Тотальная информативность вашего бизнеса for attribute href on element a: Whitespace in query component. Use %20 in place of spaces.
1	Bad value https://facebook.com/sharer.php?u=http://sphered.com.ua/prices&t=Цены :: Sphered - создание виртуальных 3D туров и панорам. Тотальная информативность вашего бизнеса for attribute href on element a: Whitespace in query component. Use %20 in place of spaces.
1	Bad value https://twitter.com/share?url=http://sphered.com.ua/prices&text=Цены :: Sphered - создание виртуальных 3D туров и панорам. Тотальная информативность вашего бизнеса for attribute href on element a: Whitespace in query component. Use %20 in place of spaces.
1	Bad value https://facebook.com/sharer.php?u=http://sphered.com.ua/faq&t=Вопросы :: Sphered - создание виртуальных 3D туров и панорам. Тотальная информативность вашего бизнеса for attribute href on element a: Whitespace in query component. Use %20 in place of spaces.
1	Bad value http://vk.com/share.php?url=http://sphered.com.ua/faq&title=Вопросы :: Sphered - создание виртуальных 3D туров и панорам. Тотальная информативность вашего бизнеса for attribute href on element a: Whitespace in query component. Use %20 in place of spaces.
1	Bad value http://my.ya.ru/posts_add_link.xml?URL=http://sphered.com.ua/prices&title=Цены :: Sphered - создание виртуальных 3D туров и панорам. Тотальная информативность вашего бизнеса for attribute href on element a: Whitespace in query component. Use %20 in place of spaces.
1	Bad value http://odnoklassniki.ru/dk?st.cmd=addShare&st._surl=http://sphered.com.ua/prices&title=Цены :: Sphered - создание виртуальных 3D туров и панорам. Тотальная информативность вашего бизнеса for attribute href on element a: Whitespace in query component. Use %20 in place of spaces.
1	reference to entity "人文" for which no system identifier could be generated
1	general entity "人文" not defined and no default entity
1	general entity "data" not defined and no default entity
1	general entity "currency" not defined and no default entity
1	general entity "country_code" not defined and no default entity
1	Attribute abnehmen!" not allowed on element meta at this point.
1	Attribute beim not allowed on element meta at this point.
1	general entity "get_frame" not defined and no default entity
1	reference to entity "get_frame" for which no system identifier could be generated
1	end tag for "data.length" omitted, but OMITTAG NO was specified
1	there is no attribute "dvalue"
1	there is no attribute "qs_url"
1	there is no attribute "page"
1	Attribute und not allowed on element meta at this point.
1	Attribute diäten not allowed on element meta at this point.
1	reference to entity "oumltter" for which no system identifier could be generated
1	Attribute -konzept. not allowed on element meta at this point.
1	general entity "oumltter" not defined and no default entity
1	Duplicate ID 354.
1	Duplicate ID 358.
1	Attribute unsere not allowed on element meta at this point.
1	Attribute apotheke not allowed on element meta at this point.
1	Attribute bei not allowed on element meta at this point.
1	Attribute sie not allowed on element meta at this point.
1	Attribute unterstützt not allowed on element meta at this point.
1	Attribute lüdinghausen not allowed on element meta at this point.
1	name start character invalid: only S separators and TAGC allowed here
1	end tag for element "spa" which is not open
1	reference to entity "C.appendChild" for which no system identifier could be generated
1	end tag for "C.length" omitted, but OMITTAG NO was specified
1	general entity "C.appendChild" not defined and no default entity
1	element "C.length" undefined
1	general entity "sc_d" not defined and no default entity
1	end tag for "B.length" omitted, but OMITTAG NO was specified
1	end tag for "D" omitted, but OMITTAG NO was specified
1	reference to entity "创意" for which no system identifier could be generated
1	general entity "创意" not defined and no default entity
1	there is no attribute "hint"
1	Duplicate ID panel-000.
1	general entity "sc_r" not defined and no default entity
1	element "B.length" undefined
1	general entity "uuid" not defined and no default entity
1	general entity "t1" not defined and no default entity
1	general entity "wi" not defined and no default entity
1	general entity "d.appendChild" not defined and no default entity
1	reference to entity "uuid" for which no system identifier could be generated
1	general entity "seg" not defined and no default entity
1	element "D" undefined
1	reference to entity "x.length" for which no system identifier could be generated
1	general entity "x.length" not defined and no default entity
1	reference to entity "seg" for which no system identifier could be generated
1	there is no attribute "Content"
1	reference to entity "Christian-337.jpg" for which no system identifier could be generated
1	element "BGSOUND" undefined
1	ID "LARGETEXT" already defined
1	<p>
        Sorry, I am unable to validate this document because on line
        <strong>228</strong>
        it contained one or more bytes that I cannot interpret as
        <code>utf-8</code>
        (in other words, the bytes found are not valid values in the specified
        Character Encoding). Please check both the content of the file and the
        character encoding indication.
      </p>
<p>The error was: 
        utf8 "\xD0" does not map to Unicode

      </p>
1	Bad value SBL xing:::: for attribute name on element a: An ID must not contain whitespace.
1	Bad value SBL twitter:::: for attribute name on element a: An ID must not contain whitespace.
1	ID "CLEAR" already defined
1	ID "FOOTER" already defined
1	there is no attribute "DATA-PIN-DO"
1	there is no attribute "DATA-PIN-CONFIG"
1	"ENDIF" is not a reserved name
1	there is no attribute "PREFIX"
1	Bad value SBL facebook:::: for attribute name on element a: An ID must not contain whitespace.
1	Bad value FOLLOW for attribute rel on element a: Not an absolute IRI. The string follow is not a registered keyword or absolute URL.
1	Bad value images/haiti cover.png for attribute src on element img: Whitespace in path component. Use %20 in place of spaces.
1	Bad value images/cover rumeurs.png for attribute src on element img: Whitespace in path component. Use %20 in place of spaces.
1	Bad value images/rumeurs dile cover.png for attribute src on element img: Whitespace in path component. Use %20 in place of spaces.
1	Bad value images/feature book.jpg for attribute src on element img: Whitespace in path component. Use %20 in place of spaces.
1	reference to entity "mini" for which no system identifier could be generated
1	Bad value images/cover haiti.png for attribute src on element img: Whitespace in path component. Use %20 in place of spaces.
1	Duplicate ID web.
1	<p>
        Sorry, I am unable to validate this document because on line
        <strong>7</strong>
        it contained one or more bytes that I cannot interpret as
        <code>utf-8</code>
        (in other words, the bytes found are not valid values in the specified
        Character Encoding). Please check both the content of the file and the
        character encoding indication.
      </p>
<p>The error was: 
        utf8 "\xC7" does not map to Unicode

      </p>
1	ID "page_content" already defined
1	ID "textfield" already defined
1	ID "main-con" already defined
1	there is no attribute "COUNT-LAYOUT"
1	there is no attribute "SEND"
1	Bad value tel:+1 520.572.2564 for attribute href on element a: Whitespace in path component. Use %20 in place of spaces.
1	Bad value tel:+1 714.602.3192 for attribute href on element a: Whitespace in path component. Use %20 in place of spaces.
1	Bad value tel:+1 623.875.9339 for attribute href on element a: Whitespace in path component. Use %20 in place of spaces.
1	ID "POSTCARD" already defined
1	ID "GOOGLE-BUBBLE-0-SORRY" already defined
1	Bad value tel:+1 714.692.7712 for attribute href on element a: Whitespace in path component. Use %20 in place of spaces.
1	Bad value tel:+1 714.660.1789 for attribute href on element a: Whitespace in path component. Use %20 in place of spaces.
1	Bad value tel:+1 732.898.2131 for attribute href on element a: Whitespace in path component. Use %20 in place of spaces.
1	Bad value tel:+1 702.546.8810 for attribute href on element a: Whitespace in path component. Use %20 in place of spaces.
1	Bad value tel:+1 530.314.9171 for attribute href on element a: Whitespace in path component. Use %20 in place of spaces.
1	Bad value tel:+1 303.468.3400 for attribute href on element a: Whitespace in path component. Use %20 in place of spaces.
1	ID "GOOGLE-BUBBLE-0-THANKS" already defined
1	ID "GOOGLE-BUBBLE-0-ORIGINAL" already defined
1	there is no attribute "COUNT"
1	there is no attribute "CALLBACK"
1	there is no attribute "SIZE"
1	end tag for element "FB:COMMENTS-COUNT" which is not open
1	there is no attribute "SHOW_FACES"
1	there is no attribute "DATA-ALIGN"
1	there is no attribute "DATA-PIN-SCALE-WIDTH"
1	ID "GOOGLE-BUBBLE-0" already defined
1	ID "FACEBOOK-BUBBLE-0" already defined
1	there is no attribute "DATA-PIN-BOARD-WIDTH"
1	there is no attribute "DATA-PIN-SCALE-HEIGHT"
1	general entity "mini" not defined and no default entity
1	general entity "伊维兰" not defined and no default entity
1	reference to entity "subgroup" for which no system identifier could be generated
1	Not found
1	general entity "subgroup" not defined and no default entity
1	general entity "Parceiro" not defined and no default entity
1	general entity "idparceria" not defined and no default entity
1	<!DOCTYPE html PUBLIC "-//SoftQuad//DTD HoTMetaL PRO 4.0::19971010::extensions to HTML 4.0//EN" "hmpro4.dtd">
1	general entity "ReportName" not defined and no default entity
1	<p>
        Sorry, I am unable to validate this document because on line
        <strong>227</strong>
        it contained one or more bytes that I cannot interpret as
        <code>utf-8</code>
        (in other words, the bytes found are not valid values in the specified
        Character Encoding). Please check both the content of the file and the
        character encoding indication.
      </p>
<p>The error was: 
        utf8 "\xCE" does not map to Unicode

      </p>
1	reference to entity "typ" for which no system identifier could be generated
1	general entity "typ" not defined and no default entity
1	general entity "Report" not defined and no default entity
1	there is no attribute "metricOff"
1	Attribute metrics not allowed on element a at this point.
1	Attribute " not allowed on element textarea at this point.
1	value of attribute "frameborder" cannot be "No"; must be one of "1", "0"
1	there is no attribute "data-option-value"
1	Bad value attachment wp-att-1928 for attribute rel on element a: Whitespace in path component. Use %20 in place of spaces. The string attachment is not a registered keyword or absolute URL.
1	Bad value attachment wp-att-1927 for attribute rel on element a: Whitespace in path component. Use %20 in place of spaces. The string attachment is not a registered keyword or absolute URL.
1	Attribute date-code not allowed on element em at this point.
1	there is no attribute "data-period"
1	reference to entity "mpuid" for which no system identifier could be generated
1	general entity "mpuid" not defined and no default entity
1	Duplicate ID internal-source-marker_0.1614875413943082.
1	ID "reports_tab" already defined
1	Bad value http://pinterest.com/pin/create/button/?url=http%3A%2F%2Ftrailrun.gr%2Foloklirwthike-o-pearl-izumi-mountain-cup-2013-krioneri%2F&description=Ολοκληρώθηκε ο PEARL IZUMI MOUNTAIN CUP 2013 | ΚΡΥΟΝΕΡΙ&media=http://trailrun.gr/wordpress/wp-content/uploads/2013/02/κρυονερι-150x150.jpg for attribute href on element a: Whitespace in query component. Use %20 in place of spaces.
1	Bad value http://pinterest.com/pin/create/button/?url=http%3A%2F%2Ftrailrun.gr%2Foloklirwthike-to-corfu-mountain-trail%2F&description=Ολοκληρώθηκε το Corfu Mountain Trail&media= for attribute href on element a: Whitespace in query component. Use %20 in place of spaces.
1	<p>
        Sorry, I am unable to validate this document because on line
        <strong>593</strong>
        it contained one or more bytes that I cannot interpret as
        <code>gb2312</code>
        (in other words, the bytes found are not valid values in the specified
        Character Encoding). Please check both the content of the file and the
        character encoding indication.
      </p>
<p>The error was: 
        euc-cn "\x84" does not map to Unicode

      </p>
1	<p>
        Sorry, I am unable to validate this document because on line
        <strong>599</strong>
        it contained one or more bytes that I cannot interpret as
        <code>gb2312</code>
        (in other words, the bytes found are not valid values in the specified
        Character Encoding). Please check both the content of the file and the
        character encoding indication.
      </p>
<p>The error was: 
        euc-cn "\x84" does not map to Unicode

      </p>
1	<p>
        Sorry, I am unable to validate this document because on line
        <strong>590</strong>
        it contained one or more bytes that I cannot interpret as
        <code>gb2312</code>
        (in other words, the bytes found are not valid values in the specified
        Character Encoding). Please check both the content of the file and the
        character encoding indication.
      </p>
<p>The error was: 
        euc-cn "\x84" does not map to Unicode

      </p>
1	<p>
        Sorry, I am unable to validate this document because on line
        <strong>594</strong>
        it contained one or more bytes that I cannot interpret as
        <code>gb2312</code>
        (in other words, the bytes found are not valid values in the specified
        Character Encoding). Please check both the content of the file and the
        character encoding indication.
      </p>
<p>The error was: 
        euc-cn "\x84" does not map to Unicode

      </p>
1	<p>
        Sorry, I am unable to validate this document because on line
        <strong>3697</strong>
        it contained one or more bytes that I cannot interpret as
        <code>gb2312</code>
        (in other words, the bytes found are not valid values in the specified
        Character Encoding). Please check both the content of the file and the
        character encoding indication.
      </p>
<p>The error was: 
        euc-cn "\x8C" does not map to Unicode

      </p>
1	<p>
        Sorry, I am unable to validate this document because on line
        <strong>596</strong>
        it contained one or more bytes that I cannot interpret as
        <code>gb2312</code>
        (in other words, the bytes found are not valid values in the specified
        Character Encoding). Please check both the content of the file and the
        character encoding indication.
      </p>
<p>The error was: 
        euc-cn "\x84" does not map to Unicode

      </p>
1	<p>
        Sorry, I am unable to validate this document because on line
        <strong>591</strong>
        it contained one or more bytes that I cannot interpret as
        <code>gb2312</code>
        (in other words, the bytes found are not valid values in the specified
        Character Encoding). Please check both the content of the file and the
        character encoding indication.
      </p>
<p>The error was: 
        euc-cn "\x84" does not map to Unicode

      </p>
1	there is no attribute "mode"
1	required attribute "href" not specified
1	general entity "ac_id" not defined and no default entity
1	<p>
        Sorry, I am unable to validate this document because on line
        <strong>595</strong>
        it contained one or more bytes that I cannot interpret as
        <code>gb2312</code>
        (in other words, the bytes found are not valid values in the specified
        Character Encoding). Please check both the content of the file and the
        character encoding indication.
      </p>
<p>The error was: 
        euc-cn "\x84" does not map to Unicode

      </p>
1	<p>
        Sorry, I am unable to validate this document because on line
        <strong>1693</strong>
        it contained one or more bytes that I cannot interpret as
        <code>gb2312</code>
        (in other words, the bytes found are not valid values in the specified
        Character Encoding). Please check both the content of the file and the
        character encoding indication.
      </p>
<p>The error was: 
        euc-cn "\x87" does not map to Unicode

      </p>
1	<p>
        Sorry, I am unable to validate this document because on line
        <strong>1760</strong>
        it contained one or more bytes that I cannot interpret as
        <code>gb2312</code>
        (in other words, the bytes found are not valid values in the specified
        Character Encoding). Please check both the content of the file and the
        character encoding indication.
      </p>
<p>The error was: 
        euc-cn "\x87" does not map to Unicode

      </p>
1	Bad value http://pinterest.com/pin/create/button/?url=http%3A%2F%2Ftrailrun.gr%2Fvideo-swiss-ball-askisis-endinamosis%2F&description=Video | Swiss Ball Ασκήσεις Ενδυνάμωσης&media=http://trailrun.gr/wordpress/wp-content/uploads/2012/10/swissBall-0111-150x150.jpg for attribute href on element a: Whitespace in query component. Use %20 in place of spaces.
1	Bad value http://pinterest.com/pin/create/button/?url=http%3A%2F%2Ftrailrun.gr%2Fkilians-quest-s3-e05-mount-olympus%2F&description=Kilian’s Quest S3 E05 – Mount Olympus (Όλυμπος)&media=http://trailrun.gr/wordpress/wp-content/uploads/2012/09/Kilian-450-236-150x150.jpg for attribute href on element a: Whitespace in query component. Use %20 in place of spaces.
1	Bad value http://pinterest.com/pin/create/button/?url=http%3A%2F%2Ftrailrun.gr%2Fultra-trail-du-mont-blanc-course-2011%2F&description=Ultra-Trail du Mont-Blanc®&media=http://trailrun.gr/wordpress/wp-content/uploads/2012/09/utmb-logo-150x150.jpg for attribute href on element a: Whitespace in query component. Use %20 in place of spaces.
1	Bad value http://pinterest.com/pin/create/button/?url=http%3A%2F%2Ftrailrun.gr%2Fmihalis-papadopoulos-les-grand-raid-des-pyrenees-2011-video%2F&description=Μιχάλης Παπαδόπουλος | Les Grand Raid Des Pyrenees 2011 | VIDEO&media=http://trailrun.gr/wordpress/wp-content/uploads/2012/08/pirinea-150x150.jpg for attribute href on element a: Whitespace in query component. Use %20 in place of spaces.
1	Bad value attachment wp-att-1940 for attribute rel on element a: Whitespace in path component. Use %20 in place of spaces. The string attachment is not a registered keyword or absolute URL.
1	Bad value http://www.wirksam-sein.de/WS_WP/wp-content/themes/Toledo/cache/1360496054_wirksam_sein_logo 80px .jpg for attribute src on element img: Whitespace in path component. Use %20 in place of spaces.
1	reference to entity "rcontent" for which no system identifier could be generated
1	general entity "rcontent" not defined and no default entity
1	Bad value http://twitter.com/home/?status=Der Faktor Mensch in der Formel des Unternehmenserfolgs: http://tinyurl.com/apz73o4 for attribute href on element a: Whitespace in query component. Use %20 in place of spaces.
1	Element style not allowed as child of element header in this context. (Suppressing further errors from this subtree.)
1	Bad value tel:+1 505.710.5433 for attribute href on element a: Whitespace in path component. Use %20 in place of spaces.
1	Bad value tel:+1 918.270.1280 for attribute href on element a: Whitespace in path component. Use %20 in place of spaces.
1	Bad value attachment wp-att-2857 for attribute rel on element a: Whitespace in path component. Use %20 in place of spaces. The string attachment is not a registered keyword or absolute URL.
1	Bad value attachment wp-att-2858 for attribute rel on element a: Whitespace in path component. Use %20 in place of spaces. The string attachment is not a registered keyword or absolute URL.
1	Bad value attachment wp-att-2856 for attribute rel on element a: Whitespace in path component. Use %20 in place of spaces. The string attachment is not a registered keyword or absolute URL.
1	Attribute scanv_id not allowed on element script at this point.
1	Attribute rel not allowed on element cite at this point.
1	Bad value attachment wp-att-2859 for attribute rel on element a: Whitespace in path component. Use %20 in place of spaces. The string attachment is not a registered keyword or absolute URL.
1	Bad value attachment wp-att-2860 for attribute rel on element a: Whitespace in path component. Use %20 in place of spaces. The string attachment is not a registered keyword or absolute URL.
1	Bad value attachment wp-att-2864 for attribute rel on element a: Whitespace in path component. Use %20 in place of spaces. The string attachment is not a registered keyword or absolute URL.
1	Bad value attachment wp-att-2863 for attribute rel on element a: Whitespace in path component. Use %20 in place of spaces. The string attachment is not a registered keyword or absolute URL.
1	Bad value attachment wp-att-2862 for attribute rel on element a: Whitespace in path component. Use %20 in place of spaces. The string attachment is not a registered keyword or absolute URL.
1	Bad value attachment wp-att-2861 for attribute rel on element a: Whitespace in path component. Use %20 in place of spaces. The string attachment is not a registered keyword or absolute URL.
1	Duplicate ID topBox.
1	general entity "gate_50" not defined and no default entity
1	general entity "attachment" not defined and no default entity
1	reference to entity "attachment" for which no system identifier could be generated
1	general entity "article" not defined and no default entity
1	there is no attribute "src1"
1	general entity "KeyWord" not defined and no default entity
1	general entity "set" not defined and no default entity
1	reference to entity "set" for which no system identifier could be generated
1	ID "registration_submit" already defined
1	there is no attribute "original-title"
1	Bad value keywords for attribute http-equiv on element meta.
1	Bad value description for attribute http-equiv on element meta.
1	Bad value attachment wp-att-2865 for attribute rel on element a: Whitespace in path component. Use %20 in place of spaces. The string attachment is not a registered keyword or absolute URL.
1	Bad value attachment wp-att-7008 for attribute rel on element a: Whitespace in path component. Use %20 in place of spaces. The string attachment is not a registered keyword or absolute URL.
1	<p>
        Sorry, I am unable to validate this document because on line
        <strong>43</strong>
        it contained one or more bytes that I cannot interpret as
        <code>utf-8</code>
        (in other words, the bytes found are not valid values in the specified
        Character Encoding). Please check both the content of the file and the
        character encoding indication.
      </p>
<p>The error was: 
        utf8 "\xE1" does not map to Unicode

      </p>
1	general entity "Christian-67.jpg" not defined and no default entity
1	<p>
        Sorry, I am unable to validate this document because on line
        <strong>45</strong>
        it contained one or more bytes that I cannot interpret as
        <code>utf-8</code>
        (in other words, the bytes found are not valid values in the specified
        Character Encoding). Please check both the content of the file and the
        character encoding indication.
      </p>
<p>The error was: 
        utf8 "\xE1" does not map to Unicode

      </p>
1	there is no attribute "nowrap"
1	there is no attribute "thumb"
1	reference to entity "Christian-67.jpg" for which no system identifier could be generated
1	general entity "Christian-86.jpg" not defined and no default entity
1	general entity "Christian-337.jpg" not defined and no default entity
1	reference to entity "Christian-109.jpg" for which no system identifier could be generated
1	general entity "Christian-109.jpg" not defined and no default entity
1	reference to entity "Christian-86.jpg" for which no system identifier could be generated
1	there is no attribute "LINKS"
1	there is no attribute "IS"
1	Bad value attachment wp-att-7013 for attribute rel on element a: Whitespace in path component. Use %20 in place of spaces. The string attachment is not a registered keyword or absolute URL.
1	Attribute brex not allowed on element img at this point.
1	Bad value attachment wp-att-7011 for attribute rel on element a: Whitespace in path component. Use %20 in place of spaces. The string attachment is not a registered keyword or absolute URL.
1	Bad value attachment wp-att-7010 for attribute rel on element a: Whitespace in path component. Use %20 in place of spaces. The string attachment is not a registered keyword or absolute URL.
1	Bad value attachment wp-att-7009 for attribute rel on element a: Whitespace in path component. Use %20 in place of spaces. The string attachment is not a registered keyword or absolute URL.
1	Attribute coach not allowed on element img at this point.
1	Attribute strasbourg"" not allowed on element img at this point.
1	reference to entity "sigkey" for which no system identifier could be generated
1	general entity "sigkey" not defined and no default entity
1	there is no attribute "blockid"
1	general entity "hkeywordtype" not defined and no default entity
1	general entity "PostType" not defined and no default entity
1	general entity "OrgGB" not defined and no default entity
1	Bad value testmap for attribute usemap on element img: A hash-name reference must start with #.
1	there is no attribute "data-event"
1	Attribute border not allowed on element iframe at this point.
1	ID "form" already defined
1	Attribute show_status not allowed on element div at this point.
1	there is no attribute "x-webkit-grammar"
1	there is no attribute "onwebkitspeechchange"
1	"14px" is not a member of a group specified for any attribute
1	there is no attribute "__src"
1	end tag for "iframe" omitted, but OMITTAG NO was specified
1	value of attribute "frameborder" cannot be "\"no\""; must be one of "1", "0"
1	ID "eyewear" already defined
1	ID "subject" already defined
1	ID "materiaux" already defined
1	there is no attribute "VSPACE"
1	ID "titre_actu" already defined
1	Duplicate ID accordion.
1	Bad value tel:+1 918.698.1454 for attribute href on element a: Whitespace in path component. Use %20 in place of spaces.
1	there is no attribute "HSPACE"
1	Element g:plusone not allowed as child of element p in this context. (Suppressing further errors from this subtree.)
1	"ce.sysu.edu.cn" is not a member of a group specified for any attribute
1	character "\" is not allowed in the value of attribute "align"
1	there is no attribute "linkOpenType"
1	Duplicate ID principal.
1	ID "movielist" already defined
1	general entity "catalog_id" not defined and no default entity
1	Attribute the not allowed on element img at this point.
1	Attribute primary not allowed on element img at this point.
1	Attribute 2012'' not allowed on element img at this point.
1	Attribute summer not allowed on element img at this point.
1	Attribute 封面插图' not allowed on element img at this point.
1	Attribute 5'' not allowed on element img at this point.
1	Attribute 我要成为百万富翁'' not allowed on element img at this point.
1	there is no attribute "scroll"
1	reference to entity "PT" for which no system identifier could be generated
1	general entity "PT" not defined and no default entity
1	general entity "themeID" not defined and no default entity
1	Attribute wallpaper' not allowed on element img at this point.
1	reference to entity "entyId" for which no system identifier could be generated
1	general entity "morelink_title" not defined and no default entity
1	general entity "morelink" not defined and no default entity
1	general entity "is_index" not defined and no default entity
1	general entity "can_play" not defined and no default entity
1	general entity "morelink_ga" not defined and no default entity
1	general entity "kind" not defined and no default entity
1	general entity "entyId" not defined and no default entity
1	reference to entity "tagid" for which no system identifier could be generated
1	general entity "tagid" not defined and no default entity
1	ID "hotnavs" already defined
1	Bad value http://vk.com/share.php?url=http://sphered.com.ua/ukr/services&title=Послуги :: Sphered - створення віртуальних 3D турів і панорам. Тотальна інформативність вашого бізнесу for attribute href on element a: Whitespace in query component. Use %20 in place of spaces.
1	Bad value https://facebook.com/sharer.php?u=http://sphered.com.ua/ukr/services&t=Послуги :: Sphered - створення віртуальних 3D турів і панорам. Тотальна інформативність вашого бізнесу for attribute href on element a: Whitespace in query component. Use %20 in place of spaces.
1	Bad value img/ironman/ironman (2).jpg for attribute href on element a: Whitespace in path component. Use %20 in place of spaces.
1	Bad value img/ironman/ironman (3).jpg for attribute href on element a: Whitespace in path component. Use %20 in place of spaces.
1	Bad value img/ironman/ironman (1).png for attribute href on element a: Whitespace in path component. Use %20 in place of spaces.
1	Bad value img/sc/sc (8).jpg for attribute href on element a: Whitespace in path component. Use %20 in place of spaces.
1	Bad value img/sc/sc (7).jpg for attribute href on element a: Whitespace in path component. Use %20 in place of spaces.
1	Bad value img/ironman/ironman (4).jpg for attribute href on element a: Whitespace in path component. Use %20 in place of spaces.
1	Bad value img/ironman/ironman (5).jpg for attribute href on element a: Whitespace in path component. Use %20 in place of spaces.
1	Bad value img/ironman/ironman (9).jpg for attribute href on element a: Whitespace in path component. Use %20 in place of spaces.
1	Bad value img/ironman/ironman (8).jpg for attribute href on element a: Whitespace in path component. Use %20 in place of spaces.
1	Bad value img/ironman/ironman (7).jpg for attribute href on element a: Whitespace in path component. Use %20 in place of spaces.
1	Bad value img/ironman/ironman (6).jpg for attribute href on element a: Whitespace in path component. Use %20 in place of spaces.
1	Bad value img/sc/sc (6).jpg for attribute href on element a: Whitespace in path component. Use %20 in place of spaces.
1	Bad value img/sc/sc (5).jpg for attribute href on element a: Whitespace in path component. Use %20 in place of spaces.
1	Bad value img/star/star (7).jpg for attribute href on element a: Whitespace in path component. Use %20 in place of spaces.
1	Bad value img/star/star (8).jpg for attribute href on element a: Whitespace in path component. Use %20 in place of spaces.
1	Bad value img/star/star (6).jpg for attribute href on element a: Whitespace in path component. Use %20 in place of spaces.
1	Bad value img/star/star (5).jpg for attribute href on element a: Whitespace in path component. Use %20 in place of spaces.
1	Bad value img/star/star (4).jpg for attribute href on element a: Whitespace in path component. Use %20 in place of spaces.
1	Bad value img/star/star (9).jpg for attribute href on element a: Whitespace in path component. Use %20 in place of spaces.
1	Bad value img/star/star (10).jpg for attribute href on element a: Whitespace in path component. Use %20 in place of spaces.
1	Bad value img/sc/sc (4).jpg for attribute href on element a: Whitespace in path component. Use %20 in place of spaces.
1	Bad value img/sc/sc (3).jpg for attribute href on element a: Whitespace in path component. Use %20 in place of spaces.
1	Bad value img/sc/sc (2).jpg for attribute href on element a: Whitespace in path component. Use %20 in place of spaces.
1	Bad value img/sc/sc (1).jpg for attribute href on element a: Whitespace in path component. Use %20 in place of spaces.
1	Bad value img/ironman/ironman (10).jpg for attribute href on element a: Whitespace in path component. Use %20 in place of spaces.
1	Bad value img/ironman/ironman (11).jpg for attribute href on element a: Whitespace in path component. Use %20 in place of spaces.
1	Bad value xj for attribute rel on element a: Not an absolute IRI. The string xj is not a registered keyword or absolute URL.
1	Bad value tbz for attribute rel on element a: Not an absolute IRI. The string tbz is not a registered keyword or absolute URL.
1	Bad value cws for attribute rel on element a: Not an absolute IRI. The string cws is not a registered keyword or absolute URL.
1	Bad value lj for attribute rel on element a: Not an absolute IRI. The string lj is not a registered keyword or absolute URL.
1	Bad value ymh for attribute rel on element a: Not an absolute IRI. The string ymh is not a registered keyword or absolute URL.
1	Duplicate ID left-slide.
1	character "`" is not allowed in the value of attribute "id"
1	"100" is not a member of a group specified for any attribute
1	"underline" is not a member of a group specified for any attribute
1	"plugin" is not a member of a group specified for any attribute
1	"démo" is not a member of a group specified for any attribute
1	Attribute reg not allowed on element input at this point.
1	Bad value saoatech-site-verification for attribute name on element meta: Keyword saoatech-site-verification is not registered.
1	Bad value img/ironman/ironman (15).jpg for attribute href on element a: Whitespace in path component. Use %20 in place of spaces.
1	Bad value img/ironman/ironman (16).jpg for attribute href on element a: Whitespace in path component. Use %20 in place of spaces.
1	Bad value img/ironman/ironman (14).jpg for attribute href on element a: Whitespace in path component. Use %20 in place of spaces.
1	Bad value img/ironman/ironman (13).jpg for attribute href on element a: Whitespace in path component. Use %20 in place of spaces.
1	Bad value img/ironman/ironman (12).jpg for attribute href on element a: Whitespace in path component. Use %20 in place of spaces.
1	Bad value img/ironman/ironman (17).jpg for attribute href on element a: Whitespace in path component. Use %20 in place of spaces.
1	Bad value img/ironman/ironman (18).jpg for attribute href on element a: Whitespace in path component. Use %20 in place of spaces.
1	Bad value x-ua-compatible for attribute http-equiv on element meta.
1	Bad value img/ironman/ironman (2).png for attribute href on element a: Whitespace in path component. Use %20 in place of spaces.
1	Bad value img/ironman/ironman (20).jpg for attribute href on element a: Whitespace in path component. Use %20 in place of spaces.
1	Bad value img/ironman/ironman (19).jpg for attribute href on element a: Whitespace in path component. Use %20 in place of spaces.
1	Bad value img/star/star (3).jpg for attribute href on element a: Whitespace in path component. Use %20 in place of spaces.
1	Bad value img/star/star (2).jpg for attribute href on element a: Whitespace in path component. Use %20 in place of spaces.
1	general entity "outlet" not defined and no default entity
1	general entity "keepThis" not defined and no default entity
1	general entity "exclu" not defined and no default entity
1	general entity "prix_fous" not defined and no default entity
1	general entity "new" not defined and no default entity
1	general entity "TB_iframe" not defined and no default entity
1	general entity "viewMode" not defined and no default entity
1	there is no attribute "OnMouseOver"
1	reference to entity "TV" for which no system identifier could be generated
1	general entity "TV" not defined and no default entity
1	reference to entity "viewMode" for which no system identifier could be generated
1	general entity "url_marque" not defined and no default entity
1	general entity "root_category_id" not defined and no default entity
1	<p>
        Sorry, I am unable to validate this document because on line
        <strong>2807</strong>
        it contained one or more bytes that I cannot interpret as
        <code>gb2312</code>
        (in other words, the bytes found are not valid values in the specified
        Character Encoding). Please check both the content of the file and the
        character encoding indication.
      </p>
<p>The error was: 
        euc-cn "\xA9" does not map to Unicode

      </p>
1	general entity "cHash" not defined and no default entity
1	Bad value docs/SMSF Invest Off Market Unit Transfer Form Park Avenue Residences.pdf for attribute href on element a: Whitespace in path component. Use %20 in place of spaces.
1	Bad value docs/AFSL Group Details Form Final web version.pdf for attribute href on element a: Whitespace in path component. Use %20 in place of spaces.
1	Bad value docs/Adviser Contact Details Form.pdf for attribute href on element a: Whitespace in path component. Use %20 in place of spaces.
1	reference to entity "cHash" for which no system identifier could be generated
1	general entity "detail" not defined and no default entity
1	general entity "product_id" not defined and no default entity
1	reference to entity "year" for which no system identifier could be generated
1	general entity "year" not defined and no default entity
1	reference to entity "detail" for which no system identifier could be generated
1	general entity "wr_id" not defined and no default entity
1	Bad value hot_1 for attribute tabindex on element section: Expected a minus sign or a digit but saw h instead.
1	Opening and ending tag mismatch: body line 53 and div
1	Not a name start character, U+5d
1	Opening and ending tag mismatch: div line 186 and p
1	Opening and ending tag mismatch: p line 187 and a
1	Couldn't find end of Start Tag a line 187
1	general entity "resourceId" not defined and no default entity
1	reference to entity "resourceId" for which no system identifier could be generated
1	Bad value img/star/star (1).jpg for attribute href on element a: Whitespace in path component. Use %20 in place of spaces.
1	<p>
        Sorry, I am unable to validate this document because on line
        <strong>1155</strong>
        it contained one or more bytes that I cannot interpret as
        <code>utf-8</code>
        (in other words, the bytes found are not valid values in the specified
        Character Encoding). Please check both the content of the file and the
        character encoding indication.
      </p>
<p>The error was: 
        utf8 "\xE7" does not map to Unicode

      </p>
1	value of attribute "align" cannot be ""; must be one of "left", "center", "right"
1	Bad value panorama for attribute rel on element a: Not an absolute IRI. The string panorama is not a registered keyword or absolute URL.
1	Bad value http://www.baidu.com/s?tn=newspu.com&cl=3&ie=utf-8&wd= 中国网 for attribute href on element a: Whitespace in query component. Use %20 in place of spaces.
1	Bad value http://www.baidu.com/s?tn=newspu.com&cl=3&ie=utf-8&wd= 广州日报 for attribute href on element a: Whitespace in query component. Use %20 in place of spaces.
1	Attribute 半边天"-信网" not allowed on element a at this point.
1	Bad value hot_4 for attribute tabindex on element section: Expected a minus sign or a digit but saw h instead.
1	Bad value hot_3 for attribute tabindex on element section: Expected a minus sign or a digit but saw h instead.
1	Bad value hot_2 for attribute tabindex on element section: Expected a minus sign or a digit but saw h instead.
1	Bad value http://www.baidu.com/s?tn=newspu.com&cl=3&ie=utf-8&wd= 中国新闻网 for attribute href on element a: Whitespace in query component. Use %20 in place of spaces.
1	Bad value http://www.baidu.com/s?tn=newspu.com&cl=3&ie=utf-8&wd= 国际在线 for attribute href on element a: Whitespace in query component. Use %20 in place of spaces.
1	Bad value http://www.baidu.com/s?tn=newspu.com&cl=3&ie=utf-8&wd= 京华时报 for attribute href on element a: Whitespace in query component. Use %20 in place of spaces.
1	Bad value http://www.baidu.com/s?tn=newspu.com&cl=3&ie=utf-8&wd= 新民网 for attribute href on element a: Whitespace in query component. Use %20 in place of spaces.
1	Attribute p not allowed on element img at this point.
1	Attribute 的是，与中国为敌要付出硕大的代价。”< not allowed on element img at this point.
1	"wp-image-202" is not a member of a group specified for any attribute
1	"wp-image-215" is not a member of a group specified for any attribute
1	Bad value attachment wp-att-263540 for attribute rel on element a: Whitespace in path component. Use %20 in place of spaces. The string attachment is not a registered keyword or absolute URL.
1	Bad value attachment wp-att-263514 for attribute rel on element a: Whitespace in path component. Use %20 in place of spaces. The string attachment is not a registered keyword or absolute URL.
1	Bad value attachment wp-att-263538 for attribute rel on element a: Whitespace in path component. Use %20 in place of spaces. The string attachment is not a registered keyword or absolute URL.
1	Bad value attachment wp-att-263536 for attribute rel on element a: Whitespace in path component. Use %20 in place of spaces. The string attachment is not a registered keyword or absolute URL.
1	Bad value attachment wp-att-263534 for attribute rel on element a: Whitespace in path component. Use %20 in place of spaces. The string attachment is not a registered keyword or absolute URL.
1	Bad value attachment wp-att-263492 for attribute rel on element a: Whitespace in path component. Use %20 in place of spaces. The string attachment is not a registered keyword or absolute URL.
1	Bad value attachment wp-att-263464 for attribute rel on element a: Whitespace in path component. Use %20 in place of spaces. The string attachment is not a registered keyword or absolute URL.
1	an entity end in a literal must terminate an entity referenced in the same literal
1	reference to entity "colors" for which no system identifier could be generated
1	general entity "colors" not defined and no default entity
1	Bad value attachment wp-att-263466 for attribute rel on element a: Whitespace in path component. Use %20 in place of spaces. The string attachment is not a registered keyword or absolute URL.
1	Bad value attachment wp-att-263532 for attribute rel on element a: Whitespace in path component. Use %20 in place of spaces. The string attachment is not a registered keyword or absolute URL.
1	Bad value attachment wp-att-263542 for attribute rel on element a: Whitespace in path component. Use %20 in place of spaces. The string attachment is not a registered keyword or absolute URL.
1	Bad value attachment wp-att-263614 for attribute rel on element a: Whitespace in path component. Use %20 in place of spaces. The string attachment is not a registered keyword or absolute URL.
1	Bad value attachment wp-att-263622 for attribute rel on element a: Whitespace in path component. Use %20 in place of spaces. The string attachment is not a registered keyword or absolute URL.
1	Bad value attachment wp-att-263620 for attribute rel on element a: Whitespace in path component. Use %20 in place of spaces. The string attachment is not a registered keyword or absolute URL.
1	Bad value attachment wp-att-263642 for attribute rel on element a: Whitespace in path component. Use %20 in place of spaces. The string attachment is not a registered keyword or absolute URL.
1	Bad value attachment wp-att-263670 for attribute rel on element a: Whitespace in path component. Use %20 in place of spaces. The string attachment is not a registered keyword or absolute URL.
1	Bad value attachment wp-att-263612 for attribute rel on element a: Whitespace in path component. Use %20 in place of spaces. The string attachment is not a registered keyword or absolute URL.
1	Bad value attachment wp-att-263594 for attribute rel on element a: Whitespace in path component. Use %20 in place of spaces. The string attachment is not a registered keyword or absolute URL.
1	Bad value attachment wp-att-263566 for attribute rel on element a: Whitespace in path component. Use %20 in place of spaces. The string attachment is not a registered keyword or absolute URL.
1	Bad value attachment wp-att-263564 for attribute rel on element a: Whitespace in path component. Use %20 in place of spaces. The string attachment is not a registered keyword or absolute URL.
1	Bad value attachment wp-att-263568 for attribute rel on element a: Whitespace in path component. Use %20 in place of spaces. The string attachment is not a registered keyword or absolute URL.
1	Bad value attachment wp-att-263590 for attribute rel on element a: Whitespace in path component. Use %20 in place of spaces. The string attachment is not a registered keyword or absolute URL.
1	there is no attribute "data-tip"
1	there is no attribute "data-lyte-options"
1	there is no attribute "data-ui-control"
1	"鬼剑士" is not a member of a group specified for any attribute
1	there is no attribute "data-ui-defer"
1	general entity "AdID" not defined and no default entity
1	general entity "Values" not defined and no default entity
1	general entity "g_url" not defined and no default entity
1	"3测激活码等你来拿" is not a member of a group specified for any attribute
1	"单人祭坛地图教学" is not a member of a group specified for any attribute
1	"S3第六周十佳视频" is not a member of a group specified for any attribute
1	there is no attribute "data-ui-multilink"
1	"属性宝宝曝光" is not a member of a group specified for any attribute
1	general entity "TargetID" not defined and no default entity
1	general entity "FlightID" not defined and no default entity
1	Bad value abstract for attribute name on element meta: Keyword abstract is not registered.
1	there is no attribute "data-feedly-processed"
1	end tag for element "color" which is not open
1	Attribute include_custom not allowed on element select at this point.
1	Bad value page-type for attribute name on element meta: Keyword page-type is not registered.
1	general entity "netid" not defined and no default entity
1	general entity "kid" not defined and no default entity
1	there is no attribute "sizcache"
1	there is no attribute "sizset"
1	general entity "stag" not defined and no default entity
1	general entity "noxqy" not defined and no default entity
1	Bad value phone18 for attribute rel on element a: Not an absolute IRI. The string phone18 is not a registered keyword or absolute URL.
1	Bad value phone15 for attribute rel on element a: Not an absolute IRI. The string phone15 is not a registered keyword or absolute URL.
1	"lecture" is not a member of a group specified for any attribute
1	"wp-image-98" is not a member of a group specified for any attribute
1	"liste" is not a member of a group specified for any attribute
1	"wp-image-232" is not a member of a group specified for any attribute
1	"wizard" is not a member of a group specified for any attribute
1	"Python" is not a member of a group specified for any attribute
1	"interpréteur" is not a member of a group specified for any attribute
1	"left" is not a member of a group specified for any attribute
1	"wp-image-81" is not a member of a group specified for any attribute
1	"wp-image-82" is not a member of a group specified for any attribute
1	"-10px" is not a member of a group specified for any attribute
1	"wp-image-231" is not a member of a group specified for any attribute
1	"wp-image-230" is not a member of a group specified for any attribute
1	"wp-image-226" is not a member of a group specified for any attribute
1	"web" is not a member of a group specified for any attribute
1	"debian" is not a member of a group specified for any attribute
1	"server" is not a member of a group specified for any attribute
1	"daap" is not a member of a group specified for any attribute
1	"brawser" is not a member of a group specified for any attribute
1	"configuration" is not a member of a group specified for any attribute
1	"réseau" is not a member of a group specified for any attribute
1	"wp-image-221" is not a member of a group specified for any attribute
1	"serveur" is not a member of a group specified for any attribute
1	"wp-image-219" is not a member of a group specified for any attribute
1	there is no attribute "data-orientation"
1	there is no attribute "data-cut1-rotation"
1	ID "footMobile" already defined
1	ID "footMulti" already defined
1	ID "footOnline" already defined
1	ID "footCSol" already defined
1	ID "footEComm" already defined
1	Bad value phone2 for attribute rel on element a: Not an absolute IRI. The string phone2 is not a registered keyword or absolute URL.
1	Bad value phone4 for attribute rel on element a: Not an absolute IRI. The string phone4 is not a registered keyword or absolute URL.
1	Bad value phone14 for attribute rel on element a: Not an absolute IRI. The string phone14 is not a registered keyword or absolute URL.
1	Bad value phone11 for attribute rel on element a: The string phone11 is not a registered keyword or absolute URL. Not an absolute IRI.
1	Bad value phone7 for attribute rel on element a: Not an absolute IRI. The string phone7 is not a registered keyword or absolute URL.
1	Bad value phone6 for attribute rel on element a: Not an absolute IRI. The string phone6 is not a registered keyword or absolute URL.
1	ID "footCms" already defined
1	ID "footWebD" already defined
1	there is no attribute "BEHAVIOR"
1	there is no attribute "data-cut2-scale"
1	there is no attribute "data-cut1-scale"
1	there is no attribute "data-cut2-rotation"
1	value of attribute "align" cannot be "texttop"; must be one of "top", "middle", "bottom", "left", "right"
1	ID "myModalLabel" already defined
1	ID "footBBrand" already defined
1	there is no attribute "heigh"
1	there is no attribute "data-animate"
1	ID "popup" already defined
1	Bad value ../../projects/manly/Manly Road Units 1-6.png for attribute src on element img: Whitespace in path component. Use %20 in place of spaces.
1	Bad value Park Avenue $4.5m LP220113.pdf for attribute href on element a: Whitespace in path component. Use %20 in place of spaces.
1	Bad value attachment wp-att-165 for attribute rel on element a: Whitespace in path component. Use %20 in place of spaces. The string attachment is not a registered keyword or absolute URL.
1	Bad value attachment wp-att-162 for attribute rel on element a: Whitespace in path component. Use %20 in place of spaces. The string attachment is not a registered keyword or absolute URL.
1	Bad value attachment wp-att-194 for attribute rel on element a: Whitespace in path component. Use %20 in place of spaces. The string attachment is not a registered keyword or absolute URL.
1	Bad value attachment wp-att-199 for attribute rel on element a: Whitespace in path component. Use %20 in place of spaces. The string attachment is not a registered keyword or absolute URL.
1	Bad value attachment wp-att-201 for attribute rel on element a: Whitespace in path component. Use %20 in place of spaces. The string attachment is not a registered keyword or absolute URL.
1	Bad value attachment wp-att-161 for attribute rel on element a: Whitespace in path component. Use %20 in place of spaces. The string attachment is not a registered keyword or absolute URL.
1	Bad value attachment wp-att-157 for attribute rel on element a: Whitespace in path component. Use %20 in place of spaces. The string attachment is not a registered keyword or absolute URL.
1	Bad value attachment wp-att-170 for attribute rel on element a: Whitespace in path component. Use %20 in place of spaces. The string attachment is not a registered keyword or absolute URL.
1	Bad value attachment wp-att-160 for attribute rel on element a: Whitespace in path component. Use %20 in place of spaces. The string attachment is not a registered keyword or absolute URL.
1	Bad value attachment wp-att-163 for attribute rel on element a: Whitespace in path component. Use %20 in place of spaces. The string attachment is not a registered keyword or absolute URL.
1	Bad value attachment wp-att-159 for attribute rel on element a: Whitespace in path component. Use %20 in place of spaces. The string attachment is not a registered keyword or absolute URL.
1	Bad value attachment wp-att-197 for attribute rel on element a: Whitespace in path component. Use %20 in place of spaces. The string attachment is not a registered keyword or absolute URL.
1	Bad value attachment wp-att-195 for attribute rel on element a: Whitespace in path component. Use %20 in place of spaces. The string attachment is not a registered keyword or absolute URL.
1	Bad value attachment wp-att-214 for attribute rel on element a: Whitespace in path component. Use %20 in place of spaces. The string attachment is not a registered keyword or absolute URL.
1	Bad value attachment wp-att-198 for attribute rel on element a: Whitespace in path component. Use %20 in place of spaces. The string attachment is not a registered keyword or absolute URL.
1	Bad value attachment wp-att-213 for attribute rel on element a: Whitespace in path component. Use %20 in place of spaces. The string attachment is not a registered keyword or absolute URL.
1	Bad value attachment wp-att-215 for attribute rel on element a: Whitespace in path component. Use %20 in place of spaces. The string attachment is not a registered keyword or absolute URL.
1	Bad value attachment wp-att-247 for attribute rel on element a: Whitespace in path component. Use %20 in place of spaces. The string attachment is not a registered keyword or absolute URL.
1	Bad value attachment wp-att-191 for attribute rel on element a: Whitespace in path component. Use %20 in place of spaces. The string attachment is not a registered keyword or absolute URL.
1	Bad value attachment wp-att-188 for attribute rel on element a: Whitespace in path component. Use %20 in place of spaces. The string attachment is not a registered keyword or absolute URL.
1	Bad value attachment wp-att-202 for attribute rel on element a: Whitespace in path component. Use %20 in place of spaces. The string attachment is not a registered keyword or absolute URL.
1	Bad value attachment wp-att-193 for attribute rel on element a: Whitespace in path component. Use %20 in place of spaces. The string attachment is not a registered keyword or absolute URL.
1	Bad value attachment wp-att-192 for attribute rel on element a: Whitespace in path component. Use %20 in place of spaces. The string attachment is not a registered keyword or absolute URL.
1	Bad value attachment wp-att-187 for attribute rel on element a: Whitespace in path component. Use %20 in place of spaces. The string attachment is not a registered keyword or absolute URL.
1	Bad value attachment wp-att-172 for attribute rel on element a: Whitespace in path component. Use %20 in place of spaces. The string attachment is not a registered keyword or absolute URL.
1	Bad value attachment wp-att-171 for attribute rel on element a: Whitespace in path component. Use %20 in place of spaces. The string attachment is not a registered keyword or absolute URL.
1	Row 11 of a row group established by a tbody element has no cells beginning on it.
1	Row 21 of a row group established by a tbody element has no cells beginning on it.
1	Row 9 of a row group established by a tbody element has no cells beginning on it.
1	Row 3 of a row group established by a tbody element has no cells beginning on it.
1	Attribute size not allowed on element table at this point.
1	Row 22 of a row group established by a tbody element has no cells beginning on it.
1	Row 23 of a row group established by a tbody element has no cells beginning on it.
1	Duplicate ID clientquestion-1362462141.
1	Duplicate ID clientemail-1362462141.
1	Duplicate ID clientnumber-1362462141.
1	Duplicate ID clientname-1362462141.
1	reference to entity "lin" for which no system identifier could be generated
1	general entity "lin" not defined and no default entity
1	Bad value attachment wp-att-176 for attribute rel on element a: Whitespace in path component. Use %20 in place of spaces. The string attachment is not a registered keyword or absolute URL.
1	Bad value attachment wp-att-129 for attribute rel on element a: Whitespace in path component. Use %20 in place of spaces. The string attachment is not a registered keyword or absolute URL.
1	Bad value attachment wp-att-175 for attribute rel on element a: Whitespace in path component. Use %20 in place of spaces. The string attachment is not a registered keyword or absolute URL.
1	Bad value attachment wp-att-168 for attribute rel on element a: Whitespace in path component. Use %20 in place of spaces. The string attachment is not a registered keyword or absolute URL.
1	Bad value attachment wp-att-173 for attribute rel on element a: Whitespace in path component. Use %20 in place of spaces. The string attachment is not a registered keyword or absolute URL.
1	Bad value attachment wp-att-132 for attribute rel on element a: Whitespace in path component. Use %20 in place of spaces. The string attachment is not a registered keyword or absolute URL.
1	Bad value attachment wp-att-131 for attribute rel on element a: Whitespace in path component. Use %20 in place of spaces. The string attachment is not a registered keyword or absolute URL.
1	general entity "cmp" not defined and no default entity
1	Bad value attachment wp-att-133 for attribute rel on element a: Whitespace in path component. Use %20 in place of spaces. The string attachment is not a registered keyword or absolute URL.
1	Bad value attachment wp-att-134 for attribute rel on element a: Whitespace in path component. Use %20 in place of spaces. The string attachment is not a registered keyword or absolute URL.
1	Bad value attachment wp-att-130 for attribute rel on element a: Whitespace in path component. Use %20 in place of spaces. The string attachment is not a registered keyword or absolute URL.
1	Bad value attachment wp-att-236 for attribute rel on element a: Whitespace in path component. Use %20 in place of spaces. The string attachment is not a registered keyword or absolute URL.
1	Bad value attachment wp-att-245 for attribute rel on element a: Whitespace in path component. Use %20 in place of spaces. The string attachment is not a registered keyword or absolute URL.
1	Bad value attachment wp-att-371 for attribute rel on element a: Whitespace in path component. Use %20 in place of spaces. The string attachment is not a registered keyword or absolute URL.
1	Bad value attachment wp-att-370 for attribute rel on element a: Whitespace in path component. Use %20 in place of spaces. The string attachment is not a registered keyword or absolute URL.
1	Bad value attachment wp-att-367 for attribute rel on element a: Whitespace in path component. Use %20 in place of spaces. The string attachment is not a registered keyword or absolute URL.
1	reference to entity "warning" for which no system identifier could be generated
1	general entity "warning" not defined and no default entity
1	Bad value attachment wp-att-368 for attribute rel on element a: Whitespace in path component. Use %20 in place of spaces. The string attachment is not a registered keyword or absolute URL.
1	Bad value attachment wp-att-369 for attribute rel on element a: Whitespace in path component. Use %20 in place of spaces. The string attachment is not a registered keyword or absolute URL.
1	Bad value attachment wp-att-311 for attribute rel on element a: Whitespace in path component. Use %20 in place of spaces. The string attachment is not a registered keyword or absolute URL.
1	Bad value attachment wp-att-317 for attribute rel on element a: Whitespace in path component. Use %20 in place of spaces. The string attachment is not a registered keyword or absolute URL.
1	Bad value attachment wp-att-320 for attribute rel on element a: Whitespace in path component. Use %20 in place of spaces. The string attachment is not a registered keyword or absolute URL.
1	Bad value attachment wp-att-321 for attribute rel on element a: Whitespace in path component. Use %20 in place of spaces. The string attachment is not a registered keyword or absolute URL.
1	reference to entity "usermedium" for which no system identifier could be generated
1	general entity "usermedium" not defined and no default entity
1	Bad value http://vk.com/share.php?url=http://sphered.com.ua/ukr/gallery&title=Галерея :: Sphered - створення віртуальних 3D турів і панорам. Тотальна інформативність вашого бізнесу for attribute href on element a: Whitespace in query component. Use %20 in place of spaces.
1	Bad value https://facebook.com/sharer.php?u=http://sphered.com.ua/ukr/gallery&t=Галерея :: Sphered - створення віртуальних 3D турів і панорам. Тотальна інформативність вашого бізнесу for attribute href on element a: Whitespace in query component. Use %20 in place of spaces.
1	Bad value http://my.ya.ru/posts_add_link.xml?URL=http://sphered.com.ua/ukr/services&title=Послуги :: Sphered - створення віртуальних 3D турів і панорам. Тотальна інформативність вашого бізнесу for attribute href on element a: Whitespace in query component. Use %20 in place of spaces.
1	Bad value http://odnoklassniki.ru/dk?st.cmd=addShare&st._surl=http://sphered.com.ua/ukr/services&title=Послуги :: Sphered - створення віртуальних 3D турів і панорам. Тотальна інформативність вашого бізнесу for attribute href on element a: Whitespace in query component. Use %20 in place of spaces.
1	Bad value https://twitter.com/share?url=http://sphered.com.ua/ukr/services&text=Послуги :: Sphered - створення віртуальних 3D турів і панорам. Тотальна інформативність вашого бізнесу for attribute href on element a: Whitespace in query component. Use %20 in place of spaces.
1	Bad value https://twitter.com/share?url=http://sphered.com.ua/ukr/gallery&text=Галерея :: Sphered - створення віртуальних 3D турів і панорам. Тотальна інформативність вашого бізнесу for attribute href on element a: Whitespace in query component. Use %20 in place of spaces.
1	Bad value http://odnoklassniki.ru/dk?st.cmd=addShare&st._surl=http://sphered.com.ua/ukr/gallery&title=Галерея :: Sphered - створення віртуальних 3D турів і панорам. Тотальна інформативність вашого бізнесу for attribute href on element a: Whitespace in query component. Use %20 in place of spaces.
1	reference to entity "profile" for which no system identifier could be generated
1	general entity "profile" not defined and no default entity
1	ID "q" already defined
1	Bad value http://my.ya.ru/posts_add_link.xml?URL=http://sphered.com.ua/ukr/gallery&title=Галерея :: Sphered - створення віртуальних 3D турів і панорам. Тотальна інформативність вашого бізнесу for attribute href on element a: Whitespace in query component. Use %20 in place of spaces.
1	Bad value attachment wp-att-307 for attribute rel on element a: Whitespace in path component. Use %20 in place of spaces. The string attachment is not a registered keyword or absolute URL.
1	Bad value attachment wp-att-308 for attribute rel on element a: Whitespace in path component. Use %20 in place of spaces. The string attachment is not a registered keyword or absolute URL.
1	Bad value attachment wp-att-231 for attribute rel on element a: Whitespace in path component. Use %20 in place of spaces. The string attachment is not a registered keyword or absolute URL.
1	Bad value attachment wp-att-232 for attribute rel on element a: Whitespace in path component. Use %20 in place of spaces. The string attachment is not a registered keyword or absolute URL.
1	Bad value attachment wp-att-230 for attribute rel on element a: Whitespace in path component. Use %20 in place of spaces. The string attachment is not a registered keyword or absolute URL.
1	Bad value attachment wp-att-229 for attribute rel on element a: Whitespace in path component. Use %20 in place of spaces. The string attachment is not a registered keyword or absolute URL.
1	Bad value attachment wp-att-244 for attribute rel on element a: Whitespace in path component. Use %20 in place of spaces. The string attachment is not a registered keyword or absolute URL.
1	Bad value attachment wp-att-233 for attribute rel on element a: Whitespace in path component. Use %20 in place of spaces. The string attachment is not a registered keyword or absolute URL.
1	Bad value attachment wp-att-234 for attribute rel on element a: Whitespace in path component. Use %20 in place of spaces. The string attachment is not a registered keyword or absolute URL.
1	Bad value attachment wp-att-246 for attribute rel on element a: Whitespace in path component. Use %20 in place of spaces. The string attachment is not a registered keyword or absolute URL.
1	Bad value attachment wp-att-248 for attribute rel on element a: Whitespace in path component. Use %20 in place of spaces. The string attachment is not a registered keyword or absolute URL.
1	Bad value attachment wp-att-249 for attribute rel on element a: Whitespace in path component. Use %20 in place of spaces. The string attachment is not a registered keyword or absolute URL.
1	Bad value attachment wp-att-235 for attribute rel on element a: Whitespace in path component. Use %20 in place of spaces. The string attachment is not a registered keyword or absolute URL.
1	Bad value attachment wp-att-227 for attribute rel on element a: Whitespace in path component. Use %20 in place of spaces. The string attachment is not a registered keyword or absolute URL.
1	Bad value attachment wp-att-226 for attribute rel on element a: Whitespace in path component. Use %20 in place of spaces. The string attachment is not a registered keyword or absolute URL.
1	Bad value attachment wp-att-295 for attribute rel on element a: Whitespace in path component. Use %20 in place of spaces. The string attachment is not a registered keyword or absolute URL.
1	Bad value attachment wp-att-292 for attribute rel on element a: Whitespace in path component. Use %20 in place of spaces. The string attachment is not a registered keyword or absolute URL.
1	Bad value attachment wp-att-297 for attribute rel on element a: Whitespace in path component. Use %20 in place of spaces. The string attachment is not a registered keyword or absolute URL.
1	Bad value attachment wp-att-280 for attribute rel on element a: Whitespace in path component. Use %20 in place of spaces. The string attachment is not a registered keyword or absolute URL.
1	Bad value attachment wp-att-293 for attribute rel on element a: Whitespace in path component. Use %20 in place of spaces. The string attachment is not a registered keyword or absolute URL.
1	Bad value attachment wp-att-291 for attribute rel on element a: Whitespace in path component. Use %20 in place of spaces. The string attachment is not a registered keyword or absolute URL.
1	Bad value attachment wp-att-225 for attribute rel on element a: Whitespace in path component. Use %20 in place of spaces. The string attachment is not a registered keyword or absolute URL.
1	Bad value attachment wp-att-224 for attribute rel on element a: Whitespace in path component. Use %20 in place of spaces. The string attachment is not a registered keyword or absolute URL.
1	Bad value attachment wp-att-250 for attribute rel on element a: Whitespace in path component. Use %20 in place of spaces. The string attachment is not a registered keyword or absolute URL.
1	Bad value attachment wp-att-299 for attribute rel on element a: Whitespace in path component. Use %20 in place of spaces. The string attachment is not a registered keyword or absolute URL.
1	Duplicate ID clientname-1362524782.
1	Duplicate ID clientnumber-1362524782.
1	there is no attribute "contenteditable"
1	there is no attribute "readonly"
1	ID "footerLinks" already defined
1	reference to entity "fragment" for which no system identifier could be generated
1	general entity "fragment" not defined and no default entity
1	Attribute < not allowed on element div at this point.
1	Attribute div not allowed on element div at this point.
1	Bad value Cheap Calgary Houses for attribute name on element a: An ID must not contain whitespace.
1	Bad value #Calgary MLS Bargain Home Seach for attribute href on element a: Whitespace in fragment component. Use %20 in place of spaces.
1	Bad value http://www.kernickhomes.com/search_handyman.php#Calgary MLS Bargain Home Seach for attribute href on element a: Whitespace in fragment component. Use %20 in place of spaces.
1	Duplicate ID convertNames.
1	there is no attribute "data-sugg-mutil"
1	there is no attribute "data-sel-lvl"
1	there is no attribute "onMouseUp"
1	there is no attribute "onMouseDown"
1	general entity "Uin" not defined and no default entity
1	unknown declaration type "CDATA"
1	Bad value popover for attribute rel on element a: Not an absolute IRI. The string popover is not a registered keyword or absolute URL.
1	general entity "href" not defined and no default entity
1	reference to entity "href" for which no system identifier could be generated
1	there is no attribute "data-nslvl"
1	there is no attribute "data-lvl"
1	Duplicate ID mc_embed_signup.
1	<p>
        Sorry, I am unable to validate this document because on line
        <strong>418</strong>
        it contained one or more bytes that I cannot interpret as
        <code>utf-8</code>
        (in other words, the bytes found are not valid values in the specified
        Character Encoding). Please check both the content of the file and the
        character encoding indication.
      </p>
<p>The error was: 
        utf8 "\xB9" does not map to Unicode

      </p>
1	Bad value Cheap Calgary Homes for attribute name on element a: An ID must not contain whitespace.
1	Bad value /search_handyman.php#Cheap Calgary Homes for attribute href on element a: Whitespace in fragment component. Use %20 in place of spaces.
1	Duplicate ID menu-item-91.
1	Duplicate ID menu-item-105.
1	Duplicate ID menu-item-92.
1	Duplicate ID menu-item-89.
1	Duplicate ID menu-item-104.
1	Attribute navigationtype not allowed on element div at this point.
1	Attribute navigationarrows not allowed on element div at this point.
1	Bad value Valuation Report Lot 1601 Park Avenue Residences.pdf for attribute href on element a: Whitespace in path component. Use %20 in place of spaces.
1	Bad value Part 2 Park Av PDF 29012013.pdf for attribute href on element a: Whitespace in path component. Use %20 in place of spaces.
1	Bad value Part 1 SMSF Property Development Fund PDS v3.pdf for attribute href on element a: Whitespace in path component. Use %20 in place of spaces.
1	Bad value images/CathyMardel TeamImage.png for attribute src on element img: Whitespace in path component. Use %20 in place of spaces.
1	Duplicate ID menu-item-90.
1	Bad value navigation-mobile for attribute role on element nav.
1	Bad value http://www.kernickhomes.com/images/RMOimages/siteimages/643/2264/starbucks 2.jpg for attribute src on element img: Whitespace in path component. Use %20 in place of spaces.
1	Bad value http://www.kernickhomes.com/images/RMOimages/siteimages/643/2264/First Time Buyer Purchase Cotract.pdf for attribute href on element a: Whitespace in path component. Use %20 in place of spaces.
1	Bad value http://www.kernickhomes.com/images/RMOimages/siteimages/643/2264/mls homesearch.bmp for attribute src on element img: Whitespace in path component. Use %20 in place of spaces.
1	Bad value http://www.kernickhomes.com/images/RMOimages/siteimages/643/2264/listing syndication.jpg for attribute src on element img: Whitespace in path component. Use %20 in place of spaces.
1	Element h2 not allowed as child of element label in this context. (Suppressing further errors from this subtree.)
1	Bad value http://www.kernickhomes.com/view_custom/Jerry Schindel - Mortgage Architects for attribute href on element a: Whitespace in path component. Use %20 in place of spaces.
1	Bad value http://www.kernickhomes.com/images/RMOimages/siteimages/643/2264/boomerang financial.jpg for attribute src on element img: Whitespace in path component. Use %20 in place of spaces.
1	Bad value send for attribute type on element button.
1	Attribute topmargin not allowed on element iframe at this point.
1	Attribute leftmargin not allowed on element iframe at this point.
1	Attribute in_hdr not allowed on element a at this point.
1	Attribute uers not allowed on element span at this point.
1	Attribute ery not allowed on element span at this point.
1	character "=" is not allowed in the value of attribute "align"
1	value of attribute "align" cannot be "left>Have Some Honey : Research suggests that honey may be more effective than over-the-counter cough syrup at quelling nighttime coughing.</p> <p align="; must be one of "left", "center", "right", "justify"
1	character ">" is not allowed in the value of attribute "align"
1	document type does not allow element "p" here; assuming missing "object" start-tag
1	"border:solid" is not a member of a group specified for any attribute
1	ID "tabone" already defined
1	ID "tabtwo" already defined
1	there is no attribute "o:preferrelative"
1	there is no attribute "o:spt"
1	there is no attribute "coordsize"
1	ID "tabthree" already defined
1	<p>
        Sorry, I am unable to validate this document because on line
        <strong>102</strong>
        it contained one or more bytes that I cannot interpret as
        <code>utf-8</code>
        (in other words, the bytes found are not valid values in the specified
        Character Encoding). Please check both the content of the file and the
        character encoding indication.
      </p>
<p>The error was: 
        utf8 "\xE1" does not map to Unicode

      </p>
1	there is no attribute "lt"
1	Element main not allowed as child of element div in this context. (Suppressing further errors from this subtree.)
1	there is no attribute "data-video"
1	Attribute mathod not allowed on element form at this point.
1	Duplicate ID clientquestion-1362524782.
1	Duplicate ID clientemail-1362524782.
1	general entity "autohide" not defined and no default entity
1	reference to entity "autohide" for which no system identifier could be generated
1	ID "mc-embedded-subscribe" already defined
1	ID "mce-EMAIL" already defined
1	ID "mc-embedded-subscribe-form" already defined
1	ID "mc_embed_signup" already defined
1	there is no attribute "path"
1	there is no attribute "filled"
1	Bad value camberwell for attribute rel on element a: Not an absolute IRI. The string camberwell is not a registered keyword or absolute URL.
1	Bad value csm for attribute rel on element a: Not an absolute IRI. The string csm is not a registered keyword or absolute URL.
1	value of attribute "align" cannot be "Ciencias Juridicas - CER"; must be one of "top", "middle", "bottom", "left", "right"
1	there is no attribute "Target"
1	element "o:lock" undefined
1	Bad value chelsea for attribute rel on element a: Not an absolute IRI. The string chelsea is not a registered keyword or absolute URL.
1	Bad value lcc for attribute rel on element a: Not an absolute IRI. The string lcc is not a registered keyword or absolute URL.
1	Attribute border not allowed on element a at this point.
1	Bad value /media/ual-home/images/PhyContImag_ShowInvite0312 (1).jpg for attribute src on element img: Whitespace in path component. Use %20 in place of spaces.
1	Bad value wimbledon for attribute rel on element a: Not an absolute IRI. The string wimbledon is not a registered keyword or absolute URL.
1	Bad value lcf for attribute rel on element a: Not an absolute IRI. The string lcf is not a registered keyword or absolute URL.
1	there is no attribute "aspectratio"
1	there is no attribute "v:ext"
1	element "v:stroke" undefined
1	there is no attribute "joinstyle"
1	element "v:shapetype" undefined
1	there is no attribute "stroked"
1	element "v:formulas" undefined
1	there is no attribute "eqn"
1	element "v:path" undefined
1	there is no attribute "o:connecttype"
1	there is no attribute "gradientshapeok"
1	there is no attribute "o:extrusionok"
1	Bad value attachment wp-att-20543 for attribute rel on element a: The string attachment is not a registered keyword or absolute URL.
